rangedel: shape=cycle queues=1024 overlap-frac=0 rangedels-per-batch=1 sets-per-batch=-1 iter-frac=-1 db-options=default gomaxprocs=4
wiping /home/coder/bench/rangedel-db-4way/runs/20261005-fourway-v2/db-cycle-8-method1
dir /home/coder/bench/rangedel-db-4way/runs/20261005-fourway-v2/db-cycle-8-method1
concurrency 1
rangedel_config: arena_bytes=67108864 readers=4 writers=1 reader_interval=1ms writer_interval=1ms
____elapsed______reads/s_____writes/s___p50(µs)___p95(µs)___p99(µs)___pMax(µs)
      1.0s         3801          944      16.4      16.4      16.4       49.2
      2.0s         3781          941      16.4      16.4      16.4       24.6
      3.0s         3797          955      16.4      16.4      16.4       24.6
      4.0s         3799          942      16.4      16.4      16.4       24.6
      5.0s         3796          945      16.4      16.4      16.4       16.4
      6.0s         3781          959      16.4      16.4      16.4       41.0
      7.0s         3797          950      16.4      16.4      16.4       32.8
      8.0s         3813          948      16.4      16.4      16.4       24.6
      9.0s         3802          953      16.4      16.4      16.4       24.6
rangedel_latency: kind=read class=all measurement=service samples=37977 completed_ops=37977 ops/s=3797.4 clipped_ops=0 expected_interval_ns=1000000 p50_us=1.420 p95_us=3.191 p99_us=4.683 p99.9_us=10.607 max_us=47.103
rangedel_latency: kind=read class=all measurement=corrected samples=37977 completed_ops=37977 ops/s=3797.4 clipped_ops=0 expected_interval_ns=1000000 p50_us=1.420 p95_us=3.191 p99_us=4.683 p99.9_us=10.607 max_us=47.103
rangedel_latency: kind=read class=iter measurement=service samples=18987 completed_ops=18987 ops/s=1898.5 clipped_ops=0 expected_interval_ns=1000000 p50_us=2.191 p95_us=3.471 p99_us=5.051 p99.9_us=11.287 max_us=35.071
rangedel_latency: kind=read class=iter measurement=corrected samples=18987 completed_ops=18987 ops/s=1898.5 clipped_ops=0 expected_interval_ns=1000000 p50_us=2.191 p95_us=3.471 p99_us=5.051 p99.9_us=11.287 max_us=35.071
rangedel_latency: kind=read class=get measurement=service samples=18990 completed_ops=18990 ops/s=1898.8 clipped_ops=0 expected_interval_ns=1000000 p50_us=1.080 p95_us=2.151 p99_us=3.501 p99.9_us=9.607 max_us=47.103
rangedel_latency: kind=read class=get measurement=corrected samples=18990 completed_ops=18990 ops/s=1898.8 clipped_ops=0 expected_interval_ns=1000000 p50_us=1.080 p95_us=2.151 p99_us=3.501 p99.9_us=9.607 max_us=47.103
rangedel_latency: kind=commit class=all measurement=service samples=9477 completed_ops=9477 ops/s=947.6 clipped_ops=0 expected_interval_ns=1000000 p50_us=1.970 p95_us=5.451 p99_us=9.055 p99.9_us=18.943 max_us=5959.679
rangedel_latency: kind=commit class=all measurement=corrected samples=9481 completed_ops=9477 ops/s=947.6 clipped_ops=0 expected_interval_ns=1000000 p50_us=1.970 p95_us=5.471 p99_us=9.175 p99.9_us=28.143 max_us=5959.679
rangedel_latency: kind=commit class=rangedel measurement=service samples=4739 completed_ops=4739 ops/s=473.9 clipped_ops=0 expected_interval_ns=1000000 p50_us=3.091 p95_us=6.511 p99_us=11.063 p99.9_us=28.143 max_us=5959.679
rangedel_latency: kind=commit class=rangedel measurement=corrected samples=4743 completed_ops=4739 ops/s=473.9 clipped_ops=0 expected_interval_ns=1000000 p50_us=3.091 p95_us=6.543 p99_us=11.703 p99.9_us=67.583 max_us=5959.679
rangedel_latency: kind=commit class=point measurement=service samples=4738 completed_ops=4738 ops/s=473.8 clipped_ops=0 expected_interval_ns=1000000 p50_us=0.840 p95_us=1.150 p99_us=1.930 p99.9_us=5.991 max_us=7.971
rangedel_latency: kind=commit class=point measurement=corrected samples=4738 completed_ops=4738 ops/s=473.8 clipped_ops=0 expected_interval_ns=1000000 p50_us=0.840 p95_us=1.150 p99_us=1.930 p99.9_us=5.991 max_us=7.971
rangedel_summary: elapsed=10.001s rangedel_batches=4739 rangedel_ops=4739 overlapping_rangedel_ops=0 point_sets=4738 flushes=0 memtable_bytes=786432 memtable_count=2 cumulative_flushable_mem_bytes=536147
LSM                             |    vtables   |   value sep   |        |   ingested   |    amp
level       size | tables  size |  count  size |  refsz valblk |     in | tables  size |   r     w
-----------------+--------------+--------------+---------------+--------+--------------+----------
total         0B |      0    0B |      0     0 |     0B     0B |  426KB |      0    0B |   0  1.00

COMPACTIONS               |     moved    |     multilevel    |     read     |       written
level | score    ff   cff | tables  size |   top    in  read | tables  blob | tables  sstsz blobsz
------+-------------------+--------------+-------------------+--------------+---------------------
total |     -     -     - |      0    0B |    0B    0B    0B |     0B    0B |      0  426KB     0B

 kind | default  delete  elision  move  read  tomb  rewrite  copy  multi  blob virtual
count |       0       0        0     0     0     0        0     0      0     0       0

COMMIT PIPELINE
               wals                |              memtables              |       ingestions
    files |      written |  overhead |   flushes |       live |     zombie |     total |   flushable
----------+--------------+-----------+-----------+------------+------------+-----------+------------
2 (426KB) | 271KB: 426KB |     56.9% |         0 |  2 (768KB) |     0 (0B) |         0 |      0 (0B)

BLOCK CACHE: 0 entries (0B)
                 miss rate [percentage of total misses] since start
level      all     |  background    sstdata       sstval      blobval       filter       index
-------------------+------------------------------------------------------------------------------
total      0%      |

ITERATORS
        file cache        |    filter   |    open     |    open
     entries |   hit rate | utilization |  sst iters  |  snapshots
-------------+------------+-------------+-------------+------------
      0 (0B) |       0.0% |        0.0% |           0 |           0

FILES                 physical tables                 |                blob files
          |     local        shared        remote     |     local        shared        remote
----------+-------------------------------------------+------------------------------------------
     live |    0 (0B)        0 (0B)        0 (0B)     |    0 (0B)        0 (0B)        0 (0B)
   zombie |    0 (0B)        0 (0B)        0 (0B)     |    0 (0B)        0 (0B)        0 (0B)
 obsolete |    0 (0B)        0 (0B)        0 (0B)     |    0 (0B)        0 (0B)        0 (0B)

MISC            |
----------------+-----------
table stats     | all loaded
table garbage   |
  point del     | 0B
  range del     | 0B
blob values     |
  total         | 0B
  refed         | 0B
  backing-refed | 0B

CGO MEMORY    |          block cache           |                     memtables
          tot |           tot |           data |            maps |            ents |           tot
--------------+---------------+----------------+-----------------+-----------------+--------------
        776KB |         8.2KB |             0B |           8.2KB |              0B |         768KB

COMPACTIONS
                                                                         |      blob rewrites
    est. debt |   in progress |  cancelled |   failed |    problem spans |       read |    written
--------------+---------------+------------+----------+------------------+------------+-----------
           0B |        0 (0B) |     0 (0B) |        0 |                0 |         0B |         0B

KEYS
      range keys |       tombstones |      missized tombstones |      point dels |      range dels
-----------------+------------------+--------------------------+-----------------+----------------
               0 |                0 |                        0 |              0B |              0B

COMPRESSION
    algorithm |        tables |    blob files

        Logical bytes compressed / decompressed
level |  data blocks   |  value blocks  |  other blocks

DELETE PACER   |   in queue   |   deleted
---------------+--------------+-------------
        tables |    0 (0B)    |    0 (0B)
    blob files |    0 (0B)    |    0 (0B)
   other files |    0 (0B)    |    0 (0B)