rangedel: shape=cycle queues=1024 overlap-frac=0 rangedels-per-batch=1 sets-per-batch=-1 iter-frac=-1 db-options=default gomaxprocs=4
wiping /home/coder/bench/rangedel-db-4way/runs/20261005-fourway-v2/db-cycle-3-method1
dir /home/coder/bench/rangedel-db-4way/runs/20261005-fourway-v2/db-cycle-3-method1
concurrency 1
rangedel_config: arena_bytes=67108864 readers=4 writers=1 reader_interval=1ms writer_interval=1ms
____elapsed______reads/s_____writes/s___p50(µs)___p95(µs)___p99(µs)___pMax(µs)
      1.0s         3780          951      16.4      16.4      16.4       32.8
      2.0s         3800          947      16.4      16.4      16.4       41.0
      3.0s         3788          955      16.4      16.4      16.4       16.4
      4.0s         3781          952      16.4      16.4      16.4       24.6
      5.0s         3808          949      16.4      16.4      16.4       32.8
      6.0s         3800          952      16.4      16.4      16.4       49.2
      7.0s         3811          955      16.4      16.4      16.4       41.0
      8.0s         3795          948      16.4      16.4      16.4       41.0
      9.0s         3767          942      16.4      16.4      16.4       32.8
rangedel_latency: kind=read class=all measurement=service samples=37921 completed_ops=37921 ops/s=3791.9 clipped_ops=0 expected_interval_ns=1000000 p50_us=1.470 p95_us=3.251 p99_us=4.751 p99.9_us=11.015 max_us=44.351
rangedel_latency: kind=read class=all measurement=corrected samples=37921 completed_ops=37921 ops/s=3791.9 clipped_ops=0 expected_interval_ns=1000000 p50_us=1.470 p95_us=3.251 p99_us=4.751 p99.9_us=11.015 max_us=44.351
rangedel_latency: kind=read class=iter measurement=service samples=18959 completed_ops=18959 ops/s=1895.8 clipped_ops=0 expected_interval_ns=1000000 p50_us=2.311 p95_us=3.571 p99_us=5.211 p99.9_us=11.383 max_us=44.351
rangedel_latency: kind=read class=iter measurement=corrected samples=18959 completed_ops=18959 ops/s=1895.8 clipped_ops=0 expected_interval_ns=1000000 p50_us=2.311 p95_us=3.571 p99_us=5.211 p99.9_us=11.383 max_us=44.351
rangedel_latency: kind=read class=get measurement=service samples=18962 completed_ops=18962 ops/s=1896.1 clipped_ops=0 expected_interval_ns=1000000 p50_us=1.090 p95_us=1.970 p99_us=3.411 p99.9_us=10.807 max_us=38.495
rangedel_latency: kind=read class=get measurement=corrected samples=18962 completed_ops=18962 ops/s=1896.1 clipped_ops=0 expected_interval_ns=1000000 p50_us=1.090 p95_us=1.970 p99_us=3.411 p99.9_us=10.807 max_us=38.495
rangedel_latency: kind=commit class=all measurement=service samples=9502 completed_ops=9502 ops/s=950.1 clipped_ops=0 expected_interval_ns=1000000 p50_us=1.920 p95_us=5.551 p99_us=8.767 p99.9_us=20.831 max_us=5869.567
rangedel_latency: kind=commit class=all measurement=corrected samples=9506 completed_ops=9502 ops/s=950.1 clipped_ops=0 expected_interval_ns=1000000 p50_us=1.930 p95_us=5.583 p99_us=9.023 p99.9_us=31.391 max_us=5869.567
rangedel_latency: kind=commit class=rangedel measurement=service samples=4751 completed_ops=4751 ops/s=475.1 clipped_ops=0 expected_interval_ns=1000000 p50_us=3.221 p95_us=6.611 p99_us=11.135 p99.9_us=31.391 max_us=75.327
rangedel_latency: kind=commit class=rangedel measurement=corrected samples=4751 completed_ops=4751 ops/s=475.1 clipped_ops=0 expected_interval_ns=1000000 p50_us=3.221 p95_us=6.611 p99_us=11.135 p99.9_us=31.391 max_us=75.327
rangedel_latency: kind=commit class=point measurement=service samples=4751 completed_ops=4751 ops/s=475.1 clipped_ops=0 expected_interval_ns=1000000 p50_us=0.860 p95_us=1.190 p99_us=1.830 p99.9_us=4.231 max_us=5869.567
rangedel_latency: kind=commit class=point measurement=corrected samples=4755 completed_ops=4751 ops/s=475.1 clipped_ops=0 expected_interval_ns=1000000 p50_us=0.860 p95_us=1.200 p99_us=1.870 p99.9_us=7.971 max_us=5869.567
rangedel_summary: elapsed=10.001s rangedel_batches=4751 rangedel_ops=4751 overlapping_rangedel_ops=0 point_sets=4751 flushes=0 memtable_bytes=786432 memtable_count=2 cumulative_flushable_mem_bytes=537702
LSM                             |    vtables   |   value sep   |        |   ingested   |    amp
level       size | tables  size |  count  size |  refsz valblk |     in | tables  size |   r     w
-----------------+--------------+--------------+---------------+--------+--------------+----------
total         0B |      0    0B |      0     0 |     0B     0B |  427KB |      0    0B |   0  1.00

COMPACTIONS               |     moved    |     multilevel    |     read     |       written
level | score    ff   cff | tables  size |   top    in  read | tables  blob | tables  sstsz blobsz
------+-------------------+--------------+-------------------+--------------+---------------------
total |     -     -     - |      0    0B |    0B    0B    0B |     0B    0B |      0  427KB     0B

 kind | default  delete  elision  move  read  tomb  rewrite  copy  multi  blob virtual
count |       0       0        0     0     0     0        0     0      0     0       0

COMMIT PIPELINE
               wals                |              memtables              |       ingestions
    files |      written |  overhead |   flushes |       live |     zombie |     total |   flushable
----------+--------------+-----------+-----------+------------+------------+-----------+------------
2 (427KB) | 272KB: 427KB |     56.9% |         0 |  2 (768KB) |     0 (0B) |         0 |      0 (0B)

BLOCK CACHE: 0 entries (0B)
                 miss rate [percentage of total misses] since start
level      all     |  background    sstdata       sstval      blobval       filter       index
-------------------+------------------------------------------------------------------------------
total      0%      |

ITERATORS
        file cache        |    filter   |    open     |    open
     entries |   hit rate | utilization |  sst iters  |  snapshots
-------------+------------+-------------+-------------+------------
      0 (0B) |       0.0% |        0.0% |           0 |           0

FILES                 physical tables                 |                blob files
          |     local        shared        remote     |     local        shared        remote
----------+-------------------------------------------+------------------------------------------
     live |    0 (0B)        0 (0B)        0 (0B)     |    0 (0B)        0 (0B)        0 (0B)
   zombie |    0 (0B)        0 (0B)        0 (0B)     |    0 (0B)        0 (0B)        0 (0B)
 obsolete |    0 (0B)        0 (0B)        0 (0B)     |    0 (0B)        0 (0B)        0 (0B)

MISC            |
----------------+-----------
table stats     | all loaded
table garbage   |
  point del     | 0B
  range del     | 0B
blob values     |
  total         | 0B
  refed         | 0B
  backing-refed | 0B

CGO MEMORY    |          block cache           |                     memtables
          tot |           tot |           data |            maps |            ents |           tot
--------------+---------------+----------------+-----------------+-----------------+--------------
        776KB |         8.2KB |             0B |           8.2KB |              0B |         768KB

COMPACTIONS
                                                                         |      blob rewrites
    est. debt |   in progress |  cancelled |   failed |    problem spans |       read |    written
--------------+---------------+------------+----------+------------------+------------+-----------
           0B |        0 (0B) |     0 (0B) |        0 |                0 |         0B |         0B

KEYS
      range keys |       tombstones |      missized tombstones |      point dels |      range dels
-----------------+------------------+--------------------------+-----------------+----------------
               0 |                0 |                        0 |              0B |              0B

COMPRESSION
    algorithm |        tables |    blob files

        Logical bytes compressed / decompressed
level |  data blocks   |  value blocks  |  other blocks

DELETE PACER   |   in queue   |   deleted
---------------+--------------+-------------
        tables |    0 (0B)    |    0 (0B)
    blob files |    0 (0B)    |    0 (0B)
   other files |    0 (0B)    |    0 (0B)