rangedel: shape=cycle queues=1024 overlap-frac=0 rangedels-per-batch=1 sets-per-batch=-1 iter-frac=-1 db-options=default gomaxprocs=4
wiping /home/coder/bench/rangedel-db-4way/runs/20261005-fourway-v2/db-cycle-4-master
dir /home/coder/bench/rangedel-db-4way/runs/20261005-fourway-v2/db-cycle-4-master
concurrency 1
rangedel_config: arena_bytes=67108864 readers=4 writers=1 reader_interval=1ms writer_interval=1ms
____elapsed______reads/s_____writes/s___p50(µs)___p95(µs)___p99(µs)___pMax(µs)
      1.0s         3834          954      16.4      65.5      81.9      344.1
      2.0s         3857          961      16.4     114.7     155.6      409.6
      3.0s         3861          965      16.4     172.0     229.4      475.1
      4.0s         3814          950      16.4     213.0     278.5      360.4
      5.0s         3820          953      16.4     221.2     294.9     3014.7
      6.0s         3853          960      16.4     106.5     163.8      294.9
      7.0s         3840          958      16.4     155.6     204.8      426.0
      8.0s         3845          961      16.4     196.6     254.0      327.7
      9.0s         3822          954      16.4     245.8     294.9      360.4
     10.0s         3834          959      16.4     262.1     311.3      557.1
rangedel_latency: kind=read class=all measurement=service samples=38383 completed_ops=38383 ops/s=3838.2 clipped_ops=0 expected_interval_ns=1000000 p50_us=2.801 p95_us=227.967 p99_us=267.519 p99.9_us=409.343 max_us=2934.783
rangedel_latency: kind=read class=all measurement=corrected samples=38385 completed_ops=38383 ops/s=3838.2 clipped_ops=0 expected_interval_ns=1000000 p50_us=2.801 p95_us=227.967 p99_us=267.519 p99.9_us=410.111 max_us=2934.783
rangedel_latency: kind=read class=iter measurement=service samples=19191 completed_ops=19191 ops/s=1919.0 clipped_ops=0 expected_interval_ns=1000000 p50_us=3.151 p95_us=228.735 p99_us=268.287 p99.9_us=377.087 max_us=556.543
rangedel_latency: kind=read class=iter measurement=corrected samples=19191 completed_ops=19191 ops/s=1919.0 clipped_ops=0 expected_interval_ns=1000000 p50_us=3.151 p95_us=228.735 p99_us=268.287 p99.9_us=377.087 max_us=556.543
rangedel_latency: kind=read class=get measurement=service samples=19192 completed_ops=19192 ops/s=1919.1 clipped_ops=0 expected_interval_ns=1000000 p50_us=1.650 p95_us=227.199 p99_us=265.215 p99.9_us=411.903 max_us=2934.783
rangedel_latency: kind=read class=get measurement=corrected samples=19194 completed_ops=19192 ops/s=1919.1 clipped_ops=0 expected_interval_ns=1000000 p50_us=1.650 p95_us=227.199 p99_us=265.727 p99.9_us=419.071 max_us=2934.783
rangedel_latency: kind=commit class=all measurement=service samples=9575 completed_ops=9575 ops/s=957.5 clipped_ops=0 expected_interval_ns=1000000 p50_us=0.910 p95_us=1.310 p99_us=2.431 p99.9_us=6.903 max_us=6602.751
rangedel_latency: kind=commit class=all measurement=corrected samples=9580 completed_ops=9575 ops/s=957.5 clipped_ops=0 expected_interval_ns=1000000 p50_us=0.910 p95_us=1.310 p99_us=2.461 p99.9_us=7.303 max_us=6602.751
rangedel_latency: kind=commit class=rangedel measurement=service samples=4788 completed_ops=4788 ops/s=478.8 clipped_ops=0 expected_interval_ns=1000000 p50_us=0.930 p95_us=1.370 p99_us=2.651 p99.9_us=6.663 max_us=6602.751
rangedel_latency: kind=commit class=rangedel measurement=corrected samples=4793 completed_ops=4788 ops/s=478.8 clipped_ops=0 expected_interval_ns=1000000 p50_us=0.930 p95_us=1.370 p99_us=2.711 p99.9_us=1602.559 max_us=6602.751
rangedel_latency: kind=commit class=point measurement=service samples=4787 completed_ops=4787 ops/s=478.7 clipped_ops=0 expected_interval_ns=1000000 p50_us=0.880 p95_us=1.240 p99_us=2.101 p99.9_us=6.903 max_us=7.303
rangedel_latency: kind=commit class=point measurement=corrected samples=4787 completed_ops=4787 ops/s=478.7 clipped_ops=0 expected_interval_ns=1000000 p50_us=0.880 p95_us=1.240 p99_us=2.101 p99.9_us=6.903 max_us=7.303
rangedel_summary: elapsed=10.000s rangedel_batches=4788 rangedel_ops=4788 overlapping_rangedel_ops=0 point_sets=4787 flushes=0 memtable_bytes=786432 memtable_count=2 cumulative_flushable_mem_bytes=540905
LSM                             |    vtables   |   value sep   |        |   ingested   |    amp
level       size | tables  size |  count  size |  refsz valblk |     in | tables  size |   r     w
-----------------+--------------+--------------+---------------+--------+--------------+----------
total         0B |      0    0B |      0     0 |     0B     0B |  430KB |      0    0B |   0  1.00

COMPACTIONS               |     moved    |     multilevel    |     read     |       written
level | score    ff   cff | tables  size |   top    in  read | tables  blob | tables  sstsz blobsz
------+-------------------+--------------+-------------------+--------------+---------------------
total |     -     -     - |      0    0B |    0B    0B    0B |     0B    0B |      0  430KB     0B

 kind | default  delete  elision  move  read  tomb  rewrite  copy  multi  blob virtual
count |       0       0        0     0     0     0        0     0      0     0       0

COMMIT PIPELINE
               wals                |              memtables              |       ingestions
    files |      written |  overhead |   flushes |       live |     zombie |     total |   flushable
----------+--------------+-----------+-----------+------------+------------+-----------+------------
2 (430KB) | 274KB: 430KB |     57.0% |         0 |  2 (768KB) |     0 (0B) |         0 |      0 (0B)

BLOCK CACHE: 0 entries (0B)
                 miss rate [percentage of total misses] since start
level      all     |  background    sstdata       sstval      blobval       filter       index
-------------------+------------------------------------------------------------------------------
total      0%      |

ITERATORS
        file cache        |    filter   |    open     |    open
     entries |   hit rate | utilization |  sst iters  |  snapshots
-------------+------------+-------------+-------------+------------
      0 (0B) |       0.0% |        0.0% |           0 |           0

FILES                 physical tables                 |                blob files
          |     local        shared        remote     |     local        shared        remote
----------+-------------------------------------------+------------------------------------------
     live |    0 (0B)        0 (0B)        0 (0B)     |    0 (0B)        0 (0B)        0 (0B)
   zombie |    0 (0B)        0 (0B)        0 (0B)     |    0 (0B)        0 (0B)        0 (0B)
 obsolete |    0 (0B)        0 (0B)        0 (0B)     |    0 (0B)        0 (0B)        0 (0B)

MISC            |
----------------+-----------
table stats     | all loaded
table garbage   |
  point del     | 0B
  range del     | 0B
blob values     |
  total         | 0B
  refed         | 0B
  backing-refed | 0B

CGO MEMORY    |          block cache           |                     memtables
          tot |           tot |           data |            maps |            ents |           tot
--------------+---------------+----------------+-----------------+-----------------+--------------
        776KB |         8.2KB |             0B |           8.2KB |              0B |         768KB

COMPACTIONS
                                                                         |      blob rewrites
    est. debt |   in progress |  cancelled |   failed |    problem spans |       read |    written
--------------+---------------+------------+----------+------------------+------------+-----------
           0B |        0 (0B) |     0 (0B) |        0 |                0 |         0B |         0B

KEYS
      range keys |       tombstones |      missized tombstones |      point dels |      range dels
-----------------+------------------+--------------------------+-----------------+----------------
               0 |                0 |                        0 |              0B |              0B

COMPRESSION
    algorithm |        tables |    blob files

        Logical bytes compressed / decompressed
level |  data blocks   |  value blocks  |  other blocks

DELETE PACER   |   in queue   |   deleted
---------------+--------------+-------------
        tables |    0 (0B)    |    0 (0B)
    blob files |    0 (0B)    |    0 (0B)
   other files |    0 (0B)    |    0 (0B)