rangedel: shape=cycle queues=1024 overlap-frac=0 rangedels-per-batch=1 sets-per-batch=-1 iter-frac=-1 db-options=default gomaxprocs=4
wiping /home/coder/bench/rangedel-db-4way/runs/20261005-fourway-v2/db-cycle-2-master
dir /home/coder/bench/rangedel-db-4way/runs/20261005-fourway-v2/db-cycle-2-master
concurrency 1
rangedel_config: arena_bytes=67108864 readers=4 writers=1 reader_interval=1ms writer_interval=1ms
____elapsed______reads/s_____writes/s___p50(µs)___p95(µs)___p99(µs)___pMax(µs)
      1.0s         3861          964      16.4      65.5      81.9      409.6
      2.0s         3882          975      16.4     122.9     180.2      409.6
      3.0s         3848          961      16.4     172.0     237.6      491.5
      4.0s         3867          964      16.4     213.0     311.3      426.0
      5.0s         3858          961      16.4     221.2     229.4      376.8
      6.0s         3897          977      16.4     106.5     147.5      237.6
      7.0s         3859          965      16.4     155.6     213.0      245.8
      8.0s         3848          965      16.4     204.8     254.0      393.2
      9.0s         3820          954      16.4     245.8     294.9      589.8
     10.0s         3803          953      16.4     262.1     327.7      884.7
rangedel_latency: kind=read class=all measurement=service samples=38546 completed_ops=38546 ops/s=3854.1 clipped_ops=0 expected_interval_ns=1000000 p50_us=2.771 p95_us=229.887 p99_us=265.215 p99.9_us=405.759 max_us=882.687
rangedel_latency: kind=read class=all measurement=corrected samples=38546 completed_ops=38546 ops/s=3854.1 clipped_ops=0 expected_interval_ns=1000000 p50_us=2.771 p95_us=229.887 p99_us=265.215 p99.9_us=405.759 max_us=882.687
rangedel_latency: kind=read class=iter measurement=service samples=19272 completed_ops=19272 ops/s=1926.9 clipped_ops=0 expected_interval_ns=1000000 p50_us=3.121 p95_us=229.759 p99_us=268.799 p99.9_us=404.735 max_us=882.687
rangedel_latency: kind=read class=iter measurement=corrected samples=19272 completed_ops=19272 ops/s=1926.9 clipped_ops=0 expected_interval_ns=1000000 p50_us=3.121 p95_us=229.759 p99_us=268.799 p99.9_us=404.735 max_us=882.687
rangedel_latency: kind=read class=get measurement=service samples=19274 completed_ops=19274 ops/s=1927.1 clipped_ops=0 expected_interval_ns=1000000 p50_us=1.590 p95_us=230.015 p99_us=261.119 p99.9_us=408.575 max_us=576.511
rangedel_latency: kind=read class=get measurement=corrected samples=19274 completed_ops=19274 ops/s=1927.1 clipped_ops=0 expected_interval_ns=1000000 p50_us=1.590 p95_us=230.015 p99_us=261.119 p99.9_us=408.575 max_us=576.511
rangedel_latency: kind=commit class=all measurement=service samples=9639 completed_ops=9639 ops/s=963.8 clipped_ops=0 expected_interval_ns=1000000 p50_us=0.900 p95_us=1.340 p99_us=2.261 p99.9_us=6.803 max_us=5947.391
rangedel_latency: kind=commit class=all measurement=corrected samples=9643 completed_ops=9639 ops/s=963.8 clipped_ops=0 expected_interval_ns=1000000 p50_us=0.900 p95_us=1.340 p99_us=2.331 p99.9_us=8.163 max_us=5947.391
rangedel_latency: kind=commit class=rangedel measurement=service samples=4820 completed_ops=4820 ops/s=481.9 clipped_ops=0 expected_interval_ns=1000000 p50_us=0.930 p95_us=1.430 p99_us=2.441 p99.9_us=7.323 max_us=5947.391
rangedel_latency: kind=commit class=rangedel measurement=corrected samples=4824 completed_ops=4820 ops/s=481.9 clipped_ops=0 expected_interval_ns=1000000 p50_us=0.930 p95_us=1.430 p99_us=2.471 p99.9_us=13.183 max_us=5947.391
rangedel_latency: kind=commit class=point measurement=service samples=4819 completed_ops=4819 ops/s=481.8 clipped_ops=0 expected_interval_ns=1000000 p50_us=0.870 p95_us=1.260 p99_us=1.970 p99.9_us=5.703 max_us=17.263
rangedel_latency: kind=commit class=point measurement=corrected samples=4819 completed_ops=4819 ops/s=481.8 clipped_ops=0 expected_interval_ns=1000000 p50_us=0.870 p95_us=1.260 p99_us=1.970 p99.9_us=5.703 max_us=17.263
rangedel_summary: elapsed=10.001s rangedel_batches=4820 rangedel_ops=4820 overlapping_rangedel_ops=0 point_sets=4819 flushes=0 memtable_bytes=786432 memtable_count=2 cumulative_flushable_mem_bytes=544369
LSM                             |    vtables   |   value sep   |        |   ingested   |    amp
level       size | tables  size |  count  size |  refsz valblk |     in | tables  size |   r     w
-----------------+--------------+--------------+---------------+--------+--------------+----------
total         0B |      0    0B |      0     0 |     0B     0B |  433KB |      0    0B |   0  1.00

COMPACTIONS               |     moved    |     multilevel    |     read     |       written
level | score    ff   cff | tables  size |   top    in  read | tables  blob | tables  sstsz blobsz
------+-------------------+--------------+-------------------+--------------+---------------------
total |     -     -     - |      0    0B |    0B    0B    0B |     0B    0B |      0  433KB     0B

 kind | default  delete  elision  move  read  tomb  rewrite  copy  multi  blob virtual
count |       0       0        0     0     0     0        0     0      0     0       0

COMMIT PIPELINE
               wals                |              memtables              |       ingestions
    files |      written |  overhead |   flushes |       live |     zombie |     total |   flushable
----------+--------------+-----------+-----------+------------+------------+-----------+------------
2 (433KB) | 276KB: 433KB |     57.1% |         0 |  2 (768KB) |     0 (0B) |         0 |      0 (0B)

BLOCK CACHE: 0 entries (0B)
                 miss rate [percentage of total misses] since start
level      all     |  background    sstdata       sstval      blobval       filter       index
-------------------+------------------------------------------------------------------------------
total      0%      |

ITERATORS
        file cache        |    filter   |    open     |    open
     entries |   hit rate | utilization |  sst iters  |  snapshots
-------------+------------+-------------+-------------+------------
      0 (0B) |       0.0% |        0.0% |           0 |           0

FILES                 physical tables                 |                blob files
          |     local        shared        remote     |     local        shared        remote
----------+-------------------------------------------+------------------------------------------
     live |    0 (0B)        0 (0B)        0 (0B)     |    0 (0B)        0 (0B)        0 (0B)
   zombie |    0 (0B)        0 (0B)        0 (0B)     |    0 (0B)        0 (0B)        0 (0B)
 obsolete |    0 (0B)        0 (0B)        0 (0B)     |    0 (0B)        0 (0B)        0 (0B)

MISC            |
----------------+-----------
table stats     | all loaded
table garbage   |
  point del     | 0B
  range del     | 0B
blob values     |
  total         | 0B
  refed         | 0B
  backing-refed | 0B

CGO MEMORY    |          block cache           |                     memtables
          tot |           tot |           data |            maps |            ents |           tot
--------------+---------------+----------------+-----------------+-----------------+--------------
        776KB |         8.2KB |             0B |           8.2KB |              0B |         768KB

COMPACTIONS
                                                                         |      blob rewrites
    est. debt |   in progress |  cancelled |   failed |    problem spans |       read |    written
--------------+---------------+------------+----------+------------------+------------+-----------
           0B |        0 (0B) |     0 (0B) |        0 |                0 |         0B |         0B

KEYS
      range keys |       tombstones |      missized tombstones |      point dels |      range dels
-----------------+------------------+--------------------------+-----------------+----------------
               0 |                0 |                        0 |              0B |              0B

COMPRESSION
    algorithm |        tables |    blob files

        Logical bytes compressed / decompressed
level |  data blocks   |  value blocks  |  other blocks

DELETE PACER   |   in queue   |   deleted
---------------+--------------+-------------
        tables |    0 (0B)    |    0 (0B)
    blob files |    0 (0B)    |    0 (0B)
   other files |    0 (0B)    |    0 (0B)