rangedel: shape=cycle queues=1024 overlap-frac=0 rangedels-per-batch=1 sets-per-batch=-1 iter-frac=-1 db-options=default gomaxprocs=4
wiping /home/coder/bench/rangedel-db-4way/runs/20261005-fourway-v2/db-cycle-2-p1
dir /home/coder/bench/rangedel-db-4way/runs/20261005-fourway-v2/db-cycle-2-p1
concurrency 1
rangedel_config: arena_bytes=67108864 readers=4 writers=1 reader_interval=1ms writer_interval=1ms
____elapsed______reads/s_____writes/s___p50(µs)___p95(µs)___p99(µs)___pMax(µs)
      1.0s         3805          946      16.4      32.8      41.0       90.1
      2.0s         3868          963      16.4     106.5     131.1      360.4
      3.0s         3798          959      16.4     155.6     262.1     2752.5
      4.0s         3821          955      16.4     204.8     360.4      507.9
      5.0s         3763          942      16.4     221.2     245.8      409.6
      6.0s         3840          964      16.4      73.7      81.9      213.0
      7.0s         3794          957      16.4     139.3     163.8      294.9
      8.0s         3709          937      16.4     188.4     245.8     1900.5
      9.0s         3847          955      16.4     237.6     294.9      491.5
     10.0s         3829          969      16.4     278.5     327.7      884.7
rangedel_latency: kind=read class=all measurement=service samples=38077 completed_ops=38077 ops/s=3807.3 clipped_ops=0 expected_interval_ns=1000000 p50_us=2.881 p95_us=227.967 p99_us=265.983 p99.9_us=442.879 max_us=2725.887
rangedel_latency: kind=read class=all measurement=corrected samples=38078 completed_ops=38077 ops/s=3807.3 clipped_ops=0 expected_interval_ns=1000000 p50_us=2.881 p95_us=227.967 p99_us=266.239 p99.9_us=443.647 max_us=2725.887
rangedel_latency: kind=read class=iter measurement=service samples=19038 completed_ops=19038 ops/s=1903.6 clipped_ops=0 expected_interval_ns=1000000 p50_us=3.291 p95_us=231.423 p99_us=269.823 p99.9_us=444.927 max_us=1893.375
rangedel_latency: kind=read class=iter measurement=corrected samples=19038 completed_ops=19038 ops/s=1903.6 clipped_ops=0 expected_interval_ns=1000000 p50_us=3.291 p95_us=231.423 p99_us=269.823 p99.9_us=444.927 max_us=1893.375
rangedel_latency: kind=read class=get measurement=service samples=19039 completed_ops=19039 ops/s=1903.7 clipped_ops=0 expected_interval_ns=1000000 p50_us=1.620 p95_us=225.535 p99_us=262.911 p99.9_us=439.807 max_us=2725.887
rangedel_latency: kind=read class=get measurement=corrected samples=19040 completed_ops=19039 ops/s=1903.7 clipped_ops=0 expected_interval_ns=1000000 p50_us=1.620 p95_us=225.535 p99_us=262.911 p99.9_us=440.319 max_us=2725.887
rangedel_latency: kind=commit class=all measurement=service samples=9547 completed_ops=9547 ops/s=954.6 clipped_ops=0 expected_interval_ns=1000000 p50_us=0.920 p95_us=1.350 p99_us=2.411 p99.9_us=5.323 max_us=5988.351
rangedel_latency: kind=commit class=all measurement=corrected samples=9551 completed_ops=9547 ops/s=954.6 clipped_ops=0 expected_interval_ns=1000000 p50_us=0.920 p95_us=1.350 p99_us=2.421 p99.9_us=7.331 max_us=5988.351
rangedel_latency: kind=commit class=rangedel measurement=service samples=4774 completed_ops=4774 ops/s=477.4 clipped_ops=0 expected_interval_ns=1000000 p50_us=0.970 p95_us=1.400 p99_us=2.571 p99.9_us=3.851 max_us=7.331
rangedel_latency: kind=commit class=rangedel measurement=corrected samples=4774 completed_ops=4774 ops/s=477.4 clipped_ops=0 expected_interval_ns=1000000 p50_us=0.970 p95_us=1.400 p99_us=2.571 p99.9_us=3.851 max_us=7.331
rangedel_latency: kind=commit class=point measurement=service samples=4773 completed_ops=4773 ops/s=477.3 clipped_ops=0 expected_interval_ns=1000000 p50_us=0.880 p95_us=1.270 p99_us=2.141 p99.9_us=7.423 max_us=5988.351
rangedel_latency: kind=commit class=point measurement=corrected samples=4777 completed_ops=4773 ops/s=477.3 clipped_ops=0 expected_interval_ns=1000000 p50_us=0.880 p95_us=1.270 p99_us=2.211 p99.9_us=13.511 max_us=5988.351
rangedel_summary: elapsed=10.001s rangedel_batches=4774 rangedel_ops=4774 overlapping_rangedel_ops=0 point_sets=4773 flushes=0 memtable_bytes=786432 memtable_count=2 cumulative_flushable_mem_bytes=538221
LSM                             |    vtables   |   value sep   |        |   ingested   |    amp
level       size | tables  size |  count  size |  refsz valblk |     in | tables  size |   r     w
-----------------+--------------+--------------+---------------+--------+--------------+----------
total         0B |      0    0B |      0     0 |     0B     0B |  429KB |      0    0B |   0  1.00

COMPACTIONS               |     moved    |     multilevel    |     read     |       written
level | score    ff   cff | tables  size |   top    in  read | tables  blob | tables  sstsz blobsz
------+-------------------+--------------+-------------------+--------------+---------------------
total |     -     -     - |      0    0B |    0B    0B    0B |     0B    0B |      0  429KB     0B

 kind | default  delete  elision  move  read  tomb  rewrite  copy  multi  blob virtual
count |       0       0        0     0     0     0        0     0      0     0       0

COMMIT PIPELINE
               wals                |              memtables              |       ingestions
    files |      written |  overhead |   flushes |       live |     zombie |     total |   flushable
----------+--------------+-----------+-----------+------------+------------+-----------+------------
2 (429KB) | 273KB: 429KB |     56.9% |         0 |  2 (768KB) |     0 (0B) |         0 |      0 (0B)

BLOCK CACHE: 0 entries (0B)
                 miss rate [percentage of total misses] since start
level      all     |  background    sstdata       sstval      blobval       filter       index
-------------------+------------------------------------------------------------------------------
total      0%      |

ITERATORS
        file cache        |    filter   |    open     |    open
     entries |   hit rate | utilization |  sst iters  |  snapshots
-------------+------------+-------------+-------------+------------
      0 (0B) |       0.0% |        0.0% |           0 |           0

FILES                 physical tables                 |                blob files
          |     local        shared        remote     |     local        shared        remote
----------+-------------------------------------------+------------------------------------------
     live |    0 (0B)        0 (0B)        0 (0B)     |    0 (0B)        0 (0B)        0 (0B)
   zombie |    0 (0B)        0 (0B)        0 (0B)     |    0 (0B)        0 (0B)        0 (0B)
 obsolete |    0 (0B)        0 (0B)        0 (0B)     |    0 (0B)        0 (0B)        0 (0B)

MISC            |
----------------+-----------
table stats     | all loaded
table garbage   |
  point del     | 0B
  range del     | 0B
blob values     |
  total         | 0B
  refed         | 0B
  backing-refed | 0B

CGO MEMORY    |          block cache           |                     memtables
          tot |           tot |           data |            maps |            ents |           tot
--------------+---------------+----------------+-----------------+-----------------+--------------
        776KB |         8.2KB |             0B |           8.2KB |              0B |         768KB

COMPACTIONS
                                                                         |      blob rewrites
    est. debt |   in progress |  cancelled |   failed |    problem spans |       read |    written
--------------+---------------+------------+----------+------------------+------------+-----------
           0B |        0 (0B) |     0 (0B) |        0 |                0 |         0B |         0B

KEYS
      range keys |       tombstones |      missized tombstones |      point dels |      range dels
-----------------+------------------+--------------------------+-----------------+----------------
               0 |                0 |                        0 |              0B |              0B

COMPRESSION
    algorithm |        tables |    blob files

        Logical bytes compressed / decompressed
level |  data blocks   |  value blocks  |  other blocks

DELETE PACER   |   in queue   |   deleted
---------------+--------------+-------------
        tables |    0 (0B)    |    0 (0B)
    blob files |    0 (0B)    |    0 (0B)
   other files |    0 (0B)    |    0 (0B)