rangedel: shape=cycle queues=1024 overlap-frac=0 rangedels-per-batch=1 sets-per-batch=-1 iter-frac=-1 db-options=default gomaxprocs=4
wiping /home/coder/bench/rangedel-db-4way/runs/20261005-fourway-v2/db-cycle-10-method12
dir /home/coder/bench/rangedel-db-4way/runs/20261005-fourway-v2/db-cycle-10-method12
concurrency 1
rangedel_config: arena_bytes=67108864 readers=4 writers=1 reader_interval=1ms writer_interval=1ms
____elapsed______reads/s_____writes/s___p50(µs)___p95(µs)___p99(µs)___pMax(µs)
      1.0s         3782          951      16.4      16.4      16.4       32.8
      2.0s         3796          953      16.4      16.4      16.4       24.6
      3.0s         3760          943      16.4      16.4      16.4       16.4
      4.0s         3786          952      16.4      16.4      16.4       16.4
      5.0s         3777          939      16.4      16.4      16.4       24.6
      6.0s         3760          943      16.4      16.4      16.4       16.4
      7.0s         3782          944      16.4      16.4      16.4       32.8
      8.0s         3803          954      16.4      16.4      16.4       81.9
      9.0s         3751          938      16.4      16.4      16.4       24.6
     10.0s         3781          947      16.4      16.4      16.4       41.0
rangedel_latency: kind=read class=all measurement=service samples=37778 completed_ops=37778 ops/s=3777.6 clipped_ops=0 expected_interval_ns=1000000 p50_us=1.490 p95_us=3.261 p99_us=4.823 p99.9_us=10.407 max_us=75.391
rangedel_latency: kind=read class=all measurement=corrected samples=37778 completed_ops=37778 ops/s=3777.6 clipped_ops=0 expected_interval_ns=1000000 p50_us=1.490 p95_us=3.261 p99_us=4.823 p99.9_us=10.407 max_us=75.391
rangedel_latency: kind=read class=iter measurement=service samples=18888 completed_ops=18888 ops/s=1888.7 clipped_ops=0 expected_interval_ns=1000000 p50_us=2.271 p95_us=3.561 p99_us=5.263 p99.9_us=10.927 max_us=38.911
rangedel_latency: kind=read class=iter measurement=corrected samples=18888 completed_ops=18888 ops/s=1888.7 clipped_ops=0 expected_interval_ns=1000000 p50_us=2.271 p95_us=3.561 p99_us=5.263 p99.9_us=10.927 max_us=38.911
rangedel_latency: kind=read class=get measurement=service samples=18890 completed_ops=18890 ops/s=1888.9 clipped_ops=0 expected_interval_ns=1000000 p50_us=1.060 p95_us=1.930 p99_us=3.451 p99.9_us=8.123 max_us=75.391
rangedel_latency: kind=read class=get measurement=corrected samples=18890 completed_ops=18890 ops/s=1888.9 clipped_ops=0 expected_interval_ns=1000000 p50_us=1.060 p95_us=1.930 p99_us=3.451 p99.9_us=8.123 max_us=75.391
rangedel_latency: kind=commit class=all measurement=service samples=9464 completed_ops=9464 ops/s=946.3 clipped_ops=0 expected_interval_ns=1000000 p50_us=1.840 p95_us=4.811 p99_us=8.103 p99.9_us=21.743 max_us=2871.295
rangedel_latency: kind=commit class=all measurement=corrected samples=9465 completed_ops=9464 ops/s=946.3 clipped_ops=0 expected_interval_ns=1000000 p50_us=1.840 p95_us=4.811 p99_us=8.171 p99.9_us=22.895 max_us=2871.295
rangedel_latency: kind=commit class=rangedel measurement=service samples=4732 completed_ops=4732 ops/s=473.2 clipped_ops=0 expected_interval_ns=1000000 p50_us=2.661 p95_us=5.951 p99_us=10.015 p99.9_us=33.599 max_us=2871.295
rangedel_latency: kind=commit class=rangedel measurement=corrected samples=4733 completed_ops=4732 ops/s=473.2 clipped_ops=0 expected_interval_ns=1000000 p50_us=2.661 p95_us=5.963 p99_us=10.047 p99.9_us=35.551 max_us=2871.295
rangedel_latency: kind=commit class=point measurement=service samples=4732 completed_ops=4732 ops/s=473.2 clipped_ops=0 expected_interval_ns=1000000 p50_us=0.850 p95_us=1.200 p99_us=2.040 p99.9_us=7.343 max_us=24.863
rangedel_latency: kind=commit class=point measurement=corrected samples=4732 completed_ops=4732 ops/s=473.2 clipped_ops=0 expected_interval_ns=1000000 p50_us=0.850 p95_us=1.200 p99_us=2.040 p99.9_us=7.343 max_us=24.863
rangedel_summary: elapsed=10.001s rangedel_batches=4732 rangedel_ops=4732 overlapping_rangedel_ops=0 point_sets=4732 flushes=0 memtable_bytes=786432 memtable_count=2 cumulative_flushable_mem_bytes=534772
LSM                             |    vtables   |   value sep   |        |   ingested   |    amp
level       size | tables  size |  count  size |  refsz valblk |     in | tables  size |   r     w
-----------------+--------------+--------------+---------------+--------+--------------+----------
total         0B |      0    0B |      0     0 |     0B     0B |  425KB |      0    0B |   0  1.00

COMPACTIONS               |     moved    |     multilevel    |     read     |       written
level | score    ff   cff | tables  size |   top    in  read | tables  blob | tables  sstsz blobsz
------+-------------------+--------------+-------------------+--------------+---------------------
total |     -     -     - |      0    0B |    0B    0B    0B |     0B    0B |      0  425KB     0B

 kind | default  delete  elision  move  read  tomb  rewrite  copy  multi  blob virtual
count |       0       0        0     0     0     0        0     0      0     0       0

COMMIT PIPELINE
               wals                |              memtables              |       ingestions
    files |      written |  overhead |   flushes |       live |     zombie |     total |   flushable
----------+--------------+-----------+-----------+------------+------------+-----------+------------
2 (425KB) | 271KB: 425KB |     56.9% |         0 |  2 (768KB) |     0 (0B) |         0 |      0 (0B)

BLOCK CACHE: 0 entries (0B)
                 miss rate [percentage of total misses] since start
level      all     |  background    sstdata       sstval      blobval       filter       index
-------------------+------------------------------------------------------------------------------
total      0%      |

ITERATORS
        file cache        |    filter   |    open     |    open
     entries |   hit rate | utilization |  sst iters  |  snapshots
-------------+------------+-------------+-------------+------------
      0 (0B) |       0.0% |        0.0% |           0 |           0

FILES                 physical tables                 |                blob files
          |     local        shared        remote     |     local        shared        remote
----------+-------------------------------------------+------------------------------------------
     live |    0 (0B)        0 (0B)        0 (0B)     |    0 (0B)        0 (0B)        0 (0B)
   zombie |    0 (0B)        0 (0B)        0 (0B)     |    0 (0B)        0 (0B)        0 (0B)
 obsolete |    0 (0B)        0 (0B)        0 (0B)     |    0 (0B)        0 (0B)        0 (0B)

MISC            |
----------------+-----------
table stats     | all loaded
table garbage   |
  point del     | 0B
  range del     | 0B
blob values     |
  total         | 0B
  refed         | 0B
  backing-refed | 0B

CGO MEMORY    |          block cache           |                     memtables
          tot |           tot |           data |            maps |            ents |           tot
--------------+---------------+----------------+-----------------+-----------------+--------------
        776KB |         8.2KB |             0B |           8.2KB |              0B |         768KB

COMPACTIONS
                                                                         |      blob rewrites
    est. debt |   in progress |  cancelled |   failed |    problem spans |       read |    written
--------------+---------------+------------+----------+------------------+------------+-----------
           0B |        0 (0B) |     0 (0B) |        0 |                0 |         0B |         0B

KEYS
      range keys |       tombstones |      missized tombstones |      point dels |      range dels
-----------------+------------------+--------------------------+-----------------+----------------
               0 |                0 |                        0 |              0B |              0B

COMPRESSION
    algorithm |        tables |    blob files

        Logical bytes compressed / decompressed
level |  data blocks   |  value blocks  |  other blocks

DELETE PACER   |   in queue   |   deleted
---------------+--------------+-------------
        tables |    0 (0B)    |    0 (0B)
    blob files |    0 (0B)    |    0 (0B)
   other files |    0 (0B)    |    0 (0B)