rangedel: shape=cycle queues=1024 overlap-frac=0 rangedels-per-batch=1 sets-per-batch=-1 iter-frac=-1 db-options=default gomaxprocs=4
wiping /home/coder/bench/rangedel-db-4way/runs/20261005-fourway-v2/db-cycle-7-p1
dir /home/coder/bench/rangedel-db-4way/runs/20261005-fourway-v2/db-cycle-7-p1
concurrency 1
rangedel_config: arena_bytes=67108864 readers=4 writers=1 reader_interval=1ms writer_interval=1ms
____elapsed______reads/s_____writes/s___p50(µs)___p95(µs)___p99(µs)___pMax(µs)
      1.0s         3808          946      16.4      32.8      32.8      131.1
      2.0s         3864          961      16.4      98.3     114.7      344.1
      3.0s         3846          955      16.4     155.6     180.2      442.4
      4.0s         3845          952      16.4     204.8     245.8      491.5
      5.0s         3804          939      16.4     213.0     229.4      557.1
      6.0s         3853          957      16.4      73.7      90.1      204.8
      7.0s         3817          949      16.4     139.3     155.6      557.1
      8.0s         3824          946      16.4     188.4     245.8      426.0
      9.0s         3832          950      16.4     229.4     327.7      376.8
     10.0s         3838          952      16.4     278.5     327.7      983.0
rangedel_latency: kind=read class=all measurement=service samples=38335 completed_ops=38335 ops/s=3833.1 clipped_ops=0 expected_interval_ns=1000000 p50_us=2.731 p95_us=223.999 p99_us=263.679 p99.9_us=443.391 max_us=961.023
rangedel_latency: kind=read class=all measurement=corrected samples=38335 completed_ops=38335 ops/s=3833.1 clipped_ops=0 expected_interval_ns=1000000 p50_us=2.731 p95_us=223.999 p99_us=263.679 p99.9_us=443.391 max_us=961.023
rangedel_latency: kind=read class=iter measurement=service samples=19166 completed_ops=19166 ops/s=1916.4 clipped_ops=0 expected_interval_ns=1000000 p50_us=3.131 p95_us=225.535 p99_us=264.447 p99.9_us=455.423 max_us=961.023
rangedel_latency: kind=read class=iter measurement=corrected samples=19166 completed_ops=19166 ops/s=1916.4 clipped_ops=0 expected_interval_ns=1000000 p50_us=3.131 p95_us=225.535 p99_us=264.447 p99.9_us=455.423 max_us=961.023
rangedel_latency: kind=read class=get measurement=service samples=19169 completed_ops=19169 ops/s=1916.7 clipped_ops=0 expected_interval_ns=1000000 p50_us=1.610 p95_us=222.463 p99_us=262.655 p99.9_us=434.175 max_us=533.503
rangedel_latency: kind=read class=get measurement=corrected samples=19169 completed_ops=19169 ops/s=1916.7 clipped_ops=0 expected_interval_ns=1000000 p50_us=1.610 p95_us=222.463 p99_us=262.655 p99.9_us=434.175 max_us=533.503
rangedel_latency: kind=commit class=all measurement=service samples=9507 completed_ops=9507 ops/s=950.6 clipped_ops=0 expected_interval_ns=1000000 p50_us=0.890 p95_us=1.310 p99_us=2.241 p99.9_us=6.331 max_us=6119.423
rangedel_latency: kind=commit class=all measurement=corrected samples=9512 completed_ops=9507 ops/s=950.6 clipped_ops=0 expected_interval_ns=1000000 p50_us=0.890 p95_us=1.310 p99_us=2.281 p99.9_us=7.751 max_us=6119.423
rangedel_latency: kind=commit class=rangedel measurement=service samples=4754 completed_ops=4754 ops/s=475.3 clipped_ops=0 expected_interval_ns=1000000 p50_us=0.930 p95_us=1.350 p99_us=2.371 p99.9_us=6.331 max_us=6119.423
rangedel_latency: kind=commit class=rangedel measurement=corrected samples=4759 completed_ops=4754 ops/s=475.3 clipped_ops=0 expected_interval_ns=1000000 p50_us=0.930 p95_us=1.350 p99_us=2.541 p99.9_us=1117.183 max_us=6119.423
rangedel_latency: kind=commit class=point measurement=service samples=4753 completed_ops=4753 ops/s=475.2 clipped_ops=0 expected_interval_ns=1000000 p50_us=0.860 p95_us=1.240 p99_us=2.061 p99.9_us=6.231 max_us=12.503
rangedel_latency: kind=commit class=point measurement=corrected samples=4753 completed_ops=4753 ops/s=475.2 clipped_ops=0 expected_interval_ns=1000000 p50_us=0.860 p95_us=1.240 p99_us=2.061 p99.9_us=6.231 max_us=12.503
rangedel_summary: elapsed=10.001s rangedel_batches=4754 rangedel_ops=4754 overlapping_rangedel_ops=0 point_sets=4753 flushes=0 memtable_bytes=786432 memtable_count=2 cumulative_flushable_mem_bytes=537669
LSM                             |    vtables   |   value sep   |        |   ingested   |    amp
level       size | tables  size |  count  size |  refsz valblk |     in | tables  size |   r     w
-----------------+--------------+--------------+---------------+--------+--------------+----------
total         0B |      0    0B |      0     0 |     0B     0B |  427KB |      0    0B |   0  1.00

COMPACTIONS               |     moved    |     multilevel    |     read     |       written
level | score    ff   cff | tables  size |   top    in  read | tables  blob | tables  sstsz blobsz
------+-------------------+--------------+-------------------+--------------+---------------------
total |     -     -     - |      0    0B |    0B    0B    0B |     0B    0B |      0  427KB     0B

 kind | default  delete  elision  move  read  tomb  rewrite  copy  multi  blob virtual
count |       0       0        0     0     0     0        0     0      0     0       0

COMMIT PIPELINE
               wals                |              memtables              |       ingestions
    files |      written |  overhead |   flushes |       live |     zombie |     total |   flushable
----------+--------------+-----------+-----------+------------+------------+-----------+------------
2 (427KB) | 272KB: 427KB |     57.0% |         0 |  2 (768KB) |     0 (0B) |         0 |      0 (0B)

BLOCK CACHE: 0 entries (0B)
                 miss rate [percentage of total misses] since start
level      all     |  background    sstdata       sstval      blobval       filter       index
-------------------+------------------------------------------------------------------------------
total      0%      |

ITERATORS
        file cache        |    filter   |    open     |    open
     entries |   hit rate | utilization |  sst iters  |  snapshots
-------------+------------+-------------+-------------+------------
      0 (0B) |       0.0% |        0.0% |           0 |           0

FILES                 physical tables                 |                blob files
          |     local        shared        remote     |     local        shared        remote
----------+-------------------------------------------+------------------------------------------
     live |    0 (0B)        0 (0B)        0 (0B)     |    0 (0B)        0 (0B)        0 (0B)
   zombie |    0 (0B)        0 (0B)        0 (0B)     |    0 (0B)        0 (0B)        0 (0B)
 obsolete |    0 (0B)        0 (0B)        0 (0B)     |    0 (0B)        0 (0B)        0 (0B)

MISC            |
----------------+-----------
table stats     | all loaded
table garbage   |
  point del     | 0B
  range del     | 0B
blob values     |
  total         | 0B
  refed         | 0B
  backing-refed | 0B

CGO MEMORY    |          block cache           |                     memtables
          tot |           tot |           data |            maps |            ents |           tot
--------------+---------------+----------------+-----------------+-----------------+--------------
        776KB |         8.2KB |             0B |           8.2KB |              0B |         768KB

COMPACTIONS
                                                                         |      blob rewrites
    est. debt |   in progress |  cancelled |   failed |    problem spans |       read |    written
--------------+---------------+------------+----------+------------------+------------+-----------
           0B |        0 (0B) |     0 (0B) |        0 |                0 |         0B |         0B

KEYS
      range keys |       tombstones |      missized tombstones |      point dels |      range dels
-----------------+------------------+--------------------------+-----------------+----------------
               0 |                0 |                        0 |              0B |              0B

COMPRESSION
    algorithm |        tables |    blob files

        Logical bytes compressed / decompressed
level |  data blocks   |  value blocks  |  other blocks

DELETE PACER   |   in queue   |   deleted
---------------+--------------+-------------
        tables |    0 (0B)    |    0 (0B)
    blob files |    0 (0B)    |    0 (0B)
   other files |    0 (0B)    |    0 (0B)