rangedel: shape=cycle queues=1024 overlap-frac=0 rangedels-per-batch=1 sets-per-batch=-1 iter-frac=-1 db-options=default gomaxprocs=4
wiping /home/coder/bench/rangedel-db-4way/runs/20261005-fourway-v2/db-cycle-6-p1
dir /home/coder/bench/rangedel-db-4way/runs/20261005-fourway-v2/db-cycle-6-p1
concurrency 1
rangedel_config: arena_bytes=67108864 readers=4 writers=1 reader_interval=1ms writer_interval=1ms
____elapsed______reads/s_____writes/s___p50(µs)___p95(µs)___p99(µs)___pMax(µs)
      1.0s         3798          946      16.4      32.8      41.0       65.5
      2.0s         3869          972      16.4      98.3     139.3      426.0
      3.0s         3839          968      16.4     155.6     221.2      475.1
      4.0s         3830          964      16.4     204.8     294.9      524.3
      5.0s         3827          959      16.4     213.0     229.4      376.8
      6.0s         3857          970      16.4      81.9      98.3      221.2
      7.0s         3858          971      16.4     139.3     196.6      278.5
      8.0s         3832          958      16.4     188.4     245.8      475.1
      9.0s         3844          965      16.4     237.6     278.5      327.7
     10.0s         3834          964      16.4     262.1     327.7      917.5
rangedel_latency: kind=read class=all measurement=service samples=38394 completed_ops=38394 ops/s=3839.1 clipped_ops=0 expected_interval_ns=1000000 p50_us=2.601 p95_us=223.359 p99_us=261.503 p99.9_us=432.639 max_us=915.455
rangedel_latency: kind=read class=all measurement=corrected samples=38394 completed_ops=38394 ops/s=3839.1 clipped_ops=0 expected_interval_ns=1000000 p50_us=2.601 p95_us=223.359 p99_us=261.503 p99.9_us=432.639 max_us=915.455
rangedel_latency: kind=read class=iter measurement=service samples=19196 completed_ops=19196 ops/s=1919.5 clipped_ops=0 expected_interval_ns=1000000 p50_us=3.091 p95_us=225.279 p99_us=262.911 p99.9_us=436.223 max_us=856.575
rangedel_latency: kind=read class=iter measurement=corrected samples=19196 completed_ops=19196 ops/s=1919.5 clipped_ops=0 expected_interval_ns=1000000 p50_us=3.091 p95_us=225.279 p99_us=262.911 p99.9_us=436.223 max_us=856.575
rangedel_latency: kind=read class=get measurement=service samples=19198 completed_ops=19198 ops/s=1919.7 clipped_ops=0 expected_interval_ns=1000000 p50_us=1.540 p95_us=221.183 p99_us=260.863 p99.9_us=428.287 max_us=915.455
rangedel_latency: kind=read class=get measurement=corrected samples=19198 completed_ops=19198 ops/s=1919.7 clipped_ops=0 expected_interval_ns=1000000 p50_us=1.540 p95_us=221.183 p99_us=260.863 p99.9_us=428.287 max_us=915.455
rangedel_latency: kind=commit class=all measurement=service samples=9638 completed_ops=9638 ops/s=963.7 clipped_ops=0 expected_interval_ns=1000000 p50_us=0.900 p95_us=1.320 p99_us=2.211 p99.9_us=6.651 max_us=3559.423
rangedel_latency: kind=commit class=all measurement=corrected samples=9640 completed_ops=9638 ops/s=963.7 clipped_ops=0 expected_interval_ns=1000000 p50_us=0.900 p95_us=1.320 p99_us=2.211 p99.9_us=7.271 max_us=3559.423
rangedel_latency: kind=commit class=rangedel measurement=service samples=4819 completed_ops=4819 ops/s=481.9 clipped_ops=0 expected_interval_ns=1000000 p50_us=0.930 p95_us=1.390 p99_us=2.531 p99.9_us=4.783 max_us=3559.423
rangedel_latency: kind=commit class=rangedel measurement=corrected samples=4821 completed_ops=4819 ops/s=481.9 clipped_ops=0 expected_interval_ns=1000000 p50_us=0.930 p95_us=1.390 p99_us=2.651 p99.9_us=7.483 max_us=3559.423
rangedel_latency: kind=commit class=point measurement=service samples=4819 completed_ops=4819 ops/s=481.9 clipped_ops=0 expected_interval_ns=1000000 p50_us=0.860 p95_us=1.240 p99_us=1.980 p99.9_us=6.651 max_us=14.295
rangedel_latency: kind=commit class=point measurement=corrected samples=4819 completed_ops=4819 ops/s=481.9 clipped_ops=0 expected_interval_ns=1000000 p50_us=0.860 p95_us=1.240 p99_us=1.980 p99.9_us=6.651 max_us=14.295
rangedel_summary: elapsed=10.001s rangedel_batches=4819 rangedel_ops=4819 overlapping_rangedel_ops=0 point_sets=4819 flushes=0 memtable_bytes=786432 memtable_count=2 cumulative_flushable_mem_bytes=544206
LSM                             |    vtables   |   value sep   |        |   ingested   |    amp
level       size | tables  size |  count  size |  refsz valblk |     in | tables  size |   r     w
-----------------+--------------+--------------+---------------+--------+--------------+----------
total         0B |      0    0B |      0     0 |     0B     0B |  433KB |      0    0B |   0  1.00

COMPACTIONS               |     moved    |     multilevel    |     read     |       written
level | score    ff   cff | tables  size |   top    in  read | tables  blob | tables  sstsz blobsz
------+-------------------+--------------+-------------------+--------------+---------------------
total |     -     -     - |      0    0B |    0B    0B    0B |     0B    0B |      0  433KB     0B

 kind | default  delete  elision  move  read  tomb  rewrite  copy  multi  blob virtual
count |       0       0        0     0     0     0        0     0      0     0       0

COMMIT PIPELINE
               wals                |              memtables              |       ingestions
    files |      written |  overhead |   flushes |       live |     zombie |     total |   flushable
----------+--------------+-----------+-----------+------------+------------+-----------+------------
2 (433KB) | 276KB: 433KB |     57.1% |         0 |  2 (768KB) |     0 (0B) |         0 |      0 (0B)

BLOCK CACHE: 0 entries (0B)
                 miss rate [percentage of total misses] since start
level      all     |  background    sstdata       sstval      blobval       filter       index
-------------------+------------------------------------------------------------------------------
total      0%      |

ITERATORS
        file cache        |    filter   |    open     |    open
     entries |   hit rate | utilization |  sst iters  |  snapshots
-------------+------------+-------------+-------------+------------
      0 (0B) |       0.0% |        0.0% |           0 |           0

FILES                 physical tables                 |                blob files
          |     local        shared        remote     |     local        shared        remote
----------+-------------------------------------------+------------------------------------------
     live |    0 (0B)        0 (0B)        0 (0B)     |    0 (0B)        0 (0B)        0 (0B)
   zombie |    0 (0B)        0 (0B)        0 (0B)     |    0 (0B)        0 (0B)        0 (0B)
 obsolete |    0 (0B)        0 (0B)        0 (0B)     |    0 (0B)        0 (0B)        0 (0B)

MISC            |
----------------+-----------
table stats     | all loaded
table garbage   |
  point del     | 0B
  range del     | 0B
blob values     |
  total         | 0B
  refed         | 0B
  backing-refed | 0B

CGO MEMORY    |          block cache           |                     memtables
          tot |           tot |           data |            maps |            ents |           tot
--------------+---------------+----------------+-----------------+-----------------+--------------
        776KB |         8.2KB |             0B |           8.2KB |              0B |         768KB

COMPACTIONS
                                                                         |      blob rewrites
    est. debt |   in progress |  cancelled |   failed |    problem spans |       read |    written
--------------+---------------+------------+----------+------------------+------------+-----------
           0B |        0 (0B) |     0 (0B) |        0 |                0 |         0B |         0B

KEYS
      range keys |       tombstones |      missized tombstones |      point dels |      range dels
-----------------+------------------+--------------------------+-----------------+----------------
               0 |                0 |                        0 |              0B |              0B

COMPRESSION
    algorithm |        tables |    blob files

        Logical bytes compressed / decompressed
level |  data blocks   |  value blocks  |  other blocks

DELETE PACER   |   in queue   |   deleted
---------------+--------------+-------------
        tables |    0 (0B)    |    0 (0B)
    blob files |    0 (0B)    |    0 (0B)
   other files |    0 (0B)    |    0 (0B)