rangedel: shape=cycle queues=1024 overlap-frac=0 rangedels-per-batch=1 sets-per-batch=-1 iter-frac=-1 db-options=default gomaxprocs=4
wiping /home/coder/bench/rangedel-db-4way/runs/20261005-fourway-v2/db-cycle-9-p1
dir /home/coder/bench/rangedel-db-4way/runs/20261005-fourway-v2/db-cycle-9-p1
concurrency 1
rangedel_config: arena_bytes=67108864 readers=4 writers=1 reader_interval=1ms writer_interval=1ms
____elapsed______reads/s_____writes/s___p50(µs)___p95(µs)___p99(µs)___pMax(µs)
      1.0s         3819          960      16.4      32.8      41.0      131.1
      2.0s         3838          964      16.4     106.5     114.7      376.8
      3.0s         3812          961      16.4     155.6     196.6      475.1
      4.0s         3843          961      16.4     204.8     262.1      524.3
      5.0s         3786          945      16.4     221.2     237.6      475.1
      6.0s         3845          963      16.4      81.9      90.1      213.0
      7.0s         3815          963      16.4     139.3     155.6      262.1
      8.0s         3836          963      16.4     188.4     237.6      327.7
      9.0s         3690          931      16.4     237.6     294.9      344.1
     10.0s         3807          957      16.4     262.1     327.7      852.0
rangedel_latency: kind=read class=all measurement=service samples=38095 completed_ops=38095 ops/s=3809.1 clipped_ops=0 expected_interval_ns=1000000 p50_us=2.961 p95_us=227.583 p99_us=259.071 p99.9_us=434.431 max_us=840.191
rangedel_latency: kind=read class=all measurement=corrected samples=38095 completed_ops=38095 ops/s=3809.1 clipped_ops=0 expected_interval_ns=1000000 p50_us=2.961 p95_us=227.583 p99_us=259.071 p99.9_us=434.431 max_us=840.191
rangedel_latency: kind=read class=iter measurement=service samples=19047 completed_ops=19047 ops/s=1904.5 clipped_ops=0 expected_interval_ns=1000000 p50_us=3.301 p95_us=230.015 p99_us=261.119 p99.9_us=422.143 max_us=479.999
rangedel_latency: kind=read class=iter measurement=corrected samples=19047 completed_ops=19047 ops/s=1904.5 clipped_ops=0 expected_interval_ns=1000000 p50_us=3.301 p95_us=230.015 p99_us=261.119 p99.9_us=422.143 max_us=479.999
rangedel_latency: kind=read class=get measurement=service samples=19048 completed_ops=19048 ops/s=1904.6 clipped_ops=0 expected_interval_ns=1000000 p50_us=1.660 p95_us=224.767 p99_us=257.023 p99.9_us=446.719 max_us=840.191
rangedel_latency: kind=read class=get measurement=corrected samples=19048 completed_ops=19048 ops/s=1904.6 clipped_ops=0 expected_interval_ns=1000000 p50_us=1.660 p95_us=224.767 p99_us=257.023 p99.9_us=446.719 max_us=840.191
rangedel_latency: kind=commit class=all measurement=service samples=9569 completed_ops=9569 ops/s=956.8 clipped_ops=0 expected_interval_ns=1000000 p50_us=0.920 p95_us=1.320 p99_us=2.201 p99.9_us=4.651 max_us=6094.847
rangedel_latency: kind=commit class=all measurement=corrected samples=9574 completed_ops=9569 ops/s=956.8 clipped_ops=0 expected_interval_ns=1000000 p50_us=0.920 p95_us=1.320 p99_us=2.281 p99.9_us=7.103 max_us=6094.847
rangedel_latency: kind=commit class=rangedel measurement=service samples=4785 completed_ops=4785 ops/s=478.5 clipped_ops=0 expected_interval_ns=1000000 p50_us=0.950 p95_us=1.370 p99_us=2.361 p99.9_us=4.343 max_us=6094.847
rangedel_latency: kind=commit class=rangedel measurement=corrected samples=4790 completed_ops=4785 ops/s=478.5 clipped_ops=0 expected_interval_ns=1000000 p50_us=0.950 p95_us=1.380 p99_us=2.471 p99.9_us=1093.631 max_us=6094.847
rangedel_latency: kind=commit class=point measurement=service samples=4784 completed_ops=4784 ops/s=478.4 clipped_ops=0 expected_interval_ns=1000000 p50_us=0.890 p95_us=1.270 p99_us=2.030 p99.9_us=4.651 max_us=7.631
rangedel_latency: kind=commit class=point measurement=corrected samples=4784 completed_ops=4784 ops/s=478.4 clipped_ops=0 expected_interval_ns=1000000 p50_us=0.890 p95_us=1.270 p99_us=2.030 p99.9_us=4.651 max_us=7.631
rangedel_summary: elapsed=10.001s rangedel_batches=4785 rangedel_ops=4785 overlapping_rangedel_ops=0 point_sets=4784 flushes=0 memtable_bytes=786432 memtable_count=2 cumulative_flushable_mem_bytes=540247
LSM                             |    vtables   |   value sep   |        |   ingested   |    amp
level       size | tables  size |  count  size |  refsz valblk |     in | tables  size |   r     w
-----------------+--------------+--------------+---------------+--------+--------------+----------
total         0B |      0    0B |      0     0 |     0B     0B |  430KB |      0    0B |   0  1.00

COMPACTIONS               |     moved    |     multilevel    |     read     |       written
level | score    ff   cff | tables  size |   top    in  read | tables  blob | tables  sstsz blobsz
------+-------------------+--------------+-------------------+--------------+---------------------
total |     -     -     - |      0    0B |    0B    0B    0B |     0B    0B |      0  430KB     0B

 kind | default  delete  elision  move  read  tomb  rewrite  copy  multi  blob virtual
count |       0       0        0     0     0     0        0     0      0     0       0

COMMIT PIPELINE
               wals                |              memtables              |       ingestions
    files |      written |  overhead |   flushes |       live |     zombie |     total |   flushable
----------+--------------+-----------+-----------+------------+------------+-----------+------------
2 (430KB) | 274KB: 430KB |     57.0% |         0 |  2 (768KB) |     0 (0B) |         0 |      0 (0B)

BLOCK CACHE: 0 entries (0B)
                 miss rate [percentage of total misses] since start
level      all     |  background    sstdata       sstval      blobval       filter       index
-------------------+------------------------------------------------------------------------------
total      0%      |

ITERATORS
        file cache        |    filter   |    open     |    open
     entries |   hit rate | utilization |  sst iters  |  snapshots
-------------+------------+-------------+-------------+------------
      0 (0B) |       0.0% |        0.0% |           0 |           0

FILES                 physical tables                 |                blob files
          |     local        shared        remote     |     local        shared        remote
----------+-------------------------------------------+------------------------------------------
     live |    0 (0B)        0 (0B)        0 (0B)     |    0 (0B)        0 (0B)        0 (0B)
   zombie |    0 (0B)        0 (0B)        0 (0B)     |    0 (0B)        0 (0B)        0 (0B)
 obsolete |    0 (0B)        0 (0B)        0 (0B)     |    0 (0B)        0 (0B)        0 (0B)

MISC            |
----------------+-----------
table stats     | all loaded
table garbage   |
  point del     | 0B
  range del     | 0B
blob values     |
  total         | 0B
  refed         | 0B
  backing-refed | 0B

CGO MEMORY    |          block cache           |                     memtables
          tot |           tot |           data |            maps |            ents |           tot
--------------+---------------+----------------+-----------------+-----------------+--------------
        776KB |         8.2KB |             0B |           8.2KB |              0B |         768KB

COMPACTIONS
                                                                         |      blob rewrites
    est. debt |   in progress |  cancelled |   failed |    problem spans |       read |    written
--------------+---------------+------------+----------+------------------+------------+-----------
           0B |        0 (0B) |     0 (0B) |        0 |                0 |         0B |         0B

KEYS
      range keys |       tombstones |      missized tombstones |      point dels |      range dels
-----------------+------------------+--------------------------+-----------------+----------------
               0 |                0 |                        0 |              0B |              0B

COMPRESSION
    algorithm |        tables |    blob files

        Logical bytes compressed / decompressed
level |  data blocks   |  value blocks  |  other blocks

DELETE PACER   |   in queue   |   deleted
---------------+--------------+-------------
        tables |    0 (0B)    |    0 (0B)
    blob files |    0 (0B)    |    0 (0B)
   other files |    0 (0B)    |    0 (0B)