rangedel: shape=cycle queues=1024 overlap-frac=0 rangedels-per-batch=1 sets-per-batch=-1 iter-frac=-1 db-options=default gomaxprocs=4
wiping /home/coder/bench/rangedel-db-4way/runs/20261005-fourway-v2/db-cycle-10-method1
dir /home/coder/bench/rangedel-db-4way/runs/20261005-fourway-v2/db-cycle-10-method1
concurrency 1
rangedel_config: arena_bytes=67108864 readers=4 writers=1 reader_interval=1ms writer_interval=1ms
____elapsed______reads/s_____writes/s___p50(µs)___p95(µs)___p99(µs)___pMax(µs)
      1.0s         3768          939      16.4      16.4      16.4       41.0
      2.0s         3766          940      16.4      16.4      16.4       16.4
      3.0s         3778          946      16.4      16.4      16.4       16.4
      4.0s         3790          942      16.4      16.4      16.4       24.6
      5.0s         3801          943      16.4      16.4      16.4       32.8
      6.0s         3815          950      16.4      16.4      16.4       41.0
      7.0s         3817          951      16.4      16.4      16.4       49.2
      8.0s         3805          950      16.4      16.4      16.4       24.6
      9.0s         3780          940      16.4      16.4      16.4       24.6
rangedel_latency: kind=read class=all measurement=service samples=37905 completed_ops=37905 ops/s=3790.2 clipped_ops=0 expected_interval_ns=1000000 p50_us=1.370 p95_us=3.121 p99_us=4.591 p99.9_us=10.711 max_us=44.319
rangedel_latency: kind=read class=all measurement=corrected samples=37905 completed_ops=37905 ops/s=3790.2 clipped_ops=0 expected_interval_ns=1000000 p50_us=1.370 p95_us=3.121 p99_us=4.591 p99.9_us=10.711 max_us=44.319
rangedel_latency: kind=read class=iter measurement=service samples=18951 completed_ops=18951 ops/s=1894.9 clipped_ops=0 expected_interval_ns=1000000 p50_us=2.091 p95_us=3.371 p99_us=4.911 p99.9_us=10.631 max_us=44.319
rangedel_latency: kind=read class=iter measurement=corrected samples=18951 completed_ops=18951 ops/s=1894.9 clipped_ops=0 expected_interval_ns=1000000 p50_us=2.091 p95_us=3.371 p99_us=4.911 p99.9_us=10.631 max_us=44.319
rangedel_latency: kind=read class=get measurement=service samples=18954 completed_ops=18954 ops/s=1895.2 clipped_ops=0 expected_interval_ns=1000000 p50_us=1.040 p95_us=1.910 p99_us=3.321 p99.9_us=11.015 max_us=38.271
rangedel_latency: kind=read class=get measurement=corrected samples=18954 completed_ops=18954 ops/s=1895.2 clipped_ops=0 expected_interval_ns=1000000 p50_us=1.040 p95_us=1.910 p99_us=3.321 p99.9_us=11.015 max_us=38.271
rangedel_latency: kind=commit class=all measurement=service samples=9444 completed_ops=9444 ops/s=944.3 clipped_ops=0 expected_interval_ns=1000000 p50_us=1.910 p95_us=5.331 p99_us=8.703 p99.9_us=28.463 max_us=3082.239
rangedel_latency: kind=commit class=all measurement=corrected samples=9446 completed_ops=9444 ops/s=944.3 clipped_ops=0 expected_interval_ns=1000000 p50_us=1.910 p95_us=5.331 p99_us=8.711 p99.9_us=30.975 max_us=3082.239
rangedel_latency: kind=commit class=rangedel measurement=service samples=4722 completed_ops=4722 ops/s=472.2 clipped_ops=0 expected_interval_ns=1000000 p50_us=3.111 p95_us=6.451 p99_us=11.271 p99.9_us=33.663 max_us=3082.239
rangedel_latency: kind=commit class=rangedel measurement=corrected samples=4724 completed_ops=4722 ops/s=472.2 clipped_ops=0 expected_interval_ns=1000000 p50_us=3.111 p95_us=6.451 p99_us=11.447 p99.9_us=42.079 max_us=3082.239
rangedel_latency: kind=commit class=point measurement=service samples=4722 completed_ops=4722 ops/s=472.2 clipped_ops=0 expected_interval_ns=1000000 p50_us=0.820 p95_us=1.140 p99_us=1.800 p99.9_us=4.041 max_us=5.783
rangedel_latency: kind=commit class=point measurement=corrected samples=4722 completed_ops=4722 ops/s=472.2 clipped_ops=0 expected_interval_ns=1000000 p50_us=0.820 p95_us=1.140 p99_us=1.800 p99.9_us=4.041 max_us=5.783
rangedel_summary: elapsed=10.001s rangedel_batches=4722 rangedel_ops=4722 overlapping_rangedel_ops=0 point_sets=4722 flushes=0 memtable_bytes=786432 memtable_count=2 cumulative_flushable_mem_bytes=534192
LSM                             |    vtables   |   value sep   |        |   ingested   |    amp
level       size | tables  size |  count  size |  refsz valblk |     in | tables  size |   r     w
-----------------+--------------+--------------+---------------+--------+--------------+----------
total         0B |      0    0B |      0     0 |     0B     0B |  424KB |      0    0B |   0  1.00

COMPACTIONS               |     moved    |     multilevel    |     read     |       written
level | score    ff   cff | tables  size |   top    in  read | tables  blob | tables  sstsz blobsz
------+-------------------+--------------+-------------------+--------------+---------------------
total |     -     -     - |      0    0B |    0B    0B    0B |     0B    0B |      0  424KB     0B

 kind | default  delete  elision  move  read  tomb  rewrite  copy  multi  blob virtual
count |       0       0        0     0     0     0        0     0      0     0       0

COMMIT PIPELINE
               wals                |              memtables              |       ingestions
    files |      written |  overhead |   flushes |       live |     zombie |     total |   flushable
----------+--------------+-----------+-----------+------------+------------+-----------+------------
2 (424KB) | 270KB: 424KB |     56.9% |         0 |  2 (768KB) |     0 (0B) |         0 |      0 (0B)

BLOCK CACHE: 0 entries (0B)
                 miss rate [percentage of total misses] since start
level      all     |  background    sstdata       sstval      blobval       filter       index
-------------------+------------------------------------------------------------------------------
total      0%      |

ITERATORS
        file cache        |    filter   |    open     |    open
     entries |   hit rate | utilization |  sst iters  |  snapshots
-------------+------------+-------------+-------------+------------
      0 (0B) |       0.0% |        0.0% |           0 |           0

FILES                 physical tables                 |                blob files
          |     local        shared        remote     |     local        shared        remote
----------+-------------------------------------------+------------------------------------------
     live |    0 (0B)        0 (0B)        0 (0B)     |    0 (0B)        0 (0B)        0 (0B)
   zombie |    0 (0B)        0 (0B)        0 (0B)     |    0 (0B)        0 (0B)        0 (0B)
 obsolete |    0 (0B)        0 (0B)        0 (0B)     |    0 (0B)        0 (0B)        0 (0B)

MISC            |
----------------+-----------
table stats     | all loaded
table garbage   |
  point del     | 0B
  range del     | 0B
blob values     |
  total         | 0B
  refed         | 0B
  backing-refed | 0B

CGO MEMORY    |          block cache           |                     memtables
          tot |           tot |           data |            maps |            ents |           tot
--------------+---------------+----------------+-----------------+-----------------+--------------
        776KB |         8.2KB |             0B |           8.2KB |              0B |         768KB

COMPACTIONS
                                                                         |      blob rewrites
    est. debt |   in progress |  cancelled |   failed |    problem spans |       read |    written
--------------+---------------+------------+----------+------------------+------------+-----------
           0B |        0 (0B) |     0 (0B) |        0 |                0 |         0B |         0B

KEYS
      range keys |       tombstones |      missized tombstones |      point dels |      range dels
-----------------+------------------+--------------------------+-----------------+----------------
               0 |                0 |                        0 |              0B |              0B

COMPRESSION
    algorithm |        tables |    blob files

        Logical bytes compressed / decompressed
level |  data blocks   |  value blocks  |  other blocks

DELETE PACER   |   in queue   |   deleted
---------------+--------------+-------------
        tables |    0 (0B)    |    0 (0B)
    blob files |    0 (0B)    |    0 (0B)
   other files |    0 (0B)    |    0 (0B)