rangedel: shape=cycle queues=1024 overlap-frac=0 rangedels-per-batch=1 sets-per-batch=-1 iter-frac=-1 db-options=default gomaxprocs=4
wiping /home/coder/bench/rangedel-db-4way/runs/20261005-fourway-v2/db-cycle-10-p1
dir /home/coder/bench/rangedel-db-4way/runs/20261005-fourway-v2/db-cycle-10-p1
concurrency 1
rangedel_config: arena_bytes=67108864 readers=4 writers=1 reader_interval=1ms writer_interval=1ms
____elapsed______reads/s_____writes/s___p50(µs)___p95(µs)___p99(µs)___pMax(µs)
      1.0s         3805          954      16.4      32.8      41.0      172.0
      2.0s         3868          974      16.4      98.3     114.7      376.8
      3.0s         3821          964      16.4     155.6     294.9      475.1
      4.0s         3804          961      16.4     204.8     311.3      507.9
      5.0s         3811          958      16.4     213.0     229.4      376.8
      6.0s         3847          973      16.4      81.9      90.1      213.0
      7.0s         3877          976      16.4     139.3     180.2      278.5
      8.0s         3848          977      16.4     188.4     237.6      294.9
      9.0s         3777          957      16.4     237.6     294.9      819.2
rangedel_latency: kind=read class=all measurement=service samples=38284 completed_ops=38284 ops/s=3828.2 clipped_ops=0 expected_interval_ns=1000000 p50_us=2.531 p95_us=222.719 p99_us=260.607 p99.9_us=442.111 max_us=1522.687
rangedel_latency: kind=read class=all measurement=corrected samples=38284 completed_ops=38284 ops/s=3828.2 clipped_ops=0 expected_interval_ns=1000000 p50_us=2.531 p95_us=222.719 p99_us=260.607 p99.9_us=442.111 max_us=1522.687
rangedel_latency: kind=read class=iter measurement=service samples=19141 completed_ops=19141 ops/s=1914.0 clipped_ops=0 expected_interval_ns=1000000 p50_us=3.101 p95_us=222.335 p99_us=263.167 p99.9_us=440.575 max_us=1522.687
rangedel_latency: kind=read class=iter measurement=corrected samples=19141 completed_ops=19141 ops/s=1914.0 clipped_ops=0 expected_interval_ns=1000000 p50_us=3.101 p95_us=222.335 p99_us=263.167 p99.9_us=440.575 max_us=1522.687
rangedel_latency: kind=read class=get measurement=service samples=19143 completed_ops=19143 ops/s=1914.2 clipped_ops=0 expected_interval_ns=1000000 p50_us=1.520 p95_us=223.231 p99_us=257.535 p99.9_us=442.623 max_us=1273.855
rangedel_latency: kind=read class=get measurement=corrected samples=19143 completed_ops=19143 ops/s=1914.2 clipped_ops=0 expected_interval_ns=1000000 p50_us=1.520 p95_us=223.231 p99_us=257.535 p99.9_us=442.623 max_us=1273.855
rangedel_latency: kind=commit class=all measurement=service samples=9656 completed_ops=9656 ops/s=965.6 clipped_ops=0 expected_interval_ns=1000000 p50_us=0.890 p95_us=1.320 p99_us=2.431 p99.9_us=6.331 max_us=3198.975
rangedel_latency: kind=commit class=all measurement=corrected samples=9658 completed_ops=9656 ops/s=965.6 clipped_ops=0 expected_interval_ns=1000000 p50_us=0.890 p95_us=1.320 p99_us=2.431 p99.9_us=6.631 max_us=3198.975
rangedel_latency: kind=commit class=rangedel measurement=service samples=4828 completed_ops=4828 ops/s=482.8 clipped_ops=0 expected_interval_ns=1000000 p50_us=0.910 p95_us=1.360 p99_us=2.671 p99.9_us=7.451 max_us=3198.975
rangedel_latency: kind=commit class=rangedel measurement=corrected samples=4830 completed_ops=4828 ops/s=482.8 clipped_ops=0 expected_interval_ns=1000000 p50_us=0.910 p95_us=1.370 p99_us=2.701 p99.9_us=9.375 max_us=3198.975
rangedel_latency: kind=commit class=point measurement=service samples=4828 completed_ops=4828 ops/s=482.8 clipped_ops=0 expected_interval_ns=1000000 p50_us=0.860 p95_us=1.270 p99_us=2.081 p99.9_us=4.963 max_us=10.447
rangedel_latency: kind=commit class=point measurement=corrected samples=4828 completed_ops=4828 ops/s=482.8 clipped_ops=0 expected_interval_ns=1000000 p50_us=0.860 p95_us=1.270 p99_us=2.081 p99.9_us=4.963 max_us=10.447
rangedel_summary: elapsed=10.000s rangedel_batches=4828 rangedel_ops=4828 overlapping_rangedel_ops=0 point_sets=4828 flushes=0 memtable_bytes=786432 memtable_count=2 cumulative_flushable_mem_bytes=544156
LSM                             |    vtables   |   value sep   |        |   ingested   |    amp
level       size | tables  size |  count  size |  refsz valblk |     in | tables  size |   r     w
-----------------+--------------+--------------+---------------+--------+--------------+----------
total         0B |      0    0B |      0     0 |     0B     0B |  434KB |      0    0B |   0  1.00

COMPACTIONS               |     moved    |     multilevel    |     read     |       written
level | score    ff   cff | tables  size |   top    in  read | tables  blob | tables  sstsz blobsz
------+-------------------+--------------+-------------------+--------------+---------------------
total |     -     -     - |      0    0B |    0B    0B    0B |     0B    0B |      0  434KB     0B

 kind | default  delete  elision  move  read  tomb  rewrite  copy  multi  blob virtual
count |       0       0        0     0     0     0        0     0      0     0       0

COMMIT PIPELINE
               wals                |              memtables              |       ingestions
    files |      written |  overhead |   flushes |       live |     zombie |     total |   flushable
----------+--------------+-----------+-----------+------------+------------+-----------+------------
2 (434KB) | 276KB: 434KB |     57.1% |         0 |  2 (768KB) |     0 (0B) |         0 |      0 (0B)

BLOCK CACHE: 0 entries (0B)
                 miss rate [percentage of total misses] since start
level      all     |  background    sstdata       sstval      blobval       filter       index
-------------------+------------------------------------------------------------------------------
total      0%      |

ITERATORS
        file cache        |    filter   |    open     |    open
     entries |   hit rate | utilization |  sst iters  |  snapshots
-------------+------------+-------------+-------------+------------
      0 (0B) |       0.0% |        0.0% |           0 |           0

FILES                 physical tables                 |                blob files
          |     local        shared        remote     |     local        shared        remote
----------+-------------------------------------------+------------------------------------------
     live |    0 (0B)        0 (0B)        0 (0B)     |    0 (0B)        0 (0B)        0 (0B)
   zombie |    0 (0B)        0 (0B)        0 (0B)     |    0 (0B)        0 (0B)        0 (0B)
 obsolete |    0 (0B)        0 (0B)        0 (0B)     |    0 (0B)        0 (0B)        0 (0B)

MISC            |
----------------+-----------
table stats     | all loaded
table garbage   |
  point del     | 0B
  range del     | 0B
blob values     |
  total         | 0B
  refed         | 0B
  backing-refed | 0B

CGO MEMORY    |          block cache           |                     memtables
          tot |           tot |           data |            maps |            ents |           tot
--------------+---------------+----------------+-----------------+-----------------+--------------
        776KB |         8.2KB |             0B |           8.2KB |              0B |         768KB

COMPACTIONS
                                                                         |      blob rewrites
    est. debt |   in progress |  cancelled |   failed |    problem spans |       read |    written
--------------+---------------+------------+----------+------------------+------------+-----------
           0B |        0 (0B) |     0 (0B) |        0 |                0 |         0B |         0B

KEYS
      range keys |       tombstones |      missized tombstones |      point dels |      range dels
-----------------+------------------+--------------------------+-----------------+----------------
               0 |                0 |                        0 |              0B |              0B

COMPRESSION
    algorithm |        tables |    blob files

        Logical bytes compressed / decompressed
level |  data blocks   |  value blocks  |  other blocks

DELETE PACER   |   in queue   |   deleted
---------------+--------------+-------------
        tables |    0 (0B)    |    0 (0B)
    blob files |    0 (0B)    |    0 (0B)
   other files |    0 (0B)    |    0 (0B)