rangedel: shape=cycle queues=1024 overlap-frac=0 rangedels-per-batch=1 sets-per-batch=-1 iter-frac=-1 db-options=default gomaxprocs=4
wiping /home/coder/bench/rangedel-db-4way/runs/20261005-fourway-v2/db-cycle-2-method12
dir /home/coder/bench/rangedel-db-4way/runs/20261005-fourway-v2/db-cycle-2-method12
concurrency 1
rangedel_config: arena_bytes=67108864 readers=4 writers=1 reader_interval=1ms writer_interval=1ms
____elapsed______reads/s_____writes/s___p50(µs)___p95(µs)___p99(µs)___pMax(µs)
      1.0s         3774          944      16.4      16.4      16.4       32.8
      2.0s         3808          954      16.4      16.4      16.4       32.8
      3.0s         3806          954      16.4      16.4      16.4       16.4
      4.0s         3803          953      16.4      16.4      16.4       16.4
      5.0s         3791          943      16.4      16.4      16.4       32.8
      6.0s         3794          953      16.4      16.4      16.4       16.4
      7.0s         3808          956      16.4      16.4      16.4       41.0
      8.0s         3819          959      16.4      16.4      16.4       49.2
      9.0s         3791          952      16.4      16.4      16.4       16.4
rangedel_latency: kind=read class=all measurement=service samples=38009 completed_ops=38009 ops/s=3800.5 clipped_ops=0 expected_interval_ns=1000000 p50_us=1.450 p95_us=3.231 p99_us=4.811 p99.9_us=9.663 max_us=46.079
rangedel_latency: kind=read class=all measurement=corrected samples=38009 completed_ops=38009 ops/s=3800.5 clipped_ops=0 expected_interval_ns=1000000 p50_us=1.450 p95_us=3.231 p99_us=4.811 p99.9_us=9.663 max_us=46.079
rangedel_latency: kind=read class=iter measurement=service samples=19003 completed_ops=19003 ops/s=1900.1 clipped_ops=0 expected_interval_ns=1000000 p50_us=2.241 p95_us=3.511 p99_us=5.123 p99.9_us=10.135 max_us=35.967
rangedel_latency: kind=read class=iter measurement=corrected samples=19003 completed_ops=19003 ops/s=1900.1 clipped_ops=0 expected_interval_ns=1000000 p50_us=2.241 p95_us=3.511 p99_us=5.123 p99.9_us=10.135 max_us=35.967
rangedel_latency: kind=read class=get measurement=service samples=19006 completed_ops=19006 ops/s=1900.4 clipped_ops=0 expected_interval_ns=1000000 p50_us=1.060 p95_us=1.950 p99_us=3.501 p99.9_us=8.511 max_us=46.079
rangedel_latency: kind=read class=get measurement=corrected samples=19006 completed_ops=19006 ops/s=1900.4 clipped_ops=0 expected_interval_ns=1000000 p50_us=1.060 p95_us=1.950 p99_us=3.501 p99.9_us=8.511 max_us=46.079
rangedel_latency: kind=commit class=all measurement=service samples=9526 completed_ops=9526 ops/s=952.5 clipped_ops=0 expected_interval_ns=1000000 p50_us=1.820 p95_us=4.771 p99_us=7.951 p99.9_us=20.575 max_us=5947.391
rangedel_latency: kind=commit class=all measurement=corrected samples=9530 completed_ops=9526 ops/s=952.5 clipped_ops=0 expected_interval_ns=1000000 p50_us=1.820 p95_us=4.783 p99_us=8.043 p99.9_us=30.399 max_us=5947.391
rangedel_latency: kind=commit class=rangedel measurement=service samples=4763 completed_ops=4763 ops/s=476.3 clipped_ops=0 expected_interval_ns=1000000 p50_us=2.661 p95_us=5.763 p99_us=9.887 p99.9_us=29.599 max_us=118.207
rangedel_latency: kind=commit class=rangedel measurement=corrected samples=4763 completed_ops=4763 ops/s=476.3 clipped_ops=0 expected_interval_ns=1000000 p50_us=2.661 p95_us=5.763 p99_us=9.887 p99.9_us=29.599 max_us=118.207
rangedel_latency: kind=commit class=point measurement=service samples=4763 completed_ops=4763 ops/s=476.3 clipped_ops=0 expected_interval_ns=1000000 p50_us=0.850 p95_us=1.210 p99_us=1.950 p99.9_us=7.271 max_us=5947.391
rangedel_latency: kind=commit class=point measurement=corrected samples=4767 completed_ops=4763 ops/s=476.3 clipped_ops=0 expected_interval_ns=1000000 p50_us=0.850 p95_us=1.220 p99_us=1.980 p99.9_us=113.599 max_us=5947.391
rangedel_summary: elapsed=10.001s rangedel_batches=4763 rangedel_ops=4763 overlapping_rangedel_ops=0 point_sets=4763 flushes=0 memtable_bytes=786432 memtable_count=2 cumulative_flushable_mem_bytes=540278
LSM                             |    vtables   |   value sep   |        |   ingested   |    amp
level       size | tables  size |  count  size |  refsz valblk |     in | tables  size |   r     w
-----------------+--------------+--------------+---------------+--------+--------------+----------
total         0B |      0    0B |      0     0 |     0B     0B |  428KB |      0    0B |   0  1.00

COMPACTIONS               |     moved    |     multilevel    |     read     |       written
level | score    ff   cff | tables  size |   top    in  read | tables  blob | tables  sstsz blobsz
------+-------------------+--------------+-------------------+--------------+---------------------
total |     -     -     - |      0    0B |    0B    0B    0B |     0B    0B |      0  428KB     0B

 kind | default  delete  elision  move  read  tomb  rewrite  copy  multi  blob virtual
count |       0       0        0     0     0     0        0     0      0     0       0

COMMIT PIPELINE
               wals                |              memtables              |       ingestions
    files |      written |  overhead |   flushes |       live |     zombie |     total |   flushable
----------+--------------+-----------+-----------+------------+------------+-----------+------------
2 (428KB) | 273KB: 428KB |     57.0% |         0 |  2 (768KB) |     0 (0B) |         0 |      0 (0B)

BLOCK CACHE: 0 entries (0B)
                 miss rate [percentage of total misses] since start
level      all     |  background    sstdata       sstval      blobval       filter       index
-------------------+------------------------------------------------------------------------------
total      0%      |

ITERATORS
        file cache        |    filter   |    open     |    open
     entries |   hit rate | utilization |  sst iters  |  snapshots
-------------+------------+-------------+-------------+------------
      0 (0B) |       0.0% |        0.0% |           0 |           0

FILES                 physical tables                 |                blob files
          |     local        shared        remote     |     local        shared        remote
----------+-------------------------------------------+------------------------------------------
     live |    0 (0B)        0 (0B)        0 (0B)     |    0 (0B)        0 (0B)        0 (0B)
   zombie |    0 (0B)        0 (0B)        0 (0B)     |    0 (0B)        0 (0B)        0 (0B)
 obsolete |    0 (0B)        0 (0B)        0 (0B)     |    0 (0B)        0 (0B)        0 (0B)

MISC            |
----------------+-----------
table stats     | all loaded
table garbage   |
  point del     | 0B
  range del     | 0B
blob values     |
  total         | 0B
  refed         | 0B
  backing-refed | 0B

CGO MEMORY    |          block cache           |                     memtables
          tot |           tot |           data |            maps |            ents |           tot
--------------+---------------+----------------+-----------------+-----------------+--------------
        776KB |         8.2KB |             0B |           8.2KB |              0B |         768KB

COMPACTIONS
                                                                         |      blob rewrites
    est. debt |   in progress |  cancelled |   failed |    problem spans |       read |    written
--------------+---------------+------------+----------+------------------+------------+-----------
           0B |        0 (0B) |     0 (0B) |        0 |                0 |         0B |         0B

KEYS
      range keys |       tombstones |      missized tombstones |      point dels |      range dels
-----------------+------------------+--------------------------+-----------------+----------------
               0 |                0 |                        0 |              0B |              0B

COMPRESSION
    algorithm |        tables |    blob files

        Logical bytes compressed / decompressed
level |  data blocks   |  value blocks  |  other blocks

DELETE PACER   |   in queue   |   deleted
---------------+--------------+-------------
        tables |    0 (0B)    |    0 (0B)
    blob files |    0 (0B)    |    0 (0B)
   other files |    0 (0B)    |    0 (0B)