rangedel: shape=cycle queues=1024 overlap-frac=0 rangedels-per-batch=1 sets-per-batch=-1 iter-frac=-1 db-options=default gomaxprocs=4
wiping /home/coder/bench/rangedel-db-4way/runs/20261005-fourway-v2/db-cycle-3-p1
dir /home/coder/bench/rangedel-db-4way/runs/20261005-fourway-v2/db-cycle-3-p1
concurrency 1
rangedel_config: arena_bytes=67108864 readers=4 writers=1 reader_interval=1ms writer_interval=1ms
____elapsed______reads/s_____writes/s___p50(µs)___p95(µs)___p99(µs)___pMax(µs)
      1.0s         3833          959      16.4      32.8      41.0      147.5
      2.0s         3854          967      16.4      98.3     114.7      180.2
      3.0s         3852          963      16.4     155.6     188.4      426.0
      4.0s         3811          954      16.4     204.8     254.0      557.1
      5.0s         3793          947      16.4     213.0     229.4      507.9
      6.0s         3832          959      16.4      73.7      90.1      327.7
      7.0s         3860          965      16.4     139.3     172.0      294.9
      8.0s         3843          965      16.4     188.4     237.6      344.1
      9.0s         3836          958      16.4     237.6     311.3      442.4
     10.0s         3855          966      16.4     262.1     327.7      852.0
rangedel_latency: kind=read class=all measurement=service samples=38369 completed_ops=38369 ops/s=3836.6 clipped_ops=0 expected_interval_ns=1000000 p50_us=2.551 p95_us=219.519 p99_us=260.351 p99.9_us=425.471 max_us=842.751
rangedel_latency: kind=read class=all measurement=corrected samples=38369 completed_ops=38369 ops/s=3836.6 clipped_ops=0 expected_interval_ns=1000000 p50_us=2.551 p95_us=219.519 p99_us=260.351 p99.9_us=425.471 max_us=842.751
rangedel_latency: kind=read class=iter measurement=service samples=19184 completed_ops=19184 ops/s=1918.3 clipped_ops=0 expected_interval_ns=1000000 p50_us=3.041 p95_us=220.159 p99_us=261.759 p99.9_us=424.447 max_us=527.359
rangedel_latency: kind=read class=iter measurement=corrected samples=19184 completed_ops=19184 ops/s=1918.3 clipped_ops=0 expected_interval_ns=1000000 p50_us=3.041 p95_us=220.159 p99_us=261.759 p99.9_us=424.447 max_us=527.359
rangedel_latency: kind=read class=get measurement=service samples=19185 completed_ops=19185 ops/s=1918.4 clipped_ops=0 expected_interval_ns=1000000 p50_us=1.550 p95_us=218.495 p99_us=259.583 p99.9_us=445.439 max_us=842.751
rangedel_latency: kind=read class=get measurement=corrected samples=19185 completed_ops=19185 ops/s=1918.4 clipped_ops=0 expected_interval_ns=1000000 p50_us=1.550 p95_us=218.495 p99_us=259.583 p99.9_us=445.439 max_us=842.751
rangedel_latency: kind=commit class=all measurement=service samples=9603 completed_ops=9603 ops/s=960.2 clipped_ops=0 expected_interval_ns=1000000 p50_us=0.890 p95_us=1.320 p99_us=2.441 p99.9_us=6.003 max_us=4288.511
rangedel_latency: kind=commit class=all measurement=corrected samples=9606 completed_ops=9603 ops/s=960.2 clipped_ops=0 expected_interval_ns=1000000 p50_us=0.890 p95_us=1.320 p99_us=2.461 p99.9_us=6.443 max_us=4288.511
rangedel_latency: kind=commit class=rangedel measurement=service samples=4802 completed_ops=4802 ops/s=480.2 clipped_ops=0 expected_interval_ns=1000000 p50_us=0.930 p95_us=1.360 p99_us=2.551 p99.9_us=6.123 max_us=4288.511
rangedel_latency: kind=commit class=rangedel measurement=corrected samples=4805 completed_ops=4802 ops/s=480.2 clipped_ops=0 expected_interval_ns=1000000 p50_us=0.930 p95_us=1.370 p99_us=2.551 p99.9_us=7.511 max_us=4288.511
rangedel_latency: kind=commit class=point measurement=service samples=4801 completed_ops=4801 ops/s=480.1 clipped_ops=0 expected_interval_ns=1000000 p50_us=0.860 p95_us=1.260 p99_us=2.241 p99.9_us=5.823 max_us=17.615
rangedel_latency: kind=commit class=point measurement=corrected samples=4801 completed_ops=4801 ops/s=480.1 clipped_ops=0 expected_interval_ns=1000000 p50_us=0.860 p95_us=1.260 p99_us=2.241 p99.9_us=5.823 max_us=17.615
rangedel_summary: elapsed=10.001s rangedel_batches=4802 rangedel_ops=4802 overlapping_rangedel_ops=0 point_sets=4801 flushes=0 memtable_bytes=786432 memtable_count=2 cumulative_flushable_mem_bytes=543181
LSM                             |    vtables   |   value sep   |        |   ingested   |    amp
level       size | tables  size |  count  size |  refsz valblk |     in | tables  size |   r     w
-----------------+--------------+--------------+---------------+--------+--------------+----------
total         0B |      0    0B |      0     0 |     0B     0B |  432KB |      0    0B |   0  1.00

COMPACTIONS               |     moved    |     multilevel    |     read     |       written
level | score    ff   cff | tables  size |   top    in  read | tables  blob | tables  sstsz blobsz
------+-------------------+--------------+-------------------+--------------+---------------------
total |     -     -     - |      0    0B |    0B    0B    0B |     0B    0B |      0  432KB     0B

 kind | default  delete  elision  move  read  tomb  rewrite  copy  multi  blob virtual
count |       0       0        0     0     0     0        0     0      0     0       0

COMMIT PIPELINE
               wals                |              memtables              |       ingestions
    files |      written |  overhead |   flushes |       live |     zombie |     total |   flushable
----------+--------------+-----------+-----------+------------+------------+-----------+------------
2 (432KB) | 275KB: 432KB |     57.1% |         0 |  2 (768KB) |     0 (0B) |         0 |      0 (0B)

BLOCK CACHE: 0 entries (0B)
                 miss rate [percentage of total misses] since start
level      all     |  background    sstdata       sstval      blobval       filter       index
-------------------+------------------------------------------------------------------------------
total      0%      |

ITERATORS
        file cache        |    filter   |    open     |    open
     entries |   hit rate | utilization |  sst iters  |  snapshots
-------------+------------+-------------+-------------+------------
      0 (0B) |       0.0% |        0.0% |           0 |           0

FILES                 physical tables                 |                blob files
          |     local        shared        remote     |     local        shared        remote
----------+-------------------------------------------+------------------------------------------
     live |    0 (0B)        0 (0B)        0 (0B)     |    0 (0B)        0 (0B)        0 (0B)
   zombie |    0 (0B)        0 (0B)        0 (0B)     |    0 (0B)        0 (0B)        0 (0B)
 obsolete |    0 (0B)        0 (0B)        0 (0B)     |    0 (0B)        0 (0B)        0 (0B)

MISC            |
----------------+-----------
table stats     | all loaded
table garbage   |
  point del     | 0B
  range del     | 0B
blob values     |
  total         | 0B
  refed         | 0B
  backing-refed | 0B

CGO MEMORY    |          block cache           |                     memtables
          tot |           tot |           data |            maps |            ents |           tot
--------------+---------------+----------------+-----------------+-----------------+--------------
        776KB |         8.2KB |             0B |           8.2KB |              0B |         768KB

COMPACTIONS
                                                                         |      blob rewrites
    est. debt |   in progress |  cancelled |   failed |    problem spans |       read |    written
--------------+---------------+------------+----------+------------------+------------+-----------
           0B |        0 (0B) |     0 (0B) |        0 |                0 |         0B |         0B

KEYS
      range keys |       tombstones |      missized tombstones |      point dels |      range dels
-----------------+------------------+--------------------------+-----------------+----------------
               0 |                0 |                        0 |              0B |              0B

COMPRESSION
    algorithm |        tables |    blob files

        Logical bytes compressed / decompressed
level |  data blocks   |  value blocks  |  other blocks

DELETE PACER   |   in queue   |   deleted
---------------+--------------+-------------
        tables |    0 (0B)    |    0 (0B)
    blob files |    0 (0B)    |    0 (0B)
   other files |    0 (0B)    |    0 (0B)