rangedel: shape=cycle queues=1024 overlap-frac=0 rangedels-per-batch=1 sets-per-batch=-1 iter-frac=-1 db-options=default gomaxprocs=4
wiping /home/coder/bench/rangedel-db-4way/runs/20261005-fourway-v2/db-cycle-3-method12
dir /home/coder/bench/rangedel-db-4way/runs/20261005-fourway-v2/db-cycle-3-method12
concurrency 1
rangedel_config: arena_bytes=67108864 readers=4 writers=1 reader_interval=1ms writer_interval=1ms
____elapsed______reads/s_____writes/s___p50(µs)___p95(µs)___p99(µs)___pMax(µs)
      1.0s         3802          953      16.4      16.4      16.4       32.8
      2.0s         3781          949      16.4      16.4      16.4       24.6
      3.0s         3794          952      16.4      16.4      16.4       16.4
      4.0s         3787          948      16.4      16.4      16.4       32.8
      5.0s         3798          946      16.4      16.4      16.4       24.6
      6.0s         3779          948      16.4      16.4      16.4       41.0
      7.0s         3784          947      16.4      16.4      16.4      753.7
      8.0s         3784          947      16.4      16.4      16.4       24.6
      9.0s         3805          957      16.4      16.4      16.4       32.8
     10.0s         3793          951      16.4      16.4      16.4       49.2
rangedel_latency: kind=read class=all measurement=service samples=37907 completed_ops=37907 ops/s=3790.6 clipped_ops=0 expected_interval_ns=1000000 p50_us=1.440 p95_us=3.211 p99_us=4.691 p99.9_us=9.183 max_us=721.407
rangedel_latency: kind=read class=all measurement=corrected samples=37907 completed_ops=37907 ops/s=3790.6 clipped_ops=0 expected_interval_ns=1000000 p50_us=1.440 p95_us=3.211 p99_us=4.691 p99.9_us=9.183 max_us=721.407
rangedel_latency: kind=read class=iter measurement=service samples=18953 completed_ops=18953 ops/s=1895.3 clipped_ops=0 expected_interval_ns=1000000 p50_us=2.221 p95_us=3.501 p99_us=5.091 p99.9_us=9.455 max_us=721.407
rangedel_latency: kind=read class=iter measurement=corrected samples=18953 completed_ops=18953 ops/s=1895.3 clipped_ops=0 expected_interval_ns=1000000 p50_us=2.221 p95_us=3.501 p99_us=5.091 p99.9_us=9.455 max_us=721.407
rangedel_latency: kind=read class=get measurement=service samples=18954 completed_ops=18954 ops/s=1895.4 clipped_ops=0 expected_interval_ns=1000000 p50_us=1.060 p95_us=1.890 p99_us=3.401 p99.9_us=7.631 max_us=46.879
rangedel_latency: kind=read class=get measurement=corrected samples=18954 completed_ops=18954 ops/s=1895.4 clipped_ops=0 expected_interval_ns=1000000 p50_us=1.060 p95_us=1.890 p99_us=3.401 p99.9_us=7.631 max_us=46.879
rangedel_latency: kind=commit class=all measurement=service samples=9498 completed_ops=9498 ops/s=949.8 clipped_ops=0 expected_interval_ns=1000000 p50_us=1.830 p95_us=4.771 p99_us=7.583 p99.9_us=20.175 max_us=6807.551
rangedel_latency: kind=commit class=all measurement=corrected samples=9503 completed_ops=9498 ops/s=949.8 clipped_ops=0 expected_interval_ns=1000000 p50_us=1.840 p95_us=4.791 p99_us=7.751 p99.9_us=21.791 max_us=6807.551
rangedel_latency: kind=commit class=rangedel measurement=service samples=4749 completed_ops=4749 ops/s=474.9 clipped_ops=0 expected_interval_ns=1000000 p50_us=2.641 p95_us=5.703 p99_us=9.895 p99.9_us=21.711 max_us=52.991
rangedel_latency: kind=commit class=rangedel measurement=corrected samples=4749 completed_ops=4749 ops/s=474.9 clipped_ops=0 expected_interval_ns=1000000 p50_us=2.641 p95_us=5.703 p99_us=9.895 p99.9_us=21.711 max_us=52.991
rangedel_latency: kind=commit class=point measurement=service samples=4749 completed_ops=4749 ops/s=474.9 clipped_ops=0 expected_interval_ns=1000000 p50_us=0.840 p95_us=1.170 p99_us=1.910 p99.9_us=6.343 max_us=6807.551
rangedel_latency: kind=commit class=point measurement=corrected samples=4754 completed_ops=4749 ops/s=474.9 clipped_ops=0 expected_interval_ns=1000000 p50_us=0.840 p95_us=1.170 p99_us=1.980 p99.9_us=1804.287 max_us=6807.551
rangedel_summary: elapsed=10.000s rangedel_batches=4749 rangedel_ops=4749 overlapping_rangedel_ops=0 point_sets=4749 flushes=0 memtable_bytes=786432 memtable_count=2 cumulative_flushable_mem_bytes=538658
LSM                             |    vtables   |   value sep   |        |   ingested   |    amp
level       size | tables  size |  count  size |  refsz valblk |     in | tables  size |   r     w
-----------------+--------------+--------------+---------------+--------+--------------+----------
total         0B |      0    0B |      0     0 |     0B     0B |  427KB |      0    0B |   0  1.00

COMPACTIONS               |     moved    |     multilevel    |     read     |       written
level | score    ff   cff | tables  size |   top    in  read | tables  blob | tables  sstsz blobsz
------+-------------------+--------------+-------------------+--------------+---------------------
total |     -     -     - |      0    0B |    0B    0B    0B |     0B    0B |      0  427KB     0B

 kind | default  delete  elision  move  read  tomb  rewrite  copy  multi  blob virtual
count |       0       0        0     0     0     0        0     0      0     0       0

COMMIT PIPELINE
               wals                |              memtables              |       ingestions
    files |      written |  overhead |   flushes |       live |     zombie |     total |   flushable
----------+--------------+-----------+-----------+------------+------------+-----------+------------
2 (427KB) | 272KB: 427KB |     57.0% |         0 |  2 (768KB) |     0 (0B) |         0 |      0 (0B)

BLOCK CACHE: 0 entries (0B)
                 miss rate [percentage of total misses] since start
level      all     |  background    sstdata       sstval      blobval       filter       index
-------------------+------------------------------------------------------------------------------
total      0%      |

ITERATORS
        file cache        |    filter   |    open     |    open
     entries |   hit rate | utilization |  sst iters  |  snapshots
-------------+------------+-------------+-------------+------------
      0 (0B) |       0.0% |        0.0% |           0 |           0

FILES                 physical tables                 |                blob files
          |     local        shared        remote     |     local        shared        remote
----------+-------------------------------------------+------------------------------------------
     live |    0 (0B)        0 (0B)        0 (0B)     |    0 (0B)        0 (0B)        0 (0B)
   zombie |    0 (0B)        0 (0B)        0 (0B)     |    0 (0B)        0 (0B)        0 (0B)
 obsolete |    0 (0B)        0 (0B)        0 (0B)     |    0 (0B)        0 (0B)        0 (0B)

MISC            |
----------------+-----------
table stats     | all loaded
table garbage   |
  point del     | 0B
  range del     | 0B
blob values     |
  total         | 0B
  refed         | 0B
  backing-refed | 0B

CGO MEMORY    |          block cache           |                     memtables
          tot |           tot |           data |            maps |            ents |           tot
--------------+---------------+----------------+-----------------+-----------------+--------------
        776KB |         8.2KB |             0B |           8.2KB |              0B |         768KB

COMPACTIONS
                                                                         |      blob rewrites
    est. debt |   in progress |  cancelled |   failed |    problem spans |       read |    written
--------------+---------------+------------+----------+------------------+------------+-----------
           0B |        0 (0B) |     0 (0B) |        0 |                0 |         0B |         0B

KEYS
      range keys |       tombstones |      missized tombstones |      point dels |      range dels
-----------------+------------------+--------------------------+-----------------+----------------
               0 |                0 |                        0 |              0B |              0B

COMPRESSION
    algorithm |        tables |    blob files

        Logical bytes compressed / decompressed
level |  data blocks   |  value blocks  |  other blocks

DELETE PACER   |   in queue   |   deleted
---------------+--------------+-------------
        tables |    0 (0B)    |    0 (0B)
    blob files |    0 (0B)    |    0 (0B)
   other files |    0 (0B)    |    0 (0B)