rangedel: shape=cycle queues=1024 overlap-frac=0 rangedels-per-batch=1 sets-per-batch=-1 iter-frac=-1 db-options=default gomaxprocs=4
wiping /home/coder/bench/rangedel-db-4way/runs/20261005-fourway-v2/db-cycle-1-master
dir /home/coder/bench/rangedel-db-4way/runs/20261005-fourway-v2/db-cycle-1-master
concurrency 1
rangedel_config: arena_bytes=67108864 readers=4 writers=1 reader_interval=1ms writer_interval=1ms
____elapsed______reads/s_____writes/s___p50(µs)___p95(µs)___p99(µs)___pMax(µs)
      1.0s         3824          963      16.4      65.5      81.9      344.1
      2.0s         3822          958      16.4     122.9     180.2      409.6
      3.0s         3785          966      16.4     172.0     229.4      458.8
      4.0s         3796          947      16.4     213.0     344.1      589.8
      5.0s         3818          951      16.4     229.4     237.6      376.8
      6.0s         3828          959      16.4     106.5     131.1      245.8
      7.0s         3812          960      16.4     155.6     237.6      294.9
      8.0s         3847          959      16.4     204.8     254.0      409.6
      9.0s         3792          953      16.4     245.8     311.3      376.8
rangedel_latency: kind=read class=all measurement=service samples=38102 completed_ops=38102 ops/s=3810.0 clipped_ops=0 expected_interval_ns=1000000 p50_us=3.061 p95_us=232.447 p99_us=269.311 p99.9_us=428.799 max_us=793.087
rangedel_latency: kind=read class=all measurement=corrected samples=38102 completed_ops=38102 ops/s=3810.0 clipped_ops=0 expected_interval_ns=1000000 p50_us=3.061 p95_us=232.447 p99_us=269.311 p99.9_us=428.799 max_us=793.087
rangedel_latency: kind=read class=iter measurement=service samples=19049 completed_ops=19049 ops/s=1904.8 clipped_ops=0 expected_interval_ns=1000000 p50_us=3.331 p95_us=233.599 p99_us=274.175 p99.9_us=439.039 max_us=793.087
rangedel_latency: kind=read class=iter measurement=corrected samples=19049 completed_ops=19049 ops/s=1904.8 clipped_ops=0 expected_interval_ns=1000000 p50_us=3.331 p95_us=233.599 p99_us=274.175 p99.9_us=439.039 max_us=793.087
rangedel_latency: kind=read class=get measurement=service samples=19053 completed_ops=19053 ops/s=1905.2 clipped_ops=0 expected_interval_ns=1000000 p50_us=1.710 p95_us=231.295 p99_us=264.447 p99.9_us=408.831 max_us=792.063
rangedel_latency: kind=read class=get measurement=corrected samples=19053 completed_ops=19053 ops/s=1905.2 clipped_ops=0 expected_interval_ns=1000000 p50_us=1.710 p95_us=231.295 p99_us=264.447 p99.9_us=408.831 max_us=792.063
rangedel_latency: kind=commit class=all measurement=service samples=9570 completed_ops=9570 ops/s=957.0 clipped_ops=0 expected_interval_ns=1000000 p50_us=0.920 p95_us=1.320 p99_us=2.321 p99.9_us=6.883 max_us=6221.823
rangedel_latency: kind=commit class=all measurement=corrected samples=9575 completed_ops=9570 ops/s=957.0 clipped_ops=0 expected_interval_ns=1000000 p50_us=0.920 p95_us=1.330 p99_us=2.361 p99.9_us=8.487 max_us=6221.823
rangedel_latency: kind=commit class=rangedel measurement=service samples=4785 completed_ops=4785 ops/s=478.5 clipped_ops=0 expected_interval_ns=1000000 p50_us=0.950 p95_us=1.370 p99_us=2.581 p99.9_us=6.883 max_us=6221.823
rangedel_latency: kind=commit class=rangedel measurement=corrected samples=4790 completed_ops=4785 ops/s=478.5 clipped_ops=0 expected_interval_ns=1000000 p50_us=0.950 p95_us=1.380 p99_us=2.621 p99.9_us=1221.631 max_us=6221.823
rangedel_latency: kind=commit class=point measurement=service samples=4785 completed_ops=4785 ops/s=478.5 clipped_ops=0 expected_interval_ns=1000000 p50_us=0.900 p95_us=1.280 p99_us=1.940 p99.9_us=6.683 max_us=32.991
rangedel_latency: kind=commit class=point measurement=corrected samples=4785 completed_ops=4785 ops/s=478.5 clipped_ops=0 expected_interval_ns=1000000 p50_us=0.900 p95_us=1.280 p99_us=1.940 p99.9_us=6.683 max_us=32.991
rangedel_summary: elapsed=10.000s rangedel_batches=4785 rangedel_ops=4785 overlapping_rangedel_ops=0 point_sets=4785 flushes=0 memtable_bytes=786432 memtable_count=2 cumulative_flushable_mem_bytes=541106
LSM                             |    vtables   |   value sep   |        |   ingested   |    amp
level       size | tables  size |  count  size |  refsz valblk |     in | tables  size |   r     w
-----------------+--------------+--------------+---------------+--------+--------------+----------
total         0B |      0    0B |      0     0 |     0B     0B |  430KB |      0    0B |   0  1.00

COMPACTIONS               |     moved    |     multilevel    |     read     |       written
level | score    ff   cff | tables  size |   top    in  read | tables  blob | tables  sstsz blobsz
------+-------------------+--------------+-------------------+--------------+---------------------
total |     -     -     - |      0    0B |    0B    0B    0B |     0B    0B |      0  430KB     0B

 kind | default  delete  elision  move  read  tomb  rewrite  copy  multi  blob virtual
count |       0       0        0     0     0     0        0     0      0     0       0

COMMIT PIPELINE
               wals                |              memtables              |       ingestions
    files |      written |  overhead |   flushes |       live |     zombie |     total |   flushable
----------+--------------+-----------+-----------+------------+------------+-----------+------------
2 (430KB) | 274KB: 430KB |     57.1% |         0 |  2 (768KB) |     0 (0B) |         0 |      0 (0B)

BLOCK CACHE: 0 entries (0B)
                 miss rate [percentage of total misses] since start
level      all     |  background    sstdata       sstval      blobval       filter       index
-------------------+------------------------------------------------------------------------------
total      0%      |

ITERATORS
        file cache        |    filter   |    open     |    open
     entries |   hit rate | utilization |  sst iters  |  snapshots
-------------+------------+-------------+-------------+------------
      0 (0B) |       0.0% |        0.0% |           0 |           0

FILES                 physical tables                 |                blob files
          |     local        shared        remote     |     local        shared        remote
----------+-------------------------------------------+------------------------------------------
     live |    0 (0B)        0 (0B)        0 (0B)     |    0 (0B)        0 (0B)        0 (0B)
   zombie |    0 (0B)        0 (0B)        0 (0B)     |    0 (0B)        0 (0B)        0 (0B)
 obsolete |    0 (0B)        0 (0B)        0 (0B)     |    0 (0B)        0 (0B)        0 (0B)

MISC            |
----------------+-----------
table stats     | all loaded
table garbage   |
  point del     | 0B
  range del     | 0B
blob values     |
  total         | 0B
  refed         | 0B
  backing-refed | 0B

CGO MEMORY    |          block cache           |                     memtables
          tot |           tot |           data |            maps |            ents |           tot
--------------+---------------+----------------+-----------------+-----------------+--------------
        776KB |         8.2KB |             0B |           8.2KB |              0B |         768KB

COMPACTIONS
                                                                         |      blob rewrites
    est. debt |   in progress |  cancelled |   failed |    problem spans |       read |    written
--------------+---------------+------------+----------+------------------+------------+-----------
           0B |        0 (0B) |     0 (0B) |        0 |                0 |         0B |         0B

KEYS
      range keys |       tombstones |      missized tombstones |      point dels |      range dels
-----------------+------------------+--------------------------+-----------------+----------------
               0 |                0 |                        0 |              0B |              0B

COMPRESSION
    algorithm |        tables |    blob files

        Logical bytes compressed / decompressed
level |  data blocks   |  value blocks  |  other blocks

DELETE PACER   |   in queue   |   deleted
---------------+--------------+-------------
        tables |    0 (0B)    |    0 (0B)
    blob files |    0 (0B)    |    0 (0B)
   other files |    0 (0B)    |    0 (0B)