rangedel: shape=cycle queues=1024 overlap-frac=0 rangedels-per-batch=1 sets-per-batch=-1 iter-frac=-1 db-options=default gomaxprocs=4
wiping /home/coder/bench/rangedel-db-4way/runs/20261005-fourway-v2/db-cycle-1-method12
dir /home/coder/bench/rangedel-db-4way/runs/20261005-fourway-v2/db-cycle-1-method12
concurrency 1
rangedel_config: arena_bytes=67108864 readers=4 writers=1 reader_interval=1ms writer_interval=1ms
____elapsed______reads/s_____writes/s___p50(µs)___p95(µs)___p99(µs)___pMax(µs)
      1.0s         3801          945      16.4      16.4      16.4       32.8
      2.0s         3807          950      16.4      16.4      16.4       32.8
      3.0s         3647          912      16.4      16.4      16.4       24.6
      4.0s         3807          950      16.4      16.4      16.4       41.0
      5.0s         3779          944      16.4      16.4      16.4       24.6
      6.0s         3778          945      16.4      16.4      16.4       24.6
      7.0s         3787          945      16.4      16.4      16.4       41.0
      8.0s         3786          945      16.4      16.4      16.4       57.3
      9.0s         3779          941      16.4      16.4      16.4       16.4
rangedel_latency: kind=read class=all measurement=service samples=37762 completed_ops=37762 ops/s=3775.8 clipped_ops=0 expected_interval_ns=1000000 p50_us=1.400 p95_us=3.091 p99_us=4.683 p99.9_us=10.143 max_us=54.911
rangedel_latency: kind=read class=all measurement=corrected samples=37762 completed_ops=37762 ops/s=3775.8 clipped_ops=0 expected_interval_ns=1000000 p50_us=1.400 p95_us=3.091 p99_us=4.683 p99.9_us=10.143 max_us=54.911
rangedel_latency: kind=read class=iter measurement=service samples=18879 completed_ops=18879 ops/s=1887.7 clipped_ops=0 expected_interval_ns=1000000 p50_us=2.181 p95_us=3.351 p99_us=4.943 p99.9_us=11.495 max_us=54.911
rangedel_latency: kind=read class=iter measurement=corrected samples=18879 completed_ops=18879 ops/s=1887.7 clipped_ops=0 expected_interval_ns=1000000 p50_us=2.181 p95_us=3.351 p99_us=4.943 p99.9_us=11.495 max_us=54.911
rangedel_latency: kind=read class=get measurement=service samples=18883 completed_ops=18883 ops/s=1888.1 clipped_ops=0 expected_interval_ns=1000000 p50_us=1.070 p95_us=1.860 p99_us=3.341 p99.9_us=7.731 max_us=38.015
rangedel_latency: kind=read class=get measurement=corrected samples=18883 completed_ops=18883 ops/s=1888.1 clipped_ops=0 expected_interval_ns=1000000 p50_us=1.070 p95_us=1.860 p99_us=3.341 p99.9_us=7.731 max_us=38.015
rangedel_latency: kind=commit class=all measurement=service samples=9419 completed_ops=9419 ops/s=941.8 clipped_ops=0 expected_interval_ns=1000000 p50_us=1.800 p95_us=4.743 p99_us=7.531 p99.9_us=15.095 max_us=5914.623
rangedel_latency: kind=commit class=all measurement=corrected samples=9423 completed_ops=9419 ops/s=941.8 clipped_ops=0 expected_interval_ns=1000000 p50_us=1.800 p95_us=4.751 p99_us=7.643 p99.9_us=17.135 max_us=5914.623
rangedel_latency: kind=commit class=rangedel measurement=service samples=4710 completed_ops=4710 ops/s=471.0 clipped_ops=0 expected_interval_ns=1000000 p50_us=2.651 p95_us=5.771 p99_us=9.831 p99.9_us=16.311 max_us=32.719
rangedel_latency: kind=commit class=rangedel measurement=corrected samples=4710 completed_ops=4710 ops/s=471.0 clipped_ops=0 expected_interval_ns=1000000 p50_us=2.651 p95_us=5.771 p99_us=9.831 p99.9_us=16.311 max_us=32.719
rangedel_latency: kind=commit class=point measurement=service samples=4709 completed_ops=4709 ops/s=470.9 clipped_ops=0 expected_interval_ns=1000000 p50_us=0.840 p95_us=1.170 p99_us=1.890 p99.9_us=3.851 max_us=5914.623
rangedel_latency: kind=commit class=point measurement=corrected samples=4713 completed_ops=4709 ops/s=470.9 clipped_ops=0 expected_interval_ns=1000000 p50_us=0.840 p95_us=1.170 p99_us=1.930 p99.9_us=5.563 max_us=5914.623
rangedel_summary: elapsed=10.001s rangedel_batches=4710 rangedel_ops=4710 overlapping_rangedel_ops=0 point_sets=4709 flushes=0 memtable_bytes=786432 memtable_count=2 cumulative_flushable_mem_bytes=533933
LSM                             |    vtables   |   value sep   |        |   ingested   |    amp
level       size | tables  size |  count  size |  refsz valblk |     in | tables  size |   r     w
-----------------+--------------+--------------+---------------+--------+--------------+----------
total         0B |      0    0B |      0     0 |     0B     0B |  423KB |      0    0B |   0  1.00

COMPACTIONS               |     moved    |     multilevel    |     read     |       written
level | score    ff   cff | tables  size |   top    in  read | tables  blob | tables  sstsz blobsz
------+-------------------+--------------+-------------------+--------------+---------------------
total |     -     -     - |      0    0B |    0B    0B    0B |     0B    0B |      0  423KB     0B

 kind | default  delete  elision  move  read  tomb  rewrite  copy  multi  blob virtual
count |       0       0        0     0     0     0        0     0      0     0       0

COMMIT PIPELINE
               wals                |              memtables              |       ingestions
    files |      written |  overhead |   flushes |       live |     zombie |     total |   flushable
----------+--------------+-----------+-----------+------------+------------+-----------+------------
2 (423KB) | 270KB: 423KB |     56.9% |         0 |  2 (768KB) |     0 (0B) |         0 |      0 (0B)

BLOCK CACHE: 0 entries (0B)
                 miss rate [percentage of total misses] since start
level      all     |  background    sstdata       sstval      blobval       filter       index
-------------------+------------------------------------------------------------------------------
total      0%      |

ITERATORS
        file cache        |    filter   |    open     |    open
     entries |   hit rate | utilization |  sst iters  |  snapshots
-------------+------------+-------------+-------------+------------
      0 (0B) |       0.0% |        0.0% |           0 |           0

FILES                 physical tables                 |                blob files
          |     local        shared        remote     |     local        shared        remote
----------+-------------------------------------------+------------------------------------------
     live |    0 (0B)        0 (0B)        0 (0B)     |    0 (0B)        0 (0B)        0 (0B)
   zombie |    0 (0B)        0 (0B)        0 (0B)     |    0 (0B)        0 (0B)        0 (0B)
 obsolete |    0 (0B)        0 (0B)        0 (0B)     |    0 (0B)        0 (0B)        0 (0B)

MISC            |
----------------+-----------
table stats     | all loaded
table garbage   |
  point del     | 0B
  range del     | 0B
blob values     |
  total         | 0B
  refed         | 0B
  backing-refed | 0B

CGO MEMORY    |          block cache           |                     memtables
          tot |           tot |           data |            maps |            ents |           tot
--------------+---------------+----------------+-----------------+-----------------+--------------
        776KB |         8.2KB |             0B |           8.2KB |              0B |         768KB

COMPACTIONS
                                                                         |      blob rewrites
    est. debt |   in progress |  cancelled |   failed |    problem spans |       read |    written
--------------+---------------+------------+----------+------------------+------------+-----------
           0B |        0 (0B) |     0 (0B) |        0 |                0 |         0B |         0B

KEYS
      range keys |       tombstones |      missized tombstones |      point dels |      range dels
-----------------+------------------+--------------------------+-----------------+----------------
               0 |                0 |                        0 |              0B |              0B

COMPRESSION
    algorithm |        tables |    blob files

        Logical bytes compressed / decompressed
level |  data blocks   |  value blocks  |  other blocks

DELETE PACER   |   in queue   |   deleted
---------------+--------------+-------------
        tables |    0 (0B)    |    0 (0B)
    blob files |    0 (0B)    |    0 (0B)
   other files |    0 (0B)    |    0 (0B)