rangedel: shape=cycle queues=1024 overlap-frac=0 rangedels-per-batch=1 sets-per-batch=-1 iter-frac=-1 db-options=default gomaxprocs=4
wiping /home/coder/bench/rangedel-db-4way/runs/20261005-fourway-v2/db-cycle-8-master
dir /home/coder/bench/rangedel-db-4way/runs/20261005-fourway-v2/db-cycle-8-master
concurrency 1
rangedel_config: arena_bytes=67108864 readers=4 writers=1 reader_interval=1ms writer_interval=1ms
____elapsed______reads/s_____writes/s___p50(µs)___p95(µs)___p99(µs)___pMax(µs)
      1.0s         3821          963      16.4      65.5      81.9      360.4
      2.0s         3838          961      16.4     114.7     147.5      409.6
      3.0s         3829          958      16.4     172.0     237.6      458.8
      4.0s         3822          958      16.4     213.0     327.7      376.8
      5.0s         3833          950      16.4     229.4     237.6      376.8
      6.0s         3870          971      16.4      98.3     122.9      221.2
      7.0s         3840          968      16.4     147.5     196.6      294.9
      8.0s         3655          924      16.4     196.6     245.8      327.7
      9.0s         3794          951      16.4     245.8     294.9      376.8
     10.0s         3857          973      16.4     262.1     311.3      786.4
rangedel_latency: kind=read class=all measurement=service samples=38162 completed_ops=38162 ops/s=3816.0 clipped_ops=0 expected_interval_ns=1000000 p50_us=2.571 p95_us=222.463 p99_us=262.015 p99.9_us=385.279 max_us=782.847
rangedel_latency: kind=read class=all measurement=corrected samples=38162 completed_ops=38162 ops/s=3816.0 clipped_ops=0 expected_interval_ns=1000000 p50_us=2.571 p95_us=222.463 p99_us=262.015 p99.9_us=385.279 max_us=782.847
rangedel_latency: kind=read class=iter measurement=service samples=19080 completed_ops=19080 ops/s=1907.9 clipped_ops=0 expected_interval_ns=1000000 p50_us=3.111 p95_us=225.279 p99_us=265.471 p99.9_us=375.039 max_us=456.959
rangedel_latency: kind=read class=iter measurement=corrected samples=19080 completed_ops=19080 ops/s=1907.9 clipped_ops=0 expected_interval_ns=1000000 p50_us=3.111 p95_us=225.279 p99_us=265.471 p99.9_us=375.039 max_us=456.959
rangedel_latency: kind=read class=get measurement=service samples=19082 completed_ops=19082 ops/s=1908.1 clipped_ops=0 expected_interval_ns=1000000 p50_us=1.530 p95_us=219.647 p99_us=257.919 p99.9_us=390.911 max_us=782.847
rangedel_latency: kind=read class=get measurement=corrected samples=19082 completed_ops=19082 ops/s=1908.1 clipped_ops=0 expected_interval_ns=1000000 p50_us=1.530 p95_us=219.647 p99_us=257.919 p99.9_us=390.911 max_us=782.847
rangedel_latency: kind=commit class=all measurement=service samples=9577 completed_ops=9577 ops/s=957.7 clipped_ops=0 expected_interval_ns=1000000 p50_us=0.890 p95_us=1.301 p99_us=2.331 p99.9_us=6.943 max_us=6705.151
rangedel_latency: kind=commit class=all measurement=corrected samples=9582 completed_ops=9577 ops/s=957.7 clipped_ops=0 expected_interval_ns=1000000 p50_us=0.890 p95_us=1.310 p99_us=2.381 p99.9_us=7.663 max_us=6705.151
rangedel_latency: kind=commit class=rangedel measurement=service samples=4789 completed_ops=4789 ops/s=478.9 clipped_ops=0 expected_interval_ns=1000000 p50_us=0.910 p95_us=1.370 p99_us=2.441 p99.9_us=5.011 max_us=14.991
rangedel_latency: kind=commit class=rangedel measurement=corrected samples=4789 completed_ops=4789 ops/s=478.9 clipped_ops=0 expected_interval_ns=1000000 p50_us=0.910 p95_us=1.370 p99_us=2.441 p99.9_us=5.011 max_us=14.991
rangedel_latency: kind=commit class=point measurement=service samples=4788 completed_ops=4788 ops/s=478.8 clipped_ops=0 expected_interval_ns=1000000 p50_us=0.870 p95_us=1.240 p99_us=2.000 p99.9_us=7.511 max_us=6705.151
rangedel_latency: kind=commit class=point measurement=corrected samples=4793 completed_ops=4788 ops/s=478.8 clipped_ops=0 expected_interval_ns=1000000 p50_us=0.870 p95_us=1.250 p99_us=2.171 p99.9_us=1702.911 max_us=6705.151
rangedel_summary: elapsed=10.000s rangedel_batches=4789 rangedel_ops=4789 overlapping_rangedel_ops=0 point_sets=4788 flushes=0 memtable_bytes=786432 memtable_count=2 cumulative_flushable_mem_bytes=541231
LSM                             |    vtables   |   value sep   |        |   ingested   |    amp
level       size | tables  size |  count  size |  refsz valblk |     in | tables  size |   r     w
-----------------+--------------+--------------+---------------+--------+--------------+----------
total         0B |      0    0B |      0     0 |     0B     0B |  430KB |      0    0B |   0  1.00

COMPACTIONS               |     moved    |     multilevel    |     read     |       written
level | score    ff   cff | tables  size |   top    in  read | tables  blob | tables  sstsz blobsz
------+-------------------+--------------+-------------------+--------------+---------------------
total |     -     -     - |      0    0B |    0B    0B    0B |     0B    0B |      0  430KB     0B

 kind | default  delete  elision  move  read  tomb  rewrite  copy  multi  blob virtual
count |       0       0        0     0     0     0        0     0      0     0       0

COMMIT PIPELINE
               wals                |              memtables              |       ingestions
    files |      written |  overhead |   flushes |       live |     zombie |     total |   flushable
----------+--------------+-----------+-----------+------------+------------+-----------+------------
2 (430KB) | 274KB: 430KB |     57.0% |         0 |  2 (768KB) |     0 (0B) |         0 |      0 (0B)

BLOCK CACHE: 0 entries (0B)
                 miss rate [percentage of total misses] since start
level      all     |  background    sstdata       sstval      blobval       filter       index
-------------------+------------------------------------------------------------------------------
total      0%      |

ITERATORS
        file cache        |    filter   |    open     |    open
     entries |   hit rate | utilization |  sst iters  |  snapshots
-------------+------------+-------------+-------------+------------
      0 (0B) |       0.0% |        0.0% |           0 |           0

FILES                 physical tables                 |                blob files
          |     local        shared        remote     |     local        shared        remote
----------+-------------------------------------------+------------------------------------------
     live |    0 (0B)        0 (0B)        0 (0B)     |    0 (0B)        0 (0B)        0 (0B)
   zombie |    0 (0B)        0 (0B)        0 (0B)     |    0 (0B)        0 (0B)        0 (0B)
 obsolete |    0 (0B)        0 (0B)        0 (0B)     |    0 (0B)        0 (0B)        0 (0B)

MISC            |
----------------+-----------
table stats     | all loaded
table garbage   |
  point del     | 0B
  range del     | 0B
blob values     |
  total         | 0B
  refed         | 0B
  backing-refed | 0B

CGO MEMORY    |          block cache           |                     memtables
          tot |           tot |           data |            maps |            ents |           tot
--------------+---------------+----------------+-----------------+-----------------+--------------
        776KB |         8.2KB |             0B |           8.2KB |              0B |         768KB

COMPACTIONS
                                                                         |      blob rewrites
    est. debt |   in progress |  cancelled |   failed |    problem spans |       read |    written
--------------+---------------+------------+----------+------------------+------------+-----------
           0B |        0 (0B) |     0 (0B) |        0 |                0 |         0B |         0B

KEYS
      range keys |       tombstones |      missized tombstones |      point dels |      range dels
-----------------+------------------+--------------------------+-----------------+----------------
               0 |                0 |                        0 |              0B |              0B

COMPRESSION
    algorithm |        tables |    blob files

        Logical bytes compressed / decompressed
level |  data blocks   |  value blocks  |  other blocks

DELETE PACER   |   in queue   |   deleted
---------------+--------------+-------------
        tables |    0 (0B)    |    0 (0B)
    blob files |    0 (0B)    |    0 (0B)
   other files |    0 (0B)    |    0 (0B)