rangedel: shape=cycle queues=1024 overlap-frac=0 rangedels-per-batch=1 sets-per-batch=-1 iter-frac=-1 db-options=default gomaxprocs=4
wiping /home/coder/bench/rangedel-db-4way/runs/20261005-fourway-v2/db-cycle-7-method1
dir /home/coder/bench/rangedel-db-4way/runs/20261005-fourway-v2/db-cycle-7-method1
concurrency 1
rangedel_config: arena_bytes=67108864 readers=4 writers=1 reader_interval=1ms writer_interval=1ms
____elapsed______reads/s_____writes/s___p50(µs)___p95(µs)___p99(µs)___pMax(µs)
      1.0s         3804          949      16.4      16.4      16.4       32.8
      2.0s         3824          950      16.4      16.4      16.4       65.5
      3.0s         3781          946      16.4      16.4      16.4       73.7
      4.0s         3789          953      16.4      16.4      16.4       41.0
      5.0s         3784          939      16.4      16.4      16.4       32.8
      6.0s         3800          952      16.4      16.4      16.4       24.6
      7.0s         3796          955      16.4      16.4      16.4       24.6
      8.0s         3773          951      16.4      16.4      16.4       41.0
      9.0s         3799          967      16.4      16.4      16.4       65.5
     10.0s         3786          960      16.4      16.4      16.4       24.6
rangedel_latency: kind=read class=all measurement=service samples=37936 completed_ops=37936 ops/s=3793.2 clipped_ops=0 expected_interval_ns=1000000 p50_us=1.450 p95_us=3.231 p99_us=4.751 p99.9_us=10.815 max_us=67.519
rangedel_latency: kind=read class=all measurement=corrected samples=37936 completed_ops=37936 ops/s=3793.2 clipped_ops=0 expected_interval_ns=1000000 p50_us=1.450 p95_us=3.231 p99_us=4.751 p99.9_us=10.815 max_us=67.519
rangedel_latency: kind=read class=iter measurement=service samples=18967 completed_ops=18967 ops/s=1896.5 clipped_ops=0 expected_interval_ns=1000000 p50_us=2.221 p95_us=3.511 p99_us=5.063 p99.9_us=12.023 max_us=67.519
rangedel_latency: kind=read class=iter measurement=corrected samples=18967 completed_ops=18967 ops/s=1896.5 clipped_ops=0 expected_interval_ns=1000000 p50_us=2.221 p95_us=3.511 p99_us=5.063 p99.9_us=12.023 max_us=67.519
rangedel_latency: kind=read class=get measurement=service samples=18969 completed_ops=18969 ops/s=1896.7 clipped_ops=0 expected_interval_ns=1000000 p50_us=1.110 p95_us=1.910 p99_us=3.441 p99.9_us=9.031 max_us=35.487
rangedel_latency: kind=read class=get measurement=corrected samples=18969 completed_ops=18969 ops/s=1896.7 clipped_ops=0 expected_interval_ns=1000000 p50_us=1.110 p95_us=1.910 p99_us=3.441 p99.9_us=9.031 max_us=35.487
rangedel_latency: kind=commit class=all measurement=service samples=9522 completed_ops=9522 ops/s=952.1 clipped_ops=0 expected_interval_ns=1000000 p50_us=1.960 p95_us=5.523 p99_us=9.343 p99.9_us=21.311 max_us=6062.079
rangedel_latency: kind=commit class=all measurement=corrected samples=9527 completed_ops=9522 ops/s=952.1 clipped_ops=0 expected_interval_ns=1000000 p50_us=1.960 p95_us=5.551 p99_us=9.543 p99.9_us=26.735 max_us=6062.079
rangedel_latency: kind=commit class=rangedel measurement=service samples=4761 completed_ops=4761 ops/s=476.1 clipped_ops=0 expected_interval_ns=1000000 p50_us=3.201 p95_us=6.623 p99_us=11.815 p99.9_us=26.735 max_us=6062.079
rangedel_latency: kind=commit class=rangedel measurement=corrected samples=4766 completed_ops=4761 ops/s=476.1 clipped_ops=0 expected_interval_ns=1000000 p50_us=3.201 p95_us=6.663 p99_us=12.207 p99.9_us=1061.887 max_us=6062.079
rangedel_latency: kind=commit class=point measurement=service samples=4761 completed_ops=4761 ops/s=476.1 clipped_ops=0 expected_interval_ns=1000000 p50_us=0.900 p95_us=1.230 p99_us=1.870 p99.9_us=3.761 max_us=7.343
rangedel_latency: kind=commit class=point measurement=corrected samples=4761 completed_ops=4761 ops/s=476.1 clipped_ops=0 expected_interval_ns=1000000 p50_us=0.900 p95_us=1.230 p99_us=1.870 p99.9_us=3.761 max_us=7.343
rangedel_summary: elapsed=10.001s rangedel_batches=4761 rangedel_ops=4761 overlapping_rangedel_ops=0 point_sets=4761 flushes=0 memtable_bytes=786432 memtable_count=2 cumulative_flushable_mem_bytes=538082
LSM                             |    vtables   |   value sep   |        |   ingested   |    amp
level       size | tables  size |  count  size |  refsz valblk |     in | tables  size |   r     w
-----------------+--------------+--------------+---------------+--------+--------------+----------
total         0B |      0    0B |      0     0 |     0B     0B |  428KB |      0    0B |   0  1.00

COMPACTIONS               |     moved    |     multilevel    |     read     |       written
level | score    ff   cff | tables  size |   top    in  read | tables  blob | tables  sstsz blobsz
------+-------------------+--------------+-------------------+--------------+---------------------
total |     -     -     - |      0    0B |    0B    0B    0B |     0B    0B |      0  428KB     0B

 kind | default  delete  elision  move  read  tomb  rewrite  copy  multi  blob virtual
count |       0       0        0     0     0     0        0     0      0     0       0

COMMIT PIPELINE
               wals                |              memtables              |       ingestions
    files |      written |  overhead |   flushes |       live |     zombie |     total |   flushable
----------+--------------+-----------+-----------+------------+------------+-----------+------------
2 (428KB) | 272KB: 428KB |     57.0% |         0 |  2 (768KB) |     0 (0B) |         0 |      0 (0B)

BLOCK CACHE: 0 entries (0B)
                 miss rate [percentage of total misses] since start
level      all     |  background    sstdata       sstval      blobval       filter       index
-------------------+------------------------------------------------------------------------------
total      0%      |

ITERATORS
        file cache        |    filter   |    open     |    open
     entries |   hit rate | utilization |  sst iters  |  snapshots
-------------+------------+-------------+-------------+------------
      0 (0B) |       0.0% |        0.0% |           0 |           0

FILES                 physical tables                 |                blob files
          |     local        shared        remote     |     local        shared        remote
----------+-------------------------------------------+------------------------------------------
     live |    0 (0B)        0 (0B)        0 (0B)     |    0 (0B)        0 (0B)        0 (0B)
   zombie |    0 (0B)        0 (0B)        0 (0B)     |    0 (0B)        0 (0B)        0 (0B)
 obsolete |    0 (0B)        0 (0B)        0 (0B)     |    0 (0B)        0 (0B)        0 (0B)

MISC            |
----------------+-----------
table stats     | all loaded
table garbage   |
  point del     | 0B
  range del     | 0B
blob values     |
  total         | 0B
  refed         | 0B
  backing-refed | 0B

CGO MEMORY    |          block cache           |                     memtables
          tot |           tot |           data |            maps |            ents |           tot
--------------+---------------+----------------+-----------------+-----------------+--------------
        776KB |         8.2KB |             0B |           8.2KB |              0B |         768KB

COMPACTIONS
                                                                         |      blob rewrites
    est. debt |   in progress |  cancelled |   failed |    problem spans |       read |    written
--------------+---------------+------------+----------+------------------+------------+-----------
           0B |        0 (0B) |     0 (0B) |        0 |                0 |         0B |         0B

KEYS
      range keys |       tombstones |      missized tombstones |      point dels |      range dels
-----------------+------------------+--------------------------+-----------------+----------------
               0 |                0 |                        0 |              0B |              0B

COMPRESSION
    algorithm |        tables |    blob files

        Logical bytes compressed / decompressed
level |  data blocks   |  value blocks  |  other blocks

DELETE PACER   |   in queue   |   deleted
---------------+--------------+-------------
        tables |    0 (0B)    |    0 (0B)
    blob files |    0 (0B)    |    0 (0B)
   other files |    0 (0B)    |    0 (0B)