rangedel: shape=cycle queues=1024 overlap-frac=0 rangedels-per-batch=1 sets-per-batch=-1 iter-frac=-1 db-options=default gomaxprocs=4
wiping /home/coder/bench/rangedel-db-4way/runs/20261005-fourway-v2/db-cycle-2-method1
dir /home/coder/bench/rangedel-db-4way/runs/20261005-fourway-v2/db-cycle-2-method1
concurrency 1
rangedel_config: arena_bytes=67108864 readers=4 writers=1 reader_interval=1ms writer_interval=1ms
____elapsed______reads/s_____writes/s___p50(µs)___p95(µs)___p99(µs)___pMax(µs)
      1.0s         3818          946      16.4      16.4      16.4       57.3
      2.0s         3784          950      16.4      16.4      16.4       32.8
      3.0s         3791          944      16.4      16.4      16.4       16.4
      4.0s         3788          946      16.4      16.4      16.4       49.2
      5.0s         3801          940      16.4      16.4      16.4       24.6
      6.0s         3774          934      16.4      16.4      16.4       24.6
      7.0s         3776          938      16.4      16.4      16.4       41.0
      8.0s         3805          939      16.4      16.4      16.4       16.4
      9.0s         3813          939      16.4      16.4      16.4       73.7
rangedel_latency: kind=read class=all measurement=service samples=37498 completed_ops=37498 ops/s=3749.5 clipped_ops=0 expected_interval_ns=1000000 p50_us=1.410 p95_us=3.171 p99_us=4.651 p99.9_us=9.255 max_us=71.807
rangedel_latency: kind=read class=all measurement=corrected samples=37498 completed_ops=37498 ops/s=3749.5 clipped_ops=0 expected_interval_ns=1000000 p50_us=1.410 p95_us=3.171 p99_us=4.651 p99.9_us=9.255 max_us=71.807
rangedel_latency: kind=read class=iter measurement=service samples=18748 completed_ops=18748 ops/s=1874.7 clipped_ops=0 expected_interval_ns=1000000 p50_us=2.081 p95_us=3.501 p99_us=5.123 p99.9_us=8.695 max_us=71.807
rangedel_latency: kind=read class=iter measurement=corrected samples=18748 completed_ops=18748 ops/s=1874.7 clipped_ops=0 expected_interval_ns=1000000 p50_us=2.081 p95_us=3.501 p99_us=5.123 p99.9_us=8.695 max_us=71.807
rangedel_latency: kind=read class=get measurement=service samples=18750 completed_ops=18750 ops/s=1874.9 clipped_ops=0 expected_interval_ns=1000000 p50_us=1.060 p95_us=2.101 p99_us=3.581 p99.9_us=10.343 max_us=52.351
rangedel_latency: kind=read class=get measurement=corrected samples=18750 completed_ops=18750 ops/s=1874.9 clipped_ops=0 expected_interval_ns=1000000 p50_us=1.060 p95_us=2.101 p99_us=3.581 p99.9_us=10.343 max_us=52.351
rangedel_latency: kind=commit class=all measurement=service samples=9326 completed_ops=9326 ops/s=932.5 clipped_ops=0 expected_interval_ns=1000000 p50_us=1.890 p95_us=5.403 p99_us=8.171 p99.9_us=18.671 max_us=6303.743
rangedel_latency: kind=commit class=all measurement=corrected samples=9331 completed_ops=9326 ops/s=932.5 clipped_ops=0 expected_interval_ns=1000000 p50_us=1.890 p95_us=5.423 p99_us=8.263 p99.9_us=30.239 max_us=6303.743
rangedel_latency: kind=commit class=rangedel measurement=service samples=4663 completed_ops=4663 ops/s=466.3 clipped_ops=0 expected_interval_ns=1000000 p50_us=3.171 p95_us=6.371 p99_us=10.295 p99.9_us=20.815 max_us=34.399
rangedel_latency: kind=commit class=rangedel measurement=corrected samples=4663 completed_ops=4663 ops/s=466.3 clipped_ops=0 expected_interval_ns=1000000 p50_us=3.171 p95_us=6.371 p99_us=10.295 p99.9_us=20.815 max_us=34.399
rangedel_latency: kind=commit class=point measurement=service samples=4663 completed_ops=4663 ops/s=466.3 clipped_ops=0 expected_interval_ns=1000000 p50_us=0.840 p95_us=1.210 p99_us=1.820 p99.9_us=3.351 max_us=6303.743
rangedel_latency: kind=commit class=point measurement=corrected samples=4668 completed_ops=4663 ops/s=466.3 clipped_ops=0 expected_interval_ns=1000000 p50_us=0.840 p95_us=1.220 p99_us=1.880 p99.9_us=1302.527 max_us=6303.743
rangedel_summary: elapsed=10.001s rangedel_batches=4663 rangedel_ops=4663 overlapping_rangedel_ops=0 point_sets=4663 flushes=0 memtable_bytes=786432 memtable_count=2 cumulative_flushable_mem_bytes=529238
LSM                             |    vtables   |   value sep   |        |   ingested   |    amp
level       size | tables  size |  count  size |  refsz valblk |     in | tables  size |   r     w
-----------------+--------------+--------------+---------------+--------+--------------+----------
total         0B |      0    0B |      0     0 |     0B     0B |  419KB |      0    0B |   0  1.00

COMPACTIONS               |     moved    |     multilevel    |     read     |       written
level | score    ff   cff | tables  size |   top    in  read | tables  blob | tables  sstsz blobsz
------+-------------------+--------------+-------------------+--------------+---------------------
total |     -     -     - |      0    0B |    0B    0B    0B |     0B    0B |      0  419KB     0B

 kind | default  delete  elision  move  read  tomb  rewrite  copy  multi  blob virtual
count |       0       0        0     0     0     0        0     0      0     0       0

COMMIT PIPELINE
               wals                |              memtables              |       ingestions
    files |      written |  overhead |   flushes |       live |     zombie |     total |   flushable
----------+--------------+-----------+-----------+------------+------------+-----------+------------
2 (419KB) | 267KB: 419KB |     56.7% |         0 |  2 (768KB) |     0 (0B) |         0 |      0 (0B)

BLOCK CACHE: 0 entries (0B)
                 miss rate [percentage of total misses] since start
level      all     |  background    sstdata       sstval      blobval       filter       index
-------------------+------------------------------------------------------------------------------
total      0%      |

ITERATORS
        file cache        |    filter   |    open     |    open
     entries |   hit rate | utilization |  sst iters  |  snapshots
-------------+------------+-------------+-------------+------------
      0 (0B) |       0.0% |        0.0% |           0 |           0

FILES                 physical tables                 |                blob files
          |     local        shared        remote     |     local        shared        remote
----------+-------------------------------------------+------------------------------------------
     live |    0 (0B)        0 (0B)        0 (0B)     |    0 (0B)        0 (0B)        0 (0B)
   zombie |    0 (0B)        0 (0B)        0 (0B)     |    0 (0B)        0 (0B)        0 (0B)
 obsolete |    0 (0B)        0 (0B)        0 (0B)     |    0 (0B)        0 (0B)        0 (0B)

MISC            |
----------------+-----------
table stats     | all loaded
table garbage   |
  point del     | 0B
  range del     | 0B
blob values     |
  total         | 0B
  refed         | 0B
  backing-refed | 0B

CGO MEMORY    |          block cache           |                     memtables
          tot |           tot |           data |            maps |            ents |           tot
--------------+---------------+----------------+-----------------+-----------------+--------------
        776KB |         8.2KB |             0B |           8.2KB |              0B |         768KB

COMPACTIONS
                                                                         |      blob rewrites
    est. debt |   in progress |  cancelled |   failed |    problem spans |       read |    written
--------------+---------------+------------+----------+------------------+------------+-----------
           0B |        0 (0B) |     0 (0B) |        0 |                0 |         0B |         0B

KEYS
      range keys |       tombstones |      missized tombstones |      point dels |      range dels
-----------------+------------------+--------------------------+-----------------+----------------
               0 |                0 |                        0 |              0B |              0B

COMPRESSION
    algorithm |        tables |    blob files

        Logical bytes compressed / decompressed
level |  data blocks   |  value blocks  |  other blocks

DELETE PACER   |   in queue   |   deleted
---------------+--------------+-------------
        tables |    0 (0B)    |    0 (0B)
    blob files |    0 (0B)    |    0 (0B)
   other files |    0 (0B)    |    0 (0B)