rangedel: shape=cycle queues=1024 overlap-frac=0 rangedels-per-batch=1 sets-per-batch=-1 iter-frac=-1 db-options=default gomaxprocs=4
wiping /home/coder/bench/rangedel-db-4way/runs/20261005-fourway-v2/db-cycle-9-master
dir /home/coder/bench/rangedel-db-4way/runs/20261005-fourway-v2/db-cycle-9-master
concurrency 1
rangedel_config: arena_bytes=67108864 readers=4 writers=1 reader_interval=1ms writer_interval=1ms
____elapsed______reads/s_____writes/s___p50(µs)___p95(µs)___p99(µs)___pMax(µs)
      1.0s         3802          963      16.4      65.5      81.9      204.8
      2.0s         3805          959      16.4     114.7     131.1      442.4
      3.0s         3821          967      16.4     172.0     278.5      458.8
      4.0s         3819          958      16.4     213.0     327.7      475.1
      5.0s         3802          959      16.4     221.2     278.5      393.2
      6.0s         3811          955      16.4     106.5     122.9      237.6
      7.0s         3828          957      16.4     155.6     196.6      262.1
      8.0s         3863          955      16.4     196.6     245.8      360.4
      9.0s         3790          948      16.4     245.8     294.9     7864.3
     10.0s         3855          962      16.4     262.1     311.3      786.4
rangedel_latency: kind=read class=all measurement=service samples=38197 completed_ops=38197 ops/s=3819.5 clipped_ops=0 expected_interval_ns=1000000 p50_us=3.091 p95_us=230.271 p99_us=264.703 p99.9_us=415.743 max_us=7663.615
rangedel_latency: kind=read class=all measurement=corrected samples=38220 completed_ops=38197 ops/s=3819.5 clipped_ops=0 expected_interval_ns=1000000 p50_us=3.091 p95_us=230.527 p99_us=267.263 p99.9_us=448.255 max_us=7663.615
rangedel_latency: kind=read class=iter measurement=service samples=19098 completed_ops=19098 ops/s=1909.7 clipped_ops=0 expected_interval_ns=1000000 p50_us=3.391 p95_us=230.911 p99_us=262.655 p99.9_us=424.447 max_us=7663.615
rangedel_latency: kind=read class=iter measurement=corrected samples=19109 completed_ops=19098 ops/s=1909.7 clipped_ops=0 expected_interval_ns=1000000 p50_us=3.401 p95_us=231.039 p99_us=264.191 p99.9_us=449.279 max_us=7663.615
rangedel_latency: kind=read class=get measurement=service samples=19099 completed_ops=19099 ops/s=1909.8 clipped_ops=0 expected_interval_ns=1000000 p50_us=1.730 p95_us=229.503 p99_us=266.751 p99.9_us=407.551 max_us=7659.519
rangedel_latency: kind=read class=get measurement=corrected samples=19111 completed_ops=19099 ops/s=1909.8 clipped_ops=0 expected_interval_ns=1000000 p50_us=1.730 p95_us=229.759 p99_us=269.567 p99.9_us=442.367 max_us=7659.519
rangedel_latency: kind=commit class=all measurement=service samples=9583 completed_ops=9583 ops/s=958.3 clipped_ops=0 expected_interval_ns=1000000 p50_us=0.920 p95_us=1.300 p99_us=2.241 p99.9_us=6.303 max_us=6139.903
rangedel_latency: kind=commit class=all measurement=corrected samples=9588 completed_ops=9583 ops/s=958.3 clipped_ops=0 expected_interval_ns=1000000 p50_us=0.920 p95_us=1.310 p99_us=2.331 p99.9_us=7.231 max_us=6139.903
rangedel_latency: kind=commit class=rangedel measurement=service samples=4792 completed_ops=4792 ops/s=479.2 clipped_ops=0 expected_interval_ns=1000000 p50_us=0.940 p95_us=1.360 p99_us=2.531 p99.9_us=7.083 max_us=6139.903
rangedel_latency: kind=commit class=rangedel measurement=corrected samples=4797 completed_ops=4792 ops/s=479.2 clipped_ops=0 expected_interval_ns=1000000 p50_us=0.941 p95_us=1.370 p99_us=2.641 p99.9_us=1136.639 max_us=6139.903
rangedel_latency: kind=commit class=point measurement=service samples=4791 completed_ops=4791 ops/s=479.1 clipped_ops=0 expected_interval_ns=1000000 p50_us=0.890 p95_us=1.250 p99_us=1.900 p99.9_us=3.551 max_us=7.231
rangedel_latency: kind=commit class=point measurement=corrected samples=4791 completed_ops=4791 ops/s=479.1 clipped_ops=0 expected_interval_ns=1000000 p50_us=0.890 p95_us=1.250 p99_us=1.900 p99.9_us=3.551 max_us=7.231
rangedel_summary: elapsed=10.000s rangedel_batches=4792 rangedel_ops=4792 overlapping_rangedel_ops=0 point_sets=4791 flushes=0 memtable_bytes=786432 memtable_count=2 cumulative_flushable_mem_bytes=541345
LSM                             |    vtables   |   value sep   |        |   ingested   |    amp
level       size | tables  size |  count  size |  refsz valblk |     in | tables  size |   r     w
-----------------+--------------+--------------+---------------+--------+--------------+----------
total         0B |      0    0B |      0     0 |     0B     0B |  430KB |      0    0B |   0  1.00

COMPACTIONS               |     moved    |     multilevel    |     read     |       written
level | score    ff   cff | tables  size |   top    in  read | tables  blob | tables  sstsz blobsz
------+-------------------+--------------+-------------------+--------------+---------------------
total |     -     -     - |      0    0B |    0B    0B    0B |     0B    0B |      0  430KB     0B

 kind | default  delete  elision  move  read  tomb  rewrite  copy  multi  blob virtual
count |       0       0        0     0     0     0        0     0      0     0       0

COMMIT PIPELINE
               wals                |              memtables              |       ingestions
    files |      written |  overhead |   flushes |       live |     zombie |     total |   flushable
----------+--------------+-----------+-----------+------------+------------+-----------+------------
2 (430KB) | 274KB: 430KB |     57.1% |         0 |  2 (768KB) |     0 (0B) |         0 |      0 (0B)

BLOCK CACHE: 0 entries (0B)
                 miss rate [percentage of total misses] since start
level      all     |  background    sstdata       sstval      blobval       filter       index
-------------------+------------------------------------------------------------------------------
total      0%      |

ITERATORS
        file cache        |    filter   |    open     |    open
     entries |   hit rate | utilization |  sst iters  |  snapshots
-------------+------------+-------------+-------------+------------
      0 (0B) |       0.0% |        0.0% |           0 |           0

FILES                 physical tables                 |                blob files
          |     local        shared        remote     |     local        shared        remote
----------+-------------------------------------------+------------------------------------------
     live |    0 (0B)        0 (0B)        0 (0B)     |    0 (0B)        0 (0B)        0 (0B)
   zombie |    0 (0B)        0 (0B)        0 (0B)     |    0 (0B)        0 (0B)        0 (0B)
 obsolete |    0 (0B)        0 (0B)        0 (0B)     |    0 (0B)        0 (0B)        0 (0B)

MISC            |
----------------+-----------
table stats     | all loaded
table garbage   |
  point del     | 0B
  range del     | 0B
blob values     |
  total         | 0B
  refed         | 0B
  backing-refed | 0B

CGO MEMORY    |          block cache           |                     memtables
          tot |           tot |           data |            maps |            ents |           tot
--------------+---------------+----------------+-----------------+-----------------+--------------
        776KB |         8.2KB |             0B |           8.2KB |              0B |         768KB

COMPACTIONS
                                                                         |      blob rewrites
    est. debt |   in progress |  cancelled |   failed |    problem spans |       read |    written
--------------+---------------+------------+----------+------------------+------------+-----------
           0B |        0 (0B) |     0 (0B) |        0 |                0 |         0B |         0B

KEYS
      range keys |       tombstones |      missized tombstones |      point dels |      range dels
-----------------+------------------+--------------------------+-----------------+----------------
               0 |                0 |                        0 |              0B |              0B

COMPRESSION
    algorithm |        tables |    blob files

        Logical bytes compressed / decompressed
level |  data blocks   |  value blocks  |  other blocks

DELETE PACER   |   in queue   |   deleted
---------------+--------------+-------------
        tables |    0 (0B)    |    0 (0B)
    blob files |    0 (0B)    |    0 (0B)
   other files |    0 (0B)    |    0 (0B)