rangedel: shape=cycle queues=1024 overlap-frac=0 rangedels-per-batch=1 sets-per-batch=-1 iter-frac=-1 db-options=default gomaxprocs=4
wiping /home/coder/bench/rangedel-db-4way/runs/20261005-fourway-v2/db-cycle-5-master
dir /home/coder/bench/rangedel-db-4way/runs/20261005-fourway-v2/db-cycle-5-master
concurrency 1
rangedel_config: arena_bytes=67108864 readers=4 writers=1 reader_interval=1ms writer_interval=1ms
____elapsed______reads/s_____writes/s___p50(µs)___p95(µs)___p99(µs)___pMax(µs)
      1.0s         3834          955      16.4      65.5      81.9      213.0
      2.0s         3840          959      16.4     122.9     172.0      409.6
      3.0s         3774          945      16.4     172.0     262.1      491.5
      4.0s         3797          948      16.4     213.0     327.7      409.6
      5.0s         3822          954      16.4     221.2     237.6      376.8
      6.0s         3890          972      16.4      98.3     114.7      245.8
      7.0s         3788          943      16.4     147.5     180.2      254.0
      8.0s         3829          956      16.4     196.6     237.6      327.7
      9.0s         3842          960      16.4     245.8     294.9      376.8
     10.0s         3863          969      16.4     262.1     327.7      786.4
rangedel_latency: kind=read class=all measurement=service samples=38281 completed_ops=38281 ops/s=3827.6 clipped_ops=0 expected_interval_ns=1000000 p50_us=2.571 p95_us=222.079 p99_us=266.495 p99.9_us=398.847 max_us=769.023
rangedel_latency: kind=read class=all measurement=corrected samples=38281 completed_ops=38281 ops/s=3827.6 clipped_ops=0 expected_interval_ns=1000000 p50_us=2.571 p95_us=222.079 p99_us=266.495 p99.9_us=398.847 max_us=769.023
rangedel_latency: kind=read class=iter measurement=service samples=19139 completed_ops=19139 ops/s=1913.7 clipped_ops=0 expected_interval_ns=1000000 p50_us=2.981 p95_us=220.799 p99_us=268.799 p99.9_us=395.263 max_us=769.023
rangedel_latency: kind=read class=iter measurement=corrected samples=19139 completed_ops=19139 ops/s=1913.7 clipped_ops=0 expected_interval_ns=1000000 p50_us=2.981 p95_us=220.799 p99_us=268.799 p99.9_us=395.263 max_us=769.023
rangedel_latency: kind=read class=get measurement=service samples=19142 completed_ops=19142 ops/s=1914.0 clipped_ops=0 expected_interval_ns=1000000 p50_us=1.530 p95_us=222.975 p99_us=263.423 p99.9_us=404.223 max_us=769.023
rangedel_latency: kind=read class=get measurement=corrected samples=19142 completed_ops=19142 ops/s=1914.0 clipped_ops=0 expected_interval_ns=1000000 p50_us=1.530 p95_us=222.975 p99_us=263.423 p99.9_us=404.223 max_us=769.023
rangedel_latency: kind=commit class=all measurement=service samples=9561 completed_ops=9561 ops/s=956.0 clipped_ops=0 expected_interval_ns=1000000 p50_us=0.910 p95_us=1.310 p99_us=2.161 p99.9_us=6.051 max_us=6324.223
rangedel_latency: kind=commit class=all measurement=corrected samples=9566 completed_ops=9561 ops/s=956.0 clipped_ops=0 expected_interval_ns=1000000 p50_us=0.910 p95_us=1.310 p99_us=2.211 p99.9_us=7.103 max_us=6324.223
rangedel_latency: kind=commit class=rangedel measurement=service samples=4781 completed_ops=4781 ops/s=478.0 clipped_ops=0 expected_interval_ns=1000000 p50_us=0.930 p95_us=1.370 p99_us=2.441 p99.9_us=3.761 max_us=6324.223
rangedel_latency: kind=commit class=rangedel measurement=corrected samples=4786 completed_ops=4781 ops/s=478.0 clipped_ops=0 expected_interval_ns=1000000 p50_us=0.930 p95_us=1.370 p99_us=2.531 p99.9_us=1320.959 max_us=6324.223
rangedel_latency: kind=commit class=point measurement=service samples=4780 completed_ops=4780 ops/s=477.9 clipped_ops=0 expected_interval_ns=1000000 p50_us=0.880 p95_us=1.250 p99_us=1.860 p99.9_us=7.083 max_us=14.671
rangedel_latency: kind=commit class=point measurement=corrected samples=4780 completed_ops=4780 ops/s=477.9 clipped_ops=0 expected_interval_ns=1000000 p50_us=0.880 p95_us=1.250 p99_us=1.860 p99.9_us=7.083 max_us=14.671
rangedel_summary: elapsed=10.001s rangedel_batches=4781 rangedel_ops=4781 overlapping_rangedel_ops=0 point_sets=4780 flushes=0 memtable_bytes=786432 memtable_count=2 cumulative_flushable_mem_bytes=540631
LSM                             |    vtables   |   value sep   |        |   ingested   |    amp
level       size | tables  size |  count  size |  refsz valblk |     in | tables  size |   r     w
-----------------+--------------+--------------+---------------+--------+--------------+----------
total         0B |      0    0B |      0     0 |     0B     0B |  429KB |      0    0B |   0  1.00

COMPACTIONS               |     moved    |     multilevel    |     read     |       written
level | score    ff   cff | tables  size |   top    in  read | tables  blob | tables  sstsz blobsz
------+-------------------+--------------+-------------------+--------------+---------------------
total |     -     -     - |      0    0B |    0B    0B    0B |     0B    0B |      0  429KB     0B

 kind | default  delete  elision  move  read  tomb  rewrite  copy  multi  blob virtual
count |       0       0        0     0     0     0        0     0      0     0       0

COMMIT PIPELINE
               wals                |              memtables              |       ingestions
    files |      written |  overhead |   flushes |       live |     zombie |     total |   flushable
----------+--------------+-----------+-----------+------------+------------+-----------+------------
2 (429KB) | 273KB: 429KB |     57.0% |         0 |  2 (768KB) |     0 (0B) |         0 |      0 (0B)

BLOCK CACHE: 0 entries (0B)
                 miss rate [percentage of total misses] since start
level      all     |  background    sstdata       sstval      blobval       filter       index
-------------------+------------------------------------------------------------------------------
total      0%      |

ITERATORS
        file cache        |    filter   |    open     |    open
     entries |   hit rate | utilization |  sst iters  |  snapshots
-------------+------------+-------------+-------------+------------
      0 (0B) |       0.0% |        0.0% |           0 |           0

FILES                 physical tables                 |                blob files
          |     local        shared        remote     |     local        shared        remote
----------+-------------------------------------------+------------------------------------------
     live |    0 (0B)        0 (0B)        0 (0B)     |    0 (0B)        0 (0B)        0 (0B)
   zombie |    0 (0B)        0 (0B)        0 (0B)     |    0 (0B)        0 (0B)        0 (0B)
 obsolete |    0 (0B)        0 (0B)        0 (0B)     |    0 (0B)        0 (0B)        0 (0B)

MISC            |
----------------+-----------
table stats     | all loaded
table garbage   |
  point del     | 0B
  range del     | 0B
blob values     |
  total         | 0B
  refed         | 0B
  backing-refed | 0B

CGO MEMORY    |          block cache           |                     memtables
          tot |           tot |           data |            maps |            ents |           tot
--------------+---------------+----------------+-----------------+-----------------+--------------
        776KB |         8.2KB |             0B |           8.2KB |              0B |         768KB

COMPACTIONS
                                                                         |      blob rewrites
    est. debt |   in progress |  cancelled |   failed |    problem spans |       read |    written
--------------+---------------+------------+----------+------------------+------------+-----------
           0B |        0 (0B) |     0 (0B) |        0 |                0 |         0B |         0B

KEYS
      range keys |       tombstones |      missized tombstones |      point dels |      range dels
-----------------+------------------+--------------------------+-----------------+----------------
               0 |                0 |                        0 |              0B |              0B

COMPRESSION
    algorithm |        tables |    blob files

        Logical bytes compressed / decompressed
level |  data blocks   |  value blocks  |  other blocks

DELETE PACER   |   in queue   |   deleted
---------------+--------------+-------------
        tables |    0 (0B)    |    0 (0B)
    blob files |    0 (0B)    |    0 (0B)
   other files |    0 (0B)    |    0 (0B)