rangedel: shape=cycle queues=1024 overlap-frac=0 rangedels-per-batch=1 sets-per-batch=-1 iter-frac=-1 db-options=default gomaxprocs=4
wiping /home/coder/bench/rangedel-db-4way/runs/20261005-fourway-v2/db-cycle-8-p1
dir /home/coder/bench/rangedel-db-4way/runs/20261005-fourway-v2/db-cycle-8-p1
concurrency 1
rangedel_config: arena_bytes=67108864 readers=4 writers=1 reader_interval=1ms writer_interval=1ms
____elapsed______reads/s_____writes/s___p50(µs)___p95(µs)___p99(µs)___pMax(µs)
      1.0s         3773          941      16.4      32.8      41.0       98.3
      2.0s         3818          949      16.4      98.3     114.7      393.2
      3.0s         3819          953      16.4     155.6     196.6      475.1
      4.0s         3786          941      16.4     204.8     262.1      491.5
      5.0s         3775          936      16.4     213.0     229.4      557.1
      6.0s         3813          953      16.4      73.7      81.9      204.8
      7.0s         3852          962      16.4     139.3     180.2      294.9
      8.0s         3812          950      16.4     188.4     237.6      327.7
      9.0s         3775          939      16.4     237.6     278.5      376.8
rangedel_latency: kind=read class=all measurement=service samples=38023 completed_ops=38023 ops/s=3802.2 clipped_ops=0 expected_interval_ns=1000000 p50_us=2.471 p95_us=217.599 p99_us=262.143 p99.9_us=404.479 max_us=594.943
rangedel_latency: kind=read class=all measurement=corrected samples=38023 completed_ops=38023 ops/s=3802.2 clipped_ops=0 expected_interval_ns=1000000 p50_us=2.471 p95_us=217.599 p99_us=262.143 p99.9_us=404.479 max_us=594.943
rangedel_latency: kind=read class=iter measurement=service samples=19010 completed_ops=19010 ops/s=1901.0 clipped_ops=0 expected_interval_ns=1000000 p50_us=2.981 p95_us=226.559 p99_us=264.959 p99.9_us=389.631 max_us=594.943
rangedel_latency: kind=read class=iter measurement=corrected samples=19010 completed_ops=19010 ops/s=1901.0 clipped_ops=0 expected_interval_ns=1000000 p50_us=2.981 p95_us=226.559 p99_us=264.959 p99.9_us=389.631 max_us=594.943
rangedel_latency: kind=read class=get measurement=service samples=19013 completed_ops=19013 ops/s=1901.3 clipped_ops=0 expected_interval_ns=1000000 p50_us=1.530 p95_us=209.279 p99_us=255.999 p99.9_us=422.655 max_us=530.943
rangedel_latency: kind=read class=get measurement=corrected samples=19013 completed_ops=19013 ops/s=1901.3 clipped_ops=0 expected_interval_ns=1000000 p50_us=1.530 p95_us=209.279 p99_us=255.999 p99.9_us=422.655 max_us=530.943
rangedel_latency: kind=commit class=all measurement=service samples=9474 completed_ops=9474 ops/s=947.4 clipped_ops=0 expected_interval_ns=1000000 p50_us=0.900 p95_us=1.290 p99_us=2.131 p99.9_us=4.123 max_us=6254.591
rangedel_latency: kind=commit class=all measurement=corrected samples=9479 completed_ops=9474 ops/s=947.4 clipped_ops=0 expected_interval_ns=1000000 p50_us=0.900 p95_us=1.290 p99_us=2.211 p99.9_us=5.811 max_us=6254.591
rangedel_latency: kind=commit class=rangedel measurement=service samples=4737 completed_ops=4737 ops/s=473.7 clipped_ops=0 expected_interval_ns=1000000 p50_us=0.930 p95_us=1.360 p99_us=2.461 p99.9_us=3.931 max_us=8.215
rangedel_latency: kind=commit class=rangedel measurement=corrected samples=4737 completed_ops=4737 ops/s=473.7 clipped_ops=0 expected_interval_ns=1000000 p50_us=0.930 p95_us=1.360 p99_us=2.461 p99.9_us=3.931 max_us=8.215
rangedel_latency: kind=commit class=point measurement=service samples=4737 completed_ops=4737 ops/s=473.7 clipped_ops=0 expected_interval_ns=1000000 p50_us=0.870 p95_us=1.230 p99_us=1.990 p99.9_us=4.511 max_us=6254.591
rangedel_latency: kind=commit class=point measurement=corrected samples=4742 completed_ops=4737 ops/s=473.7 clipped_ops=0 expected_interval_ns=1000000 p50_us=0.870 p95_us=1.240 p99_us=2.020 p99.9_us=1251.327 max_us=6254.591
rangedel_summary: elapsed=10.000s rangedel_batches=4737 rangedel_ops=4737 overlapping_rangedel_ops=0 point_sets=4737 flushes=0 memtable_bytes=786432 memtable_count=2 cumulative_flushable_mem_bytes=536338
LSM                             |    vtables   |   value sep   |        |   ingested   |    amp
level       size | tables  size |  count  size |  refsz valblk |     in | tables  size |   r     w
-----------------+--------------+--------------+---------------+--------+--------------+----------
total         0B |      0    0B |      0     0 |     0B     0B |  426KB |      0    0B |   0  1.00

COMPACTIONS               |     moved    |     multilevel    |     read     |       written
level | score    ff   cff | tables  size |   top    in  read | tables  blob | tables  sstsz blobsz
------+-------------------+--------------+-------------------+--------------+---------------------
total |     -     -     - |      0    0B |    0B    0B    0B |     0B    0B |      0  426KB     0B

 kind | default  delete  elision  move  read  tomb  rewrite  copy  multi  blob virtual
count |       0       0        0     0     0     0        0     0      0     0       0

COMMIT PIPELINE
               wals                |              memtables              |       ingestions
    files |      written |  overhead |   flushes |       live |     zombie |     total |   flushable
----------+--------------+-----------+-----------+------------+------------+-----------+------------
2 (426KB) | 271KB: 426KB |     57.0% |         0 |  2 (768KB) |     0 (0B) |         0 |      0 (0B)

BLOCK CACHE: 0 entries (0B)
                 miss rate [percentage of total misses] since start
level      all     |  background    sstdata       sstval      blobval       filter       index
-------------------+------------------------------------------------------------------------------
total      0%      |

ITERATORS
        file cache        |    filter   |    open     |    open
     entries |   hit rate | utilization |  sst iters  |  snapshots
-------------+------------+-------------+-------------+------------
      0 (0B) |       0.0% |        0.0% |           0 |           0

FILES                 physical tables                 |                blob files
          |     local        shared        remote     |     local        shared        remote
----------+-------------------------------------------+------------------------------------------
     live |    0 (0B)        0 (0B)        0 (0B)     |    0 (0B)        0 (0B)        0 (0B)
   zombie |    0 (0B)        0 (0B)        0 (0B)     |    0 (0B)        0 (0B)        0 (0B)
 obsolete |    0 (0B)        0 (0B)        0 (0B)     |    0 (0B)        0 (0B)        0 (0B)

MISC            |
----------------+-----------
table stats     | all loaded
table garbage   |
  point del     | 0B
  range del     | 0B
blob values     |
  total         | 0B
  refed         | 0B
  backing-refed | 0B

CGO MEMORY    |          block cache           |                     memtables
          tot |           tot |           data |            maps |            ents |           tot
--------------+---------------+----------------+-----------------+-----------------+--------------
        776KB |         8.2KB |             0B |           8.2KB |              0B |         768KB

COMPACTIONS
                                                                         |      blob rewrites
    est. debt |   in progress |  cancelled |   failed |    problem spans |       read |    written
--------------+---------------+------------+----------+------------------+------------+-----------
           0B |        0 (0B) |     0 (0B) |        0 |                0 |         0B |         0B

KEYS
      range keys |       tombstones |      missized tombstones |      point dels |      range dels
-----------------+------------------+--------------------------+-----------------+----------------
               0 |                0 |                        0 |              0B |              0B

COMPRESSION
    algorithm |        tables |    blob files

        Logical bytes compressed / decompressed
level |  data blocks   |  value blocks  |  other blocks

DELETE PACER   |   in queue   |   deleted
---------------+--------------+-------------
        tables |    0 (0B)    |    0 (0B)
    blob files |    0 (0B)    |    0 (0B)
   other files |    0 (0B)    |    0 (0B)