rangedel: shape=cycle queues=1024 overlap-frac=0 rangedels-per-batch=1 sets-per-batch=-1 iter-frac=-1 db-options=default gomaxprocs=4
wiping /home/coder/bench/rangedel-db-4way/runs/20261005-fourway-v2/db-cycle-6-method1
dir /home/coder/bench/rangedel-db-4way/runs/20261005-fourway-v2/db-cycle-6-method1
concurrency 1
rangedel_config: arena_bytes=67108864 readers=4 writers=1 reader_interval=1ms writer_interval=1ms
____elapsed______reads/s_____writes/s___p50(µs)___p95(µs)___p99(µs)___pMax(µs)
      1.0s         3815          947      16.4      16.4      16.4       32.8
      2.0s         3822          949      16.4      16.4      16.4       16.4
      3.0s         3780          940      16.4      16.4      16.4       24.6
      4.0s         3798          950      16.4      16.4      16.4       24.6
      5.0s         3800          942      16.4      16.4      16.4       32.8
      6.0s         3821          942      16.4      16.4      16.4       24.6
      7.0s         3800          943      16.4      16.4      16.4       24.6
      8.0s         3769          941      16.4      16.4      16.4       32.8
      9.0s         3773          937      16.4      16.4      16.4       32.8
     10.0s         3793          941      16.4      16.4      16.4       73.7
rangedel_latency: kind=read class=all measurement=service samples=37973 completed_ops=37973 ops/s=3797.1 clipped_ops=0 expected_interval_ns=1000000 p50_us=1.410 p95_us=3.081 p99_us=4.551 p99.9_us=10.583 max_us=67.263
rangedel_latency: kind=read class=all measurement=corrected samples=37973 completed_ops=37973 ops/s=3797.1 clipped_ops=0 expected_interval_ns=1000000 p50_us=1.410 p95_us=3.081 p99_us=4.551 p99.9_us=10.583 max_us=67.263
rangedel_latency: kind=read class=iter measurement=service samples=18985 completed_ops=18985 ops/s=1898.4 clipped_ops=0 expected_interval_ns=1000000 p50_us=2.101 p95_us=3.401 p99_us=4.951 p99.9_us=10.847 max_us=67.263
rangedel_latency: kind=read class=iter measurement=corrected samples=18985 completed_ops=18985 ops/s=1898.4 clipped_ops=0 expected_interval_ns=1000000 p50_us=2.101 p95_us=3.401 p99_us=4.951 p99.9_us=10.847 max_us=67.263
rangedel_latency: kind=read class=get measurement=service samples=18988 completed_ops=18988 ops/s=1898.7 clipped_ops=0 expected_interval_ns=1000000 p50_us=1.070 p95_us=1.930 p99_us=3.331 p99.9_us=7.803 max_us=32.735
rangedel_latency: kind=read class=get measurement=corrected samples=18988 completed_ops=18988 ops/s=1898.7 clipped_ops=0 expected_interval_ns=1000000 p50_us=1.070 p95_us=1.930 p99_us=3.331 p99.9_us=7.803 max_us=32.735
rangedel_latency: kind=commit class=all measurement=service samples=9433 completed_ops=9433 ops/s=943.2 clipped_ops=0 expected_interval_ns=1000000 p50_us=1.910 p95_us=5.523 p99_us=9.135 p99.9_us=22.319 max_us=6295.551
rangedel_latency: kind=commit class=all measurement=corrected samples=9438 completed_ops=9433 ops/s=943.2 clipped_ops=0 expected_interval_ns=1000000 p50_us=1.910 p95_us=5.531 p99_us=9.247 p99.9_us=28.831 max_us=6295.551
rangedel_latency: kind=commit class=rangedel measurement=service samples=4717 completed_ops=4717 ops/s=471.7 clipped_ops=0 expected_interval_ns=1000000 p50_us=3.141 p95_us=6.651 p99_us=11.247 p99.9_us=27.551 max_us=32.735
rangedel_latency: kind=commit class=rangedel measurement=corrected samples=4717 completed_ops=4717 ops/s=471.7 clipped_ops=0 expected_interval_ns=1000000 p50_us=3.141 p95_us=6.651 p99_us=11.247 p99.9_us=27.551 max_us=32.735
rangedel_latency: kind=commit class=point measurement=service samples=4716 completed_ops=4716 ops/s=471.6 clipped_ops=0 expected_interval_ns=1000000 p50_us=0.840 p95_us=1.170 p99_us=1.860 p99.9_us=4.723 max_us=6295.551
rangedel_latency: kind=commit class=point measurement=corrected samples=4721 completed_ops=4716 ops/s=471.6 clipped_ops=0 expected_interval_ns=1000000 p50_us=0.840 p95_us=1.180 p99_us=1.940 p99.9_us=1293.311 max_us=6295.551
rangedel_summary: elapsed=10.001s rangedel_batches=4717 rangedel_ops=4717 overlapping_rangedel_ops=0 point_sets=4716 flushes=0 memtable_bytes=786432 memtable_count=2 cumulative_flushable_mem_bytes=533159
LSM                             |    vtables   |   value sep   |        |   ingested   |    amp
level       size | tables  size |  count  size |  refsz valblk |     in | tables  size |   r     w
-----------------+--------------+--------------+---------------+--------+--------------+----------
total         0B |      0    0B |      0     0 |     0B     0B |  424KB |      0    0B |   0  1.00

COMPACTIONS               |     moved    |     multilevel    |     read     |       written
level | score    ff   cff | tables  size |   top    in  read | tables  blob | tables  sstsz blobsz
------+-------------------+--------------+-------------------+--------------+---------------------
total |     -     -     - |      0    0B |    0B    0B    0B |     0B    0B |      0  424KB     0B

 kind | default  delete  elision  move  read  tomb  rewrite  copy  multi  blob virtual
count |       0       0        0     0     0     0        0     0      0     0       0

COMMIT PIPELINE
               wals                |              memtables              |       ingestions
    files |      written |  overhead |   flushes |       live |     zombie |     total |   flushable
----------+--------------+-----------+-----------+------------+------------+-----------+------------
2 (424KB) | 270KB: 424KB |     56.8% |         0 |  2 (768KB) |     0 (0B) |         0 |      0 (0B)

BLOCK CACHE: 0 entries (0B)
                 miss rate [percentage of total misses] since start
level      all     |  background    sstdata       sstval      blobval       filter       index
-------------------+------------------------------------------------------------------------------
total      0%      |

ITERATORS
        file cache        |    filter   |    open     |    open
     entries |   hit rate | utilization |  sst iters  |  snapshots
-------------+------------+-------------+-------------+------------
      0 (0B) |       0.0% |        0.0% |           0 |           0

FILES                 physical tables                 |                blob files
          |     local        shared        remote     |     local        shared        remote
----------+-------------------------------------------+------------------------------------------
     live |    0 (0B)        0 (0B)        0 (0B)     |    0 (0B)        0 (0B)        0 (0B)
   zombie |    0 (0B)        0 (0B)        0 (0B)     |    0 (0B)        0 (0B)        0 (0B)
 obsolete |    0 (0B)        0 (0B)        0 (0B)     |    0 (0B)        0 (0B)        0 (0B)

MISC            |
----------------+-----------
table stats     | all loaded
table garbage   |
  point del     | 0B
  range del     | 0B
blob values     |
  total         | 0B
  refed         | 0B
  backing-refed | 0B

CGO MEMORY    |          block cache           |                     memtables
          tot |           tot |           data |            maps |            ents |           tot
--------------+---------------+----------------+-----------------+-----------------+--------------
        776KB |         8.2KB |             0B |           8.2KB |              0B |         768KB

COMPACTIONS
                                                                         |      blob rewrites
    est. debt |   in progress |  cancelled |   failed |    problem spans |       read |    written
--------------+---------------+------------+----------+------------------+------------+-----------
           0B |        0 (0B) |     0 (0B) |        0 |                0 |         0B |         0B

KEYS
      range keys |       tombstones |      missized tombstones |      point dels |      range dels
-----------------+------------------+--------------------------+-----------------+----------------
               0 |                0 |                        0 |              0B |              0B

COMPRESSION
    algorithm |        tables |    blob files

        Logical bytes compressed / decompressed
level |  data blocks   |  value blocks  |  other blocks

DELETE PACER   |   in queue   |   deleted
---------------+--------------+-------------
        tables |    0 (0B)    |    0 (0B)
    blob files |    0 (0B)    |    0 (0B)
   other files |    0 (0B)    |    0 (0B)