rangedel: shape=cycle queues=1024 overlap-frac=0 rangedels-per-batch=1 sets-per-batch=-1 iter-frac=-1 db-options=default gomaxprocs=4
wiping /home/coder/bench/rangedel-db-4way/runs/20261005-fourway-v2/db-cycle-9-method12
dir /home/coder/bench/rangedel-db-4way/runs/20261005-fourway-v2/db-cycle-9-method12
concurrency 1
rangedel_config: arena_bytes=67108864 readers=4 writers=1 reader_interval=1ms writer_interval=1ms
____elapsed______reads/s_____writes/s___p50(µs)___p95(µs)___p99(µs)___pMax(µs)
      1.0s         3803          942      16.4      16.4      16.4       65.5
      2.0s         3800          949      16.4      16.4      16.4       16.4
      3.0s         3798          943      16.4      16.4      16.4       16.4
      4.0s         3790          951      16.4      16.4      16.4       24.6
      5.0s         3791          940      16.4      16.4      16.4       32.8
      6.0s         3824          953      16.4      16.4      16.4      122.9
      7.0s         3796          954      16.4      16.4      16.4       32.8
      8.0s         3794          951      16.4      16.4      16.4       32.8
      9.0s         3809          954      16.4      16.4      16.4       32.8
     10.0s         3808          970      16.4      16.4      16.4       32.8
rangedel_latency: kind=read class=all measurement=service samples=38013 completed_ops=38013 ops/s=3801.2 clipped_ops=0 expected_interval_ns=1000000 p50_us=1.430 p95_us=3.211 p99_us=4.723 p99.9_us=10.431 max_us=120.063
rangedel_latency: kind=read class=all measurement=corrected samples=38013 completed_ops=38013 ops/s=3801.2 clipped_ops=0 expected_interval_ns=1000000 p50_us=1.430 p95_us=3.211 p99_us=4.723 p99.9_us=10.431 max_us=120.063
rangedel_latency: kind=read class=iter measurement=service samples=19005 completed_ops=19005 ops/s=1900.4 clipped_ops=0 expected_interval_ns=1000000 p50_us=2.151 p95_us=3.491 p99_us=5.131 p99.9_us=11.015 max_us=33.151
rangedel_latency: kind=read class=iter measurement=corrected samples=19005 completed_ops=19005 ops/s=1900.4 clipped_ops=0 expected_interval_ns=1000000 p50_us=2.151 p95_us=3.491 p99_us=5.131 p99.9_us=11.015 max_us=33.151
rangedel_latency: kind=read class=get measurement=service samples=19008 completed_ops=19008 ops/s=1900.7 clipped_ops=0 expected_interval_ns=1000000 p50_us=1.090 p95_us=1.910 p99_us=3.441 p99.9_us=10.215 max_us=120.063
rangedel_latency: kind=read class=get measurement=corrected samples=19008 completed_ops=19008 ops/s=1900.7 clipped_ops=0 expected_interval_ns=1000000 p50_us=1.090 p95_us=1.910 p99_us=3.441 p99.9_us=10.215 max_us=120.063
rangedel_latency: kind=commit class=all measurement=service samples=9507 completed_ops=9507 ops/s=950.7 clipped_ops=0 expected_interval_ns=1000000 p50_us=1.820 p95_us=4.783 p99_us=7.863 p99.9_us=17.135 max_us=6209.535
rangedel_latency: kind=commit class=all measurement=corrected samples=9512 completed_ops=9507 ops/s=950.7 clipped_ops=0 expected_interval_ns=1000000 p50_us=1.820 p95_us=4.791 p99_us=8.003 p99.9_us=21.839 max_us=6209.535
rangedel_latency: kind=commit class=rangedel measurement=service samples=4754 completed_ops=4754 ops/s=475.4 clipped_ops=0 expected_interval_ns=1000000 p50_us=2.701 p95_us=5.803 p99_us=9.655 p99.9_us=21.839 max_us=6209.535
rangedel_latency: kind=commit class=rangedel measurement=corrected samples=4759 completed_ops=4754 ops/s=475.4 clipped_ops=0 expected_interval_ns=1000000 p50_us=2.701 p95_us=5.851 p99_us=9.975 p99.9_us=1206.271 max_us=6209.535
rangedel_latency: kind=commit class=point measurement=service samples=4753 completed_ops=4753 ops/s=475.3 clipped_ops=0 expected_interval_ns=1000000 p50_us=0.880 p95_us=1.210 p99_us=1.930 p99.9_us=5.551 max_us=13.527
rangedel_latency: kind=commit class=point measurement=corrected samples=4753 completed_ops=4753 ops/s=475.3 clipped_ops=0 expected_interval_ns=1000000 p50_us=0.880 p95_us=1.210 p99_us=1.930 p99.9_us=5.551 max_us=13.527
rangedel_summary: elapsed=10.000s rangedel_batches=4754 rangedel_ops=4754 overlapping_rangedel_ops=0 point_sets=4753 flushes=0 memtable_bytes=786432 memtable_count=2 cumulative_flushable_mem_bytes=537381
LSM                             |    vtables   |   value sep   |        |   ingested   |    amp
level       size | tables  size |  count  size |  refsz valblk |     in | tables  size |   r     w
-----------------+--------------+--------------+---------------+--------+--------------+----------
total         0B |      0    0B |      0     0 |     0B     0B |  427KB |      0    0B |   0  1.00

COMPACTIONS               |     moved    |     multilevel    |     read     |       written
level | score    ff   cff | tables  size |   top    in  read | tables  blob | tables  sstsz blobsz
------+-------------------+--------------+-------------------+--------------+---------------------
total |     -     -     - |      0    0B |    0B    0B    0B |     0B    0B |      0  427KB     0B

 kind | default  delete  elision  move  read  tomb  rewrite  copy  multi  blob virtual
count |       0       0        0     0     0     0        0     0      0     0       0

COMMIT PIPELINE
               wals                |              memtables              |       ingestions
    files |      written |  overhead |   flushes |       live |     zombie |     total |   flushable
----------+--------------+-----------+-----------+------------+------------+-----------+------------
2 (427KB) | 272KB: 427KB |     56.9% |         0 |  2 (768KB) |     0 (0B) |         0 |      0 (0B)

BLOCK CACHE: 0 entries (0B)
                 miss rate [percentage of total misses] since start
level      all     |  background    sstdata       sstval      blobval       filter       index
-------------------+------------------------------------------------------------------------------
total      0%      |

ITERATORS
        file cache        |    filter   |    open     |    open
     entries |   hit rate | utilization |  sst iters  |  snapshots
-------------+------------+-------------+-------------+------------
      0 (0B) |       0.0% |        0.0% |           0 |           0

FILES                 physical tables                 |                blob files
          |     local        shared        remote     |     local        shared        remote
----------+-------------------------------------------+------------------------------------------
     live |    0 (0B)        0 (0B)        0 (0B)     |    0 (0B)        0 (0B)        0 (0B)
   zombie |    0 (0B)        0 (0B)        0 (0B)     |    0 (0B)        0 (0B)        0 (0B)
 obsolete |    0 (0B)        0 (0B)        0 (0B)     |    0 (0B)        0 (0B)        0 (0B)

MISC            |
----------------+-----------
table stats     | all loaded
table garbage   |
  point del     | 0B
  range del     | 0B
blob values     |
  total         | 0B
  refed         | 0B
  backing-refed | 0B

CGO MEMORY    |          block cache           |                     memtables
          tot |           tot |           data |            maps |            ents |           tot
--------------+---------------+----------------+-----------------+-----------------+--------------
        776KB |         8.2KB |             0B |           8.2KB |              0B |         768KB

COMPACTIONS
                                                                         |      blob rewrites
    est. debt |   in progress |  cancelled |   failed |    problem spans |       read |    written
--------------+---------------+------------+----------+------------------+------------+-----------
           0B |        0 (0B) |     0 (0B) |        0 |                0 |         0B |         0B

KEYS
      range keys |       tombstones |      missized tombstones |      point dels |      range dels
-----------------+------------------+--------------------------+-----------------+----------------
               0 |                0 |                        0 |              0B |              0B

COMPRESSION
    algorithm |        tables |    blob files

        Logical bytes compressed / decompressed
level |  data blocks   |  value blocks  |  other blocks

DELETE PACER   |   in queue   |   deleted
---------------+--------------+-------------
        tables |    0 (0B)    |    0 (0B)
    blob files |    0 (0B)    |    0 (0B)
   other files |    0 (0B)    |    0 (0B)