rangedel: shape=unique queues=1024 overlap-frac=0.1 rangedels-per-batch=16 sets-per-batch=1 iter-frac=0.5 db-options=default gomaxprocs=4
wiping /home/coder/bench/rangedel-db-4way/runs/20261005-fourway-v2/db-unique-4-method1
dir /home/coder/bench/rangedel-db-4way/runs/20261005-fourway-v2/db-unique-4-method1
concurrency 1
rangedel_config: arena_bytes=67108864 readers=4 writers=2 reader_interval=1ms writer_interval=1ms
____elapsed______reads/s_____writes/s___p50(µs)___p95(µs)___p99(µs)___pMax(µs)
      1.0s         3973         1967      16.4      16.4      16.4       41.0
      2.0s         3978         1981      16.4      16.4      16.4       49.2
      3.0s         3975         1979      16.4      16.4      16.4       32.8
      4.0s         3973         1993      16.4      16.4      16.4      114.7
      5.0s         3985         1995      16.4      16.4      16.4      155.6
      6.0s         3951         1962      16.4      16.4      16.4       57.3
      7.0s         3973         1995      16.4      16.4      16.4       90.1
      8.0s         3958         1992      16.4      16.4      24.6      122.9
      9.0s         3939         1998      16.4      24.6      24.6       41.0
     10.0s         3916         1988      16.4      24.6      24.6       73.7
rangedel_latency: kind=read class=all measurement=service samples=39627 completed_ops=39627 ops/s=3962.6 clipped_ops=0 expected_interval_ns=1000000 p50_us=3.601 p95_us=13.423 p99_us=18.271 p99.9_us=28.911 max_us=152.319
rangedel_latency: kind=read class=all measurement=corrected samples=39627 completed_ops=39627 ops/s=3962.6 clipped_ops=0 expected_interval_ns=1000000 p50_us=3.601 p95_us=13.423 p99_us=18.271 p99.9_us=28.911 max_us=152.319
rangedel_latency: kind=read class=iter measurement=service samples=19858 completed_ops=19858 ops/s=1985.8 clipped_ops=0 expected_interval_ns=1000000 p50_us=7.703 p95_us=15.303 p99_us=20.175 p99.9_us=29.871 max_us=152.319
rangedel_latency: kind=read class=iter measurement=corrected samples=19858 completed_ops=19858 ops/s=1985.8 clipped_ops=0 expected_interval_ns=1000000 p50_us=7.703 p95_us=15.303 p99_us=20.175 p99.9_us=29.871 max_us=152.319
rangedel_latency: kind=read class=get measurement=service samples=19769 completed_ops=19769 ops/s=1976.9 clipped_ops=0 expected_interval_ns=1000000 p50_us=2.501 p95_us=4.651 p99_us=6.463 p99.9_us=20.511 max_us=113.663
rangedel_latency: kind=read class=get measurement=corrected samples=19769 completed_ops=19769 ops/s=1976.9 clipped_ops=0 expected_interval_ns=1000000 p50_us=2.501 p95_us=4.651 p99_us=6.463 p99.9_us=20.511 max_us=113.663
rangedel_latency: kind=commit class=all measurement=service samples=19853 completed_ops=19853 ops/s=1985.3 clipped_ops=0 expected_interval_ns=1000000 p50_us=72.639 p95_us=115.711 p99_us=136.063 p99.9_us=230.143 max_us=13541.375
rangedel_latency: kind=commit class=all measurement=corrected samples=19930 completed_ops=19853 ops/s=1985.3 clipped_ops=0 expected_interval_ns=1000000 p50_us=72.831 p95_us=116.543 p99_us=149.631 p99.9_us=7053.311 max_us=13541.375
rangedel_latency: kind=commit class=rangedel measurement=service samples=19853 completed_ops=19853 ops/s=1985.3 clipped_ops=0 expected_interval_ns=1000000 p50_us=72.639 p95_us=115.711 p99_us=136.063 p99.9_us=230.143 max_us=13541.375
rangedel_latency: kind=commit class=rangedel measurement=corrected samples=19930 completed_ops=19853 ops/s=1985.3 clipped_ops=0 expected_interval_ns=1000000 p50_us=72.831 p95_us=116.543 p99_us=149.631 p99.9_us=7053.311 max_us=13541.375
rangedel_latency: kind=commit class=point measurement=service samples=0 completed_ops=0 ops/s=0.0 clipped_ops=0 expected_interval_ns=1000000 p50_us=0.000 p95_us=0.000 p99_us=0.000 p99.9_us=0.000 max_us=0.000
rangedel_latency: kind=commit class=point measurement=corrected samples=0 completed_ops=0 ops/s=0.0 clipped_ops=0 expected_interval_ns=1000000 p50_us=0.000 p95_us=0.000 p99_us=0.000 p99.9_us=0.000 max_us=0.000
rangedel_summary: elapsed=10.000s rangedel_batches=19853 rangedel_ops=317648 overlapping_rangedel_ops=31578 point_sets=19853 flushes=0 memtable_bytes=33292288 memtable_count=7 cumulative_flushable_mem_bytes=28199847
LSM                             |    vtables   |   value sep   |        |   ingested   |    amp
level       size | tables  size |  count  size |  refsz valblk |     in | tables  size |   r     w
-----------------+--------------+--------------+---------------+--------+--------------+----------
total         0B |      0    0B |      0     0 |     0B     0B |   16MB |      0    0B |   0  1.00

COMPACTIONS               |     moved    |     multilevel    |     read     |       written
level | score    ff   cff | tables  size |   top    in  read | tables  blob | tables  sstsz blobsz
------+-------------------+--------------+-------------------+--------------+---------------------
total |     -     -     - |      0    0B |    0B    0B    0B |     0B    0B |      0   16MB     0B

 kind | default  delete  elision  move  read  tomb  rewrite  copy  multi  blob virtual
count |       0       0        0     0     0     0        0     0      0     0       0

COMMIT PIPELINE
               wals                |              memtables              |       ingestions
    files |    written |  overhead |   flushes |       live |     zombie |     total |   flushable
----------+------------+-----------+-----------+------------+------------+-----------+------------
 7 (16MB) | 15MB: 16MB |      2.5% |         0 |   7 (32MB) |     0 (0B) |         0 |      0 (0B)

BLOCK CACHE: 0 entries (0B)
                 miss rate [percentage of total misses] since start
level      all     |  background    sstdata       sstval      blobval       filter       index
-------------------+------------------------------------------------------------------------------
total      0%      |

ITERATORS
        file cache        |    filter   |    open     |    open
     entries |   hit rate | utilization |  sst iters  |  snapshots
-------------+------------+-------------+-------------+------------
      0 (0B) |       0.0% |        0.0% |           0 |           0

FILES                 physical tables                 |                blob files
          |     local        shared        remote     |     local        shared        remote
----------+-------------------------------------------+------------------------------------------
     live |    0 (0B)        0 (0B)        0 (0B)     |    0 (0B)        0 (0B)        0 (0B)
   zombie |    0 (0B)        0 (0B)        0 (0B)     |    0 (0B)        0 (0B)        0 (0B)
 obsolete |    0 (0B)        0 (0B)        0 (0B)     |    0 (0B)        0 (0B)        0 (0B)

MISC            |
----------------+-----------
table stats     | all loaded
table garbage   |
  point del     | 0B
  range del     | 0B
blob values     |
  total         | 0B
  refed         | 0B
  backing-refed | 0B

CGO MEMORY    |          block cache           |                     memtables
          tot |           tot |           data |            maps |            ents |           tot
--------------+---------------+----------------+-----------------+-----------------+--------------
         32MB |         8.2KB |             0B |           8.2KB |              0B |          32MB

COMPACTIONS
                                                                         |      blob rewrites
    est. debt |   in progress |  cancelled |   failed |    problem spans |       read |    written
--------------+---------------+------------+----------+------------------+------------+-----------
           0B |        0 (0B) |     0 (0B) |        0 |                0 |         0B |         0B

KEYS
      range keys |       tombstones |      missized tombstones |      point dels |      range dels
-----------------+------------------+--------------------------+-----------------+----------------
               0 |                0 |                        0 |              0B |              0B

COMPRESSION
    algorithm |        tables |    blob files

        Logical bytes compressed / decompressed
level |  data blocks   |  value blocks  |  other blocks

DELETE PACER   |   in queue   |   deleted
---------------+--------------+-------------
        tables |    0 (0B)    |    0 (0B)
    blob files |    0 (0B)    |    0 (0B)
   other files |    0 (0B)    |    0 (0B)