rangedel: shape=unique queues=1024 overlap-frac=0.1 rangedels-per-batch=16 sets-per-batch=1 iter-frac=0.5 db-options=default gomaxprocs=4
wiping /home/coder/bench/rangedel-db-4way/runs/20261005-fourway-v2/db-unique-5-method1
dir /home/coder/bench/rangedel-db-4way/runs/20261005-fourway-v2/db-unique-5-method1
concurrency 1
rangedel_config: arena_bytes=67108864 readers=4 writers=2 reader_interval=1ms writer_interval=1ms
____elapsed______reads/s_____writes/s___p50(µs)___p95(µs)___p99(µs)___pMax(µs)
      1.0s         3919         1941      16.4      16.4      16.4      278.5
      2.0s         3863         1954      16.4      16.4      16.4      147.5
      3.0s         3930         1955      16.4      16.4      16.4       81.9
      4.0s         3938         1965      16.4      16.4      16.4       81.9
      5.0s         3865         1927      16.4      16.4      16.4       24.6
      6.0s         3855         1899      16.4      16.4      16.4      155.6
      7.0s         3927         1956      16.4      16.4      24.6       41.0
      8.0s         3882         1931      16.4      16.4      24.6       57.3
      9.0s         3931         1963      16.4      24.6      24.6       90.1
     10.0s         3919         1968      16.4      24.6      24.6       57.3
rangedel_latency: kind=read class=all measurement=service samples=39032 completed_ops=39032 ops/s=3902.8 clipped_ops=0 expected_interval_ns=1000000 p50_us=3.981 p95_us=14.583 p99_us=19.135 p99.9_us=29.183 max_us=276.479
rangedel_latency: kind=read class=all measurement=corrected samples=39032 completed_ops=39032 ops/s=3902.8 clipped_ops=0 expected_interval_ns=1000000 p50_us=3.981 p95_us=14.583 p99_us=19.135 p99.9_us=29.183 max_us=276.479
rangedel_latency: kind=read class=iter measurement=service samples=19582 completed_ops=19582 ops/s=1958.0 clipped_ops=0 expected_interval_ns=1000000 p50_us=8.407 p95_us=16.495 p99_us=21.135 p99.9_us=34.015 max_us=149.631
rangedel_latency: kind=read class=iter measurement=corrected samples=19582 completed_ops=19582 ops/s=1958.0 clipped_ops=0 expected_interval_ns=1000000 p50_us=8.407 p95_us=16.495 p99_us=21.135 p99.9_us=34.015 max_us=149.631
rangedel_latency: kind=read class=get measurement=service samples=19450 completed_ops=19450 ops/s=1944.8 clipped_ops=0 expected_interval_ns=1000000 p50_us=2.631 p95_us=4.811 p99_us=6.483 p99.9_us=16.399 max_us=276.479
rangedel_latency: kind=read class=get measurement=corrected samples=19450 completed_ops=19450 ops/s=1944.8 clipped_ops=0 expected_interval_ns=1000000 p50_us=2.631 p95_us=4.811 p99_us=6.483 p99.9_us=16.399 max_us=276.479
rangedel_latency: kind=commit class=all measurement=service samples=19461 completed_ops=19461 ops/s=1945.9 clipped_ops=0 expected_interval_ns=1000000 p50_us=69.887 p95_us=111.807 p99_us=130.623 p99.9_us=229.503 max_us=9412.607
rangedel_latency: kind=commit class=all measurement=corrected samples=19509 completed_ops=19461 ops/s=1945.9 clipped_ops=0 expected_interval_ns=1000000 p50_us=70.015 p95_us=112.319 p99_us=135.807 p99.9_us=4329.471 max_us=9412.607
rangedel_latency: kind=commit class=rangedel measurement=service samples=19461 completed_ops=19461 ops/s=1945.9 clipped_ops=0 expected_interval_ns=1000000 p50_us=69.887 p95_us=111.807 p99_us=130.623 p99.9_us=229.503 max_us=9412.607
rangedel_latency: kind=commit class=rangedel measurement=corrected samples=19509 completed_ops=19461 ops/s=1945.9 clipped_ops=0 expected_interval_ns=1000000 p50_us=70.015 p95_us=112.319 p99_us=135.807 p99.9_us=4329.471 max_us=9412.607
rangedel_latency: kind=commit class=point measurement=service samples=0 completed_ops=0 ops/s=0.0 clipped_ops=0 expected_interval_ns=1000000 p50_us=0.000 p95_us=0.000 p99_us=0.000 p99.9_us=0.000 max_us=0.000
rangedel_latency: kind=commit class=point measurement=corrected samples=0 completed_ops=0 ops/s=0.0 clipped_ops=0 expected_interval_ns=1000000 p50_us=0.000 p95_us=0.000 p99_us=0.000 p99.9_us=0.000 max_us=0.000
rangedel_summary: elapsed=10.001s rangedel_batches=19461 rangedel_ops=311376 overlapping_rangedel_ops=30930 point_sets=19461 flushes=0 memtable_bytes=33292288 memtable_count=7 cumulative_flushable_mem_bytes=27644415
LSM                             |    vtables   |   value sep   |        |   ingested   |    amp
level       size | tables  size |  count  size |  refsz valblk |     in | tables  size |   r     w
-----------------+--------------+--------------+---------------+--------+--------------+----------
total         0B |      0    0B |      0     0 |     0B     0B |   15MB |      0    0B |   0  1.00

COMPACTIONS               |     moved    |     multilevel    |     read     |       written
level | score    ff   cff | tables  size |   top    in  read | tables  blob | tables  sstsz blobsz
------+-------------------+--------------+-------------------+--------------+---------------------
total |     -     -     - |      0    0B |    0B    0B    0B |     0B    0B |      0   15MB     0B

 kind | default  delete  elision  move  read  tomb  rewrite  copy  multi  blob virtual
count |       0       0        0     0     0     0        0     0      0     0       0

COMMIT PIPELINE
               wals                |              memtables              |       ingestions
    files |    written |  overhead |   flushes |       live |     zombie |     total |   flushable
----------+------------+-----------+-----------+------------+------------+-----------+------------
 7 (15MB) | 15MB: 15MB |      2.5% |         0 |   7 (32MB) |     0 (0B) |         0 |      0 (0B)

BLOCK CACHE: 0 entries (0B)
                 miss rate [percentage of total misses] since start
level      all     |  background    sstdata       sstval      blobval       filter       index
-------------------+------------------------------------------------------------------------------
total      0%      |

ITERATORS
        file cache        |    filter   |    open     |    open
     entries |   hit rate | utilization |  sst iters  |  snapshots
-------------+------------+-------------+-------------+------------
      0 (0B) |       0.0% |        0.0% |           0 |           0

FILES                 physical tables                 |                blob files
          |     local        shared        remote     |     local        shared        remote
----------+-------------------------------------------+------------------------------------------
     live |    0 (0B)        0 (0B)        0 (0B)     |    0 (0B)        0 (0B)        0 (0B)
   zombie |    0 (0B)        0 (0B)        0 (0B)     |    0 (0B)        0 (0B)        0 (0B)
 obsolete |    0 (0B)        0 (0B)        0 (0B)     |    0 (0B)        0 (0B)        0 (0B)

MISC            |
----------------+-----------
table stats     | all loaded
table garbage   |
  point del     | 0B
  range del     | 0B
blob values     |
  total         | 0B
  refed         | 0B
  backing-refed | 0B

CGO MEMORY    |          block cache           |                     memtables
          tot |           tot |           data |            maps |            ents |           tot
--------------+---------------+----------------+-----------------+-----------------+--------------
         32MB |         8.2KB |             0B |           8.2KB |              0B |          32MB

COMPACTIONS
                                                                         |      blob rewrites
    est. debt |   in progress |  cancelled |   failed |    problem spans |       read |    written
--------------+---------------+------------+----------+------------------+------------+-----------
           0B |        0 (0B) |     0 (0B) |        0 |                0 |         0B |         0B

KEYS
      range keys |       tombstones |      missized tombstones |      point dels |      range dels
-----------------+------------------+--------------------------+-----------------+----------------
               0 |                0 |                        0 |              0B |              0B

COMPRESSION
    algorithm |        tables |    blob files

        Logical bytes compressed / decompressed
level |  data blocks   |  value blocks  |  other blocks

DELETE PACER   |   in queue   |   deleted
---------------+--------------+-------------
        tables |    0 (0B)    |    0 (0B)
    blob files |    0 (0B)    |    0 (0B)
   other files |    0 (0B)    |    0 (0B)