rangedel: shape=unique queues=1024 overlap-frac=0.1 rangedels-per-batch=16 sets-per-batch=1 iter-frac=0.5 db-options=default gomaxprocs=4
wiping /home/coder/bench/rangedel-db-4way/runs/20261005-fourway-v2/db-unique-2-method1
dir /home/coder/bench/rangedel-db-4way/runs/20261005-fourway-v2/db-unique-2-method1
concurrency 1
rangedel_config: arena_bytes=67108864 readers=4 writers=2 reader_interval=1ms writer_interval=1ms
____elapsed______reads/s_____writes/s___p50(µs)___p95(µs)___p99(µs)___pMax(µs)
      1.0s         3965         1976      16.4      16.4      16.4       49.2
      2.0s         3939         1973      16.4      16.4      16.4      344.1
      3.0s         3872         1922      16.4      16.4      16.4       57.3
      4.0s         3905         1940      16.4      16.4      16.4      344.1
      5.0s         3919         1947      16.4      16.4      16.4      139.3
      6.0s         3904         1918      16.4      16.4      16.4       41.0
      7.0s         3961         1976      16.4      16.4      24.6       49.2
      8.0s         3952         1976      16.4      16.4      24.6       41.0
      9.0s         3882         1963      16.4      24.6      24.6       73.7
     10.0s         3888         1958      16.4      24.6      32.8       49.2
rangedel_latency: kind=read class=all measurement=service samples=39189 completed_ops=39189 ops/s=3918.5 clipped_ops=0 expected_interval_ns=1000000 p50_us=3.711 p95_us=13.311 p99_us=18.959 p99.9_us=28.655 max_us=337.663
rangedel_latency: kind=read class=all measurement=corrected samples=39189 completed_ops=39189 ops/s=3918.5 clipped_ops=0 expected_interval_ns=1000000 p50_us=3.711 p95_us=13.311 p99_us=18.959 p99.9_us=28.655 max_us=337.663
rangedel_latency: kind=read class=iter measurement=service samples=19642 completed_ops=19642 ops/s=1964.0 clipped_ops=0 expected_interval_ns=1000000 p50_us=7.691 p95_us=15.663 p99_us=21.599 p99.9_us=29.983 max_us=337.663
rangedel_latency: kind=read class=iter measurement=corrected samples=19642 completed_ops=19642 ops/s=1964.0 clipped_ops=0 expected_interval_ns=1000000 p50_us=7.691 p95_us=15.663 p99_us=21.599 p99.9_us=29.983 max_us=337.663
rangedel_latency: kind=read class=get measurement=service samples=19547 completed_ops=19547 ops/s=1954.5 clipped_ops=0 expected_interval_ns=1000000 p50_us=2.491 p95_us=4.763 p99_us=7.891 p99.9_us=18.735 max_us=139.519
rangedel_latency: kind=read class=get measurement=corrected samples=19547 completed_ops=19547 ops/s=1954.5 clipped_ops=0 expected_interval_ns=1000000 p50_us=2.491 p95_us=4.763 p99_us=7.891 p99.9_us=18.735 max_us=139.519
rangedel_latency: kind=commit class=all measurement=service samples=19551 completed_ops=19551 ops/s=1954.9 clipped_ops=0 expected_interval_ns=1000000 p50_us=69.823 p95_us=113.343 p99_us=138.367 p99.9_us=257.663 max_us=13869.055
rangedel_latency: kind=commit class=all measurement=corrected samples=19595 completed_ops=19551 ops/s=1954.9 clipped_ops=0 expected_interval_ns=1000000 p50_us=69.887 p95_us=113.919 p99_us=146.431 p99.9_us=4440.063 max_us=13869.055
rangedel_latency: kind=commit class=rangedel measurement=service samples=19551 completed_ops=19551 ops/s=1954.9 clipped_ops=0 expected_interval_ns=1000000 p50_us=69.823 p95_us=113.343 p99_us=138.367 p99.9_us=257.663 max_us=13869.055
rangedel_latency: kind=commit class=rangedel measurement=corrected samples=19595 completed_ops=19551 ops/s=1954.9 clipped_ops=0 expected_interval_ns=1000000 p50_us=69.887 p95_us=113.919 p99_us=146.431 p99.9_us=4440.063 max_us=13869.055
rangedel_latency: kind=commit class=point measurement=service samples=0 completed_ops=0 ops/s=0.0 clipped_ops=0 expected_interval_ns=1000000 p50_us=0.000 p95_us=0.000 p99_us=0.000 p99.9_us=0.000 max_us=0.000
rangedel_latency: kind=commit class=point measurement=corrected samples=0 completed_ops=0 ops/s=0.0 clipped_ops=0 expected_interval_ns=1000000 p50_us=0.000 p95_us=0.000 p99_us=0.000 p99.9_us=0.000 max_us=0.000
rangedel_summary: elapsed=10.001s rangedel_batches=19551 rangedel_ops=312816 overlapping_rangedel_ops=31076 point_sets=19551 flushes=0 memtable_bytes=33292288 memtable_count=7 cumulative_flushable_mem_bytes=27771453
LSM                             |    vtables   |   value sep   |        |   ingested   |    amp
level       size | tables  size |  count  size |  refsz valblk |     in | tables  size |   r     w
-----------------+--------------+--------------+---------------+--------+--------------+----------
total         0B |      0    0B |      0     0 |     0B     0B |   15MB |      0    0B |   0  1.00

COMPACTIONS               |     moved    |     multilevel    |     read     |       written
level | score    ff   cff | tables  size |   top    in  read | tables  blob | tables  sstsz blobsz
------+-------------------+--------------+-------------------+--------------+---------------------
total |     -     -     - |      0    0B |    0B    0B    0B |     0B    0B |      0   15MB     0B

 kind | default  delete  elision  move  read  tomb  rewrite  copy  multi  blob virtual
count |       0       0        0     0     0     0        0     0      0     0       0

COMMIT PIPELINE
               wals                |              memtables              |       ingestions
    files |    written |  overhead |   flushes |       live |     zombie |     total |   flushable
----------+------------+-----------+-----------+------------+------------+-----------+------------
 7 (15MB) | 15MB: 15MB |      2.5% |         0 |   7 (32MB) |     0 (0B) |         0 |      0 (0B)

BLOCK CACHE: 0 entries (0B)
                 miss rate [percentage of total misses] since start
level      all     |  background    sstdata       sstval      blobval       filter       index
-------------------+------------------------------------------------------------------------------
total      0%      |

ITERATORS
        file cache        |    filter   |    open     |    open
     entries |   hit rate | utilization |  sst iters  |  snapshots
-------------+------------+-------------+-------------+------------
      0 (0B) |       0.0% |        0.0% |           0 |           0

FILES                 physical tables                 |                blob files
          |     local        shared        remote     |     local        shared        remote
----------+-------------------------------------------+------------------------------------------
     live |    0 (0B)        0 (0B)        0 (0B)     |    0 (0B)        0 (0B)        0 (0B)
   zombie |    0 (0B)        0 (0B)        0 (0B)     |    0 (0B)        0 (0B)        0 (0B)
 obsolete |    0 (0B)        0 (0B)        0 (0B)     |    0 (0B)        0 (0B)        0 (0B)

MISC            |
----------------+-----------
table stats     | all loaded
table garbage   |
  point del     | 0B
  range del     | 0B
blob values     |
  total         | 0B
  refed         | 0B
  backing-refed | 0B

CGO MEMORY    |          block cache           |                     memtables
          tot |           tot |           data |            maps |            ents |           tot
--------------+---------------+----------------+-----------------+-----------------+--------------
         32MB |         8.2KB |             0B |           8.2KB |              0B |          32MB

COMPACTIONS
                                                                         |      blob rewrites
    est. debt |   in progress |  cancelled |   failed |    problem spans |       read |    written
--------------+---------------+------------+----------+------------------+------------+-----------
           0B |        0 (0B) |     0 (0B) |        0 |                0 |         0B |         0B

KEYS
      range keys |       tombstones |      missized tombstones |      point dels |      range dels
-----------------+------------------+--------------------------+-----------------+----------------
               0 |                0 |                        0 |              0B |              0B

COMPRESSION
    algorithm |        tables |    blob files

        Logical bytes compressed / decompressed
level |  data blocks   |  value blocks  |  other blocks

DELETE PACER   |   in queue   |   deleted
---------------+--------------+-------------
        tables |    0 (0B)    |    0 (0B)
    blob files |    0 (0B)    |    0 (0B)
   other files |    0 (0B)    |    0 (0B)