rangedel: shape=unique queues=1024 overlap-frac=0.1 rangedels-per-batch=16 sets-per-batch=1 iter-frac=0.5 db-options=default gomaxprocs=4
wiping /home/coder/bench/rangedel-db-4way/runs/20261005-fourway-v2/db-unique-10-p1
dir /home/coder/bench/rangedel-db-4way/runs/20261005-fourway-v2/db-unique-10-p1
concurrency 1
rangedel_config: arena_bytes=67108864 readers=4 writers=2 reader_interval=1ms writer_interval=1ms
____elapsed______reads/s_____writes/s___p50(µs)___p95(µs)___p99(µs)___pMax(µs)
      1.0s         3800         1939     278.5    1245.2    1441.8     3145.7
      2.0s         2827         1945    1015.8    2621.4    3145.7     6553.6
      3.0s         1020         1922    3538.9    8912.9    9437.2     9961.5
      4.0s         2223         1946    1048.6    4718.6    5242.9     8388.6
      5.0s          428         1868    8912.9   14680.1   15728.6    20971.5
      6.0s          188         1932   20971.5   28311.6   32505.9    32505.9
      7.0s         2201         1891     983.0    3932.2    5242.9    60817.4
      8.0s          492         1938    7602.2   13107.2   13631.5    14155.8
      9.0s          204         1916   18874.4   26214.4   29360.1    29360.1
rangedel_latency: kind=read class=all measurement=service samples=13495 completed_ops=13495 ops/s=1341.7 clipped_ops=0 expected_interval_ns=1000000 p50_us=871.935 p95_us=11853.823 p99_us=27721.727 p99.9_us=56852.479 max_us=87556.095
rangedel_latency: kind=read class=all measurement=corrected samples=37197 completed_ops=13495 ops/s=1341.7 clipped_ops=0 expected_interval_ns=1000000 p50_us=3422.207 p95_us=24985.599 p99_us=43089.919 p99.9_us=68485.119 max_us=87556.095
rangedel_latency: kind=read class=iter measurement=service samples=6804 completed_ops=6804 ops/s=676.5 clipped_ops=0 expected_interval_ns=1000000 p50_us=884.223 p95_us=11632.639 p99_us=27525.119 p99.9_us=59146.239 max_us=87556.095
rangedel_latency: kind=read class=iter measurement=corrected samples=18666 completed_ops=6804 ops/s=676.5 clipped_ops=0 expected_interval_ns=1000000 p50_us=3405.823 p95_us=25542.655 p99_us=46596.095 p99.9_us=70582.271 max_us=87556.095
rangedel_latency: kind=read class=get measurement=service samples=6691 completed_ops=6691 ops/s=665.2 clipped_ops=0 expected_interval_ns=1000000 p50_us=859.647 p95_us=12075.007 p99_us=27721.727 p99.9_us=50724.863 max_us=79495.167
rangedel_latency: kind=read class=get measurement=corrected samples=18531 completed_ops=6691 ops/s=665.2 clipped_ops=0 expected_interval_ns=1000000 p50_us=3434.495 p95_us=24444.927 p99_us=40108.031 p99.9_us=60456.959 max_us=79495.167
rangedel_latency: kind=commit class=all measurement=service samples=18895 completed_ops=18895 ops/s=1878.5 clipped_ops=0 expected_interval_ns=1000000 p50_us=9.255 p95_us=13.351 p99_us=19.103 p99.9_us=202.751 max_us=20873.215
rangedel_latency: kind=commit class=all measurement=corrected samples=18983 completed_ops=18895 ops/s=1878.5 clipped_ops=0 expected_interval_ns=1000000 p50_us=9.263 p95_us=13.615 p99_us=21.759 p99.9_us=8683.519 max_us=20873.215
rangedel_latency: kind=commit class=rangedel measurement=service samples=18895 completed_ops=18895 ops/s=1878.5 clipped_ops=0 expected_interval_ns=1000000 p50_us=9.255 p95_us=13.351 p99_us=19.103 p99.9_us=202.751 max_us=20873.215
rangedel_latency: kind=commit class=rangedel measurement=corrected samples=18983 completed_ops=18895 ops/s=1878.5 clipped_ops=0 expected_interval_ns=1000000 p50_us=9.263 p95_us=13.615 p99_us=21.759 p99.9_us=8683.519 max_us=20873.215
rangedel_latency: kind=commit class=point measurement=service samples=0 completed_ops=0 ops/s=0.0 clipped_ops=0 expected_interval_ns=1000000 p50_us=0.000 p95_us=0.000 p99_us=0.000 p99.9_us=0.000 max_us=0.000
rangedel_latency: kind=commit class=point measurement=corrected samples=0 completed_ops=0 ops/s=0.0 clipped_ops=0 expected_interval_ns=1000000 p50_us=0.000 p95_us=0.000 p99_us=0.000 p99.9_us=0.000 max_us=0.000
rangedel_summary: elapsed=10.058s rangedel_batches=18895 rangedel_ops=302320 overlapping_rangedel_ops=30019 point_sets=18895 flushes=0 memtable_bytes=33292288 memtable_count=7 cumulative_flushable_mem_bytes=26843189
LSM                             |    vtables   |   value sep   |        |   ingested   |    amp
level       size | tables  size |  count  size |  refsz valblk |     in | tables  size |   r     w
-----------------+--------------+--------------+---------------+--------+--------------+----------
total         0B |      0    0B |      0     0 |     0B     0B |   15MB |      0    0B |   0  1.00

COMPACTIONS               |     moved    |     multilevel    |     read     |       written
level | score    ff   cff | tables  size |   top    in  read | tables  blob | tables  sstsz blobsz
------+-------------------+--------------+-------------------+--------------+---------------------
total |     -     -     - |      0    0B |    0B    0B    0B |     0B    0B |      0   15MB     0B

 kind | default  delete  elision  move  read  tomb  rewrite  copy  multi  blob virtual
count |       0       0        0     0     0     0        0     0      0     0       0

COMMIT PIPELINE
               wals                |              memtables              |       ingestions
    files |    written |  overhead |   flushes |       live |     zombie |     total |   flushable
----------+------------+-----------+-----------+------------+------------+-----------+------------
 7 (15MB) | 15MB: 15MB |      2.5% |         0 |   7 (32MB) |     0 (0B) |         0 |      0 (0B)

BLOCK CACHE: 0 entries (0B)
                 miss rate [percentage of total misses] since start
level      all     |  background    sstdata       sstval      blobval       filter       index
-------------------+------------------------------------------------------------------------------
total      0%      |

ITERATORS
        file cache        |    filter   |    open     |    open
     entries |   hit rate | utilization |  sst iters  |  snapshots
-------------+------------+-------------+-------------+------------
      0 (0B) |       0.0% |        0.0% |           0 |           0

FILES                 physical tables                 |                blob files
          |     local        shared        remote     |     local        shared        remote
----------+-------------------------------------------+------------------------------------------
     live |    0 (0B)        0 (0B)        0 (0B)     |    0 (0B)        0 (0B)        0 (0B)
   zombie |    0 (0B)        0 (0B)        0 (0B)     |    0 (0B)        0 (0B)        0 (0B)
 obsolete |    0 (0B)        0 (0B)        0 (0B)     |    0 (0B)        0 (0B)        0 (0B)

MISC            |
----------------+-----------
table stats     | all loaded
table garbage   |
  point del     | 0B
  range del     | 0B
blob values     |
  total         | 0B
  refed         | 0B
  backing-refed | 0B

CGO MEMORY    |          block cache           |                     memtables
          tot |           tot |           data |            maps |            ents |           tot
--------------+---------------+----------------+-----------------+-----------------+--------------
         32MB |         8.2KB |             0B |           8.2KB |              0B |          32MB

COMPACTIONS
                                                                         |      blob rewrites
    est. debt |   in progress |  cancelled |   failed |    problem spans |       read |    written
--------------+---------------+------------+----------+------------------+------------+-----------
           0B |        0 (0B) |     0 (0B) |        0 |                0 |         0B |         0B

KEYS
      range keys |       tombstones |      missized tombstones |      point dels |      range dels
-----------------+------------------+--------------------------+-----------------+----------------
               0 |                0 |                        0 |              0B |              0B

COMPRESSION
    algorithm |        tables |    blob files

        Logical bytes compressed / decompressed
level |  data blocks   |  value blocks  |  other blocks

DELETE PACER   |   in queue   |   deleted
---------------+--------------+-------------
        tables |    0 (0B)    |    0 (0B)
    blob files |    0 (0B)    |    0 (0B)
   other files |    0 (0B)    |    0 (0B)