rangedel: shape=unique queues=1024 overlap-frac=0.1 rangedels-per-batch=16 sets-per-batch=1 iter-frac=0.5 db-options=default gomaxprocs=4
wiping /home/coder/bench/rangedel-db-4way/runs/20261005-fourway-v2/db-unique-9-p1
dir /home/coder/bench/rangedel-db-4way/runs/20261005-fourway-v2/db-unique-9-p1
concurrency 1
rangedel_config: arena_bytes=67108864 readers=4 writers=2 reader_interval=1ms writer_interval=1ms
____elapsed______reads/s_____writes/s___p50(µs)___p95(µs)___p99(µs)___pMax(µs)
      1.0s         3742         1911     294.9    1245.2    1441.8     3538.9
      2.0s         2839         1928     983.0    2621.4    3407.9     7340.0
      3.0s          955         1904    3670.0    8912.9    9961.5    12058.6
      4.0s         2343         1903     950.3    4194.3    4980.7     6553.6
      5.0s          460         1867    7864.3   13631.5   15728.6    23068.7
      6.0s          200         1864   19922.9   26214.4   37748.7    37748.7
      7.0s         2214         1838     852.0    3407.9   27263.0    52428.8
      8.0s          569         1876    6553.6   11534.3   12582.9    16777.2
      9.0s          220         1916   17825.8   25165.8   26214.4    26214.4
     10.0s          128         1899   31457.3   41943.0   50331.6    50331.6
rangedel_latency: kind=read class=all measurement=service samples=13674 completed_ops=13674 ops/s=1362.5 clipped_ops=0 expected_interval_ns=1000000 p50_us=867.327 p95_us=11689.983 p99_us=26492.927 p99.9_us=40566.783 max_us=52232.191
rangedel_latency: kind=read class=all measurement=corrected samples=36916 completed_ops=13674 ops/s=1362.5 clipped_ops=0 expected_interval_ns=1000000 p50_us=3327.999 p95_us=22347.775 p99_us=33062.911 p99.9_us=45711.359 max_us=52232.191
rangedel_latency: kind=read class=iter measurement=service samples=6898 completed_ops=6898 ops/s=687.3 clipped_ops=0 expected_interval_ns=1000000 p50_us=889.855 p95_us=11755.519 p99_us=26836.991 p99.9_us=39550.975 max_us=50561.023
rangedel_latency: kind=read class=iter measurement=corrected samples=18544 completed_ops=6898 ops/s=687.3 clipped_ops=0 expected_interval_ns=1000000 p50_us=3309.567 p95_us=22216.703 p99_us=31932.415 p99.9_us=43876.351 max_us=50561.023
rangedel_latency: kind=read class=get measurement=service samples=6776 completed_ops=6776 ops/s=675.2 clipped_ops=0 expected_interval_ns=1000000 p50_us=841.215 p95_us=11583.487 p99_us=26116.095 p99.9_us=42270.719 max_us=52232.191
rangedel_latency: kind=read class=get measurement=corrected samples=18372 completed_ops=6776 ops/s=675.2 clipped_ops=0 expected_interval_ns=1000000 p50_us=3346.431 p95_us=22446.079 p99_us=34471.935 p99.9_us=46825.471 max_us=52232.191
rangedel_latency: kind=commit class=all measurement=service samples=18907 completed_ops=18907 ops/s=1883.9 clipped_ops=0 expected_interval_ns=1000000 p50_us=9.383 p95_us=13.951 p99_us=20.271 p99.9_us=83.711 max_us=13164.543
rangedel_latency: kind=commit class=all measurement=corrected samples=18980 completed_ops=18907 ops/s=1883.9 clipped_ops=0 expected_interval_ns=1000000 p50_us=9.391 p95_us=14.231 p99_us=24.239 p99.9_us=6258.687 max_us=13164.543
rangedel_latency: kind=commit class=rangedel measurement=service samples=18907 completed_ops=18907 ops/s=1883.9 clipped_ops=0 expected_interval_ns=1000000 p50_us=9.383 p95_us=13.951 p99_us=20.271 p99.9_us=83.711 max_us=13164.543
rangedel_latency: kind=commit class=rangedel measurement=corrected samples=18980 completed_ops=18907 ops/s=1883.9 clipped_ops=0 expected_interval_ns=1000000 p50_us=9.391 p95_us=14.231 p99_us=24.239 p99.9_us=6258.687 max_us=13164.543
rangedel_latency: kind=commit class=point measurement=service samples=0 completed_ops=0 ops/s=0.0 clipped_ops=0 expected_interval_ns=1000000 p50_us=0.000 p95_us=0.000 p99_us=0.000 p99.9_us=0.000 max_us=0.000
rangedel_latency: kind=commit class=point measurement=corrected samples=0 completed_ops=0 ops/s=0.0 clipped_ops=0 expected_interval_ns=1000000 p50_us=0.000 p95_us=0.000 p99_us=0.000 p99.9_us=0.000 max_us=0.000
rangedel_summary: elapsed=10.036s rangedel_batches=18907 rangedel_ops=302512 overlapping_rangedel_ops=30040 point_sets=18907 flushes=0 memtable_bytes=33292288 memtable_count=7 cumulative_flushable_mem_bytes=26864425
LSM                             |    vtables   |   value sep   |        |   ingested   |    amp
level       size | tables  size |  count  size |  refsz valblk |     in | tables  size |   r     w
-----------------+--------------+--------------+---------------+--------+--------------+----------
total         0B |      0    0B |      0     0 |     0B     0B |   15MB |      0    0B |   0  1.00

COMPACTIONS               |     moved    |     multilevel    |     read     |       written
level | score    ff   cff | tables  size |   top    in  read | tables  blob | tables  sstsz blobsz
------+-------------------+--------------+-------------------+--------------+---------------------
total |     -     -     - |      0    0B |    0B    0B    0B |     0B    0B |      0   15MB     0B

 kind | default  delete  elision  move  read  tomb  rewrite  copy  multi  blob virtual
count |       0       0        0     0     0     0        0     0      0     0       0

COMMIT PIPELINE
               wals                |              memtables              |       ingestions
    files |    written |  overhead |   flushes |       live |     zombie |     total |   flushable
----------+------------+-----------+-----------+------------+------------+-----------+------------
 7 (15MB) | 15MB: 15MB |      2.5% |         0 |   7 (32MB) |     0 (0B) |         0 |      0 (0B)

BLOCK CACHE: 0 entries (0B)
                 miss rate [percentage of total misses] since start
level      all     |  background    sstdata       sstval      blobval       filter       index
-------------------+------------------------------------------------------------------------------
total      0%      |

ITERATORS
        file cache        |    filter   |    open     |    open
     entries |   hit rate | utilization |  sst iters  |  snapshots
-------------+------------+-------------+-------------+------------
      0 (0B) |       0.0% |        0.0% |           0 |           0

FILES                 physical tables                 |                blob files
          |     local        shared        remote     |     local        shared        remote
----------+-------------------------------------------+------------------------------------------
     live |    0 (0B)        0 (0B)        0 (0B)     |    0 (0B)        0 (0B)        0 (0B)
   zombie |    0 (0B)        0 (0B)        0 (0B)     |    0 (0B)        0 (0B)        0 (0B)
 obsolete |    0 (0B)        0 (0B)        0 (0B)     |    0 (0B)        0 (0B)        0 (0B)

MISC            |
----------------+-----------
table stats     | all loaded
table garbage   |
  point del     | 0B
  range del     | 0B
blob values     |
  total         | 0B
  refed         | 0B
  backing-refed | 0B

CGO MEMORY    |          block cache           |                     memtables
          tot |           tot |           data |            maps |            ents |           tot
--------------+---------------+----------------+-----------------+-----------------+--------------
         32MB |         8.2KB |             0B |           8.2KB |              0B |          32MB

COMPACTIONS
                                                                         |      blob rewrites
    est. debt |   in progress |  cancelled |   failed |    problem spans |       read |    written
--------------+---------------+------------+----------+------------------+------------+-----------
           0B |        0 (0B) |     0 (0B) |        0 |                0 |         0B |         0B

KEYS
      range keys |       tombstones |      missized tombstones |      point dels |      range dels
-----------------+------------------+--------------------------+-----------------+----------------
               0 |                0 |                        0 |              0B |              0B

COMPRESSION
    algorithm |        tables |    blob files

        Logical bytes compressed / decompressed
level |  data blocks   |  value blocks  |  other blocks

DELETE PACER   |   in queue   |   deleted
---------------+--------------+-------------
        tables |    0 (0B)    |    0 (0B)
    blob files |    0 (0B)    |    0 (0B)
   other files |    0 (0B)    |    0 (0B)