rangedel: shape=unique queues=1024 overlap-frac=0.1 rangedels-per-batch=16 sets-per-batch=1 iter-frac=0.5 db-options=default gomaxprocs=4
wiping /home/coder/bench/rangedel-db-4way/runs/20261005-fourway-v2/db-unique-9-method1
dir /home/coder/bench/rangedel-db-4way/runs/20261005-fourway-v2/db-unique-9-method1
concurrency 1
rangedel_config: arena_bytes=67108864 readers=4 writers=2 reader_interval=1ms writer_interval=1ms
____elapsed______reads/s_____writes/s___p50(µs)___p95(µs)___p99(µs)___pMax(µs)
      1.0s         3966         1967      16.4      16.4      16.4       49.2
      2.0s         3956         1965      16.4      16.4      16.4       41.0
      3.0s         3908         1939      16.4      16.4      16.4       24.6
      4.0s         3897         1935      16.4      16.4      16.4       81.9
      5.0s         3859         1918      16.4      16.4      16.4       24.6
      6.0s         3891         1914      16.4      16.4      16.4       49.2
      7.0s         3926         1940      16.4      16.4      24.6       32.8
      8.0s         3942         1956      16.4      16.4      24.6       32.8
      9.0s         3938         1967      16.4      24.6      24.6       41.0
rangedel_latency: kind=read class=all measurement=service samples=39232 completed_ops=39232 ops/s=3922.9 clipped_ops=0 expected_interval_ns=1000000 p50_us=3.621 p95_us=13.095 p99_us=18.623 p99.9_us=27.743 max_us=77.503
rangedel_latency: kind=read class=all measurement=corrected samples=39232 completed_ops=39232 ops/s=3922.9 clipped_ops=0 expected_interval_ns=1000000 p50_us=3.621 p95_us=13.095 p99_us=18.623 p99.9_us=27.743 max_us=77.503
rangedel_latency: kind=read class=iter measurement=service samples=19664 completed_ops=19664 ops/s=1966.3 clipped_ops=0 expected_interval_ns=1000000 p50_us=7.631 p95_us=15.447 p99_us=20.975 p99.9_us=28.831 max_us=77.503
rangedel_latency: kind=read class=iter measurement=corrected samples=19664 completed_ops=19664 ops/s=1966.3 clipped_ops=0 expected_interval_ns=1000000 p50_us=7.631 p95_us=15.447 p99_us=20.975 p99.9_us=28.831 max_us=77.503
rangedel_latency: kind=read class=get measurement=service samples=19568 completed_ops=19568 ops/s=1956.7 clipped_ops=0 expected_interval_ns=1000000 p50_us=2.471 p95_us=4.671 p99_us=6.203 p99.9_us=13.911 max_us=42.239
rangedel_latency: kind=read class=get measurement=corrected samples=19568 completed_ops=19568 ops/s=1956.7 clipped_ops=0 expected_interval_ns=1000000 p50_us=2.471 p95_us=4.671 p99_us=6.203 p99.9_us=13.911 max_us=42.239
rangedel_latency: kind=commit class=all measurement=service samples=19483 completed_ops=19483 ops/s=1948.2 clipped_ops=0 expected_interval_ns=1000000 p50_us=70.143 p95_us=115.263 p99_us=133.247 p99.9_us=212.479 max_us=11263.999
rangedel_latency: kind=commit class=all measurement=corrected samples=19549 completed_ops=19483 ops/s=1948.2 clipped_ops=0 expected_interval_ns=1000000 p50_us=70.207 p95_us=115.903 p99_us=139.007 p99.9_us=6053.887 max_us=11263.999
rangedel_latency: kind=commit class=rangedel measurement=service samples=19483 completed_ops=19483 ops/s=1948.2 clipped_ops=0 expected_interval_ns=1000000 p50_us=70.143 p95_us=115.263 p99_us=133.247 p99.9_us=212.479 max_us=11263.999
rangedel_latency: kind=commit class=rangedel measurement=corrected samples=19549 completed_ops=19483 ops/s=1948.2 clipped_ops=0 expected_interval_ns=1000000 p50_us=70.207 p95_us=115.903 p99_us=139.007 p99.9_us=6053.887 max_us=11263.999
rangedel_latency: kind=commit class=point measurement=service samples=0 completed_ops=0 ops/s=0.0 clipped_ops=0 expected_interval_ns=1000000 p50_us=0.000 p95_us=0.000 p99_us=0.000 p99.9_us=0.000 max_us=0.000
rangedel_latency: kind=commit class=point measurement=corrected samples=0 completed_ops=0 ops/s=0.0 clipped_ops=0 expected_interval_ns=1000000 p50_us=0.000 p95_us=0.000 p99_us=0.000 p99.9_us=0.000 max_us=0.000
rangedel_summary: elapsed=10.001s rangedel_batches=19483 rangedel_ops=311728 overlapping_rangedel_ops=30968 point_sets=19483 flushes=0 memtable_bytes=33292288 memtable_count=7 cumulative_flushable_mem_bytes=27673841
LSM                             |    vtables   |   value sep   |        |   ingested   |    amp
level       size | tables  size |  count  size |  refsz valblk |     in | tables  size |   r     w
-----------------+--------------+--------------+---------------+--------+--------------+----------
total         0B |      0    0B |      0     0 |     0B     0B |   15MB |      0    0B |   0  1.00

COMPACTIONS               |     moved    |     multilevel    |     read     |       written
level | score    ff   cff | tables  size |   top    in  read | tables  blob | tables  sstsz blobsz
------+-------------------+--------------+-------------------+--------------+---------------------
total |     -     -     - |      0    0B |    0B    0B    0B |     0B    0B |      0   15MB     0B

 kind | default  delete  elision  move  read  tomb  rewrite  copy  multi  blob virtual
count |       0       0        0     0     0     0        0     0      0     0       0

COMMIT PIPELINE
               wals                |              memtables              |       ingestions
    files |    written |  overhead |   flushes |       live |     zombie |     total |   flushable
----------+------------+-----------+-----------+------------+------------+-----------+------------
 7 (15MB) | 15MB: 15MB |      2.5% |         0 |   7 (32MB) |     0 (0B) |         0 |      0 (0B)

BLOCK CACHE: 0 entries (0B)
                 miss rate [percentage of total misses] since start
level      all     |  background    sstdata       sstval      blobval       filter       index
-------------------+------------------------------------------------------------------------------
total      0%      |

ITERATORS
        file cache        |    filter   |    open     |    open
     entries |   hit rate | utilization |  sst iters  |  snapshots
-------------+------------+-------------+-------------+------------
      0 (0B) |       0.0% |        0.0% |           0 |           0

FILES                 physical tables                 |                blob files
          |     local        shared        remote     |     local        shared        remote
----------+-------------------------------------------+------------------------------------------
     live |    0 (0B)        0 (0B)        0 (0B)     |    0 (0B)        0 (0B)        0 (0B)
   zombie |    0 (0B)        0 (0B)        0 (0B)     |    0 (0B)        0 (0B)        0 (0B)
 obsolete |    0 (0B)        0 (0B)        0 (0B)     |    0 (0B)        0 (0B)        0 (0B)

MISC            |
----------------+-----------
table stats     | all loaded
table garbage   |
  point del     | 0B
  range del     | 0B
blob values     |
  total         | 0B
  refed         | 0B
  backing-refed | 0B

CGO MEMORY    |          block cache           |                     memtables
          tot |           tot |           data |            maps |            ents |           tot
--------------+---------------+----------------+-----------------+-----------------+--------------
         32MB |         8.2KB |             0B |           8.2KB |              0B |          32MB

COMPACTIONS
                                                                         |      blob rewrites
    est. debt |   in progress |  cancelled |   failed |    problem spans |       read |    written
--------------+---------------+------------+----------+------------------+------------+-----------
           0B |        0 (0B) |     0 (0B) |        0 |                0 |         0B |         0B

KEYS
      range keys |       tombstones |      missized tombstones |      point dels |      range dels
-----------------+------------------+--------------------------+-----------------+----------------
               0 |                0 |                        0 |              0B |              0B

COMPRESSION
    algorithm |        tables |    blob files

        Logical bytes compressed / decompressed
level |  data blocks   |  value blocks  |  other blocks

DELETE PACER   |   in queue   |   deleted
---------------+--------------+-------------
        tables |    0 (0B)    |    0 (0B)
    blob files |    0 (0B)    |    0 (0B)
   other files |    0 (0B)    |    0 (0B)