rangedel: shape=unique queues=1024 overlap-frac=0.1 rangedels-per-batch=16 sets-per-batch=1 iter-frac=0.5 db-options=default gomaxprocs=4
wiping /home/coder/bench/rangedel-db-4way/runs/20261005-fourway-v2/db-unique-5-master
dir /home/coder/bench/rangedel-db-4way/runs/20261005-fourway-v2/db-unique-5-master
concurrency 1
rangedel_config: arena_bytes=67108864 readers=4 writers=2 reader_interval=1ms writer_interval=1ms
____elapsed______reads/s_____writes/s___p50(µs)___p95(µs)___p99(µs)___pMax(µs)
      1.0s         3512         1944     475.1    1572.9    1703.9     4456.4
      2.0s         2340         1913    1441.8    3538.9    3932.2     6029.3
      3.0s          801         1907    4718.6   10485.8   11534.3    12058.6
      4.0s         1953         1912    1310.7    5242.9    6553.6    12058.6
      5.0s          384         1855    9961.5   16777.2   18874.4    19922.9
      6.0s          175         1865   23068.7   30408.7   39845.9    39845.9
      7.0s         1902         1890    1179.6    4456.4   30408.7    33554.4
      8.0s          458         1841    7864.3   14680.1   16777.2    19922.9
      9.0s          192         1876   20971.5   29360.1   35651.6    35651.6
rangedel_latency: kind=read class=all measurement=service samples=11829 completed_ops=11829 ops/s=1182.2 clipped_ops=0 expected_interval_ns=1000000 p50_us=1169.407 p95_us=13901.823 p99_us=30605.311 p99.9_us=44236.799 max_us=46268.415
rangedel_latency: kind=read class=all measurement=corrected samples=36678 completed_ops=11829 ops/s=1182.2 clipped_ops=0 expected_interval_ns=1000000 p50_us=3891.199 p95_us=25001.983 p99_us=36503.551 p99.9_us=43515.903 max_us=46268.415
rangedel_latency: kind=read class=iter measurement=service samples=5979 completed_ops=5979 ops/s=597.5 clipped_ops=0 expected_interval_ns=1000000 p50_us=1172.479 p95_us=13344.767 p99_us=29917.183 p99.9_us=44171.263 max_us=46268.415
rangedel_latency: kind=read class=iter measurement=corrected samples=18271 completed_ops=5979 ops/s=597.5 clipped_ops=0 expected_interval_ns=1000000 p50_us=3796.991 p95_us=24739.839 p99_us=36503.551 p99.9_us=43909.119 max_us=46268.415
rangedel_latency: kind=read class=get measurement=service samples=5850 completed_ops=5850 ops/s=584.7 clipped_ops=0 expected_interval_ns=1000000 p50_us=1168.383 p95_us=14344.191 p99_us=30982.143 p99.9_us=44236.799 max_us=46137.343
rangedel_latency: kind=read class=get measurement=corrected samples=18407 completed_ops=5850 ops/s=584.7 clipped_ops=0 expected_interval_ns=1000000 p50_us=3999.743 p95_us=25313.279 p99_us=36601.855 p99.9_us=43515.903 max_us=46137.343
rangedel_latency: kind=commit class=all measurement=service samples=18900 completed_ops=18900 ops/s=1888.9 clipped_ops=0 expected_interval_ns=1000000 p50_us=9.591 p95_us=14.575 p99_us=19.999 p99.9_us=87.103 max_us=9256.959
rangedel_latency: kind=commit class=all measurement=corrected samples=18935 completed_ops=18900 ops/s=1888.9 clipped_ops=0 expected_interval_ns=1000000 p50_us=9.591 p95_us=14.711 p99_us=20.943 p99.9_us=3248.127 max_us=9256.959
rangedel_latency: kind=commit class=rangedel measurement=service samples=18900 completed_ops=18900 ops/s=1888.9 clipped_ops=0 expected_interval_ns=1000000 p50_us=9.591 p95_us=14.575 p99_us=19.999 p99.9_us=87.103 max_us=9256.959
rangedel_latency: kind=commit class=rangedel measurement=corrected samples=18935 completed_ops=18900 ops/s=1888.9 clipped_ops=0 expected_interval_ns=1000000 p50_us=9.591 p95_us=14.711 p99_us=20.943 p99.9_us=3248.127 max_us=9256.959
rangedel_latency: kind=commit class=point measurement=service samples=0 completed_ops=0 ops/s=0.0 clipped_ops=0 expected_interval_ns=1000000 p50_us=0.000 p95_us=0.000 p99_us=0.000 p99.9_us=0.000 max_us=0.000
rangedel_latency: kind=commit class=point measurement=corrected samples=0 completed_ops=0 ops/s=0.0 clipped_ops=0 expected_interval_ns=1000000 p50_us=0.000 p95_us=0.000 p99_us=0.000 p99.9_us=0.000 max_us=0.000
rangedel_summary: elapsed=10.006s rangedel_batches=18900 rangedel_ops=302400 overlapping_rangedel_ops=30023 point_sets=18900 flushes=0 memtable_bytes=33292288 memtable_count=7 cumulative_flushable_mem_bytes=26855684
LSM                             |    vtables   |   value sep   |        |   ingested   |    amp
level       size | tables  size |  count  size |  refsz valblk |     in | tables  size |   r     w
-----------------+--------------+--------------+---------------+--------+--------------+----------
total         0B |      0    0B |      0     0 |     0B     0B |   15MB |      0    0B |   0  1.00

COMPACTIONS               |     moved    |     multilevel    |     read     |       written
level | score    ff   cff | tables  size |   top    in  read | tables  blob | tables  sstsz blobsz
------+-------------------+--------------+-------------------+--------------+---------------------
total |     -     -     - |      0    0B |    0B    0B    0B |     0B    0B |      0   15MB     0B

 kind | default  delete  elision  move  read  tomb  rewrite  copy  multi  blob virtual
count |       0       0        0     0     0     0        0     0      0     0       0

COMMIT PIPELINE
               wals                |              memtables              |       ingestions
    files |    written |  overhead |   flushes |       live |     zombie |     total |   flushable
----------+------------+-----------+-----------+------------+------------+-----------+------------
 7 (15MB) | 15MB: 15MB |      2.5% |         0 |   7 (32MB) |     0 (0B) |         0 |      0 (0B)

BLOCK CACHE: 0 entries (0B)
                 miss rate [percentage of total misses] since start
level      all     |  background    sstdata       sstval      blobval       filter       index
-------------------+------------------------------------------------------------------------------
total      0%      |

ITERATORS
        file cache        |    filter   |    open     |    open
     entries |   hit rate | utilization |  sst iters  |  snapshots
-------------+------------+-------------+-------------+------------
      0 (0B) |       0.0% |        0.0% |           0 |           0

FILES                 physical tables                 |                blob files
          |     local        shared        remote     |     local        shared        remote
----------+-------------------------------------------+------------------------------------------
     live |    0 (0B)        0 (0B)        0 (0B)     |    0 (0B)        0 (0B)        0 (0B)
   zombie |    0 (0B)        0 (0B)        0 (0B)     |    0 (0B)        0 (0B)        0 (0B)
 obsolete |    0 (0B)        0 (0B)        0 (0B)     |    0 (0B)        0 (0B)        0 (0B)

MISC            |
----------------+-----------
table stats     | all loaded
table garbage   |
  point del     | 0B
  range del     | 0B
blob values     |
  total         | 0B
  refed         | 0B
  backing-refed | 0B

CGO MEMORY    |          block cache           |                     memtables
          tot |           tot |           data |            maps |            ents |           tot
--------------+---------------+----------------+-----------------+-----------------+--------------
         32MB |         8.2KB |             0B |           8.2KB |              0B |          32MB

COMPACTIONS
                                                                         |      blob rewrites
    est. debt |   in progress |  cancelled |   failed |    problem spans |       read |    written
--------------+---------------+------------+----------+------------------+------------+-----------
           0B |        0 (0B) |     0 (0B) |        0 |                0 |         0B |         0B

KEYS
      range keys |       tombstones |      missized tombstones |      point dels |      range dels
-----------------+------------------+--------------------------+-----------------+----------------
               0 |                0 |                        0 |              0B |              0B

COMPRESSION
    algorithm |        tables |    blob files

        Logical bytes compressed / decompressed
level |  data blocks   |  value blocks  |  other blocks

DELETE PACER   |   in queue   |   deleted
---------------+--------------+-------------
        tables |    0 (0B)    |    0 (0B)
    blob files |    0 (0B)    |    0 (0B)
   other files |    0 (0B)    |    0 (0B)