rangedel: shape=unique queues=1024 overlap-frac=0.1 rangedels-per-batch=16 sets-per-batch=1 iter-frac=0.5 db-options=default gomaxprocs=4
wiping /home/coder/bench/rangedel-db-4way/runs/20261005-fourway-v2/db-unique-9-method12
dir /home/coder/bench/rangedel-db-4way/runs/20261005-fourway-v2/db-unique-9-method12
concurrency 1
rangedel_config: arena_bytes=67108864 readers=4 writers=2 reader_interval=1ms writer_interval=1ms
____elapsed______reads/s_____writes/s___p50(µs)___p95(µs)___p99(µs)___pMax(µs)
      1.0s         3932         1952      16.4      16.4      16.4       81.9
      2.0s         3910         1963      16.4      16.4      16.4       73.7
      3.0s         3940         1958      16.4      16.4      16.4       73.7
      4.0s         3949         1986      16.4      16.4      16.4       24.6
      5.0s         3896         1969      16.4      16.4      16.4       41.0
      6.0s         3884         1949      16.4      16.4      16.4      344.1
      7.0s         3886         1968      16.4      16.4      24.6       73.7
      8.0s         3870         1963      16.4      16.4      24.6       57.3
      9.0s         3864         1965      16.4      24.6      24.6      163.8
     10.0s         3898         1972      16.4      24.6      24.6      344.1
rangedel_latency: kind=read class=all measurement=service samples=39030 completed_ops=39030 ops/s=3902.8 clipped_ops=0 expected_interval_ns=1000000 p50_us=3.721 p95_us=13.447 p99_us=18.495 p99.9_us=28.095 max_us=340.479
rangedel_latency: kind=read class=all measurement=corrected samples=39030 completed_ops=39030 ops/s=3902.8 clipped_ops=0 expected_interval_ns=1000000 p50_us=3.721 p95_us=13.447 p99_us=18.495 p99.9_us=28.095 max_us=340.479
rangedel_latency: kind=read class=iter measurement=service samples=19574 completed_ops=19574 ops/s=1957.3 clipped_ops=0 expected_interval_ns=1000000 p50_us=8.131 p95_us=15.591 p99_us=20.687 p99.9_us=29.343 max_us=340.479
rangedel_latency: kind=read class=iter measurement=corrected samples=19574 completed_ops=19574 ops/s=1957.3 clipped_ops=0 expected_interval_ns=1000000 p50_us=8.131 p95_us=15.591 p99_us=20.687 p99.9_us=29.343 max_us=340.479
rangedel_latency: kind=read class=get measurement=service samples=19456 completed_ops=19456 ops/s=1945.5 clipped_ops=0 expected_interval_ns=1000000 p50_us=2.501 p95_us=4.671 p99_us=6.411 p99.9_us=17.055 max_us=336.127
rangedel_latency: kind=read class=get measurement=corrected samples=19456 completed_ops=19456 ops/s=1945.5 clipped_ops=0 expected_interval_ns=1000000 p50_us=2.501 p95_us=4.671 p99_us=6.411 p99.9_us=17.055 max_us=336.127
rangedel_latency: kind=commit class=all measurement=service samples=19647 completed_ops=19647 ops/s=1964.6 clipped_ops=0 expected_interval_ns=1000000 p50_us=53.439 p95_us=84.927 p99_us=104.895 p99.9_us=191.487 max_us=10452.991
rangedel_latency: kind=commit class=all measurement=corrected samples=19715 completed_ops=19647 ops/s=1964.6 clipped_ops=0 expected_interval_ns=1000000 p50_us=53.503 p95_us=85.503 p99_us=112.511 p99.9_us=6451.199 max_us=10452.991
rangedel_latency: kind=commit class=rangedel measurement=service samples=19647 completed_ops=19647 ops/s=1964.6 clipped_ops=0 expected_interval_ns=1000000 p50_us=53.439 p95_us=84.927 p99_us=104.895 p99.9_us=191.487 max_us=10452.991
rangedel_latency: kind=commit class=rangedel measurement=corrected samples=19715 completed_ops=19647 ops/s=1964.6 clipped_ops=0 expected_interval_ns=1000000 p50_us=53.503 p95_us=85.503 p99_us=112.511 p99.9_us=6451.199 max_us=10452.991
rangedel_latency: kind=commit class=point measurement=service samples=0 completed_ops=0 ops/s=0.0 clipped_ops=0 expected_interval_ns=1000000 p50_us=0.000 p95_us=0.000 p99_us=0.000 p99.9_us=0.000 max_us=0.000
rangedel_latency: kind=commit class=point measurement=corrected samples=0 completed_ops=0 ops/s=0.0 clipped_ops=0 expected_interval_ns=1000000 p50_us=0.000 p95_us=0.000 p99_us=0.000 p99.9_us=0.000 max_us=0.000
rangedel_summary: elapsed=10.000s rangedel_batches=19647 rangedel_ops=314352 overlapping_rangedel_ops=31238 point_sets=19647 flushes=0 memtable_bytes=33292288 memtable_count=7 cumulative_flushable_mem_bytes=27911285
LSM                             |    vtables   |   value sep   |        |   ingested   |    amp
level       size | tables  size |  count  size |  refsz valblk |     in | tables  size |   r     w
-----------------+--------------+--------------+---------------+--------+--------------+----------
total         0B |      0    0B |      0     0 |     0B     0B |   16MB |      0    0B |   0  1.00

COMPACTIONS               |     moved    |     multilevel    |     read     |       written
level | score    ff   cff | tables  size |   top    in  read | tables  blob | tables  sstsz blobsz
------+-------------------+--------------+-------------------+--------------+---------------------
total |     -     -     - |      0    0B |    0B    0B    0B |     0B    0B |      0   16MB     0B

 kind | default  delete  elision  move  read  tomb  rewrite  copy  multi  blob virtual
count |       0       0        0     0     0     0        0     0      0     0       0

COMMIT PIPELINE
               wals                |              memtables              |       ingestions
    files |    written |  overhead |   flushes |       live |     zombie |     total |   flushable
----------+------------+-----------+-----------+------------+------------+-----------+------------
 7 (16MB) | 15MB: 16MB |      2.5% |         0 |   7 (32MB) |     0 (0B) |         0 |      0 (0B)

BLOCK CACHE: 0 entries (0B)
                 miss rate [percentage of total misses] since start
level      all     |  background    sstdata       sstval      blobval       filter       index
-------------------+------------------------------------------------------------------------------
total      0%      |

ITERATORS
        file cache        |    filter   |    open     |    open
     entries |   hit rate | utilization |  sst iters  |  snapshots
-------------+------------+-------------+-------------+------------
      0 (0B) |       0.0% |        0.0% |           0 |           0

FILES                 physical tables                 |                blob files
          |     local        shared        remote     |     local        shared        remote
----------+-------------------------------------------+------------------------------------------
     live |    0 (0B)        0 (0B)        0 (0B)     |    0 (0B)        0 (0B)        0 (0B)
   zombie |    0 (0B)        0 (0B)        0 (0B)     |    0 (0B)        0 (0B)        0 (0B)
 obsolete |    0 (0B)        0 (0B)        0 (0B)     |    0 (0B)        0 (0B)        0 (0B)

MISC            |
----------------+-----------
table stats     | all loaded
table garbage   |
  point del     | 0B
  range del     | 0B
blob values     |
  total         | 0B
  refed         | 0B
  backing-refed | 0B

CGO MEMORY    |          block cache           |                     memtables
          tot |           tot |           data |            maps |            ents |           tot
--------------+---------------+----------------+-----------------+-----------------+--------------
         32MB |         8.2KB |             0B |           8.2KB |              0B |          32MB

COMPACTIONS
                                                                         |      blob rewrites
    est. debt |   in progress |  cancelled |   failed |    problem spans |       read |    written
--------------+---------------+------------+----------+------------------+------------+-----------
           0B |        0 (0B) |     0 (0B) |        0 |                0 |         0B |         0B

KEYS
      range keys |       tombstones |      missized tombstones |      point dels |      range dels
-----------------+------------------+--------------------------+-----------------+----------------
               0 |                0 |                        0 |              0B |              0B

COMPRESSION
    algorithm |        tables |    blob files

        Logical bytes compressed / decompressed
level |  data blocks   |  value blocks  |  other blocks

DELETE PACER   |   in queue   |   deleted
---------------+--------------+-------------
        tables |    0 (0B)    |    0 (0B)
    blob files |    0 (0B)    |    0 (0B)
   other files |    0 (0B)    |    0 (0B)