rangedel: shape=unique queues=1024 overlap-frac=0.1 rangedels-per-batch=16 sets-per-batch=1 iter-frac=0.5 db-options=default gomaxprocs=4
wiping /home/coder/bench/rangedel-db-4way/runs/20261005-fourway-v2/db-unique-5-p1
dir /home/coder/bench/rangedel-db-4way/runs/20261005-fourway-v2/db-unique-5-p1
concurrency 1
rangedel_config: arena_bytes=67108864 readers=4 writers=2 reader_interval=1ms writer_interval=1ms
____elapsed______reads/s_____writes/s___p50(µs)___p95(µs)___p99(µs)___pMax(µs)
      1.0s         3792         1943     294.9    1245.2    1441.8     5505.0
      2.0s         2833         1925     983.0    2621.4    3276.8     7602.2
      3.0s          953         1882    3801.1    8912.9    9961.5    11534.3
      4.0s         2350         1924     917.5    4456.4    4980.7     6553.6
      5.0s          453         1774    8126.5   14155.8   18874.4    26214.4
      6.0s          196         1890   20971.5   27263.0   37748.7    37748.7
      7.0s         2207         1912     852.0    3538.9   28311.6    30408.7
      8.0s          552         1912    6815.7   12582.9   14155.8    20971.5
      9.0s          208         1877   19922.9   25165.8   33554.4    35651.6
     10.0s          116         1907   35651.6   46137.3   54526.0    54526.0
rangedel_latency: kind=read class=all measurement=service samples=13664 completed_ops=13664 ops/s=1360.8 clipped_ops=0 expected_interval_ns=1000000 p50_us=846.847 p95_us=11501.567 p99_us=27820.031 p99.9_us=43843.583 max_us=52985.855
rangedel_latency: kind=read class=all measurement=corrected samples=37106 completed_ops=13664 ops/s=1360.8 clipped_ops=0 expected_interval_ns=1000000 p50_us=3352.575 p95_us=23625.727 p99_us=35651.583 p99.9_us=44728.319 max_us=52985.855
rangedel_latency: kind=read class=iter measurement=service samples=6893 completed_ops=6893 ops/s=686.5 clipped_ops=0 expected_interval_ns=1000000 p50_us=852.479 p95_us=11173.887 p99_us=28262.399 p99.9_us=43876.351 max_us=52985.855
rangedel_latency: kind=read class=iter measurement=corrected samples=18702 completed_ops=6893 ops/s=686.5 clipped_ops=0 expected_interval_ns=1000000 p50_us=3389.439 p95_us=24526.847 p99_us=36831.231 p99.9_us=46989.311 max_us=52985.855
rangedel_latency: kind=read class=get measurement=service samples=6771 completed_ops=6771 ops/s=674.3 clipped_ops=0 expected_interval_ns=1000000 p50_us=837.119 p95_us=11665.407 p99_us=27131.903 p99.9_us=43548.671 max_us=52920.319
rangedel_latency: kind=read class=get measurement=corrected samples=18404 completed_ops=6771 ops/s=674.3 clipped_ops=0 expected_interval_ns=1000000 p50_us=3325.951 p95_us=22757.375 p99_us=34045.951 p99.9_us=43614.207 max_us=52920.319
rangedel_latency: kind=commit class=all measurement=service samples=18946 completed_ops=18946 ops/s=1886.8 clipped_ops=0 expected_interval_ns=1000000 p50_us=9.543 p95_us=14.887 p99_us=23.695 p99.9_us=77.439 max_us=9322.495
rangedel_latency: kind=commit class=all measurement=corrected samples=18984 completed_ops=18946 ops/s=1886.8 clipped_ops=0 expected_interval_ns=1000000 p50_us=9.551 p95_us=15.015 p99_us=25.183 p99.9_us=3321.855 max_us=9322.495
rangedel_latency: kind=commit class=rangedel measurement=service samples=18946 completed_ops=18946 ops/s=1886.8 clipped_ops=0 expected_interval_ns=1000000 p50_us=9.543 p95_us=14.887 p99_us=23.695 p99.9_us=77.439 max_us=9322.495
rangedel_latency: kind=commit class=rangedel measurement=corrected samples=18984 completed_ops=18946 ops/s=1886.8 clipped_ops=0 expected_interval_ns=1000000 p50_us=9.551 p95_us=15.015 p99_us=25.183 p99.9_us=3321.855 max_us=9322.495
rangedel_latency: kind=commit class=point measurement=service samples=0 completed_ops=0 ops/s=0.0 clipped_ops=0 expected_interval_ns=1000000 p50_us=0.000 p95_us=0.000 p99_us=0.000 p99.9_us=0.000 max_us=0.000
rangedel_latency: kind=commit class=point measurement=corrected samples=0 completed_ops=0 ops/s=0.0 clipped_ops=0 expected_interval_ns=1000000 p50_us=0.000 p95_us=0.000 p99_us=0.000 p99.9_us=0.000 max_us=0.000
rangedel_summary: elapsed=10.041s rangedel_batches=18946 rangedel_ops=303136 overlapping_rangedel_ops=30095 point_sets=18946 flushes=0 memtable_bytes=33292288 memtable_count=7 cumulative_flushable_mem_bytes=26922622
LSM                             |    vtables   |   value sep   |        |   ingested   |    amp
level       size | tables  size |  count  size |  refsz valblk |     in | tables  size |   r     w
-----------------+--------------+--------------+---------------+--------+--------------+----------
total         0B |      0    0B |      0     0 |     0B     0B |   15MB |      0    0B |   0  1.00

COMPACTIONS               |     moved    |     multilevel    |     read     |       written
level | score    ff   cff | tables  size |   top    in  read | tables  blob | tables  sstsz blobsz
------+-------------------+--------------+-------------------+--------------+---------------------
total |     -     -     - |      0    0B |    0B    0B    0B |     0B    0B |      0   15MB     0B

 kind | default  delete  elision  move  read  tomb  rewrite  copy  multi  blob virtual
count |       0       0        0     0     0     0        0     0      0     0       0

COMMIT PIPELINE
               wals                |              memtables              |       ingestions
    files |    written |  overhead |   flushes |       live |     zombie |     total |   flushable
----------+------------+-----------+-----------+------------+------------+-----------+------------
 7 (15MB) | 15MB: 15MB |      2.5% |         0 |   7 (32MB) |     0 (0B) |         0 |      0 (0B)

BLOCK CACHE: 0 entries (0B)
                 miss rate [percentage of total misses] since start
level      all     |  background    sstdata       sstval      blobval       filter       index
-------------------+------------------------------------------------------------------------------
total      0%      |

ITERATORS
        file cache        |    filter   |    open     |    open
     entries |   hit rate | utilization |  sst iters  |  snapshots
-------------+------------+-------------+-------------+------------
      0 (0B) |       0.0% |        0.0% |           0 |           0

FILES                 physical tables                 |                blob files
          |     local        shared        remote     |     local        shared        remote
----------+-------------------------------------------+------------------------------------------
     live |    0 (0B)        0 (0B)        0 (0B)     |    0 (0B)        0 (0B)        0 (0B)
   zombie |    0 (0B)        0 (0B)        0 (0B)     |    0 (0B)        0 (0B)        0 (0B)
 obsolete |    0 (0B)        0 (0B)        0 (0B)     |    0 (0B)        0 (0B)        0 (0B)

MISC            |
----------------+-----------
table stats     | all loaded
table garbage   |
  point del     | 0B
  range del     | 0B
blob values     |
  total         | 0B
  refed         | 0B
  backing-refed | 0B

CGO MEMORY    |          block cache           |                     memtables
          tot |           tot |           data |            maps |            ents |           tot
--------------+---------------+----------------+-----------------+-----------------+--------------
         32MB |         8.2KB |             0B |           8.2KB |              0B |          32MB

COMPACTIONS
                                                                         |      blob rewrites
    est. debt |   in progress |  cancelled |   failed |    problem spans |       read |    written
--------------+---------------+------------+----------+------------------+------------+-----------
           0B |        0 (0B) |     0 (0B) |        0 |                0 |         0B |         0B

KEYS
      range keys |       tombstones |      missized tombstones |      point dels |      range dels
-----------------+------------------+--------------------------+-----------------+----------------
               0 |                0 |                        0 |              0B |              0B

COMPRESSION
    algorithm |        tables |    blob files

        Logical bytes compressed / decompressed
level |  data blocks   |  value blocks  |  other blocks

DELETE PACER   |   in queue   |   deleted
---------------+--------------+-------------
        tables |    0 (0B)    |    0 (0B)
    blob files |    0 (0B)    |    0 (0B)
   other files |    0 (0B)    |    0 (0B)