rangedel: shape=unique queues=1024 overlap-frac=0.1 rangedels-per-batch=16 sets-per-batch=1 iter-frac=0.5 db-options=default gomaxprocs=4
wiping /home/coder/bench/rangedel-db-4way/runs/20261005-fourway-v2/db-unique-5-method12
dir /home/coder/bench/rangedel-db-4way/runs/20261005-fourway-v2/db-unique-5-method12
concurrency 1
rangedel_config: arena_bytes=67108864 readers=4 writers=2 reader_interval=1ms writer_interval=1ms
____elapsed______reads/s_____writes/s___p50(µs)___p95(µs)___p99(µs)___pMax(µs)
      1.0s         3955         1966      16.4      16.4      16.4       41.0
      2.0s         3952         1982      16.4      16.4      16.4       49.2
      3.0s         3953         1962      16.4      16.4      16.4      106.5
      4.0s         3977         1993      16.4      16.4      16.4       41.0
      5.0s         3970         1993      16.4      16.4      16.4       32.8
      6.0s         3978         1980      16.4      16.4      16.4       49.2
      7.0s         3971         1997      16.4      16.4      24.6       57.3
      8.0s         3963         1990      16.4      16.4      24.6      172.0
      9.0s         3972         1989      16.4      16.4      24.6       49.2
rangedel_latency: kind=read class=all measurement=service samples=39645 completed_ops=39645 ops/s=3964.2 clipped_ops=0 expected_interval_ns=1000000 p50_us=3.741 p95_us=13.623 p99_us=17.359 p99.9_us=25.263 max_us=168.447
rangedel_latency: kind=read class=all measurement=corrected samples=39645 completed_ops=39645 ops/s=3964.2 clipped_ops=0 expected_interval_ns=1000000 p50_us=3.741 p95_us=13.623 p99_us=17.359 p99.9_us=25.263 max_us=168.447
rangedel_latency: kind=read class=iter measurement=service samples=19865 completed_ops=19865 ops/s=1986.4 clipped_ops=0 expected_interval_ns=1000000 p50_us=8.383 p95_us=15.175 p99_us=18.815 p99.9_us=27.935 max_us=60.863
rangedel_latency: kind=read class=iter measurement=corrected samples=19865 completed_ops=19865 ops/s=1986.4 clipped_ops=0 expected_interval_ns=1000000 p50_us=8.383 p95_us=15.175 p99_us=18.815 p99.9_us=27.935 max_us=60.863
rangedel_latency: kind=read class=get measurement=service samples=19780 completed_ops=19780 ops/s=1977.9 clipped_ops=0 expected_interval_ns=1000000 p50_us=2.551 p95_us=4.623 p99_us=6.291 p99.9_us=17.743 max_us=168.447
rangedel_latency: kind=read class=get measurement=corrected samples=19780 completed_ops=19780 ops/s=1977.9 clipped_ops=0 expected_interval_ns=1000000 p50_us=2.551 p95_us=4.623 p99_us=6.291 p99.9_us=17.743 max_us=168.447
rangedel_latency: kind=commit class=all measurement=service samples=19834 completed_ops=19834 ops/s=1983.3 clipped_ops=0 expected_interval_ns=1000000 p50_us=52.991 p95_us=83.839 p99_us=100.671 p99.9_us=175.615 max_us=10248.191
rangedel_latency: kind=commit class=all measurement=corrected samples=19890 completed_ops=19834 ops/s=1983.3 clipped_ops=0 expected_interval_ns=1000000 p50_us=53.055 p95_us=84.223 p99_us=106.111 p99.9_us=4861.951 max_us=10248.191
rangedel_latency: kind=commit class=rangedel measurement=service samples=19834 completed_ops=19834 ops/s=1983.3 clipped_ops=0 expected_interval_ns=1000000 p50_us=52.991 p95_us=83.839 p99_us=100.671 p99.9_us=175.615 max_us=10248.191
rangedel_latency: kind=commit class=rangedel measurement=corrected samples=19890 completed_ops=19834 ops/s=1983.3 clipped_ops=0 expected_interval_ns=1000000 p50_us=53.055 p95_us=84.223 p99_us=106.111 p99.9_us=4861.951 max_us=10248.191
rangedel_latency: kind=commit class=point measurement=service samples=0 completed_ops=0 ops/s=0.0 clipped_ops=0 expected_interval_ns=1000000 p50_us=0.000 p95_us=0.000 p99_us=0.000 p99.9_us=0.000 max_us=0.000
rangedel_latency: kind=commit class=point measurement=corrected samples=0 completed_ops=0 ops/s=0.0 clipped_ops=0 expected_interval_ns=1000000 p50_us=0.000 p95_us=0.000 p99_us=0.000 p99.9_us=0.000 max_us=0.000
rangedel_summary: elapsed=10.001s rangedel_batches=19834 rangedel_ops=317344 overlapping_rangedel_ops=31539 point_sets=19834 flushes=0 memtable_bytes=33292288 memtable_count=7 cumulative_flushable_mem_bytes=28179566
LSM                             |    vtables   |   value sep   |        |   ingested   |    amp
level       size | tables  size |  count  size |  refsz valblk |     in | tables  size |   r     w
-----------------+--------------+--------------+---------------+--------+--------------+----------
total         0B |      0    0B |      0     0 |     0B     0B |   16MB |      0    0B |   0  1.00

COMPACTIONS               |     moved    |     multilevel    |     read     |       written
level | score    ff   cff | tables  size |   top    in  read | tables  blob | tables  sstsz blobsz
------+-------------------+--------------+-------------------+--------------+---------------------
total |     -     -     - |      0    0B |    0B    0B    0B |     0B    0B |      0   16MB     0B

 kind | default  delete  elision  move  read  tomb  rewrite  copy  multi  blob virtual
count |       0       0        0     0     0     0        0     0      0     0       0

COMMIT PIPELINE
               wals                |              memtables              |       ingestions
    files |    written |  overhead |   flushes |       live |     zombie |     total |   flushable
----------+------------+-----------+-----------+------------+------------+-----------+------------
 7 (16MB) | 15MB: 16MB |      2.5% |         0 |   7 (32MB) |     0 (0B) |         0 |      0 (0B)

BLOCK CACHE: 0 entries (0B)
                 miss rate [percentage of total misses] since start
level      all     |  background    sstdata       sstval      blobval       filter       index
-------------------+------------------------------------------------------------------------------
total      0%      |

ITERATORS
        file cache        |    filter   |    open     |    open
     entries |   hit rate | utilization |  sst iters  |  snapshots
-------------+------------+-------------+-------------+------------
      0 (0B) |       0.0% |        0.0% |           0 |           0

FILES                 physical tables                 |                blob files
          |     local        shared        remote     |     local        shared        remote
----------+-------------------------------------------+------------------------------------------
     live |    0 (0B)        0 (0B)        0 (0B)     |    0 (0B)        0 (0B)        0 (0B)
   zombie |    0 (0B)        0 (0B)        0 (0B)     |    0 (0B)        0 (0B)        0 (0B)
 obsolete |    0 (0B)        0 (0B)        0 (0B)     |    0 (0B)        0 (0B)        0 (0B)

MISC            |
----------------+-----------
table stats     | all loaded
table garbage   |
  point del     | 0B
  range del     | 0B
blob values     |
  total         | 0B
  refed         | 0B
  backing-refed | 0B

CGO MEMORY    |          block cache           |                     memtables
          tot |           tot |           data |            maps |            ents |           tot
--------------+---------------+----------------+-----------------+-----------------+--------------
         32MB |         8.2KB |             0B |           8.2KB |              0B |          32MB

COMPACTIONS
                                                                         |      blob rewrites
    est. debt |   in progress |  cancelled |   failed |    problem spans |       read |    written
--------------+---------------+------------+----------+------------------+------------+-----------
           0B |        0 (0B) |     0 (0B) |        0 |                0 |         0B |         0B

KEYS
      range keys |       tombstones |      missized tombstones |      point dels |      range dels
-----------------+------------------+--------------------------+-----------------+----------------
               0 |                0 |                        0 |              0B |              0B

COMPRESSION
    algorithm |        tables |    blob files

        Logical bytes compressed / decompressed
level |  data blocks   |  value blocks  |  other blocks

DELETE PACER   |   in queue   |   deleted
---------------+--------------+-------------
        tables |    0 (0B)    |    0 (0B)
    blob files |    0 (0B)    |    0 (0B)
   other files |    0 (0B)    |    0 (0B)