rangedel: shape=unique queues=1024 overlap-frac=0.1 rangedels-per-batch=16 sets-per-batch=1 iter-frac=0.5 db-options=default gomaxprocs=4
wiping /home/coder/bench/rangedel-db-4way/runs/20261005-fourway-v2/db-unique-10-master
dir /home/coder/bench/rangedel-db-4way/runs/20261005-fourway-v2/db-unique-10-master
concurrency 1
rangedel_config: arena_bytes=67108864 readers=4 writers=2 reader_interval=1ms writer_interval=1ms
____elapsed______reads/s_____writes/s___p50(µs)___p95(µs)___p99(µs)___pMax(µs)
      1.0s         3588         1935     458.8    1572.9    1769.5     2621.4
      2.0s         2354         1936    1441.8    3407.9    3932.2     5505.0
      3.0s          798         1889    4718.6   10485.8   12058.6    12582.9
      4.0s         1960         1894    1310.7    5242.9    6553.6    17825.8
      5.0s          395         1866    9961.5   15728.6   16777.2    19922.9
      6.0s          176         1852   23068.7   30408.7   33554.4    39845.9
      7.0s         1934         1902    1179.6    4456.4   29360.1    39845.9
      8.0s          459         1860    8126.5   14155.8   15728.6    16252.9
      9.0s          200         1865   19922.9   27263.0   37748.7    37748.7
     10.0s          104         1863   39845.9   52428.8   54526.0    54526.0
rangedel_latency: kind=read class=all measurement=service samples=11972 completed_ops=11972 ops/s=1193.7 clipped_ops=0 expected_interval_ns=1000000 p50_us=1161.215 p95_us=13606.911 p99_us=30179.327 p99.9_us=45350.911 max_us=53313.535
rangedel_latency: kind=read class=all measurement=corrected samples=36916 completed_ops=11972 ops/s=1193.7 clipped_ops=0 expected_interval_ns=1000000 p50_us=3880.959 p95_us=25362.431 p99_us=38076.415 p99.9_us=48365.567 max_us=53313.535
rangedel_latency: kind=read class=iter measurement=service samples=6052 completed_ops=6052 ops/s=603.4 clipped_ops=0 expected_interval_ns=1000000 p50_us=1155.071 p95_us=13451.263 p99_us=29589.503 p99.9_us=51085.311 max_us=53051.391
rangedel_latency: kind=read class=iter measurement=corrected samples=18470 completed_ops=6052 ops/s=603.4 clipped_ops=0 expected_interval_ns=1000000 p50_us=3831.807 p95_us=25772.031 p99_us=39124.991 p99.9_us=50036.735 max_us=53051.391
rangedel_latency: kind=read class=get measurement=service samples=5920 completed_ops=5920 ops/s=590.3 clipped_ops=0 expected_interval_ns=1000000 p50_us=1165.311 p95_us=13688.831 p99_us=30277.631 p99.9_us=45252.607 max_us=53313.535
rangedel_latency: kind=read class=get measurement=corrected samples=18446 completed_ops=5920 ops/s=590.3 clipped_ops=0 expected_interval_ns=1000000 p50_us=3913.727 p95_us=25133.055 p99_us=36732.927 p99.9_us=45481.983 max_us=53313.535
rangedel_latency: kind=commit class=all measurement=service samples=18865 completed_ops=18865 ops/s=1881.0 clipped_ops=0 expected_interval_ns=1000000 p50_us=9.447 p95_us=14.711 p99_us=20.623 p99.9_us=123.775 max_us=11214.847
rangedel_latency: kind=commit class=all measurement=corrected samples=18952 completed_ops=18865 ops/s=1881.0 clipped_ops=0 expected_interval_ns=1000000 p50_us=9.455 p95_us=14.975 p99_us=26.031 p99.9_us=7421.951 max_us=11214.847
rangedel_latency: kind=commit class=rangedel measurement=service samples=18865 completed_ops=18865 ops/s=1881.0 clipped_ops=0 expected_interval_ns=1000000 p50_us=9.447 p95_us=14.711 p99_us=20.623 p99.9_us=123.775 max_us=11214.847
rangedel_latency: kind=commit class=rangedel measurement=corrected samples=18952 completed_ops=18865 ops/s=1881.0 clipped_ops=0 expected_interval_ns=1000000 p50_us=9.455 p95_us=14.975 p99_us=26.031 p99.9_us=7421.951 max_us=11214.847
rangedel_latency: kind=commit class=point measurement=service samples=0 completed_ops=0 ops/s=0.0 clipped_ops=0 expected_interval_ns=1000000 p50_us=0.000 p95_us=0.000 p99_us=0.000 p99.9_us=0.000 max_us=0.000
rangedel_latency: kind=commit class=point measurement=corrected samples=0 completed_ops=0 ops/s=0.0 clipped_ops=0 expected_interval_ns=1000000 p50_us=0.000 p95_us=0.000 p99_us=0.000 p99.9_us=0.000 max_us=0.000
rangedel_summary: elapsed=10.029s rangedel_batches=18865 rangedel_ops=301840 overlapping_rangedel_ops=29972 point_sets=18865 flushes=0 memtable_bytes=33292288 memtable_count=7 cumulative_flushable_mem_bytes=26805691
LSM                             |    vtables   |   value sep   |        |   ingested   |    amp
level       size | tables  size |  count  size |  refsz valblk |     in | tables  size |   r     w
-----------------+--------------+--------------+---------------+--------+--------------+----------
total         0B |      0    0B |      0     0 |     0B     0B |   15MB |      0    0B |   0  1.00

COMPACTIONS               |     moved    |     multilevel    |     read     |       written
level | score    ff   cff | tables  size |   top    in  read | tables  blob | tables  sstsz blobsz
------+-------------------+--------------+-------------------+--------------+---------------------
total |     -     -     - |      0    0B |    0B    0B    0B |     0B    0B |      0   15MB     0B

 kind | default  delete  elision  move  read  tomb  rewrite  copy  multi  blob virtual
count |       0       0        0     0     0     0        0     0      0     0       0

COMMIT PIPELINE
               wals                |              memtables              |       ingestions
    files |    written |  overhead |   flushes |       live |     zombie |     total |   flushable
----------+------------+-----------+-----------+------------+------------+-----------+------------
 7 (15MB) | 15MB: 15MB |      2.5% |         0 |   7 (32MB) |     0 (0B) |         0 |      0 (0B)

BLOCK CACHE: 0 entries (0B)
                 miss rate [percentage of total misses] since start
level      all     |  background    sstdata       sstval      blobval       filter       index
-------------------+------------------------------------------------------------------------------
total      0%      |

ITERATORS
        file cache        |    filter   |    open     |    open
     entries |   hit rate | utilization |  sst iters  |  snapshots
-------------+------------+-------------+-------------+------------
      0 (0B) |       0.0% |        0.0% |           0 |           0

FILES                 physical tables                 |                blob files
          |     local        shared        remote     |     local        shared        remote
----------+-------------------------------------------+------------------------------------------
     live |    0 (0B)        0 (0B)        0 (0B)     |    0 (0B)        0 (0B)        0 (0B)
   zombie |    0 (0B)        0 (0B)        0 (0B)     |    0 (0B)        0 (0B)        0 (0B)
 obsolete |    0 (0B)        0 (0B)        0 (0B)     |    0 (0B)        0 (0B)        0 (0B)

MISC            |
----------------+-----------
table stats     | all loaded
table garbage   |
  point del     | 0B
  range del     | 0B
blob values     |
  total         | 0B
  refed         | 0B
  backing-refed | 0B

CGO MEMORY    |          block cache           |                     memtables
          tot |           tot |           data |            maps |            ents |           tot
--------------+---------------+----------------+-----------------+-----------------+--------------
         32MB |         8.2KB |             0B |           8.2KB |              0B |          32MB

COMPACTIONS
                                                                         |      blob rewrites
    est. debt |   in progress |  cancelled |   failed |    problem spans |       read |    written
--------------+---------------+------------+----------+------------------+------------+-----------
           0B |        0 (0B) |     0 (0B) |        0 |                0 |         0B |         0B

KEYS
      range keys |       tombstones |      missized tombstones |      point dels |      range dels
-----------------+------------------+--------------------------+-----------------+----------------
               0 |                0 |                        0 |              0B |              0B

COMPRESSION
    algorithm |        tables |    blob files

        Logical bytes compressed / decompressed
level |  data blocks   |  value blocks  |  other blocks

DELETE PACER   |   in queue   |   deleted
---------------+--------------+-------------
        tables |    0 (0B)    |    0 (0B)
    blob files |    0 (0B)    |    0 (0B)
   other files |    0 (0B)    |    0 (0B)