rangedel: shape=unique queues=1024 overlap-frac=0.1 rangedels-per-batch=16 sets-per-batch=1 iter-frac=0.5 db-options=default gomaxprocs=4
wiping /home/coder/bench/rangedel-db-4way/runs/20261005-fourway-v2/db-unique-7-method1
dir /home/coder/bench/rangedel-db-4way/runs/20261005-fourway-v2/db-unique-7-method1
concurrency 1
rangedel_config: arena_bytes=67108864 readers=4 writers=2 reader_interval=1ms writer_interval=1ms
____elapsed______reads/s_____writes/s___p50(µs)___p95(µs)___p99(µs)___pMax(µs)
      1.0s         3847         1889      16.4      16.4      16.4      147.5
      2.0s         3935         1937      16.4      16.4      16.4      155.6
      3.0s         3942         1943      16.4      16.4      16.4       24.6
      4.0s         3988         1993      16.4      16.4      16.4       57.3
      5.0s         3927         1966      16.4      16.4      16.4     2621.4
      6.0s         3900         1934      16.4      16.4      16.4       32.8
      7.0s         3965         1982      16.4      16.4      24.6       32.8
      8.0s         3855         1927      16.4      16.4      24.6      221.2
      9.0s         3855         1929      16.4      24.6      24.6       41.0
     10.0s         3848         1907      16.4      24.6      24.6       41.0
rangedel_latency: kind=read class=all measurement=service samples=39066 completed_ops=39066 ops/s=3906.5 clipped_ops=0 expected_interval_ns=1000000 p50_us=3.771 p95_us=13.807 p99_us=19.103 p99.9_us=29.455 max_us=2516.991
rangedel_latency: kind=read class=all measurement=corrected samples=39067 completed_ops=39066 ops/s=3906.5 clipped_ops=0 expected_interval_ns=1000000 p50_us=3.771 p95_us=13.807 p99_us=19.103 p99.9_us=29.487 max_us=2516.991
rangedel_latency: kind=read class=iter measurement=service samples=19596 completed_ops=19596 ops/s=1959.6 clipped_ops=0 expected_interval_ns=1000000 p50_us=7.911 p95_us=16.087 p99_us=21.263 p99.9_us=32.959 max_us=218.751
rangedel_latency: kind=read class=iter measurement=corrected samples=19596 completed_ops=19596 ops/s=1959.6 clipped_ops=0 expected_interval_ns=1000000 p50_us=7.911 p95_us=16.087 p99_us=21.263 p99.9_us=32.959 max_us=218.751
rangedel_latency: kind=read class=get measurement=service samples=19470 completed_ops=19470 ops/s=1947.0 clipped_ops=0 expected_interval_ns=1000000 p50_us=2.651 p95_us=4.883 p99_us=6.591 p99.9_us=13.583 max_us=2516.991
rangedel_latency: kind=read class=get measurement=corrected samples=19471 completed_ops=19470 ops/s=1947.0 clipped_ops=0 expected_interval_ns=1000000 p50_us=2.651 p95_us=4.883 p99_us=6.591 p99.9_us=13.807 max_us=2516.991
rangedel_latency: kind=commit class=all measurement=service samples=19409 completed_ops=19409 ops/s=1940.9 clipped_ops=0 expected_interval_ns=1000000 p50_us=71.551 p95_us=114.559 p99_us=139.263 p99.9_us=421.119 max_us=19054.591
rangedel_latency: kind=commit class=all measurement=corrected samples=19517 completed_ops=19409 ops/s=1940.9 clipped_ops=0 expected_interval_ns=1000000 p50_us=71.807 p95_us=115.775 p99_us=171.647 p99.9_us=10969.087 max_us=19054.591
rangedel_latency: kind=commit class=rangedel measurement=service samples=19409 completed_ops=19409 ops/s=1940.9 clipped_ops=0 expected_interval_ns=1000000 p50_us=71.551 p95_us=114.559 p99_us=139.263 p99.9_us=421.119 max_us=19054.591
rangedel_latency: kind=commit class=rangedel measurement=corrected samples=19517 completed_ops=19409 ops/s=1940.9 clipped_ops=0 expected_interval_ns=1000000 p50_us=71.807 p95_us=115.775 p99_us=171.647 p99.9_us=10969.087 max_us=19054.591
rangedel_latency: kind=commit class=point measurement=service samples=0 completed_ops=0 ops/s=0.0 clipped_ops=0 expected_interval_ns=1000000 p50_us=0.000 p95_us=0.000 p99_us=0.000 p99.9_us=0.000 max_us=0.000
rangedel_latency: kind=commit class=point measurement=corrected samples=0 completed_ops=0 ops/s=0.0 clipped_ops=0 expected_interval_ns=1000000 p50_us=0.000 p95_us=0.000 p99_us=0.000 p99.9_us=0.000 max_us=0.000
rangedel_summary: elapsed=10.000s rangedel_batches=19409 rangedel_ops=310544 overlapping_rangedel_ops=30844 point_sets=19409 flushes=0 memtable_bytes=33292288 memtable_count=7 cumulative_flushable_mem_bytes=27573507
LSM                             |    vtables   |   value sep   |        |   ingested   |    amp
level       size | tables  size |  count  size |  refsz valblk |     in | tables  size |   r     w
-----------------+--------------+--------------+---------------+--------+--------------+----------
total         0B |      0    0B |      0     0 |     0B     0B |   15MB |      0    0B |   0  1.00

COMPACTIONS               |     moved    |     multilevel    |     read     |       written
level | score    ff   cff | tables  size |   top    in  read | tables  blob | tables  sstsz blobsz
------+-------------------+--------------+-------------------+--------------+---------------------
total |     -     -     - |      0    0B |    0B    0B    0B |     0B    0B |      0   15MB     0B

 kind | default  delete  elision  move  read  tomb  rewrite  copy  multi  blob virtual
count |       0       0        0     0     0     0        0     0      0     0       0

COMMIT PIPELINE
               wals                |              memtables              |       ingestions
    files |    written |  overhead |   flushes |       live |     zombie |     total |   flushable
----------+------------+-----------+-----------+------------+------------+-----------+------------
 7 (15MB) | 15MB: 15MB |      2.5% |         0 |   7 (32MB) |     0 (0B) |         0 |      0 (0B)

BLOCK CACHE: 0 entries (0B)
                 miss rate [percentage of total misses] since start
level      all     |  background    sstdata       sstval      blobval       filter       index
-------------------+------------------------------------------------------------------------------
total      0%      |

ITERATORS
        file cache        |    filter   |    open     |    open
     entries |   hit rate | utilization |  sst iters  |  snapshots
-------------+------------+-------------+-------------+------------
      0 (0B) |       0.0% |        0.0% |           0 |           0

FILES                 physical tables                 |                blob files
          |     local        shared        remote     |     local        shared        remote
----------+-------------------------------------------+------------------------------------------
     live |    0 (0B)        0 (0B)        0 (0B)     |    0 (0B)        0 (0B)        0 (0B)
   zombie |    0 (0B)        0 (0B)        0 (0B)     |    0 (0B)        0 (0B)        0 (0B)
 obsolete |    0 (0B)        0 (0B)        0 (0B)     |    0 (0B)        0 (0B)        0 (0B)

MISC            |
----------------+-----------
table stats     | all loaded
table garbage   |
  point del     | 0B
  range del     | 0B
blob values     |
  total         | 0B
  refed         | 0B
  backing-refed | 0B

CGO MEMORY    |          block cache           |                     memtables
          tot |           tot |           data |            maps |            ents |           tot
--------------+---------------+----------------+-----------------+-----------------+--------------
         32MB |         8.2KB |             0B |           8.2KB |              0B |          32MB

COMPACTIONS
                                                                         |      blob rewrites
    est. debt |   in progress |  cancelled |   failed |    problem spans |       read |    written
--------------+---------------+------------+----------+------------------+------------+-----------
           0B |        0 (0B) |     0 (0B) |        0 |                0 |         0B |         0B

KEYS
      range keys |       tombstones |      missized tombstones |      point dels |      range dels
-----------------+------------------+--------------------------+-----------------+----------------
               0 |                0 |                        0 |              0B |              0B

COMPRESSION
    algorithm |        tables |    blob files

        Logical bytes compressed / decompressed
level |  data blocks   |  value blocks  |  other blocks

DELETE PACER   |   in queue   |   deleted
---------------+--------------+-------------
        tables |    0 (0B)    |    0 (0B)
    blob files |    0 (0B)    |    0 (0B)
   other files |    0 (0B)    |    0 (0B)