rangedel: shape=unique queues=1024 overlap-frac=0.1 rangedels-per-batch=16 sets-per-batch=1 iter-frac=0.5 db-options=default gomaxprocs=4
wiping /home/coder/bench/rangedel-db-4way/runs/20261005-fourway-v2/db-unique-3-p1
dir /home/coder/bench/rangedel-db-4way/runs/20261005-fourway-v2/db-unique-3-p1
concurrency 1
rangedel_config: arena_bytes=67108864 readers=4 writers=2 reader_interval=1ms writer_interval=1ms
____elapsed______reads/s_____writes/s___p50(µs)___p95(µs)___p99(µs)___pMax(µs)
      1.0s         3769         1933     294.9    1245.2    1441.8     2883.6
      2.0s         2814         1922    1015.8    2752.5    3276.8     7077.9
      3.0s          910         1838    3932.2    8912.9    9437.2    20971.5
      4.0s         2431         1905     852.0    4063.2    4980.7     6553.6
      5.0s          477         1735    7602.2   13107.2   20971.5    24117.2
      6.0s          211         1812   18874.4   25165.8   37748.7    37748.7
      7.0s         2067         1861     786.4    3014.7   27263.0    30408.7
      8.0s          662         1836    5505.0   10485.8   17825.8    23068.7
      9.0s          236         1678   15728.6   22020.1   60817.4    79691.8
     10.0s          140         1612   27263.0   46137.3   54526.0    56623.1
rangedel_latency: kind=read class=all measurement=service samples=13721 completed_ops=13721 ops/s=1368.7 clipped_ops=0 expected_interval_ns=1000000 p50_us=864.255 p95_us=12091.391 p99_us=25837.567 p99.9_us=44367.871 max_us=79364.095
rangedel_latency: kind=read class=all measurement=corrected samples=36923 completed_ops=13721 ops/s=1368.7 clipped_ops=0 expected_interval_ns=1000000 p50_us=3282.943 p95_us=21348.351 p99_us=33521.663 p99.9_us=56557.567 max_us=79364.095
rangedel_latency: kind=read class=iter measurement=service samples=6928 completed_ops=6928 ops/s=691.1 clipped_ops=0 expected_interval_ns=1000000 p50_us=871.423 p95_us=12255.231 p99_us=26066.943 p99.9_us=44367.871 max_us=79364.095
rangedel_latency: kind=read class=iter measurement=corrected samples=18818 completed_ops=6928 ops/s=691.1 clipped_ops=0 expected_interval_ns=1000000 p50_us=3344.383 p95_us=21889.023 p99_us=34308.095 p99.9_us=63995.903 max_us=79364.095
rangedel_latency: kind=read class=get measurement=service samples=6793 completed_ops=6793 ops/s=677.6 clipped_ops=0 expected_interval_ns=1000000 p50_us=855.039 p95_us=11894.783 p99_us=25509.887 p99.9_us=44335.103 max_us=59572.223
rangedel_latency: kind=read class=get measurement=corrected samples=18105 completed_ops=6793 ops/s=677.6 clipped_ops=0 expected_interval_ns=1000000 p50_us=3203.071 p95_us=20905.983 p99_us=32997.375 p99.9_us=49020.927 max_us=59572.223
rangedel_latency: kind=commit class=all measurement=service samples=18132 completed_ops=18132 ops/s=1808.7 clipped_ops=0 expected_interval_ns=1000000 p50_us=9.255 p95_us=13.495 p99_us=18.639 p99.9_us=167.551 max_us=15359.999
rangedel_latency: kind=commit class=all measurement=corrected samples=18236 completed_ops=18132 ops/s=1808.7 clipped_ops=0 expected_interval_ns=1000000 p50_us=9.263 p95_us=13.895 p99_us=23.343 p99.9_us=8740.863 max_us=15359.999
rangedel_latency: kind=commit class=rangedel measurement=service samples=18132 completed_ops=18132 ops/s=1808.7 clipped_ops=0 expected_interval_ns=1000000 p50_us=9.255 p95_us=13.495 p99_us=18.639 p99.9_us=167.551 max_us=15359.999
rangedel_latency: kind=commit class=rangedel measurement=corrected samples=18236 completed_ops=18132 ops/s=1808.7 clipped_ops=0 expected_interval_ns=1000000 p50_us=9.263 p95_us=13.895 p99_us=23.343 p99.9_us=8740.863 max_us=15359.999
rangedel_latency: kind=commit class=point measurement=service samples=0 completed_ops=0 ops/s=0.0 clipped_ops=0 expected_interval_ns=1000000 p50_us=0.000 p95_us=0.000 p99_us=0.000 p99.9_us=0.000 max_us=0.000
rangedel_latency: kind=commit class=point measurement=corrected samples=0 completed_ops=0 ops/s=0.0 clipped_ops=0 expected_interval_ns=1000000 p50_us=0.000 p95_us=0.000 p99_us=0.000 p99.9_us=0.000 max_us=0.000
rangedel_summary: elapsed=10.025s rangedel_batches=18132 rangedel_ops=290112 overlapping_rangedel_ops=28771 point_sets=18132 flushes=0 memtable_bytes=33292288 memtable_count=7 cumulative_flushable_mem_bytes=25762156
LSM                             |    vtables   |   value sep   |        |   ingested   |    amp
level       size | tables  size |  count  size |  refsz valblk |     in | tables  size |   r     w
-----------------+--------------+--------------+---------------+--------+--------------+----------
total         0B |      0    0B |      0     0 |     0B     0B |   14MB |      0    0B |   0  1.00

COMPACTIONS               |     moved    |     multilevel    |     read     |       written
level | score    ff   cff | tables  size |   top    in  read | tables  blob | tables  sstsz blobsz
------+-------------------+--------------+-------------------+--------------+---------------------
total |     -     -     - |      0    0B |    0B    0B    0B |     0B    0B |      0   14MB     0B

 kind | default  delete  elision  move  read  tomb  rewrite  copy  multi  blob virtual
count |       0       0        0     0     0     0        0     0      0     0       0

COMMIT PIPELINE
               wals                |              memtables              |       ingestions
    files |    written |  overhead |   flushes |       live |     zombie |     total |   flushable
----------+------------+-----------+-----------+------------+------------+-----------+------------
 7 (14MB) | 14MB: 14MB |      2.5% |         0 |   7 (32MB) |     0 (0B) |         0 |      0 (0B)

BLOCK CACHE: 0 entries (0B)
                 miss rate [percentage of total misses] since start
level      all     |  background    sstdata       sstval      blobval       filter       index
-------------------+------------------------------------------------------------------------------
total      0%      |

ITERATORS
        file cache        |    filter   |    open     |    open
     entries |   hit rate | utilization |  sst iters  |  snapshots
-------------+------------+-------------+-------------+------------
      0 (0B) |       0.0% |        0.0% |           0 |           0

FILES                 physical tables                 |                blob files
          |     local        shared        remote     |     local        shared        remote
----------+-------------------------------------------+------------------------------------------
     live |    0 (0B)        0 (0B)        0 (0B)     |    0 (0B)        0 (0B)        0 (0B)
   zombie |    0 (0B)        0 (0B)        0 (0B)     |    0 (0B)        0 (0B)        0 (0B)
 obsolete |    0 (0B)        0 (0B)        0 (0B)     |    0 (0B)        0 (0B)        0 (0B)

MISC            |
----------------+-----------
table stats     | all loaded
table garbage   |
  point del     | 0B
  range del     | 0B
blob values     |
  total         | 0B
  refed         | 0B
  backing-refed | 0B

CGO MEMORY    |          block cache           |                     memtables
          tot |           tot |           data |            maps |            ents |           tot
--------------+---------------+----------------+-----------------+-----------------+--------------
         32MB |         8.2KB |             0B |           8.2KB |              0B |          32MB

COMPACTIONS
                                                                         |      blob rewrites
    est. debt |   in progress |  cancelled |   failed |    problem spans |       read |    written
--------------+---------------+------------+----------+------------------+------------+-----------
           0B |        0 (0B) |     0 (0B) |        0 |                0 |         0B |         0B

KEYS
      range keys |       tombstones |      missized tombstones |      point dels |      range dels
-----------------+------------------+--------------------------+-----------------+----------------
               0 |                0 |                        0 |              0B |              0B

COMPRESSION
    algorithm |        tables |    blob files

        Logical bytes compressed / decompressed
level |  data blocks   |  value blocks  |  other blocks

DELETE PACER   |   in queue   |   deleted
---------------+--------------+-------------
        tables |    0 (0B)    |    0 (0B)
    blob files |    0 (0B)    |    0 (0B)
   other files |    0 (0B)    |    0 (0B)