rangedel: shape=unique queues=1024 overlap-frac=0.1 rangedels-per-batch=16 sets-per-batch=1 iter-frac=0.5 db-options=default gomaxprocs=4
wiping /home/coder/bench/rangedel-db-4way/runs/20261005-fourway-v2/db-unique-4-p1
dir /home/coder/bench/rangedel-db-4way/runs/20261005-fourway-v2/db-unique-4-p1
concurrency 1
rangedel_config: arena_bytes=67108864 readers=4 writers=2 reader_interval=1ms writer_interval=1ms
____elapsed______reads/s_____writes/s___p50(µs)___p95(µs)___p99(µs)___pMax(µs)
      1.0s         3766         1920     294.9    1245.2    1441.8     5242.9
      2.0s         2823         1923    1015.8    2621.4    3276.8     7340.0
      3.0s          884         1851    3932.2    8912.9    9961.5    14155.8
      4.0s         2419         1944     852.0    4063.2    4980.7     8388.6
      5.0s          458         1856    8126.5   14155.8   18874.4    27263.0
      6.0s          200         1854   19922.9   26214.4   30408.7    30408.7
      7.0s         2200         1918     884.7    3538.9   27263.0    30408.7
      8.0s          550         1841    6815.7   12058.6   13107.2    25165.8
      9.0s          220         1888   17825.8   24117.2   29360.1    29360.1
     10.0s          120         1881   31457.3   41943.0   52428.8    52428.8
rangedel_latency: kind=read class=all measurement=service samples=13644 completed_ops=13644 ops/s=1362.8 clipped_ops=0 expected_interval_ns=1000000 p50_us=872.959 p95_us=11870.207 p99_us=26705.919 p99.9_us=39616.511 max_us=51478.527
rangedel_latency: kind=read class=all measurement=corrected samples=36863 completed_ops=13644 ops/s=1362.8 clipped_ops=0 expected_interval_ns=1000000 p50_us=3321.855 p95_us=22069.247 p99_us=31899.647 p99.9_us=42467.327 max_us=51478.527
rangedel_latency: kind=read class=iter measurement=service samples=6883 completed_ops=6883 ops/s=687.5 clipped_ops=0 expected_interval_ns=1000000 p50_us=875.519 p95_us=11583.487 p99_us=26476.543 p99.9_us=40173.567 max_us=51478.527
rangedel_latency: kind=read class=iter measurement=corrected samples=18525 completed_ops=6883 ops/s=687.5 clipped_ops=0 expected_interval_ns=1000000 p50_us=3315.711 p95_us=22249.471 p99_us=33210.367 p99.9_us=46465.023 max_us=51478.527
rangedel_latency: kind=read class=get measurement=service samples=6761 completed_ops=6761 ops/s=675.3 clipped_ops=0 expected_interval_ns=1000000 p50_us=872.447 p95_us=12001.279 p99_us=26869.759 p99.9_us=38305.791 max_us=42631.167
rangedel_latency: kind=read class=get measurement=corrected samples=18338 completed_ops=6761 ops/s=675.3 clipped_ops=0 expected_interval_ns=1000000 p50_us=3334.143 p95_us=21839.871 p99_us=30703.615 p99.9_us=38600.703 max_us=42631.167
rangedel_latency: kind=commit class=all measurement=service samples=18880 completed_ops=18880 ops/s=1885.7 clipped_ops=0 expected_interval_ns=1000000 p50_us=9.271 p95_us=12.975 p99_us=17.695 p99.9_us=87.103 max_us=11534.335
rangedel_latency: kind=commit class=all measurement=corrected samples=18954 completed_ops=18880 ops/s=1885.7 clipped_ops=0 expected_interval_ns=1000000 p50_us=9.287 p95_us=13.135 p99_us=19.519 p99.9_us=6610.943 max_us=11534.335
rangedel_latency: kind=commit class=rangedel measurement=service samples=18880 completed_ops=18880 ops/s=1885.7 clipped_ops=0 expected_interval_ns=1000000 p50_us=9.271 p95_us=12.975 p99_us=17.695 p99.9_us=87.103 max_us=11534.335
rangedel_latency: kind=commit class=rangedel measurement=corrected samples=18954 completed_ops=18880 ops/s=1885.7 clipped_ops=0 expected_interval_ns=1000000 p50_us=9.287 p95_us=13.135 p99_us=19.519 p99.9_us=6610.943 max_us=11534.335
rangedel_latency: kind=commit class=point measurement=service samples=0 completed_ops=0 ops/s=0.0 clipped_ops=0 expected_interval_ns=1000000 p50_us=0.000 p95_us=0.000 p99_us=0.000 p99.9_us=0.000 max_us=0.000
rangedel_latency: kind=commit class=point measurement=corrected samples=0 completed_ops=0 ops/s=0.0 clipped_ops=0 expected_interval_ns=1000000 p50_us=0.000 p95_us=0.000 p99_us=0.000 p99.9_us=0.000 max_us=0.000
rangedel_summary: elapsed=10.012s rangedel_batches=18880 rangedel_ops=302080 overlapping_rangedel_ops=29994 point_sets=18880 flushes=0 memtable_bytes=33292288 memtable_count=7 cumulative_flushable_mem_bytes=26829256
LSM                             |    vtables   |   value sep   |        |   ingested   |    amp
level       size | tables  size |  count  size |  refsz valblk |     in | tables  size |   r     w
-----------------+--------------+--------------+---------------+--------+--------------+----------
total         0B |      0    0B |      0     0 |     0B     0B |   15MB |      0    0B |   0  1.00

COMPACTIONS               |     moved    |     multilevel    |     read     |       written
level | score    ff   cff | tables  size |   top    in  read | tables  blob | tables  sstsz blobsz
------+-------------------+--------------+-------------------+--------------+---------------------
total |     -     -     - |      0    0B |    0B    0B    0B |     0B    0B |      0   15MB     0B

 kind | default  delete  elision  move  read  tomb  rewrite  copy  multi  blob virtual
count |       0       0        0     0     0     0        0     0      0     0       0

COMMIT PIPELINE
               wals                |              memtables              |       ingestions
    files |    written |  overhead |   flushes |       live |     zombie |     total |   flushable
----------+------------+-----------+-----------+------------+------------+-----------+------------
 7 (15MB) | 15MB: 15MB |      2.5% |         0 |   7 (32MB) |     0 (0B) |         0 |      0 (0B)

BLOCK CACHE: 0 entries (0B)
                 miss rate [percentage of total misses] since start
level      all     |  background    sstdata       sstval      blobval       filter       index
-------------------+------------------------------------------------------------------------------
total      0%      |

ITERATORS
        file cache        |    filter   |    open     |    open
     entries |   hit rate | utilization |  sst iters  |  snapshots
-------------+------------+-------------+-------------+------------
      0 (0B) |       0.0% |        0.0% |           0 |           0

FILES                 physical tables                 |                blob files
          |     local        shared        remote     |     local        shared        remote
----------+-------------------------------------------+------------------------------------------
     live |    0 (0B)        0 (0B)        0 (0B)     |    0 (0B)        0 (0B)        0 (0B)
   zombie |    0 (0B)        0 (0B)        0 (0B)     |    0 (0B)        0 (0B)        0 (0B)
 obsolete |    0 (0B)        0 (0B)        0 (0B)     |    0 (0B)        0 (0B)        0 (0B)

MISC            |
----------------+-----------
table stats     | all loaded
table garbage   |
  point del     | 0B
  range del     | 0B
blob values     |
  total         | 0B
  refed         | 0B
  backing-refed | 0B

CGO MEMORY    |          block cache           |                     memtables
          tot |           tot |           data |            maps |            ents |           tot
--------------+---------------+----------------+-----------------+-----------------+--------------
         32MB |         8.2KB |             0B |           8.2KB |              0B |          32MB

COMPACTIONS
                                                                         |      blob rewrites
    est. debt |   in progress |  cancelled |   failed |    problem spans |       read |    written
--------------+---------------+------------+----------+------------------+------------+-----------
           0B |        0 (0B) |     0 (0B) |        0 |                0 |         0B |         0B

KEYS
      range keys |       tombstones |      missized tombstones |      point dels |      range dels
-----------------+------------------+--------------------------+-----------------+----------------
               0 |                0 |                        0 |              0B |              0B

COMPRESSION
    algorithm |        tables |    blob files

        Logical bytes compressed / decompressed
level |  data blocks   |  value blocks  |  other blocks

DELETE PACER   |   in queue   |   deleted
---------------+--------------+-------------
        tables |    0 (0B)    |    0 (0B)
    blob files |    0 (0B)    |    0 (0B)
   other files |    0 (0B)    |    0 (0B)