rangedel: shape=unique queues=1024 overlap-frac=0.1 rangedels-per-batch=16 sets-per-batch=1 iter-frac=0.5 db-options=default gomaxprocs=4
wiping /home/coder/bench/rangedel-db-4way/runs/20261005-fourway-v2/db-unique-8-p1
dir /home/coder/bench/rangedel-db-4way/runs/20261005-fourway-v2/db-unique-8-p1
concurrency 1
rangedel_config: arena_bytes=67108864 readers=4 writers=2 reader_interval=1ms writer_interval=1ms
____elapsed______reads/s_____writes/s___p50(µs)___p95(µs)___p99(µs)___pMax(µs)
      1.0s         3745         1915     294.9    1245.2    1441.8     2359.3
      2.0s         2842         1943    1015.8    2621.4    3145.7     7602.2
      3.0s          997         1916    3538.9    8912.9    9437.2    14155.8
      4.0s         2268         1935    1015.8    4456.4    5242.9     6553.6
      5.0s          443         1708    8388.6   14155.8   22020.1    35651.6
      6.0s          203         1831   18874.4   27263.0   35651.6    48234.5
      7.0s         2185         1894     852.0    3276.8   27263.0    29360.1
      8.0s          592         1923    6291.5   11534.3   12582.9    19922.9
      9.0s          228         1876   16777.2   24117.2   35651.6    35651.6
     10.0s          124         1839   31457.3   39845.9   44040.2    44040.2
rangedel_latency: kind=read class=all measurement=service samples=13631 completed_ops=13631 ops/s=1361.7 clipped_ops=0 expected_interval_ns=1000000 p50_us=865.279 p95_us=11747.327 p99_us=26869.759 p99.9_us=38010.879 max_us=47906.815
rangedel_latency: kind=read class=all measurement=corrected samples=36914 completed_ops=13631 ops/s=1361.7 clipped_ops=0 expected_interval_ns=1000000 p50_us=3301.375 p95_us=22020.095 p99_us=31227.903 p99.9_us=40108.031 max_us=47906.815
rangedel_latency: kind=read class=iter measurement=service samples=6875 completed_ops=6875 ops/s=686.8 clipped_ops=0 expected_interval_ns=1000000 p50_us=875.007 p95_us=11747.327 p99_us=27459.583 p99.9_us=37158.911 max_us=42729.471
rangedel_latency: kind=read class=iter measurement=corrected samples=18538 completed_ops=6875 ops/s=686.8 clipped_ops=0 expected_interval_ns=1000000 p50_us=3284.991 p95_us=22134.783 p99_us=30539.775 p99.9_us=37126.143 max_us=42729.471
rangedel_latency: kind=read class=get measurement=service samples=6756 completed_ops=6756 ops/s=674.9 clipped_ops=0 expected_interval_ns=1000000 p50_us=858.623 p95_us=11657.215 p99_us=26394.623 p99.9_us=38043.647 max_us=47906.815
rangedel_latency: kind=read class=get measurement=corrected samples=18376 completed_ops=6756 ops/s=674.9 clipped_ops=0 expected_interval_ns=1000000 p50_us=3313.663 p95_us=21889.023 p99_us=32047.103 p99.9_us=42336.255 max_us=47906.815
rangedel_latency: kind=commit class=all measurement=service samples=18782 completed_ops=18782 ops/s=1876.2 clipped_ops=0 expected_interval_ns=1000000 p50_us=9.271 p95_us=13.095 p99_us=18.543 p99.9_us=70.591 max_us=13369.343
rangedel_latency: kind=commit class=all measurement=corrected samples=18860 completed_ops=18782 ops/s=1876.2 clipped_ops=0 expected_interval_ns=1000000 p50_us=9.271 p95_us=13.327 p99_us=20.703 p99.9_us=7028.735 max_us=13369.343
rangedel_latency: kind=commit class=rangedel measurement=service samples=18782 completed_ops=18782 ops/s=1876.2 clipped_ops=0 expected_interval_ns=1000000 p50_us=9.271 p95_us=13.095 p99_us=18.543 p99.9_us=70.591 max_us=13369.343
rangedel_latency: kind=commit class=rangedel measurement=corrected samples=18860 completed_ops=18782 ops/s=1876.2 clipped_ops=0 expected_interval_ns=1000000 p50_us=9.271 p95_us=13.327 p99_us=20.703 p99.9_us=7028.735 max_us=13369.343
rangedel_latency: kind=commit class=point measurement=service samples=0 completed_ops=0 ops/s=0.0 clipped_ops=0 expected_interval_ns=1000000 p50_us=0.000 p95_us=0.000 p99_us=0.000 p99.9_us=0.000 max_us=0.000
rangedel_latency: kind=commit class=point measurement=corrected samples=0 completed_ops=0 ops/s=0.0 clipped_ops=0 expected_interval_ns=1000000 p50_us=0.000 p95_us=0.000 p99_us=0.000 p99.9_us=0.000 max_us=0.000
rangedel_summary: elapsed=10.010s rangedel_batches=18782 rangedel_ops=300512 overlapping_rangedel_ops=29834 point_sets=18782 flushes=0 memtable_bytes=33292288 memtable_count=7 cumulative_flushable_mem_bytes=26680682
LSM                             |    vtables   |   value sep   |        |   ingested   |    amp
level       size | tables  size |  count  size |  refsz valblk |     in | tables  size |   r     w
-----------------+--------------+--------------+---------------+--------+--------------+----------
total         0B |      0    0B |      0     0 |     0B     0B |   15MB |      0    0B |   0  1.00

COMPACTIONS               |     moved    |     multilevel    |     read     |       written
level | score    ff   cff | tables  size |   top    in  read | tables  blob | tables  sstsz blobsz
------+-------------------+--------------+-------------------+--------------+---------------------
total |     -     -     - |      0    0B |    0B    0B    0B |     0B    0B |      0   15MB     0B

 kind | default  delete  elision  move  read  tomb  rewrite  copy  multi  blob virtual
count |       0       0        0     0     0     0        0     0      0     0       0

COMMIT PIPELINE
               wals                |              memtables              |       ingestions
    files |    written |  overhead |   flushes |       live |     zombie |     total |   flushable
----------+------------+-----------+-----------+------------+------------+-----------+------------
 7 (15MB) | 14MB: 15MB |      2.5% |         0 |   7 (32MB) |     0 (0B) |         0 |      0 (0B)

BLOCK CACHE: 0 entries (0B)
                 miss rate [percentage of total misses] since start
level      all     |  background    sstdata       sstval      blobval       filter       index
-------------------+------------------------------------------------------------------------------
total      0%      |

ITERATORS
        file cache        |    filter   |    open     |    open
     entries |   hit rate | utilization |  sst iters  |  snapshots
-------------+------------+-------------+-------------+------------
      0 (0B) |       0.0% |        0.0% |           0 |           0

FILES                 physical tables                 |                blob files
          |     local        shared        remote     |     local        shared        remote
----------+-------------------------------------------+------------------------------------------
     live |    0 (0B)        0 (0B)        0 (0B)     |    0 (0B)        0 (0B)        0 (0B)
   zombie |    0 (0B)        0 (0B)        0 (0B)     |    0 (0B)        0 (0B)        0 (0B)
 obsolete |    0 (0B)        0 (0B)        0 (0B)     |    0 (0B)        0 (0B)        0 (0B)

MISC            |
----------------+-----------
table stats     | all loaded
table garbage   |
  point del     | 0B
  range del     | 0B
blob values     |
  total         | 0B
  refed         | 0B
  backing-refed | 0B

CGO MEMORY    |          block cache           |                     memtables
          tot |           tot |           data |            maps |            ents |           tot
--------------+---------------+----------------+-----------------+-----------------+--------------
         32MB |         8.2KB |             0B |           8.2KB |              0B |          32MB

COMPACTIONS
                                                                         |      blob rewrites
    est. debt |   in progress |  cancelled |   failed |    problem spans |       read |    written
--------------+---------------+------------+----------+------------------+------------+-----------
           0B |        0 (0B) |     0 (0B) |        0 |                0 |         0B |         0B

KEYS
      range keys |       tombstones |      missized tombstones |      point dels |      range dels
-----------------+------------------+--------------------------+-----------------+----------------
               0 |                0 |                        0 |              0B |              0B

COMPRESSION
    algorithm |        tables |    blob files

        Logical bytes compressed / decompressed
level |  data blocks   |  value blocks  |  other blocks

DELETE PACER   |   in queue   |   deleted
---------------+--------------+-------------
        tables |    0 (0B)    |    0 (0B)
    blob files |    0 (0B)    |    0 (0B)
   other files |    0 (0B)    |    0 (0B)