rangedel: shape=unique queues=1024 overlap-frac=0.1 rangedels-per-batch=16 sets-per-batch=1 iter-frac=0.5 db-options=default gomaxprocs=4
wiping /home/coder/bench/rangedel-db-4way/runs/20261005-fourway-v2/db-unique-3-master
dir /home/coder/bench/rangedel-db-4way/runs/20261005-fourway-v2/db-unique-3-master
concurrency 1
rangedel_config: arena_bytes=67108864 readers=4 writers=2 reader_interval=1ms writer_interval=1ms
____elapsed______reads/s_____writes/s___p50(µs)___p95(µs)___p99(µs)___pMax(µs)
      1.0s         3581         1947     458.8    1572.9    1638.4     2752.5
      2.0s         2346         1907    1376.3    3407.9    4063.2     5767.2
      3.0s          736         1875    4980.7   11010.0   13631.5    17825.8
      4.0s         2017         1921    1310.7    5242.9    6029.3     8912.9
      5.0s          396         1868    9961.5   15728.6   17825.8    18874.4
      6.0s          175         1869   23068.7   30408.7   35651.6    46137.3
      7.0s         1793         1900    1376.3    4456.4   31457.3    37748.7
      8.0s          454         1858    8126.5   14155.8   15204.4    18874.4
      9.0s          195         1858   19922.9   27263.0   28311.6    39845.9
     10.0s          108         1853   37748.7   50331.6   52428.8    52428.8
rangedel_latency: kind=read class=all measurement=service samples=11805 completed_ops=11805 ops/s=1177.1 clipped_ops=0 expected_interval_ns=1000000 p50_us=1184.767 p95_us=13893.631 p99_us=30605.311 p99.9_us=44269.567 max_us=52199.423
rangedel_latency: kind=read class=all measurement=corrected samples=36923 completed_ops=11805 ops/s=1177.1 clipped_ops=0 expected_interval_ns=1000000 p50_us=3940.351 p95_us=25313.279 p99_us=37027.839 p99.9_us=48037.887 max_us=52199.423
rangedel_latency: kind=read class=iter measurement=service samples=5969 completed_ops=5969 ops/s=595.2 clipped_ops=0 expected_interval_ns=1000000 p50_us=1184.767 p95_us=13803.519 p99_us=29704.191 p99.9_us=44269.567 max_us=51412.991
rangedel_latency: kind=read class=iter measurement=corrected samples=18538 completed_ops=5969 ops/s=595.2 clipped_ops=0 expected_interval_ns=1000000 p50_us=3891.199 p95_us=24969.215 p99_us=37027.839 p99.9_us=47382.527 max_us=51412.991
rangedel_latency: kind=read class=get measurement=service samples=5836 completed_ops=5836 ops/s=581.9 clipped_ops=0 expected_interval_ns=1000000 p50_us=1182.719 p95_us=13893.631 p99_us=31473.663 p99.9_us=44236.799 max_us=52199.423
rangedel_latency: kind=read class=get measurement=corrected samples=18385 completed_ops=5836 ops/s=581.9 clipped_ops=0 expected_interval_ns=1000000 p50_us=3987.455 p95_us=25673.727 p99_us=37060.607 p99.9_us=48201.727 max_us=52199.423
rangedel_latency: kind=commit class=all measurement=service samples=18858 completed_ops=18858 ops/s=1880.3 clipped_ops=0 expected_interval_ns=1000000 p50_us=9.487 p95_us=14.367 p99_us=19.263 p99.9_us=66.559 max_us=8790.015
rangedel_latency: kind=commit class=all measurement=corrected samples=18889 completed_ops=18858 ops/s=1880.3 clipped_ops=0 expected_interval_ns=1000000 p50_us=9.487 p95_us=14.455 p99_us=19.791 p99.9_us=3123.199 max_us=8790.015
rangedel_latency: kind=commit class=rangedel measurement=service samples=18858 completed_ops=18858 ops/s=1880.3 clipped_ops=0 expected_interval_ns=1000000 p50_us=9.487 p95_us=14.367 p99_us=19.263 p99.9_us=66.559 max_us=8790.015
rangedel_latency: kind=commit class=rangedel measurement=corrected samples=18889 completed_ops=18858 ops/s=1880.3 clipped_ops=0 expected_interval_ns=1000000 p50_us=9.487 p95_us=14.455 p99_us=19.791 p99.9_us=3123.199 max_us=8790.015
rangedel_latency: kind=commit class=point measurement=service samples=0 completed_ops=0 ops/s=0.0 clipped_ops=0 expected_interval_ns=1000000 p50_us=0.000 p95_us=0.000 p99_us=0.000 p99.9_us=0.000 max_us=0.000
rangedel_latency: kind=commit class=point measurement=corrected samples=0 completed_ops=0 ops/s=0.0 clipped_ops=0 expected_interval_ns=1000000 p50_us=0.000 p95_us=0.000 p99_us=0.000 p99.9_us=0.000 max_us=0.000
rangedel_summary: elapsed=10.029s rangedel_batches=18858 rangedel_ops=301728 overlapping_rangedel_ops=29957 point_sets=18858 flushes=0 memtable_bytes=33292288 memtable_count=7 cumulative_flushable_mem_bytes=26787310
LSM                             |    vtables   |   value sep   |        |   ingested   |    amp
level       size | tables  size |  count  size |  refsz valblk |     in | tables  size |   r     w
-----------------+--------------+--------------+---------------+--------+--------------+----------
total         0B |      0    0B |      0     0 |     0B     0B |   15MB |      0    0B |   0  1.00

COMPACTIONS               |     moved    |     multilevel    |     read     |       written
level | score    ff   cff | tables  size |   top    in  read | tables  blob | tables  sstsz blobsz
------+-------------------+--------------+-------------------+--------------+---------------------
total |     -     -     - |      0    0B |    0B    0B    0B |     0B    0B |      0   15MB     0B

 kind | default  delete  elision  move  read  tomb  rewrite  copy  multi  blob virtual
count |       0       0        0     0     0     0        0     0      0     0       0

COMMIT PIPELINE
               wals                |              memtables              |       ingestions
    files |    written |  overhead |   flushes |       live |     zombie |     total |   flushable
----------+------------+-----------+-----------+------------+------------+-----------+------------
 7 (15MB) | 15MB: 15MB |      2.5% |         0 |   7 (32MB) |     0 (0B) |         0 |      0 (0B)

BLOCK CACHE: 0 entries (0B)
                 miss rate [percentage of total misses] since start
level      all     |  background    sstdata       sstval      blobval       filter       index
-------------------+------------------------------------------------------------------------------
total      0%      |

ITERATORS
        file cache        |    filter   |    open     |    open
     entries |   hit rate | utilization |  sst iters  |  snapshots
-------------+------------+-------------+-------------+------------
      0 (0B) |       0.0% |        0.0% |           0 |           0

FILES                 physical tables                 |                blob files
          |     local        shared        remote     |     local        shared        remote
----------+-------------------------------------------+------------------------------------------
     live |    0 (0B)        0 (0B)        0 (0B)     |    0 (0B)        0 (0B)        0 (0B)
   zombie |    0 (0B)        0 (0B)        0 (0B)     |    0 (0B)        0 (0B)        0 (0B)
 obsolete |    0 (0B)        0 (0B)        0 (0B)     |    0 (0B)        0 (0B)        0 (0B)

MISC            |
----------------+-----------
table stats     | all loaded
table garbage   |
  point del     | 0B
  range del     | 0B
blob values     |
  total         | 0B
  refed         | 0B
  backing-refed | 0B

CGO MEMORY    |          block cache           |                     memtables
          tot |           tot |           data |            maps |            ents |           tot
--------------+---------------+----------------+-----------------+-----------------+--------------
         32MB |         8.2KB |             0B |           8.2KB |              0B |          32MB

COMPACTIONS
                                                                         |      blob rewrites
    est. debt |   in progress |  cancelled |   failed |    problem spans |       read |    written
--------------+---------------+------------+----------+------------------+------------+-----------
           0B |        0 (0B) |     0 (0B) |        0 |                0 |         0B |         0B

KEYS
      range keys |       tombstones |      missized tombstones |      point dels |      range dels
-----------------+------------------+--------------------------+-----------------+----------------
               0 |                0 |                        0 |              0B |              0B

COMPRESSION
    algorithm |        tables |    blob files

        Logical bytes compressed / decompressed
level |  data blocks   |  value blocks  |  other blocks

DELETE PACER   |   in queue   |   deleted
---------------+--------------+-------------
        tables |    0 (0B)    |    0 (0B)
    blob files |    0 (0B)    |    0 (0B)
   other files |    0 (0B)    |    0 (0B)