rangedel: shape=unique queues=1024 overlap-frac=0.1 rangedels-per-batch=16 sets-per-batch=1 iter-frac=0.5 db-options=default gomaxprocs=4
wiping /home/coder/bench/rangedel-db-4way/runs/20261005-fourway-v2/db-unique-7-p1
dir /home/coder/bench/rangedel-db-4way/runs/20261005-fourway-v2/db-unique-7-p1
concurrency 1
rangedel_config: arena_bytes=67108864 readers=4 writers=2 reader_interval=1ms writer_interval=1ms
____elapsed______reads/s_____writes/s___p50(µs)___p95(µs)___p99(µs)___pMax(µs)
      1.0s         3763         1911     294.9    1245.2    1441.8     2621.4
      2.0s         2834         1921    1015.8    2621.4    3145.7     7077.9
      3.0s          861         1823    4063.2    8912.9    9961.5    14680.1
      4.0s         2448         1896     819.2    3932.2    4980.7    11534.3
      5.0s          483         1909    7602.2   13631.5   14155.8    15728.6
      6.0s          204         1916   19922.9   27263.0   28311.6    28311.6
      7.0s         2269         1907     852.0    3538.9    6029.3    30408.7
      8.0s          540         1842    7077.9   12058.6   14680.1    19922.9
      9.0s          216         1899   17825.8   25165.8   32505.9    35651.6
rangedel_latency: kind=read class=all measurement=service samples=13746 completed_ops=13746 ops/s=1369.2 clipped_ops=0 expected_interval_ns=1000000 p50_us=860.159 p95_us=11476.991 p99_us=27099.135 p99.9_us=42106.879 max_us=43614.207
rangedel_latency: kind=read class=all measurement=corrected samples=36971 completed_ops=13746 ops/s=1369.2 clipped_ops=0 expected_interval_ns=1000000 p50_us=3280.895 p95_us=22331.391 p99_us=32882.687 p99.9_us=41091.071 max_us=43614.207
rangedel_latency: kind=read class=iter measurement=service samples=6930 completed_ops=6930 ops/s=690.3 clipped_ops=0 expected_interval_ns=1000000 p50_us=869.375 p95_us=11362.303 p99_us=27344.895 p99.9_us=42893.311 max_us=43515.903
rangedel_latency: kind=read class=iter measurement=corrected samples=18625 completed_ops=6930 ops/s=690.3 clipped_ops=0 expected_interval_ns=1000000 p50_us=3282.943 p95_us=22380.543 p99_us=33062.911 p99.9_us=41091.071 max_us=43515.903
rangedel_latency: kind=read class=get measurement=service samples=6816 completed_ops=6816 ops/s=678.9 clipped_ops=0 expected_interval_ns=1000000 p50_us=850.431 p95_us=11599.871 p99_us=26918.911 p99.9_us=42041.343 max_us=43614.207
rangedel_latency: kind=read class=get measurement=corrected samples=18346 completed_ops=6816 ops/s=678.9 clipped_ops=0 expected_interval_ns=1000000 p50_us=3276.799 p95_us=22233.087 p99_us=32833.535 p99.9_us=41058.303 max_us=43614.207
rangedel_latency: kind=commit class=all measurement=service samples=18897 completed_ops=18897 ops/s=1882.3 clipped_ops=0 expected_interval_ns=1000000 p50_us=9.247 p95_us=12.903 p99_us=17.055 p99.9_us=40.351 max_us=11059.199
rangedel_latency: kind=commit class=all measurement=corrected samples=18969 completed_ops=18897 ops/s=1882.3 clipped_ops=0 expected_interval_ns=1000000 p50_us=9.255 p95_us=13.095 p99_us=18.063 p99.9_us=6492.159 max_us=11059.199
rangedel_latency: kind=commit class=rangedel measurement=service samples=18897 completed_ops=18897 ops/s=1882.3 clipped_ops=0 expected_interval_ns=1000000 p50_us=9.247 p95_us=12.903 p99_us=17.055 p99.9_us=40.351 max_us=11059.199
rangedel_latency: kind=commit class=rangedel measurement=corrected samples=18969 completed_ops=18897 ops/s=1882.3 clipped_ops=0 expected_interval_ns=1000000 p50_us=9.255 p95_us=13.095 p99_us=18.063 p99.9_us=6492.159 max_us=11059.199
rangedel_latency: kind=commit class=point measurement=service samples=0 completed_ops=0 ops/s=0.0 clipped_ops=0 expected_interval_ns=1000000 p50_us=0.000 p95_us=0.000 p99_us=0.000 p99.9_us=0.000 max_us=0.000
rangedel_latency: kind=commit class=point measurement=corrected samples=0 completed_ops=0 ops/s=0.0 clipped_ops=0 expected_interval_ns=1000000 p50_us=0.000 p95_us=0.000 p99_us=0.000 p99.9_us=0.000 max_us=0.000
rangedel_summary: elapsed=10.039s rangedel_batches=18897 rangedel_ops=302352 overlapping_rangedel_ops=30019 point_sets=18897 flushes=0 memtable_bytes=33292288 memtable_count=7 cumulative_flushable_mem_bytes=26850867
LSM                             |    vtables   |   value sep   |        |   ingested   |    amp
level       size | tables  size |  count  size |  refsz valblk |     in | tables  size |   r     w
-----------------+--------------+--------------+---------------+--------+--------------+----------
total         0B |      0    0B |      0     0 |     0B     0B |   15MB |      0    0B |   0  1.00

COMPACTIONS               |     moved    |     multilevel    |     read     |       written
level | score    ff   cff | tables  size |   top    in  read | tables  blob | tables  sstsz blobsz
------+-------------------+--------------+-------------------+--------------+---------------------
total |     -     -     - |      0    0B |    0B    0B    0B |     0B    0B |      0   15MB     0B

 kind | default  delete  elision  move  read  tomb  rewrite  copy  multi  blob virtual
count |       0       0        0     0     0     0        0     0      0     0       0

COMMIT PIPELINE
               wals                |              memtables              |       ingestions
    files |    written |  overhead |   flushes |       live |     zombie |     total |   flushable
----------+------------+-----------+-----------+------------+------------+-----------+------------
 7 (15MB) | 15MB: 15MB |      2.5% |         0 |   7 (32MB) |     0 (0B) |         0 |      0 (0B)

BLOCK CACHE: 0 entries (0B)
                 miss rate [percentage of total misses] since start
level      all     |  background    sstdata       sstval      blobval       filter       index
-------------------+------------------------------------------------------------------------------
total      0%      |

ITERATORS
        file cache        |    filter   |    open     |    open
     entries |   hit rate | utilization |  sst iters  |  snapshots
-------------+------------+-------------+-------------+------------
      0 (0B) |       0.0% |        0.0% |           0 |           0

FILES                 physical tables                 |                blob files
          |     local        shared        remote     |     local        shared        remote
----------+-------------------------------------------+------------------------------------------
     live |    0 (0B)        0 (0B)        0 (0B)     |    0 (0B)        0 (0B)        0 (0B)
   zombie |    0 (0B)        0 (0B)        0 (0B)     |    0 (0B)        0 (0B)        0 (0B)
 obsolete |    0 (0B)        0 (0B)        0 (0B)     |    0 (0B)        0 (0B)        0 (0B)

MISC            |
----------------+-----------
table stats     | all loaded
table garbage   |
  point del     | 0B
  range del     | 0B
blob values     |
  total         | 0B
  refed         | 0B
  backing-refed | 0B

CGO MEMORY    |          block cache           |                     memtables
          tot |           tot |           data |            maps |            ents |           tot
--------------+---------------+----------------+-----------------+-----------------+--------------
         32MB |         8.2KB |             0B |           8.2KB |              0B |          32MB

COMPACTIONS
                                                                         |      blob rewrites
    est. debt |   in progress |  cancelled |   failed |    problem spans |       read |    written
--------------+---------------+------------+----------+------------------+------------+-----------
           0B |        0 (0B) |     0 (0B) |        0 |                0 |         0B |         0B

KEYS
      range keys |       tombstones |      missized tombstones |      point dels |      range dels
-----------------+------------------+--------------------------+-----------------+----------------
               0 |                0 |                        0 |              0B |              0B

COMPRESSION
    algorithm |        tables |    blob files

        Logical bytes compressed / decompressed
level |  data blocks   |  value blocks  |  other blocks

DELETE PACER   |   in queue   |   deleted
---------------+--------------+-------------
        tables |    0 (0B)    |    0 (0B)
    blob files |    0 (0B)    |    0 (0B)
   other files |    0 (0B)    |    0 (0B)