rangedel: shape=unique queues=1024 overlap-frac=0.1 rangedels-per-batch=16 sets-per-batch=1 iter-frac=0.5 db-options=default gomaxprocs=4
wiping /home/coder/bench/rangedel-db-4way/runs/20261005-fourway-v2/db-unique-10-method1
dir /home/coder/bench/rangedel-db-4way/runs/20261005-fourway-v2/db-unique-10-method1
concurrency 1
rangedel_config: arena_bytes=67108864 readers=4 writers=2 reader_interval=1ms writer_interval=1ms
____elapsed______reads/s_____writes/s___p50(µs)___p95(µs)___p99(µs)___pMax(µs)
      1.0s         3979         1985      16.4      16.4      16.4       41.0
      2.0s         3962         1984      16.4      16.4      16.4       41.0
      3.0s         3929         1968      16.4      16.4      16.4       41.0
      4.0s         3981         1996      16.4      16.4      16.4       81.9
      5.0s         3904         1973      16.4      16.4      16.4       32.8
      6.0s         3842         1948      16.4      16.4      16.4       73.7
      7.0s         3947         1982      16.4      16.4      24.6       41.0
      8.0s         3882         1973      16.4      16.4      24.6       32.8
      9.0s         3832         1929      16.4      24.6      24.6       41.0
     10.0s         3819         1946      16.4      24.6      24.6       57.3
rangedel_latency: kind=read class=all measurement=service samples=39077 completed_ops=39077 ops/s=3907.4 clipped_ops=0 expected_interval_ns=1000000 p50_us=3.771 p95_us=14.063 p99_us=18.623 p99.9_us=27.071 max_us=79.231
rangedel_latency: kind=read class=all measurement=corrected samples=39077 completed_ops=39077 ops/s=3907.4 clipped_ops=0 expected_interval_ns=1000000 p50_us=3.771 p95_us=14.063 p99_us=18.623 p99.9_us=27.071 max_us=79.231
rangedel_latency: kind=read class=iter measurement=service samples=19598 completed_ops=19598 ops/s=1959.6 clipped_ops=0 expected_interval_ns=1000000 p50_us=8.423 p95_us=15.903 p99_us=20.575 p99.9_us=29.951 max_us=79.231
rangedel_latency: kind=read class=iter measurement=corrected samples=19598 completed_ops=19598 ops/s=1959.6 clipped_ops=0 expected_interval_ns=1000000 p50_us=8.423 p95_us=15.903 p99_us=20.575 p99.9_us=29.951 max_us=79.231
rangedel_latency: kind=read class=get measurement=service samples=19479 completed_ops=19479 ops/s=1947.7 clipped_ops=0 expected_interval_ns=1000000 p50_us=2.601 p95_us=4.791 p99_us=6.403 p99.9_us=13.391 max_us=70.591
rangedel_latency: kind=read class=get measurement=corrected samples=19479 completed_ops=19479 ops/s=1947.7 clipped_ops=0 expected_interval_ns=1000000 p50_us=2.601 p95_us=4.791 p99_us=6.403 p99.9_us=13.391 max_us=70.591
rangedel_latency: kind=commit class=all measurement=service samples=19686 completed_ops=19686 ops/s=1968.4 clipped_ops=0 expected_interval_ns=1000000 p50_us=73.151 p95_us=115.967 p99_us=135.423 p99.9_us=241.023 max_us=9207.807
rangedel_latency: kind=commit class=all measurement=corrected samples=19727 completed_ops=19686 ops/s=1968.4 clipped_ops=0 expected_interval_ns=1000000 p50_us=73.215 p95_us=116.415 p99_us=139.135 p99.9_us=4175.871 max_us=9207.807
rangedel_latency: kind=commit class=rangedel measurement=service samples=19686 completed_ops=19686 ops/s=1968.4 clipped_ops=0 expected_interval_ns=1000000 p50_us=73.151 p95_us=115.967 p99_us=135.423 p99.9_us=241.023 max_us=9207.807
rangedel_latency: kind=commit class=rangedel measurement=corrected samples=19727 completed_ops=19686 ops/s=1968.4 clipped_ops=0 expected_interval_ns=1000000 p50_us=73.215 p95_us=116.415 p99_us=139.135 p99.9_us=4175.871 max_us=9207.807
rangedel_latency: kind=commit class=point measurement=service samples=0 completed_ops=0 ops/s=0.0 clipped_ops=0 expected_interval_ns=1000000 p50_us=0.000 p95_us=0.000 p99_us=0.000 p99.9_us=0.000 max_us=0.000
rangedel_latency: kind=commit class=point measurement=corrected samples=0 completed_ops=0 ops/s=0.0 clipped_ops=0 expected_interval_ns=1000000 p50_us=0.000 p95_us=0.000 p99_us=0.000 p99.9_us=0.000 max_us=0.000
rangedel_summary: elapsed=10.001s rangedel_batches=19686 rangedel_ops=314976 overlapping_rangedel_ops=31317 point_sets=19686 flushes=0 memtable_bytes=33292288 memtable_count=7 cumulative_flushable_mem_bytes=27969250
LSM                             |    vtables   |   value sep   |        |   ingested   |    amp
level       size | tables  size |  count  size |  refsz valblk |     in | tables  size |   r     w
-----------------+--------------+--------------+---------------+--------+--------------+----------
total         0B |      0    0B |      0     0 |     0B     0B |   16MB |      0    0B |   0  1.00

COMPACTIONS               |     moved    |     multilevel    |     read     |       written
level | score    ff   cff | tables  size |   top    in  read | tables  blob | tables  sstsz blobsz
------+-------------------+--------------+-------------------+--------------+---------------------
total |     -     -     - |      0    0B |    0B    0B    0B |     0B    0B |      0   16MB     0B

 kind | default  delete  elision  move  read  tomb  rewrite  copy  multi  blob virtual
count |       0       0        0     0     0     0        0     0      0     0       0

COMMIT PIPELINE
               wals                |              memtables              |       ingestions
    files |    written |  overhead |   flushes |       live |     zombie |     total |   flushable
----------+------------+-----------+-----------+------------+------------+-----------+------------
 7 (16MB) | 15MB: 16MB |      2.5% |         0 |   7 (32MB) |     0 (0B) |         0 |      0 (0B)

BLOCK CACHE: 0 entries (0B)
                 miss rate [percentage of total misses] since start
level      all     |  background    sstdata       sstval      blobval       filter       index
-------------------+------------------------------------------------------------------------------
total      0%      |

ITERATORS
        file cache        |    filter   |    open     |    open
     entries |   hit rate | utilization |  sst iters  |  snapshots
-------------+------------+-------------+-------------+------------
      0 (0B) |       0.0% |        0.0% |           0 |           0

FILES                 physical tables                 |                blob files
          |     local        shared        remote     |     local        shared        remote
----------+-------------------------------------------+------------------------------------------
     live |    0 (0B)        0 (0B)        0 (0B)     |    0 (0B)        0 (0B)        0 (0B)
   zombie |    0 (0B)        0 (0B)        0 (0B)     |    0 (0B)        0 (0B)        0 (0B)
 obsolete |    0 (0B)        0 (0B)        0 (0B)     |    0 (0B)        0 (0B)        0 (0B)

MISC            |
----------------+-----------
table stats     | all loaded
table garbage   |
  point del     | 0B
  range del     | 0B
blob values     |
  total         | 0B
  refed         | 0B
  backing-refed | 0B

CGO MEMORY    |          block cache           |                     memtables
          tot |           tot |           data |            maps |            ents |           tot
--------------+---------------+----------------+-----------------+-----------------+--------------
         32MB |         8.2KB |             0B |           8.2KB |              0B |          32MB

COMPACTIONS
                                                                         |      blob rewrites
    est. debt |   in progress |  cancelled |   failed |    problem spans |       read |    written
--------------+---------------+------------+----------+------------------+------------+-----------
           0B |        0 (0B) |     0 (0B) |        0 |                0 |         0B |         0B

KEYS
      range keys |       tombstones |      missized tombstones |      point dels |      range dels
-----------------+------------------+--------------------------+-----------------+----------------
               0 |                0 |                        0 |              0B |              0B

COMPRESSION
    algorithm |        tables |    blob files

        Logical bytes compressed / decompressed
level |  data blocks   |  value blocks  |  other blocks

DELETE PACER   |   in queue   |   deleted
---------------+--------------+-------------
        tables |    0 (0B)    |    0 (0B)
    blob files |    0 (0B)    |    0 (0B)
   other files |    0 (0B)    |    0 (0B)