rangedel: shape=unique queues=1024 overlap-frac=0.1 rangedels-per-batch=16 sets-per-batch=1 iter-frac=0.5 db-options=default gomaxprocs=4
wiping /home/coder/bench/rangedel-db-4way/runs/20261005-fourway-v2/db-unique-2-p1
dir /home/coder/bench/rangedel-db-4way/runs/20261005-fourway-v2/db-unique-2-p1
concurrency 1
rangedel_config: arena_bytes=67108864 readers=4 writers=2 reader_interval=1ms writer_interval=1ms
____elapsed______reads/s_____writes/s___p50(µs)___p95(µs)___p99(µs)___pMax(µs)
      1.0s         3801         1930     311.3    1245.2    1441.8     2359.3
      2.0s         2823         1940    1015.8    2752.5    3276.8     7077.9
      3.0s          937         1877    3932.2    8912.9   10485.8    12058.6
      4.0s         2357         1918     950.3    4194.3    4980.7     6815.7
      5.0s          452         1901    8126.5   14680.1   17825.8    20971.5
      6.0s          196         1851   19922.9   26214.4   33554.4    35651.6
      7.0s         2215         1909     917.5    3670.0   27263.0    29360.1
      8.0s          528         1888    7077.9   12582.9   13107.2    19922.9
      9.0s          211         1692   17825.8   26214.4   48234.5    52428.8
     10.0s          125         1564   30408.7   52428.8   71303.2    71303.2
rangedel_latency: kind=read class=all measurement=service samples=13649 completed_ops=13649 ops/s=1360.2 clipped_ops=0 expected_interval_ns=1000000 p50_us=877.055 p95_us=11788.287 p99_us=26279.935 p99.9_us=41648.127 max_us=70320.127
rangedel_latency: kind=read class=all measurement=corrected samples=37033 completed_ops=13649 ops/s=1360.2 clipped_ops=0 expected_interval_ns=1000000 p50_us=3313.663 p95_us=22659.071 p99_us=33783.807 p99.9_us=56590.335 max_us=70320.127
rangedel_latency: kind=read class=iter measurement=service samples=6885 completed_ops=6885 ops/s=686.1 clipped_ops=0 expected_interval_ns=1000000 p50_us=874.495 p95_us=11788.287 p99_us=27656.191 p99.9_us=44105.727 max_us=70320.127
rangedel_latency: kind=read class=iter measurement=corrected samples=18759 completed_ops=6885 ops/s=686.1 clipped_ops=0 expected_interval_ns=1000000 p50_us=3364.863 p95_us=23560.191 p99_us=35127.295 p99.9_us=57606.143 max_us=70320.127
rangedel_latency: kind=read class=get measurement=service samples=6764 completed_ops=6764 ops/s=674.1 clipped_ops=0 expected_interval_ns=1000000 p50_us=879.615 p95_us=11788.287 p99_us=25755.647 p99.9_us=37126.143 max_us=69664.767
rangedel_latency: kind=read class=get measurement=corrected samples=18274 completed_ops=6764 ops/s=674.1 clipped_ops=0 expected_interval_ns=1000000 p50_us=3272.703 p95_us=21659.647 p99_us=32751.615 p99.9_us=54657.023 max_us=69664.767
rangedel_latency: kind=commit class=all measurement=service samples=18476 completed_ops=18476 ops/s=1841.2 clipped_ops=0 expected_interval_ns=1000000 p50_us=9.167 p95_us=13.335 p99_us=18.319 p99.9_us=160.895 max_us=9297.919
rangedel_latency: kind=commit class=all measurement=corrected samples=18509 completed_ops=18476 ops/s=1841.2 clipped_ops=0 expected_interval_ns=1000000 p50_us=9.175 p95_us=13.431 p99_us=19.039 p99.9_us=3293.183 max_us=9297.919
rangedel_latency: kind=commit class=rangedel measurement=service samples=18476 completed_ops=18476 ops/s=1841.2 clipped_ops=0 expected_interval_ns=1000000 p50_us=9.167 p95_us=13.335 p99_us=18.319 p99.9_us=160.895 max_us=9297.919
rangedel_latency: kind=commit class=rangedel measurement=corrected samples=18509 completed_ops=18476 ops/s=1841.2 clipped_ops=0 expected_interval_ns=1000000 p50_us=9.175 p95_us=13.431 p99_us=19.039 p99.9_us=3293.183 max_us=9297.919
rangedel_latency: kind=commit class=point measurement=service samples=0 completed_ops=0 ops/s=0.0 clipped_ops=0 expected_interval_ns=1000000 p50_us=0.000 p95_us=0.000 p99_us=0.000 p99.9_us=0.000 max_us=0.000
rangedel_latency: kind=commit class=point measurement=corrected samples=0 completed_ops=0 ops/s=0.0 clipped_ops=0 expected_interval_ns=1000000 p50_us=0.000 p95_us=0.000 p99_us=0.000 p99.9_us=0.000 max_us=0.000
rangedel_summary: elapsed=10.034s rangedel_batches=18476 rangedel_ops=295616 overlapping_rangedel_ops=29342 point_sets=18476 flushes=0 memtable_bytes=33292288 memtable_count=7 cumulative_flushable_mem_bytes=26243604
LSM                             |    vtables   |   value sep   |        |   ingested   |    amp
level       size | tables  size |  count  size |  refsz valblk |     in | tables  size |   r     w
-----------------+--------------+--------------+---------------+--------+--------------+----------
total         0B |      0    0B |      0     0 |     0B     0B |   15MB |      0    0B |   0  1.00

COMPACTIONS               |     moved    |     multilevel    |     read     |       written
level | score    ff   cff | tables  size |   top    in  read | tables  blob | tables  sstsz blobsz
------+-------------------+--------------+-------------------+--------------+---------------------
total |     -     -     - |      0    0B |    0B    0B    0B |     0B    0B |      0   15MB     0B

 kind | default  delete  elision  move  read  tomb  rewrite  copy  multi  blob virtual
count |       0       0        0     0     0     0        0     0      0     0       0

COMMIT PIPELINE
               wals                |              memtables              |       ingestions
    files |    written |  overhead |   flushes |       live |     zombie |     total |   flushable
----------+------------+-----------+-----------+------------+------------+-----------+------------
 7 (15MB) | 14MB: 15MB |      2.5% |         0 |   7 (32MB) |     0 (0B) |         0 |      0 (0B)

BLOCK CACHE: 0 entries (0B)
                 miss rate [percentage of total misses] since start
level      all     |  background    sstdata       sstval      blobval       filter       index
-------------------+------------------------------------------------------------------------------
total      0%      |

ITERATORS
        file cache        |    filter   |    open     |    open
     entries |   hit rate | utilization |  sst iters  |  snapshots
-------------+------------+-------------+-------------+------------
      0 (0B) |       0.0% |        0.0% |           0 |           0

FILES                 physical tables                 |                blob files
          |     local        shared        remote     |     local        shared        remote
----------+-------------------------------------------+------------------------------------------
     live |    0 (0B)        0 (0B)        0 (0B)     |    0 (0B)        0 (0B)        0 (0B)
   zombie |    0 (0B)        0 (0B)        0 (0B)     |    0 (0B)        0 (0B)        0 (0B)
 obsolete |    0 (0B)        0 (0B)        0 (0B)     |    0 (0B)        0 (0B)        0 (0B)

MISC            |
----------------+-----------
table stats     | all loaded
table garbage   |
  point del     | 0B
  range del     | 0B
blob values     |
  total         | 0B
  refed         | 0B
  backing-refed | 0B

CGO MEMORY    |          block cache           |                     memtables
          tot |           tot |           data |            maps |            ents |           tot
--------------+---------------+----------------+-----------------+-----------------+--------------
         32MB |         8.2KB |             0B |           8.2KB |              0B |          32MB

COMPACTIONS
                                                                         |      blob rewrites
    est. debt |   in progress |  cancelled |   failed |    problem spans |       read |    written
--------------+---------------+------------+----------+------------------+------------+-----------
           0B |        0 (0B) |     0 (0B) |        0 |                0 |         0B |         0B

KEYS
      range keys |       tombstones |      missized tombstones |      point dels |      range dels
-----------------+------------------+--------------------------+-----------------+----------------
               0 |                0 |                        0 |              0B |              0B

COMPRESSION
    algorithm |        tables |    blob files

        Logical bytes compressed / decompressed
level |  data blocks   |  value blocks  |  other blocks

DELETE PACER   |   in queue   |   deleted
---------------+--------------+-------------
        tables |    0 (0B)    |    0 (0B)
    blob files |    0 (0B)    |    0 (0B)
   other files |    0 (0B)    |    0 (0B)