rangedel: shape=unique queues=1024 overlap-frac=0.1 rangedels-per-batch=16 sets-per-batch=1 iter-frac=0.5 db-options=default gomaxprocs=4
wiping /home/coder/bench/rangedel-db-4way/runs/20261005-fourway-v2/db-unique-6-master
dir /home/coder/bench/rangedel-db-4way/runs/20261005-fourway-v2/db-unique-6-master
concurrency 1
rangedel_config: arena_bytes=67108864 readers=4 writers=2 reader_interval=1ms writer_interval=1ms
____elapsed______reads/s_____writes/s___p50(µs)___p95(µs)___p99(µs)___pMax(µs)
      1.0s         3599         1925     442.4    1572.9    1703.9     2883.6
      2.0s         2386         1921    1376.3    3407.9    3932.2     4980.7
      3.0s          754         1879    4980.7   10485.8   11534.3    13107.2
      4.0s         2028         1889    1245.2    5242.9    6029.3    13631.5
      5.0s          391         1882    9961.5   15728.6   16777.2    17825.8
      6.0s          180         1872   22020.1   30408.7   32505.9    33554.4
      7.0s         1833         1873    1245.2    4456.4   32505.9    37748.7
      8.0s          473         1818    7864.3   13631.5   15204.4    24117.2
      9.0s          200         1836   18874.4   28311.6   31457.3    31457.3
     10.0s          112         1870   37748.7   46137.3   46137.3    46137.3
rangedel_latency: kind=read class=all measurement=service samples=11960 completed_ops=11960 ops/s=1192.7 clipped_ops=0 expected_interval_ns=1000000 p50_us=1164.287 p95_us=13680.639 p99_us=30375.935 p99.9_us=43646.975 max_us=46596.095
rangedel_latency: kind=read class=all measurement=corrected samples=36880 completed_ops=11960 ops/s=1192.7 clipped_ops=0 expected_interval_ns=1000000 p50_us=3864.575 p95_us=24985.599 p99_us=35913.727 p99.9_us=43483.135 max_us=46596.095
rangedel_latency: kind=read class=iter measurement=service samples=6045 completed_ops=6045 ops/s=602.9 clipped_ops=0 expected_interval_ns=1000000 p50_us=1155.071 p95_us=13369.343 p99_us=30097.407 p99.9_us=43515.903 max_us=46563.327
rangedel_latency: kind=read class=iter measurement=corrected samples=18334 completed_ops=6045 ops/s=602.9 clipped_ops=0 expected_interval_ns=1000000 p50_us=3778.559 p95_us=24543.231 p99_us=35291.135 p99.9_us=43220.991 max_us=46563.327
rangedel_latency: kind=read class=get measurement=service samples=5915 completed_ops=5915 ops/s=589.9 clipped_ops=0 expected_interval_ns=1000000 p50_us=1170.431 p95_us=13950.975 p99_us=30670.847 p99.9_us=45023.231 max_us=46596.095
rangedel_latency: kind=read class=get measurement=corrected samples=18546 completed_ops=5915 ops/s=589.9 clipped_ops=0 expected_interval_ns=1000000 p50_us=3969.023 p95_us=25378.815 p99_us=36601.855 p99.9_us=43548.671 max_us=46596.095
rangedel_latency: kind=commit class=all measurement=service samples=18767 completed_ops=18767 ops/s=1871.6 clipped_ops=0 expected_interval_ns=1000000 p50_us=9.391 p95_us=14.287 p99_us=18.799 p99.9_us=88.639 max_us=9281.535
rangedel_latency: kind=commit class=all measurement=corrected samples=18836 completed_ops=18767 ops/s=1871.6 clipped_ops=0 expected_interval_ns=1000000 p50_us=9.407 p95_us=14.463 p99_us=20.623 p99.9_us=6209.535 max_us=9281.535
rangedel_latency: kind=commit class=rangedel measurement=service samples=18767 completed_ops=18767 ops/s=1871.6 clipped_ops=0 expected_interval_ns=1000000 p50_us=9.391 p95_us=14.287 p99_us=18.799 p99.9_us=88.639 max_us=9281.535
rangedel_latency: kind=commit class=rangedel measurement=corrected samples=18836 completed_ops=18767 ops/s=1871.6 clipped_ops=0 expected_interval_ns=1000000 p50_us=9.407 p95_us=14.463 p99_us=20.623 p99.9_us=6209.535 max_us=9281.535
rangedel_latency: kind=commit class=point measurement=service samples=0 completed_ops=0 ops/s=0.0 clipped_ops=0 expected_interval_ns=1000000 p50_us=0.000 p95_us=0.000 p99_us=0.000 p99.9_us=0.000 max_us=0.000
rangedel_latency: kind=commit class=point measurement=corrected samples=0 completed_ops=0 ops/s=0.0 clipped_ops=0 expected_interval_ns=1000000 p50_us=0.000 p95_us=0.000 p99_us=0.000 p99.9_us=0.000 max_us=0.000
rangedel_summary: elapsed=10.027s rangedel_batches=18767 rangedel_ops=300272 overlapping_rangedel_ops=29812 point_sets=18767 flushes=0 memtable_bytes=33292288 memtable_count=7 cumulative_flushable_mem_bytes=26662549
LSM                             |    vtables   |   value sep   |        |   ingested   |    amp
level       size | tables  size |  count  size |  refsz valblk |     in | tables  size |   r     w
-----------------+--------------+--------------+---------------+--------+--------------+----------
total         0B |      0    0B |      0     0 |     0B     0B |   15MB |      0    0B |   0  1.00

COMPACTIONS               |     moved    |     multilevel    |     read     |       written
level | score    ff   cff | tables  size |   top    in  read | tables  blob | tables  sstsz blobsz
------+-------------------+--------------+-------------------+--------------+---------------------
total |     -     -     - |      0    0B |    0B    0B    0B |     0B    0B |      0   15MB     0B

 kind | default  delete  elision  move  read  tomb  rewrite  copy  multi  blob virtual
count |       0       0        0     0     0     0        0     0      0     0       0

COMMIT PIPELINE
               wals                |              memtables              |       ingestions
    files |    written |  overhead |   flushes |       live |     zombie |     total |   flushable
----------+------------+-----------+-----------+------------+------------+-----------+------------
 7 (15MB) | 14MB: 15MB |      2.5% |         0 |   7 (32MB) |     0 (0B) |         0 |      0 (0B)

BLOCK CACHE: 0 entries (0B)
                 miss rate [percentage of total misses] since start
level      all     |  background    sstdata       sstval      blobval       filter       index
-------------------+------------------------------------------------------------------------------
total      0%      |

ITERATORS
        file cache        |    filter   |    open     |    open
     entries |   hit rate | utilization |  sst iters  |  snapshots
-------------+------------+-------------+-------------+------------
      0 (0B) |       0.0% |        0.0% |           0 |           0

FILES                 physical tables                 |                blob files
          |     local        shared        remote     |     local        shared        remote
----------+-------------------------------------------+------------------------------------------
     live |    0 (0B)        0 (0B)        0 (0B)     |    0 (0B)        0 (0B)        0 (0B)
   zombie |    0 (0B)        0 (0B)        0 (0B)     |    0 (0B)        0 (0B)        0 (0B)
 obsolete |    0 (0B)        0 (0B)        0 (0B)     |    0 (0B)        0 (0B)        0 (0B)

MISC            |
----------------+-----------
table stats     | all loaded
table garbage   |
  point del     | 0B
  range del     | 0B
blob values     |
  total         | 0B
  refed         | 0B
  backing-refed | 0B

CGO MEMORY    |          block cache           |                     memtables
          tot |           tot |           data |            maps |            ents |           tot
--------------+---------------+----------------+-----------------+-----------------+--------------
         32MB |         8.2KB |             0B |           8.2KB |              0B |          32MB

COMPACTIONS
                                                                         |      blob rewrites
    est. debt |   in progress |  cancelled |   failed |    problem spans |       read |    written
--------------+---------------+------------+----------+------------------+------------+-----------
           0B |        0 (0B) |     0 (0B) |        0 |                0 |         0B |         0B

KEYS
      range keys |       tombstones |      missized tombstones |      point dels |      range dels
-----------------+------------------+--------------------------+-----------------+----------------
               0 |                0 |                        0 |              0B |              0B

COMPRESSION
    algorithm |        tables |    blob files

        Logical bytes compressed / decompressed
level |  data blocks   |  value blocks  |  other blocks

DELETE PACER   |   in queue   |   deleted
---------------+--------------+-------------
        tables |    0 (0B)    |    0 (0B)
    blob files |    0 (0B)    |    0 (0B)
   other files |    0 (0B)    |    0 (0B)