rangedel: shape=unique queues=1024 overlap-frac=0.1 rangedels-per-batch=16 sets-per-batch=1 iter-frac=0.5 db-options=prod-writeheavy gomaxprocs=4
wiping /home/coder/bench/rangedel-db-4way/runs/20261005-fourway-prod-flush-v1/db-unique-1-method1
dir /home/coder/bench/rangedel-db-4way/runs/20261005-fourway-prod-flush-v1/db-unique-1-method1
concurrency 1
rangedel_config: arena_bytes=268435456 readers=4 writers=2 reader_interval=1ms writer_interval=2ms
____elapsed______reads/s_____writes/s___p50(µs)___p95(µs)___p99(µs)___pMax(µs)
      1.0s         3905          997      16.4      16.4      16.4       32.8
      2.0s         3911          999      16.4      16.4      16.4       24.6
      3.0s         3893          999      16.4      16.4      16.4      114.7
      4.0s         3890         1000      16.4      16.4      16.4       41.0
      5.0s         3894         1000      16.4      16.4      16.4       49.2
      6.0s         3896          997      16.4      16.4      16.4       24.6
      7.0s         3895         1000      16.4      16.4      16.4       32.8
      8.0s         3872         1000      16.4      16.4      16.4      106.5
      9.0s         3895         1000      16.4      16.4      16.4       32.8
     10.0s         3887          998      16.4      16.4      16.4       32.8
     11.0s         3892         1000      16.4      16.4      16.4     1900.5
     12.0s         3887          991      16.4      90.1     114.7      393.2
     13.0s         3870         1000      57.3      98.3     106.5      139.3
     14.0s         3883         1000      57.3      98.3     114.7      204.8
     15.0s         3895          998      57.3     106.5     114.7      155.6
     16.0s         3897         1000      49.2     106.5     155.6      409.6
     17.0s         3897         1000      16.4      16.4      24.6       73.7
     18.0s         3475          898      16.4      16.4      24.6      254.0
     19.0s         3877         1000      16.4      16.4      24.6       49.2
     20.0s         3897          998      16.4      16.4      24.6       73.7
____elapsed______reads/s_____writes/s___p50(µs)___p95(µs)___p99(µs)___pMax(µs)
     21.0s         3901         1000      16.4      16.4      24.6       73.7
     22.0s         3846          986      16.4      24.6      32.8      409.6
     23.0s         3887          998      16.4      16.4      16.4       32.8
     24.0s         3830         1000      16.4      16.4      24.6       41.0
     25.0s         3893         1000      16.4      16.4      24.6       41.0
     26.0s         3865          998      16.4      16.4      24.6       41.0
     27.0s         3912         1000      16.4      16.4      24.6       65.5
     28.0s         3894         1000      16.4      16.4      24.6       41.0
     29.0s         3896         1000      16.4      16.4      24.6       73.7
     30.0s         3865         1000      16.4      16.4      24.6       49.2
     31.0s         3886         1000      16.4      24.6      24.6       49.2
     32.0s         3887          998      16.4      24.6     122.9      311.3
     33.0s         3761          968      16.4      16.4      16.4       41.0
     34.0s         3467          904      16.4      16.4      24.6      221.2
     35.0s         3898         1000      16.4      16.4      16.4       32.8
     36.0s         3893         1000      16.4      16.4      24.6       32.8
     37.0s         3185          859      16.4      16.4      24.6       32.8
     38.0s         3885         1000      16.4      16.4      24.6       32.8
     39.0s         3487          922      16.4      16.4      24.6       41.0
     40.0s         3919         1000      16.4      16.4      24.6       65.5
____elapsed______reads/s_____writes/s___p50(µs)___p95(µs)___p99(µs)___pMax(µs)
     41.0s         3875         1000      16.4      16.4      24.6       41.0
     42.0s         3900          972      16.4      24.6      32.8      172.0
     43.0s         3875         1000      16.4      16.4      16.4       49.2
     44.0s         3545          960      16.4      16.4      16.4       32.8
     45.0s         3893         1000      16.4      16.4      24.6       41.0
     46.0s         3888         1000      16.4      16.4      24.6       41.0
     47.0s         3870         1000      16.4      16.4      24.6       32.8
     48.0s         3835          996      16.4      16.4      24.6       41.0
     49.0s         3887         1000      16.4      16.4      24.6       49.2
     50.0s         3906         1000      16.4      16.4      24.6       49.2
     51.0s         3885         1000      16.4      16.4      24.6       32.8
     52.0s         3361          852      16.4      49.2     122.9      196.6
     53.0s         3878         1000      16.4      16.4      16.4      122.9
     54.0s         3886         1000      16.4      16.4      16.4      131.1
     55.0s         3907         1000      16.4      16.4      16.4       32.8
     56.0s         3895         1000      16.4      16.4      16.4       32.8
     57.0s         3874         1000      16.4      16.4      24.6       41.0
     58.0s         3882         1000      16.4      16.4      24.6       73.7
     59.0s         3888         1000      16.4      16.4      24.6      114.7
     60.0s         3884         1000      16.4      16.4      24.6       41.0
rangedel_latency: kind=read class=all measurement=service samples=230287 completed_ops=230287 ops/s=3838.0 clipped_ops=0 expected_interval_ns=1000000 p50_us=6.711 p95_us=47.359 p99_us=91.583 p99.9_us=117.567 max_us=1898.495
rangedel_latency: kind=read class=all measurement=corrected samples=230287 completed_ops=230287 ops/s=3838.0 clipped_ops=0 expected_interval_ns=1000000 p50_us=6.711 p95_us=47.359 p99_us=91.583 p99.9_us=117.567 max_us=1898.495
rangedel_latency: kind=read class=iter measurement=service samples=114892 completed_ops=114892 ops/s=1914.8 clipped_ops=0 expected_interval_ns=1000000 p50_us=8.431 p95_us=51.359 p99_us=95.039 p99.9_us=118.399 max_us=1898.495
rangedel_latency: kind=read class=iter measurement=corrected samples=114892 completed_ops=114892 ops/s=1914.8 clipped_ops=0 expected_interval_ns=1000000 p50_us=8.431 p95_us=51.359 p99_us=95.039 p99.9_us=118.399 max_us=1898.495
rangedel_latency: kind=read class=get measurement=service samples=115395 completed_ops=115395 ops/s=1923.2 clipped_ops=0 expected_interval_ns=1000000 p50_us=5.463 p95_us=45.535 p99_us=88.767 p99.9_us=113.599 max_us=1208.319
rangedel_latency: kind=read class=get measurement=corrected samples=115395 completed_ops=115395 ops/s=1923.2 clipped_ops=0 expected_interval_ns=1000000 p50_us=5.463 p95_us=45.535 p99_us=88.767 p99.9_us=113.599 max_us=1208.319
rangedel_latency: kind=commit class=all measurement=service samples=59290 completed_ops=59290 ops/s=988.1 clipped_ops=0 expected_interval_ns=2000000 p50_us=75.519 p95_us=124.479 p99_us=186.751 p99.9_us=268.799 max_us=30490.623
rangedel_latency: kind=commit class=all measurement=corrected samples=59351 completed_ops=59290 ops/s=988.1 clipped_ops=0 expected_interval_ns=2000000 p50_us=75.583 p95_us=124.799 p99_us=199.807 p99.9_us=4198.399 max_us=30490.623
rangedel_latency: kind=commit class=rangedel measurement=service samples=59290 completed_ops=59290 ops/s=988.1 clipped_ops=0 expected_interval_ns=2000000 p50_us=75.519 p95_us=124.479 p99_us=186.751 p99.9_us=268.799 max_us=30490.623
rangedel_latency: kind=commit class=rangedel measurement=corrected samples=59351 completed_ops=59290 ops/s=988.1 clipped_ops=0 expected_interval_ns=2000000 p50_us=75.583 p95_us=124.799 p99_us=199.807 p99.9_us=4198.399 max_us=30490.623
rangedel_latency: kind=commit class=point measurement=service samples=0 completed_ops=0 ops/s=0.0 clipped_ops=0 expected_interval_ns=2000000 p50_us=0.000 p95_us=0.000 p99_us=0.000 p99.9_us=0.000 max_us=0.000
rangedel_latency: kind=commit class=point measurement=corrected samples=0 completed_ops=0 ops/s=0.0 clipped_ops=0 expected_interval_ns=2000000 p50_us=0.000 p95_us=0.000 p99_us=0.000 p99.9_us=0.000 max_us=0.000
rangedel_summary: elapsed=60.001s rangedel_batches=59290 rangedel_ops=948640 overlapping_rangedel_ops=94318 point_sets=59290 flushes=6 memtable_bytes=33554432 memtable_count=1 cumulative_flushable_mem_bytes=84130366
LSM                             |    vtables   |   value sep   |        |   ingested   |    amp
level       size | tables  size |  count  size |  refsz valblk |     in | tables  size |   r     w
-----------------+--------------+--------------+---------------+--------+--------------+----------
   L0         0B |      0    0B |      0     0 |     0B     0B |   40MB |      0    0B |   0  0.61
   L6        8KB |      1   8KB |      0     0 |     0B     0B |   14MB |      0    0B |   1  0.00
-----------------+--------------+--------------+---------------+--------+--------------+----------
total        8KB |      1   8KB |      0     0 |     0B     0B |   47MB |      0    0B |   1  1.53

COMPACTIONS               |     moved    |     multilevel    |     read     |       written
level | score    ff   cff | tables  size |   top    in  read | tables  blob | tables  sstsz blobsz
------+-------------------+--------------+-------------------+--------------+---------------------
   L0 |     -     0     0 |      0    0B |    0B    0B    0B |     0B    0B |     12   25MB     0B
   L6 |     -  0.00  0.00 |      4  11MB |    0B    0B    0B |   25MB    0B |      5   40KB     0B
------+-------------------+--------------+-------------------+--------------+---------------------
total |     -     -     - |      4  11MB |    0B    0B    0B |   25MB    0B |     17   71MB     0B

 kind | default  delete  elision  move  read  tomb  rewrite  copy  multi  blob virtual
count |       8       0        0     4     0     0        0     0      0     0       0

COMMIT PIPELINE
               wals                |              memtables              |       ingestions
    files |    written |  overhead |   flushes |       live |     zombie |     total |   flushable
----------+------------+-----------+-----------+------------+------------+-----------+------------
1 (6.5MB) | 46MB: 47MB |      2.4% |         6 |   1 (32MB) |   1 (32MB) |         0 |      0 (0B)

BLOCK CACHE: 0 entries (0B)
                 miss rate [percentage of total misses] since start
level      all     |  background    sstdata       sstval      blobval       filter       index
-------------------+------------------------------------------------------------------------------
 n/a   100% [0.7%] |                                                                  100% [0.7%]
  L0   99% [0.5%]  |  100% [~0%]   99% [0.4%]                            100% [0.1%]   99% [0.1%]
  L6    95% [99%]  |  100% [~0%]   93% [53%]                                           97% [45%]
-------------------+------------------------------------------------------------------------------
total     94.6%    |  100% [~0%]   93% [54%]                             100% [0.1%]   97% [46%]

ITERATORS
        file cache        |    filter   |    open     |    open
     entries |   hit rate | utilization |  sst iters  |  snapshots
-------------+------------+-------------+-------------+------------
    1 (520B) |     100.0% |        0.0% |           0 |           0

FILES                 physical tables                 |                blob files
          |     local        shared        remote     |     local        shared        remote
----------+-------------------------------------------+------------------------------------------
     live |    1 (8KB)       0 (0B)        0 (0B)     |    0 (0B)        0 (0B)        0 (0B)
   zombie |    0 (0B)        0 (0B)        0 (0B)     |    0 (0B)        0 (0B)        0 (0B)
 obsolete |    0 (0B)        0 (0B)        0 (0B)     |    0 (0B)        0 (0B)        0 (0B)

MISC            |
----------------+-----------
table stats     | all loaded
table garbage   |
  point del     | 0B
  range del     | 0B
blob values     |
  total         | 0B
  refed         | 0B
  backing-refed | 0B

CGO MEMORY    |          block cache           |                     memtables
          tot |           tot |           data |            maps |            ents |           tot
--------------+---------------+----------------+-----------------+-----------------+--------------
         64MB |         8.8KB |             0B |           8.2KB |            560B |          64MB

COMPACTIONS
                                                                         |      blob rewrites
    est. debt |   in progress |  cancelled |   failed |    problem spans |       read |    written
--------------+---------------+------------+----------+------------------+------------+-----------
           0B |        0 (0B) |     0 (0B) |        0 |                0 |         0B |         0B

KEYS
      range keys |       tombstones |      missized tombstones |      point dels |      range dels
-----------------+------------------+--------------------------+-----------------+----------------
               0 |                0 |                        0 |              0B |              0B

COMPRESSION
    algorithm |          tables |    blob files
--------------+-----------------+--------------
         none |           1.4KB |
        minlz | 5.8KB (CR=1.26) |

        Logical bytes compressed / decompressed
level |  data blocks   |  value blocks  |  other blocks
------+----------------+----------------+---------------
L0-L4 |  67KB / 4.2MB  |    0B / 0B     |    8KB / 0B
   L6 |  37KB / 1.1GB  |    0B / 0B     |   3.5KB / 0B

DELETE PACER   |   in queue   |   deleted
---------------+--------------+-------------
        tables |    0 (0B)    |  16 (25MB)
    blob files |    0 (0B)    |    0 (0B)
   other files |    0 (0B)    |    0 (0B)