rangedel: shape=unique queues=1024 overlap-frac=0.1 rangedels-per-batch=16 sets-per-batch=1 iter-frac=0.5 db-options=prod-writeheavy gomaxprocs=4
wiping /home/coder/bench/rangedel-db-4way/runs/20261005-fourway-prod-flush-v1/db-unique-1-p1
dir /home/coder/bench/rangedel-db-4way/runs/20261005-fourway-prod-flush-v1/db-unique-1-p1
concurrency 1
rangedel_config: arena_bytes=268435456 readers=4 writers=2 reader_interval=1ms writer_interval=2ms
____elapsed______reads/s_____writes/s___p50(µs)___p95(µs)___p99(µs)___pMax(µs)
      1.0s         3599          935      32.8     622.6     720.9      852.0
      2.0s         3777         1000      98.3    1245.2    1507.3     2883.6
      3.0s         2642          997    1114.1    2883.6    3276.8     4456.4
      4.0s         3278          999     458.8    2228.2    2359.3     3538.9
      5.0s         1059         1000    3670.0    5767.2    6291.5     7864.3
      6.0s         1318          987     147.5    8912.9    9437.2    12058.6
      7.0s         3167         1002     589.8    2359.3    2490.4     3407.9
      8.0s         1016         1000    3801.1    5767.2    6029.3    10485.8
      9.0s          421          987    8912.9   17825.8   28311.6    35651.6
     10.0s          276          997   13631.5   18874.4   44040.2    44040.2
     11.0s          200          972   19922.9   24117.2   37748.7    37748.7
     12.0s         1087          932      98.3   25165.8   29360.1    50331.6
     13.0s         3252          999     557.1    2228.2    2490.4     7864.3
     14.0s         1020          998    3801.1    6029.3    6029.3     8388.6
     15.0s          480          990    8126.5   11010.0   14680.1    20971.5
     16.0s          296          996   13631.5   17825.8   23068.7    23068.7
     17.0s          200          985   19922.9   24117.2   32505.9    32505.9
     18.0s          148          998   27263.0   32505.9   37748.7    37748.7
     19.0s          108         1000   35651.6   46137.3   48234.5    48234.5
     20.0s           88         1000   46137.3   52428.8   52428.8    52428.8
____elapsed______reads/s_____writes/s___p50(µs)___p95(µs)___p99(µs)___pMax(µs)
     21.0s           64          992   60817.4   75497.5   75497.5    75497.5
     22.0s          485          901      49.2   75497.5   75497.5   150994.9
     23.0s         3381          992     344.1    1900.5    2490.4     8388.6
     24.0s         1152          994    3276.8    5242.9    5505.0    16777.2
     25.0s          521          972    7077.9   10485.8   16777.2    27263.0
     26.0s          300          987   13107.2   20971.5   28311.6    28311.6
     27.0s          208          973   18874.4   22020.1   39845.9    44040.2
     28.0s          148          971   26214.4   48234.5   50331.6    50331.6
     29.0s          111          959   32505.9   48234.5   58720.3    58720.3
     30.0s           79          764   44040.2   88080.4  150994.9   167772.2
     31.0s           75          964   52428.8   79691.8   79691.8    88080.4
     32.0s          165          886      32.8   71303.2   92274.7   159383.6
     33.0s         3550          996     204.8    1703.9    1966.1     5505.0
     34.0s         1272          993    3014.7    4980.7    5242.9    11010.0
     35.0s          551          985    7077.9    9437.2   12058.6    24117.2
     36.0s          324          987   12058.6   15728.6   23068.7    23068.7
     37.0s          208          990   18874.4   25165.8   31457.3    31457.3
     38.0s          160          992   25165.8   32505.9   39845.9    39845.9
     39.0s          111          810   32505.9   52428.8   92274.7    96469.0
     40.0s           87          816   41943.0   79691.8   92274.7   104857.6
____elapsed______reads/s_____writes/s___p50(µs)___p95(µs)___p99(µs)___pMax(µs)
     41.0s           74          984   52428.8   79691.8   92274.7    92274.7
     42.0s           63          919   62914.6   88080.4   88080.4    88080.4
     43.0s         3427          928     147.5    1441.8    1638.4   159383.6
     44.0s         1449          994    2621.4    4456.4    4718.6     9961.5
     45.0s          589          973    6553.6    8912.9   18874.4    20971.5
     46.0s          340          996   11534.3   14680.1   24117.2    24117.2
     47.0s          216          986   18874.4   25165.8   32505.9    32505.9
     48.0s          160          991   24117.2   32505.9   39845.9    39845.9
     49.0s          120          992   32505.9   37748.7   52428.8    54526.0
     50.0s           92          986   44040.2   62914.6   65011.7    65011.7
     51.0s           72          985   52428.8   60817.4   83886.1    83886.1
     52.0s           60          974   67108.9   92274.7   92274.7    92274.7
     53.0s         3388          916     155.6    1376.3    1769.5   113246.2
     54.0s         1462          990    2621.4    4718.6    6291.5    14155.8
     55.0s          592          992    6553.6    8912.9    9437.2    16777.2
     56.0s          336          968   11534.3   14680.1   20971.5    20971.5
     57.0s          220          976   17825.8   23068.7   35651.6    35651.6
     58.0s          160          883   24117.2   39845.9   44040.2    56623.1
     59.0s          124          988   30408.7   39845.9   54526.0    54526.0
     60.0s           96          918   39845.9   50331.6   75497.5    75497.5
rangedel_latency: kind=read class=all measurement=service samples=53428 completed_ops=53428 ops/s=890.2 clipped_ops=0 expected_interval_ns=1000000 p50_us=825.855 p95_us=21233.663 p99_us=49971.199 p99.9_us=80281.599 max_us=162791.423
rangedel_latency: kind=read class=all measurement=corrected samples=227268 completed_ops=53428 ops/s=890.2 clipped_ops=0 expected_interval_ns=1000000 p50_us=6791.167 p95_us=44564.479 p99_us=65732.607 p99.9_us=114753.535 max_us=162791.423
rangedel_latency: kind=read class=iter measurement=service samples=26743 completed_ops=26743 ops/s=445.6 clipped_ops=0 expected_interval_ns=1000000 p50_us=811.007 p95_us=21053.439 p99_us=49283.071 p99.9_us=74055.679 max_us=162791.423
rangedel_latency: kind=read class=iter measurement=corrected samples=113084 completed_ops=26743 ops/s=445.6 clipped_ops=0 expected_interval_ns=1000000 p50_us=6729.727 p95_us=43843.583 p99_us=64880.639 p99.9_us=124125.183 max_us=162791.423
rangedel_latency: kind=read class=get measurement=service samples=26685 completed_ops=26685 ops/s=444.6 clipped_ops=0 expected_interval_ns=1000000 p50_us=841.215 p95_us=21446.655 p99_us=50200.575 p99.9_us=80347.135 max_us=157810.687
rangedel_latency: kind=read class=get measurement=corrected samples=114184 completed_ops=26685 ops/s=444.6 clipped_ops=0 expected_interval_ns=1000000 p50_us=6852.607 p95_us=45252.607 p99_us=66584.575 p99.9_us=103743.487 max_us=157810.687
rangedel_latency: kind=commit class=all measurement=service samples=58037 completed_ops=58037 ops/s=967.0 clipped_ops=0 expected_interval_ns=2000000 p50_us=10.095 p95_us=16.991 p99_us=26.591 p99.9_us=78.591 max_us=99483.647
rangedel_latency: kind=commit class=all measurement=corrected samples=58467 completed_ops=58037 ops/s=967.0 clipped_ops=0 expected_interval_ns=2000000 p50_us=10.111 p95_us=17.855 p99_us=37.983 p99.9_us=76218.367 max_us=99483.647
rangedel_latency: kind=commit class=rangedel measurement=service samples=58037 completed_ops=58037 ops/s=967.0 clipped_ops=0 expected_interval_ns=2000000 p50_us=10.095 p95_us=16.991 p99_us=26.591 p99.9_us=78.591 max_us=99483.647
rangedel_latency: kind=commit class=rangedel measurement=corrected samples=58467 completed_ops=58037 ops/s=967.0 clipped_ops=0 expected_interval_ns=2000000 p50_us=10.111 p95_us=17.855 p99_us=37.983 p99.9_us=76218.367 max_us=99483.647
rangedel_latency: kind=commit class=point measurement=service samples=0 completed_ops=0 ops/s=0.0 clipped_ops=0 expected_interval_ns=2000000 p50_us=0.000 p95_us=0.000 p99_us=0.000 p99.9_us=0.000 max_us=0.000
rangedel_latency: kind=commit class=point measurement=corrected samples=0 completed_ops=0 ops/s=0.0 clipped_ops=0 expected_interval_ns=2000000 p50_us=0.000 p95_us=0.000 p99_us=0.000 p99.9_us=0.000 max_us=0.000
rangedel_summary: elapsed=60.018s rangedel_batches=58037 rangedel_ops=928592 overlapping_rangedel_ops=92331 point_sets=58037 flushes=6 memtable_bytes=33554432 memtable_count=1 cumulative_flushable_mem_bytes=82346943
LSM                             |    vtables   |   value sep   |        |   ingested   |    amp
level       size | tables  size |  count  size |  refsz valblk |     in | tables  size |   r     w
-----------------+--------------+--------------+---------------+--------+--------------+----------
   L0         0B |      0    0B |      0     0 |     0B     0B |   40MB |      0    0B |   0  0.61
   L6        8KB |      1   8KB |      0     0 |     0B     0B |   14MB |      0    0B |   1  0.00
-----------------+--------------+--------------+---------------+--------+--------------+----------
total        8KB |      1   8KB |      0     0 |     0B     0B |   46MB |      0    0B |   1  1.53

COMPACTIONS               |     moved    |     multilevel    |     read     |       written
level | score    ff   cff | tables  size |   top    in  read | tables  blob | tables  sstsz blobsz
------+-------------------+--------------+-------------------+--------------+---------------------
   L0 |     -     0     0 |      0    0B |    0B    0B    0B |     0B    0B |     12   24MB     0B
   L6 |     -  0.00  0.00 |      4  11MB |    0B    0B    0B |   24MB    0B |      5   40KB     0B
------+-------------------+--------------+-------------------+--------------+---------------------
total |     -     -     - |      4  11MB |    0B    0B    0B |   24MB    0B |     17   70MB     0B

 kind | default  delete  elision  move  read  tomb  rewrite  copy  multi  blob virtual
count |       8       0        0     4     0     0        0     0      0     0       0

COMMIT PIPELINE
               wals                |              memtables              |       ingestions
    files |    written |  overhead |   flushes |       live |     zombie |     total |   flushable
----------+------------+-----------+-----------+------------+------------+-----------+------------
  1 (6MB) | 45MB: 46MB |      2.4% |         6 |   1 (32MB) |   1 (32MB) |         0 |      0 (0B)

BLOCK CACHE: 0 entries (0B)
                 miss rate [percentage of total misses] since start
level      all     |  background    sstdata       sstval      blobval       filter       index
-------------------+------------------------------------------------------------------------------
 n/a   100% [3.7%] |                                                                  100% [3.7%]
  L0   100% [2.1%] |  100% [~0%]  100% [1.4%]                            100% [0.2%]  100% [0.5%]
  L6    98% [94%]  |  100% [~0%]   97% [54%]                                           99% [40%]
-------------------+------------------------------------------------------------------------------
total     97.9%    |  100% [~0%]   97% [56%]                             100% [0.2%]   99% [44%]

ITERATORS
        file cache        |    filter   |    open     |    open
     entries |   hit rate | utilization |  sst iters  |  snapshots
-------------+------------+-------------+-------------+------------
    1 (520B) |     100.0% |        0.0% |           0 |           0

FILES                 physical tables                 |                blob files
          |     local        shared        remote     |     local        shared        remote
----------+-------------------------------------------+------------------------------------------
     live |    1 (8KB)       0 (0B)        0 (0B)     |    0 (0B)        0 (0B)        0 (0B)
   zombie |    0 (0B)        0 (0B)        0 (0B)     |    0 (0B)        0 (0B)        0 (0B)
 obsolete |    0 (0B)        0 (0B)        0 (0B)     |    0 (0B)        0 (0B)        0 (0B)

MISC            |
----------------+-----------
table stats     | all loaded
table garbage   |
  point del     | 0B
  range del     | 0B
blob values     |
  total         | 0B
  refed         | 0B
  backing-refed | 0B

CGO MEMORY    |          block cache           |                     memtables
          tot |           tot |           data |            maps |            ents |           tot
--------------+---------------+----------------+-----------------+-----------------+--------------
         64MB |         8.7KB |             0B |           8.2KB |            480B |          64MB

COMPACTIONS
                                                                         |      blob rewrites
    est. debt |   in progress |  cancelled |   failed |    problem spans |       read |    written
--------------+---------------+------------+----------+------------------+------------+-----------
           0B |        0 (0B) |     0 (0B) |        0 |                0 |         0B |         0B

KEYS
      range keys |       tombstones |      missized tombstones |      point dels |      range dels
-----------------+------------------+--------------------------+-----------------+----------------
               0 |                0 |                        0 |              0B |              0B

COMPRESSION
    algorithm |          tables |    blob files
--------------+-----------------+--------------
         none |           1.4KB |
        minlz | 5.8KB (CR=1.26) |

        Logical bytes compressed / decompressed
level |  data blocks   |  value blocks  |  other blocks
------+----------------+----------------+---------------
L0-L4 |  67KB / 3.4MB  |    0B / 0B     |    8KB / 0B
   L6 |  37KB / 236MB  |    0B / 0B     |   3.5KB / 0B

DELETE PACER   |   in queue   |   deleted
---------------+--------------+-------------
        tables |    0 (0B)    |  16 (24MB)
    blob files |    0 (0B)    |    0 (0B)
   other files |    0 (0B)    |    0 (0B)