rangedel: shape=unique queues=1024 overlap-frac=0.1 rangedels-per-batch=16 sets-per-batch=1 iter-frac=0.5 db-options=prod-writeheavy gomaxprocs=4
wiping /home/coder/bench/rangedel-db-4way/runs/20261005-fourway-prod-flush-v1/db-unique-3-master
dir /home/coder/bench/rangedel-db-4way/runs/20261005-fourway-prod-flush-v1/db-unique-3-master
concurrency 1
rangedel_config: arena_bytes=268435456 readers=4 writers=2 reader_interval=1ms writer_interval=2ms
____elapsed______reads/s_____writes/s___p50(µs)___p95(µs)___p99(µs)___pMax(µs)
      1.0s         3829         1000      81.9    1179.6    1441.8     1638.4
      2.0s         3419          973     294.9    1572.9    1703.9     4718.6
      3.0s         2141          995    1703.9    3670.0    3932.2     7340.0
      4.0s         2660         1000    1015.8    2883.6    3276.8     4456.4
      5.0s          819          991    4718.6    7077.9    7864.3    15204.4
      6.0s         1339          997     237.6   10485.8   13107.2    41943.0
      7.0s         2513          998    1179.6    3014.7    3407.9     7602.2
      8.0s          780          998    4980.7    7340.0    9437.2    25165.8
      9.0s          412         1001    9437.2   12582.9   14155.8    15728.6
     10.0s          256          996   15204.4   19922.9   26214.4    26214.4
     11.0s          172          993   23068.7   27263.0   29360.1    29360.1
     12.0s         1292          988     221.2   28311.6   33554.4    37748.7
     13.0s         2370         1002    1310.7    3407.9    3932.2     7864.3
     14.0s          743          990    5242.9    7602.2   12058.6    18874.4
     15.0s          392          993    9961.5   13107.2   15204.4    18874.4
     16.0s          244          990   16252.9   23068.7   25165.8    26214.4
     17.0s          168          980   24117.2   29360.1   35651.6    37748.7
     18.0s          120          987   32505.9   41943.0   52428.8    56623.1
     19.0s           96          992   41943.0   48234.5   54526.0    54526.0
     20.0s           72          986   54526.0   60817.4   65011.7    65011.7
____elapsed______reads/s_____writes/s___p50(µs)___p95(µs)___p99(µs)___pMax(µs)
     21.0s           60          998   65011.7   75497.5   75497.5    75497.5
     22.0s          914          886     106.5     491.5   83886.1   125829.1
     23.0s         2615          976    1015.8    2883.6    3145.7    16777.2
     24.0s          803          959    4718.6    7077.9   16252.9    18874.4
     25.0s          415          941    9437.2   16252.9   23068.7    24117.2
     26.0s          264          948   14155.8   18874.4   37748.7    39845.9
     27.0s          180          985   20971.5   33554.4   37748.7    37748.7
     28.0s          132          979   30408.7   39845.9   46137.3    46137.3
     29.0s           96          975   41943.0   50331.6   58720.3    58720.3
     30.0s           72          953   52428.8   71303.2   83886.1    83886.1
     31.0s           64          974   65011.7   83886.1   83886.1    83886.1
     32.0s          990          915     114.7     507.9   79691.8    92274.7
     33.0s         2590          991    1114.1    3014.7    3407.9    12058.6
     34.0s          796          974    4980.7    7077.9   12058.6    16777.2
     35.0s          417          961    9437.2   13107.2   19922.9    20971.5
     36.0s          260          980   14680.1   20971.5   26214.4    26214.4
     37.0s          176          987   23068.7   28311.6   35651.6    35651.6
     38.0s          132          983   30408.7   41943.0   46137.3    46137.3
     39.0s           96          988   39845.9   50331.6   50331.6    50331.6
     40.0s           72          967   52428.8   71303.2   79691.8    79691.8
____elapsed______reads/s_____writes/s___p50(µs)___p95(µs)___p99(µs)___pMax(µs)
     41.0s           60          992   67108.9   83886.1   83886.1    83886.1
     42.0s          906          898     106.5     475.1   83886.1   150994.9
     43.0s         2676          991    1015.8    2883.6    3145.7    10485.8
     44.0s          833          968    4718.6    7077.9   12582.9    16777.2
     45.0s          427          979    9437.2   12582.9   18874.4    26214.4
     46.0s          254          946   14680.1   24117.2   31457.3    46137.3
     47.0s          172          953   23068.7   31457.3   41943.0    41943.0
     48.0s          128          968   31457.3   41943.0   56623.1    56623.1
     49.0s          100          981   39845.9   52428.8   56623.1    56623.1
     50.0s           76          944   52428.8   67108.9   67108.9    71303.2
     51.0s           56          941   62914.6  104857.6  104857.6   104857.6
     52.0s          865          902      90.1   71303.2   79691.8   113246.2
     53.0s         2709          989     983.0    2883.6    3407.9    10485.8
     54.0s          829          988    4718.6    7077.9   11534.3    12058.6
     55.0s          408          974    9961.5   13631.5   18874.4    19922.9
     56.0s          256          990   15728.6   22020.1   28311.6    28311.6
     57.0s          176          992   23068.7   28311.6   32505.9    32505.9
     58.0s          128          983   31457.3   41943.0   46137.3    46137.3
     59.0s           96          986   41943.0   52428.8   54526.0    54526.0
     60.0s           76          991   52428.8   60817.4   67108.9    67108.9
rangedel_latency: kind=read class=all measurement=service samples=46216 completed_ops=46216 ops/s=769.7 clipped_ops=0 expected_interval_ns=1000000 p50_us=1175.551 p95_us=24707.071 p99_us=58097.663 p99.9_us=82444.287 max_us=145096.703
rangedel_latency: kind=read class=all measurement=corrected samples=227421 completed_ops=46216 ops/s=769.7 clipped_ops=0 expected_interval_ns=1000000 p50_us=7741.439 p95_us=49020.927 p99_us=68616.191 p99.9_us=88801.279 max_us=145096.703
rangedel_latency: kind=read class=iter measurement=service samples=23125 completed_ops=23125 ops/s=385.1 clipped_ops=0 expected_interval_ns=1000000 p50_us=1156.095 p95_us=23658.495 p99_us=58097.663 p99.9_us=82444.287 max_us=145096.703
rangedel_latency: kind=read class=iter measurement=corrected samples=112201 completed_ops=23125 ops/s=385.1 clipped_ops=0 expected_interval_ns=1000000 p50_us=7634.943 p95_us=49676.287 p99_us=69533.695 p99.9_us=95748.095 max_us=145096.703
rangedel_latency: kind=read class=get measurement=service samples=23091 completed_ops=23091 ops/s=384.5 clipped_ops=0 expected_interval_ns=1000000 p50_us=1193.983 p95_us=25477.119 p99_us=58064.895 p99.9_us=81395.711 max_us=100794.367
rangedel_latency: kind=read class=get measurement=corrected samples=115220 completed_ops=23091 ops/s=384.5 clipped_ops=0 expected_interval_ns=1000000 p50_us=7835.647 p95_us=48398.335 p99_us=67764.223 p99.9_us=83820.543 max_us=100794.367
rangedel_latency: kind=commit class=all measurement=service samples=58526 completed_ops=58526 ops/s=974.7 clipped_ops=0 expected_interval_ns=2000000 p50_us=10.975 p95_us=20.495 p99_us=30.751 p99.9_us=100.031 max_us=110362.623
rangedel_latency: kind=commit class=all measurement=corrected samples=58893 completed_ops=58526 ops/s=974.7 clipped_ops=0 expected_interval_ns=2000000 p50_us=10.991 p95_us=21.231 p99_us=40.095 p99.9_us=75038.719 max_us=110362.623
rangedel_latency: kind=commit class=rangedel measurement=service samples=58526 completed_ops=58526 ops/s=974.7 clipped_ops=0 expected_interval_ns=2000000 p50_us=10.975 p95_us=20.495 p99_us=30.751 p99.9_us=100.031 max_us=110362.623
rangedel_latency: kind=commit class=rangedel measurement=corrected samples=58893 completed_ops=58526 ops/s=974.7 clipped_ops=0 expected_interval_ns=2000000 p50_us=10.991 p95_us=21.231 p99_us=40.095 p99.9_us=75038.719 max_us=110362.623
rangedel_latency: kind=commit class=point measurement=service samples=0 completed_ops=0 ops/s=0.0 clipped_ops=0 expected_interval_ns=2000000 p50_us=0.000 p95_us=0.000 p99_us=0.000 p99.9_us=0.000 max_us=0.000
rangedel_latency: kind=commit class=point measurement=corrected samples=0 completed_ops=0 ops/s=0.0 clipped_ops=0 expected_interval_ns=2000000 p50_us=0.000 p95_us=0.000 p99_us=0.000 p99.9_us=0.000 max_us=0.000
rangedel_summary: elapsed=60.048s rangedel_batches=58526 rangedel_ops=936416 overlapping_rangedel_ops=93088 point_sets=58526 flushes=6 memtable_bytes=33554432 memtable_count=1 cumulative_flushable_mem_bytes=83057378
LSM                             |    vtables   |   value sep   |        |   ingested   |    amp
level       size | tables  size |  count  size |  refsz valblk |     in | tables  size |   r     w
-----------------+--------------+--------------+---------------+--------+--------------+----------
   L0         0B |      0    0B |      0     0 |     0B     0B |   40MB |      0    0B |   0  0.61
   L6        8KB |      1   8KB |      0     0 |     0B     0B |   17MB |      0    0B |   1  0.00
-----------------+--------------+--------------+---------------+--------+--------------+----------
total        8KB |      1   8KB |      0     0 |     0B     0B |   46MB |      0    0B |   1  1.53

COMPACTIONS               |     moved    |     multilevel    |     read     |       written
level | score    ff   cff | tables  size |   top    in  read | tables  blob | tables  sstsz blobsz
------+-------------------+--------------+-------------------+--------------+---------------------
   L0 |     -     0     0 |      0    0B |    0B    0B    0B |     0B    0B |     12   24MB     0B
   L6 |     -  0.00  0.00 |      5  14MB |    0B    0B    0B |   24MB    0B |      6   48KB     0B
------+-------------------+--------------+-------------------+--------------+---------------------
total |     -     -     - |      5  14MB |    0B    0B    0B |   24MB    0B |     18   71MB     0B

 kind | default  delete  elision  move  read  tomb  rewrite  copy  multi  blob virtual
count |       7       0        3     5     0     0        0     0      0     0       0

COMMIT PIPELINE
               wals                |              memtables              |       ingestions
    files |    written |  overhead |   flushes |       live |     zombie |     total |   flushable
----------+------------+-----------+-----------+------------+------------+-----------+------------
1 (6.4MB) | 45MB: 46MB |      2.4% |         6 |   1 (32MB) |   1 (32MB) |         0 |      0 (0B)

BLOCK CACHE: 0 entries (0B)
                 miss rate [percentage of total misses] since start
level      all     |  background    sstdata       sstval      blobval       filter       index
-------------------+------------------------------------------------------------------------------
 n/a   100% [3.3%] |                                                                  100% [3.3%]
  L0   100% [2.9%] |  100% [~0%]  100% [1.9%]                            100% [0.3%]  100% [0.6%]
  L6    99% [94%]  |  100% [~0%]   99% [47%]                                           99% [47%]
-------------------+------------------------------------------------------------------------------
total     99.2%    | 100% [0.1%]   99% [49%]                             100% [0.3%]   99% [51%]

ITERATORS
        file cache        |    filter   |    open     |    open
     entries |   hit rate | utilization |  sst iters  |  snapshots
-------------+------------+-------------+-------------+------------
    1 (520B) |      99.9% |        0.0% |           0 |           0

FILES                 physical tables                 |                blob files
          |     local        shared        remote     |     local        shared        remote
----------+-------------------------------------------+------------------------------------------
     live |    1 (8KB)       0 (0B)        0 (0B)     |    0 (0B)        0 (0B)        0 (0B)
   zombie |    0 (0B)        0 (0B)        0 (0B)     |    0 (0B)        0 (0B)        0 (0B)
 obsolete |    0 (0B)        0 (0B)        0 (0B)     |    0 (0B)        0 (0B)        0 (0B)

MISC            |
----------------+-----------
table stats     | all loaded
table garbage   |
  point del     | 0B
  range del     | 0B
blob values     |
  total         | 0B
  refed         | 0B
  backing-refed | 0B

CGO MEMORY    |          block cache           |                     memtables
          tot |           tot |           data |            maps |            ents |           tot
--------------+---------------+----------------+-----------------+-----------------+--------------
         64MB |         8.7KB |             0B |           8.2KB |            480B |          64MB

COMPACTIONS
                                                                         |      blob rewrites
    est. debt |   in progress |  cancelled |   failed |    problem spans |       read |    written
--------------+---------------+------------+----------+------------------+------------+-----------
           0B |        0 (0B) |     0 (0B) |        0 |                0 |         0B |         0B

KEYS
      range keys |       tombstones |      missized tombstones |      point dels |      range dels
-----------------+------------------+--------------------------+-----------------+----------------
               0 |                0 |                        0 |              0B |              0B

COMPRESSION
    algorithm |          tables |    blob files
--------------+-----------------+--------------
         none |           1.4KB |
        minlz | 5.8KB (CR=1.26) |

        Logical bytes compressed / decompressed
level |  data blocks   |  value blocks  |  other blocks
------+----------------+----------------+---------------
L0-L4 |  67KB / 3.5MB  |    0B / 0B     |    8KB / 0B
   L6 |  44KB / 184MB  |    0B / 0B     |   4.2KB / 0B

DELETE PACER   |   in queue   |   deleted
---------------+--------------+-------------
        tables |    0 (0B)    |  17 (24MB)
    blob files |    0 (0B)    |    0 (0B)
   other files |    0 (0B)    |    0 (0B)