rangedel: shape=unique queues=1024 overlap-frac=0.1 rangedels-per-batch=16 sets-per-batch=1 iter-frac=0.5 db-options=prod-writeheavy gomaxprocs=4
wiping /home/coder/bench/rangedel-db-4way/runs/20261005-fourway-prod-flush-v1/db-unique-1-method12
dir /home/coder/bench/rangedel-db-4way/runs/20261005-fourway-prod-flush-v1/db-unique-1-method12
concurrency 1
rangedel_config: arena_bytes=268435456 readers=4 writers=2 reader_interval=1ms writer_interval=2ms
____elapsed______reads/s_____writes/s___p50(µs)___p95(µs)___p99(µs)___pMax(µs)
      1.0s         3916          997      16.4      16.4      16.4      524.3
      2.0s         3911         1000      16.4      16.4      16.4       24.6
      3.0s         3900          999      16.4      16.4      16.4       49.2
      4.0s         3917         1000      16.4      16.4      16.4       41.0
      5.0s         3917         1000      16.4      16.4      16.4       41.0
      6.0s         3907          995      16.4      16.4      16.4       57.3
      7.0s         3910         1000      16.4      16.4      16.4       41.0
      8.0s         3917         1000      16.4      16.4      16.4       41.0
      9.0s         3909         1000      16.4      16.4      16.4       49.2
     10.0s         3887         1000      16.4      16.4      16.4       49.2
     11.0s         3922         1000      16.4      16.4      16.4     1572.9
     12.0s         3910          977      16.4      90.1     106.5      360.4
     13.0s         3929         1000      57.3      98.3     106.5     1179.6
     14.0s         3906          998      57.3      98.3     114.7      426.0
     15.0s         3934         1000      57.3      98.3     114.7      409.6
     16.0s         3929         1000      57.3     106.5     180.2     1310.7
     17.0s         3914          998      16.4      16.4      24.6       32.8
     18.0s         3902         1000      16.4      16.4      24.6       41.0
     19.0s         3900          998      16.4      16.4      24.6       32.8
     20.0s         3626          950      16.4      16.4      24.6       49.2
____elapsed______reads/s_____writes/s___p50(µs)___p95(µs)___p99(µs)___pMax(µs)
     21.0s         3923         1000      16.4      16.4      24.6       41.0
     22.0s         3563          894      16.4      24.6      65.5      294.9
     23.0s         3890         1000      16.4      16.4      16.4       41.0
     24.0s         3881          996      16.4      16.4      16.4       41.0
     25.0s         3902          998      16.4      16.4      16.4       41.0
     26.0s         3890          998      16.4      16.4      24.6       32.8
     27.0s         3897         1000      16.4      16.4      24.6       41.0
     28.0s         3893          995      16.4      16.4      24.6       41.0
     29.0s         3892          996      16.4      16.4      24.6       41.0
     30.0s         3916          996      16.4      16.4      24.6       41.0
     31.0s         3916          998      16.4      16.4      24.6       41.0
     32.0s         3893          974      16.4      73.7     122.9      254.0
     33.0s         3445          921      16.4      16.4      24.6      188.4
     34.0s         3582          942      16.4      16.4      24.6       65.5
     35.0s         3883          992      16.4      16.4      16.4       41.0
     36.0s         3914         1000      16.4      16.4      24.6       32.8
     37.0s         3883         1000      16.4      16.4      24.6       57.3
     38.0s         3880          998      16.4      16.4      24.6       41.0
     39.0s         3902          998      16.4      16.4      24.6       73.7
     40.0s         3631          956      16.4      16.4      24.6       41.0
____elapsed______reads/s_____writes/s___p50(µs)___p95(µs)___p99(µs)___pMax(µs)
     41.0s         3910         1000      16.4      16.4      24.6       49.2
     42.0s         3910          983      16.4      24.6      32.8      229.4
     43.0s         3909         1000      16.4      16.4      16.4       41.0
     44.0s         3488          947      16.4      16.4      16.4       41.0
     45.0s         3750          969      16.4      16.4      24.6       73.7
     46.0s         3823          994      16.4      16.4      24.6     1703.9
     47.0s         3902         1000      16.4      16.4      24.6      155.6
     48.0s         3886         1000      16.4      16.4      24.6       90.1
     49.0s         3906         1000      16.4      16.4      24.6       41.0
     50.0s         3485          896      16.4      16.4      32.8      254.0
     51.0s         3895         1000      16.4      16.4      24.6       41.0
     52.0s         3907          980      16.4      24.6     114.7      213.0
     53.0s         3873          998      16.4      16.4      16.4       32.8
     54.0s         3884         1000      16.4      16.4      16.4       41.0
     55.0s         3895         1000      16.4      16.4      16.4       32.8
     56.0s         3912         1000      16.4      16.4      24.6       41.0
     57.0s         3906         1000      16.4      16.4      24.6       49.2
     58.0s         3914         1000      16.4      16.4      24.6       41.0
     59.0s         3897         1000      16.4      16.4      24.6      163.8
     60.0s         3924         1000      16.4      16.4      24.6      139.3
rangedel_latency: kind=read class=all measurement=service samples=231518 completed_ops=231518 ops/s=3858.6 clipped_ops=0 expected_interval_ns=1000000 p50_us=6.691 p95_us=47.679 p99_us=91.903 p99.9_us=119.039 max_us=1660.927
rangedel_latency: kind=read class=all measurement=corrected samples=231518 completed_ops=231518 ops/s=3858.6 clipped_ops=0 expected_interval_ns=1000000 p50_us=6.691 p95_us=47.679 p99_us=91.903 p99.9_us=119.039 max_us=1660.927
rangedel_latency: kind=read class=iter measurement=service samples=115494 completed_ops=115494 ops/s=1924.9 clipped_ops=0 expected_interval_ns=1000000 p50_us=8.391 p95_us=51.519 p99_us=94.783 p99.9_us=119.679 max_us=1660.927
rangedel_latency: kind=read class=iter measurement=corrected samples=115494 completed_ops=115494 ops/s=1924.9 clipped_ops=0 expected_interval_ns=1000000 p50_us=8.391 p95_us=51.519 p99_us=94.783 p99.9_us=119.679 max_us=1660.927
rangedel_latency: kind=read class=get measurement=service samples=116024 completed_ops=116024 ops/s=1933.7 clipped_ops=0 expected_interval_ns=1000000 p50_us=5.431 p95_us=45.919 p99_us=89.087 p99.9_us=117.823 max_us=1512.447
rangedel_latency: kind=read class=get measurement=corrected samples=116024 completed_ops=116024 ops/s=1933.7 clipped_ops=0 expected_interval_ns=1000000 p50_us=5.431 p95_us=45.919 p99_us=89.087 p99.9_us=117.823 max_us=1512.447
rangedel_latency: kind=commit class=all measurement=service samples=59333 completed_ops=59333 ops/s=988.9 clipped_ops=0 expected_interval_ns=2000000 p50_us=56.223 p95_us=90.687 p99_us=106.751 p99.9_us=177.151 max_us=28868.607
rangedel_latency: kind=commit class=all measurement=corrected samples=59442 completed_ops=59333 ops/s=988.9 clipped_ops=0 expected_interval_ns=2000000 p50_us=56.255 p95_us=90.943 p99_us=108.991 p99.9_us=13099.007 max_us=28868.607
rangedel_latency: kind=commit class=rangedel measurement=service samples=59333 completed_ops=59333 ops/s=988.9 clipped_ops=0 expected_interval_ns=2000000 p50_us=56.223 p95_us=90.687 p99_us=106.751 p99.9_us=177.151 max_us=28868.607
rangedel_latency: kind=commit class=rangedel measurement=corrected samples=59442 completed_ops=59333 ops/s=988.9 clipped_ops=0 expected_interval_ns=2000000 p50_us=56.255 p95_us=90.943 p99_us=108.991 p99.9_us=13099.007 max_us=28868.607
rangedel_latency: kind=commit class=point measurement=service samples=0 completed_ops=0 ops/s=0.0 clipped_ops=0 expected_interval_ns=2000000 p50_us=0.000 p95_us=0.000 p99_us=0.000 p99.9_us=0.000 max_us=0.000
rangedel_latency: kind=commit class=point measurement=corrected samples=0 completed_ops=0 ops/s=0.0 clipped_ops=0 expected_interval_ns=2000000 p50_us=0.000 p95_us=0.000 p99_us=0.000 p99.9_us=0.000 max_us=0.000
rangedel_summary: elapsed=60.001s rangedel_batches=59333 rangedel_ops=949328 overlapping_rangedel_ops=94383 point_sets=59333 flushes=6 memtable_bytes=33554432 memtable_count=1 cumulative_flushable_mem_bytes=84191711
LSM                             |    vtables   |   value sep   |        |   ingested   |    amp
level       size | tables  size |  count  size |  refsz valblk |     in | tables  size |   r     w
-----------------+--------------+--------------+---------------+--------+--------------+----------
   L0         0B |      0    0B |      0     0 |     0B     0B |   40MB |      0    0B |   0  0.61
   L6        8KB |      1   8KB |      0     0 |     0B     0B |   14MB |      0    0B |   1  0.00
-----------------+--------------+--------------+---------------+--------+--------------+----------
total        8KB |      1   8KB |      0     0 |     0B     0B |   47MB |      0    0B |   1  1.53

COMPACTIONS               |     moved    |     multilevel    |     read     |       written
level | score    ff   cff | tables  size |   top    in  read | tables  blob | tables  sstsz blobsz
------+-------------------+--------------+-------------------+--------------+---------------------
   L0 |     -     0     0 |      0    0B |    0B    0B    0B |     0B    0B |     12   25MB     0B
   L6 |     -  0.00  0.00 |      4  11MB |    0B    0B    0B |   25MB    0B |      5   40KB     0B
------+-------------------+--------------+-------------------+--------------+---------------------
total |     -     -     - |      4  11MB |    0B    0B    0B |   25MB    0B |     17   71MB     0B

 kind | default  delete  elision  move  read  tomb  rewrite  copy  multi  blob virtual
count |       8       0        0     4     0     0        0     0      0     0       0

COMMIT PIPELINE
               wals                |              memtables              |       ingestions
    files |    written |  overhead |   flushes |       live |     zombie |     total |   flushable
----------+------------+-----------+-----------+------------+------------+-----------+------------
1 (6.5MB) | 46MB: 47MB |      2.4% |         6 |   1 (32MB) |   1 (32MB) |         0 |      0 (0B)

BLOCK CACHE: 0 entries (0B)
                 miss rate [percentage of total misses] since start
level      all     |  background    sstdata       sstval      blobval       filter       index
-------------------+------------------------------------------------------------------------------
 n/a   100% [0.7%] |                                                                  100% [0.7%]
  L0   99% [0.9%]  |  100% [~0%]   99% [0.6%]                             98% [0.1%]   99% [0.2%]
  L6    94% [98%]  |  100% [~0%]   92% [53%]                                           97% [45%]
-------------------+------------------------------------------------------------------------------
total     94.5%    |  100% [~0%]   93% [54%]                              98% [0.1%]   97% [46%]

ITERATORS
        file cache        |    filter   |    open     |    open
     entries |   hit rate | utilization |  sst iters  |  snapshots
-------------+------------+-------------+-------------+------------
    1 (520B) |     100.0% |        0.0% |           0 |           0

FILES                 physical tables                 |                blob files
          |     local        shared        remote     |     local        shared        remote
----------+-------------------------------------------+------------------------------------------
     live |    1 (8KB)       0 (0B)        0 (0B)     |    0 (0B)        0 (0B)        0 (0B)
   zombie |    0 (0B)        0 (0B)        0 (0B)     |    0 (0B)        0 (0B)        0 (0B)
 obsolete |    0 (0B)        0 (0B)        0 (0B)     |    0 (0B)        0 (0B)        0 (0B)

MISC            |
----------------+-----------
table stats     | all loaded
table garbage   |
  point del     | 0B
  range del     | 0B
blob values     |
  total         | 0B
  refed         | 0B
  backing-refed | 0B

CGO MEMORY    |          block cache           |                     memtables
          tot |           tot |           data |            maps |            ents |           tot
--------------+---------------+----------------+-----------------+-----------------+--------------
         64MB |         8.8KB |             0B |           8.2KB |            560B |          64MB

COMPACTIONS
                                                                         |      blob rewrites
    est. debt |   in progress |  cancelled |   failed |    problem spans |       read |    written
--------------+---------------+------------+----------+------------------+------------+-----------
           0B |        0 (0B) |     0 (0B) |        0 |                0 |         0B |         0B

KEYS
      range keys |       tombstones |      missized tombstones |      point dels |      range dels
-----------------+------------------+--------------------------+-----------------+----------------
               0 |                0 |                        0 |              0B |              0B

COMPRESSION
    algorithm |          tables |    blob files
--------------+-----------------+--------------
         none |           1.4KB |
        minlz | 5.8KB (CR=1.26) |

        Logical bytes compressed / decompressed
level |  data blocks   |  value blocks  |  other blocks
------+----------------+----------------+---------------
L0-L4 |  67KB / 7.7MB  |    0B / 0B     |    8KB / 0B
   L6 |  37KB / 1.1GB  |    0B / 0B     |   3.5KB / 0B

DELETE PACER   |   in queue   |   deleted
---------------+--------------+-------------
        tables |    0 (0B)    |  16 (25MB)
    blob files |    0 (0B)    |    0 (0B)
   other files |    0 (0B)    |    0 (0B)