rangedel: shape=unique queues=1024 overlap-frac=0.1 rangedels-per-batch=16 sets-per-batch=1 iter-frac=0.5 db-options=prod-writeheavy gomaxprocs=4
wiping /home/coder/bench/rangedel-db-4way/runs/20261005-fourway-prod-flush-v1/db-unique-5-master
dir /home/coder/bench/rangedel-db-4way/runs/20261005-fourway-prod-flush-v1/db-unique-5-master
concurrency 1
rangedel_config: arena_bytes=268435456 readers=4 writers=2 reader_interval=1ms writer_interval=2ms
____elapsed______reads/s_____writes/s___p50(µs)___p95(µs)___p99(µs)___pMax(µs)
      1.0s         3798          997      81.9    1245.2    1441.8     1572.9
      2.0s         3495         1001     294.9    1572.9    1703.9     2490.4
      3.0s         2178          999     557.1    3670.0    3932.2     5505.0
      4.0s         2599         1001    1114.1    3014.7    3276.8     5242.9
      5.0s          804          995    4718.6    7077.9    8388.6    10485.8
      6.0s         1445          989     221.2   10485.8   11534.3    13631.5
      7.0s         2403          999    1245.2    3276.8    3407.9     4456.4
      8.0s          785          997    4980.7    7340.0    7864.3    14680.1
      9.0s          400          999    9961.5   13107.2   15204.4    16777.2
     10.0s          252         1002   15728.6   20971.5   26214.4    26214.4
     11.0s          172         1000   24117.2   27263.0   28311.6    28311.6
     12.0s         1433          991     229.4   26214.4   33554.4    37748.7
     13.0s         2254          995    1507.3    3538.9    3801.1     6815.7
     14.0s          720          996    5505.0    7864.3   10485.8    11010.0
     15.0s          372         1001   10485.8   13631.5   15728.6    17825.8
     16.0s          236          992   16252.9   20971.5   28311.6    29360.1
     17.0s          168          981   24117.2   31457.3   37748.7    39845.9
     18.0s          124          993   32505.9   37748.7   44040.2    44040.2
     19.0s           92          985   44040.2   50331.6   58720.3    58720.3
     20.0s           76          995   56623.1   65011.7   67108.9    67108.9
____elapsed______reads/s_____writes/s___p50(µs)___p95(µs)___p99(µs)___pMax(µs)
     21.0s           52          970   71303.2   92274.7   92274.7    92274.7
     22.0s         1064          883     114.7     557.1   83886.1   150994.9
     23.0s         2530          982    1114.1    3014.7    3670.0    13107.2
     24.0s          783          961    4718.6    7340.0   17825.8    20971.5
     25.0s          412          978    9437.2   14155.8   23068.7    25165.8
     26.0s          256          963   15204.4   22020.1   31457.3    31457.3
     27.0s          176          962   22020.1   33554.4   44040.2    44040.2
     28.0s          136          986   29360.1   41943.0   41943.0    41943.0
     29.0s           96          980   39845.9   52428.8   60817.4    60817.4
     30.0s           76          985   50331.6   62914.6   71303.2    71303.2
     31.0s           60          975   67108.9   88080.4   88080.4    88080.4
     32.0s          725          902      98.3   71303.2   88080.4   150994.9
     33.0s         2750          990     852.0    2752.5    3538.9    11010.0
     34.0s          856          960    4718.6    7077.9   11010.0    19922.9
     35.0s          431          970    8912.9   12582.9   17825.8    17825.8
     36.0s          272          985   14155.8   20971.5   25165.8    25165.8
     37.0s          184          967   22020.1   28311.6   33554.4    41943.0
     38.0s          136          982   28311.6   39845.9   41943.0    41943.0
     39.0s          100          973   39845.9   52428.8   62914.6    62914.6
     40.0s           72          919   50331.6   75497.5   83886.1    88080.4
____elapsed______reads/s_____writes/s___p50(µs)___p95(µs)___p99(µs)___pMax(µs)
     41.0s           60          887   62914.6   88080.4   92274.7    92274.7
     42.0s          685          891      98.3   71303.2   83886.1    92274.7
     43.0s         2786          983     852.0    2621.4    2883.6    13107.2
     44.0s          887          961    4194.3    6553.6   12058.6    20971.5
     45.0s          430          960    9437.2   13631.5   18874.4    27263.0
     46.0s          265          970   14680.1   22020.1   25165.8    28311.6
     47.0s          184          983   22020.1   28311.6   33554.4    33554.4
     48.0s          136          989   28311.6   35651.6   41943.0    41943.0
     49.0s          100          980   41943.0   52428.8   52428.8    52428.8
     50.0s           80          979   50331.6   60817.4   65011.7    65011.7
     51.0s           60          989   65011.7   79691.8   79691.8    79691.8
     52.0s          645          917     106.5   71303.2   83886.1    88080.4
     53.0s         2822          990     786.4    2621.4    2883.6     9961.5
     54.0s          877          973    4456.4    6815.7    9437.2    13631.5
     55.0s          436          986    8912.9   13107.2   17825.8    23068.7
     56.0s          268          988   14680.1   22020.1   22020.1    23068.7
     57.0s          184          983   22020.1   27263.0   32505.9    32505.9
     58.0s          132          988   29360.1   37748.7   37748.7    37748.7
     59.0s          100          945   41943.0   50331.6   71303.2    75497.5
     60.0s           76          990   54526.0   58720.3   71303.2    71303.2
rangedel_latency: kind=read class=all measurement=service samples=46190 completed_ops=46190 ops/s=769.4 clipped_ops=0 expected_interval_ns=1000000 p50_us=1200.127 p95_us=24150.015 p99_us=57769.983 p99.9_us=83230.719 max_us=145752.063
rangedel_latency: kind=read class=all measurement=corrected samples=227371 completed_ops=46190 ops/s=769.4 clipped_ops=0 expected_interval_ns=1000000 p50_us=7708.671 p95_us=49446.911 p99_us=69271.551 p99.9_us=85524.479 max_us=145752.063
rangedel_latency: kind=read class=iter measurement=service samples=23116 completed_ops=23116 ops/s=385.0 clipped_ops=0 expected_interval_ns=1000000 p50_us=1199.103 p95_us=23642.111 p99_us=57343.999 p99.9_us=83296.255 max_us=145752.063
rangedel_latency: kind=read class=iter measurement=corrected samples=112207 completed_ops=23116 ops/s=385.0 clipped_ops=0 expected_interval_ns=1000000 p50_us=7606.271 p95_us=49315.839 p99_us=69795.839 p99.9_us=90767.359 max_us=145752.063
rangedel_latency: kind=read class=get measurement=service samples=23074 completed_ops=23074 ops/s=384.3 clipped_ops=0 expected_interval_ns=1000000 p50_us=1202.175 p95_us=24657.919 p99_us=58523.647 p99.9_us=82968.575 max_us=90832.895
rangedel_latency: kind=read class=get measurement=corrected samples=115164 completed_ops=23074 ops/s=384.3 clipped_ops=0 expected_interval_ns=1000000 p50_us=7790.591 p95_us=49512.447 p99_us=68878.335 p99.9_us=81985.535 max_us=90832.895
rangedel_latency: kind=commit class=all measurement=service samples=58515 completed_ops=58515 ops/s=974.6 clipped_ops=0 expected_interval_ns=2000000 p50_us=10.807 p95_us=20.095 p99_us=29.919 p99.9_us=103.679 max_us=106430.463
rangedel_latency: kind=commit class=all measurement=corrected samples=58878 completed_ops=58515 ops/s=974.6 clipped_ops=0 expected_interval_ns=2000000 p50_us=10.823 p95_us=20.783 p99_us=38.751 p99.9_us=74645.503 max_us=106430.463
rangedel_latency: kind=commit class=rangedel measurement=service samples=58515 completed_ops=58515 ops/s=974.6 clipped_ops=0 expected_interval_ns=2000000 p50_us=10.807 p95_us=20.095 p99_us=29.919 p99.9_us=103.679 max_us=106430.463
rangedel_latency: kind=commit class=rangedel measurement=corrected samples=58878 completed_ops=58515 ops/s=974.6 clipped_ops=0 expected_interval_ns=2000000 p50_us=10.823 p95_us=20.783 p99_us=38.751 p99.9_us=74645.503 max_us=106430.463
rangedel_latency: kind=commit class=point measurement=service samples=0 completed_ops=0 ops/s=0.0 clipped_ops=0 expected_interval_ns=2000000 p50_us=0.000 p95_us=0.000 p99_us=0.000 p99.9_us=0.000 max_us=0.000
rangedel_latency: kind=commit class=point measurement=corrected samples=0 completed_ops=0 ops/s=0.0 clipped_ops=0 expected_interval_ns=2000000 p50_us=0.000 p95_us=0.000 p99_us=0.000 p99.9_us=0.000 max_us=0.000
rangedel_summary: elapsed=60.038s rangedel_batches=58515 rangedel_ops=936240 overlapping_rangedel_ops=93075 point_sets=58515 flushes=6 memtable_bytes=33554432 memtable_count=1 cumulative_flushable_mem_bytes=83029249
LSM                             |    vtables   |   value sep   |        |   ingested   |    amp
level       size | tables  size |  count  size |  refsz valblk |     in | tables  size |   r     w
-----------------+--------------+--------------+---------------+--------+--------------+----------
   L0         0B |      0    0B |      0     0 |     0B     0B |   40MB |      0    0B |   0  0.61
   L6        8KB |      1   8KB |      0     0 |     0B     0B |   18MB |      0    0B |   1  0.00
-----------------+--------------+--------------+---------------+--------+--------------+----------
total        8KB |      1   8KB |      0     0 |     0B     0B |   46MB |      0    0B |   1  1.53

COMPACTIONS               |     moved    |     multilevel    |     read     |       written
level | score    ff   cff | tables  size |   top    in  read | tables  blob | tables  sstsz blobsz
------+-------------------+--------------+-------------------+--------------+---------------------
   L0 |     -     0     0 |      0    0B |    0B    0B    0B |     0B    0B |     12   24MB     0B
   L6 |     -  0.00  0.00 |      5  15MB |    0B    0B    0B |   24MB    0B |      5   40KB     0B
------+-------------------+--------------+-------------------+--------------+---------------------
total |     -     -     - |      5  15MB |    0B    0B    0B |   24MB    0B |     17   71MB     0B

 kind | default  delete  elision  move  read  tomb  rewrite  copy  multi  blob virtual
count |       7       0        2     5     0     0        0     0      0     0       0

COMMIT PIPELINE
               wals                |              memtables              |       ingestions
    files |    written |  overhead |   flushes |       live |     zombie |     total |   flushable
----------+------------+-----------+-----------+------------+------------+-----------+------------
1 (6.3MB) | 45MB: 46MB |      2.4% |         6 |   1 (32MB) |   1 (32MB) |         0 |      0 (0B)

BLOCK CACHE: 0 entries (0B)
                 miss rate [percentage of total misses] since start
level      all     |  background    sstdata       sstval      blobval       filter       index
-------------------+------------------------------------------------------------------------------
 n/a   100% [3.2%] |                                                                  100% [3.2%]
  L0   100% [1.9%] |  100% [~0%]  100% [1.3%]                            100% [0.2%]  100% [0.4%]
  L6    99% [95%]  |  100% [~0%]   98% [55%]                                           99% [40%]
-------------------+------------------------------------------------------------------------------
total     98.6%    | 100% [0.1%]   98% [56%]                             100% [0.2%]   99% [44%]

ITERATORS
        file cache        |    filter   |    open     |    open
     entries |   hit rate | utilization |  sst iters  |  snapshots
-------------+------------+-------------+-------------+------------
    1 (520B) |     100.0% |        0.0% |           0 |           0

FILES                 physical tables                 |                blob files
          |     local        shared        remote     |     local        shared        remote
----------+-------------------------------------------+------------------------------------------
     live |    1 (8KB)       0 (0B)        0 (0B)     |    0 (0B)        0 (0B)        0 (0B)
   zombie |    0 (0B)        0 (0B)        0 (0B)     |    0 (0B)        0 (0B)        0 (0B)
 obsolete |    0 (0B)        0 (0B)        0 (0B)     |    0 (0B)        0 (0B)        0 (0B)

MISC            |
----------------+-----------
table stats     | all loaded
table garbage   |
  point del     | 0B
  range del     | 0B
blob values     |
  total         | 0B
  refed         | 0B
  backing-refed | 0B

CGO MEMORY    |          block cache           |                     memtables
          tot |           tot |           data |            maps |            ents |           tot
--------------+---------------+----------------+-----------------+-----------------+--------------
         64MB |         8.7KB |             0B |           8.2KB |            480B |          64MB

COMPACTIONS
                                                                         |      blob rewrites
    est. debt |   in progress |  cancelled |   failed |    problem spans |       read |    written
--------------+---------------+------------+----------+------------------+------------+-----------
           0B |        0 (0B) |     0 (0B) |        0 |                0 |         0B |         0B

KEYS
      range keys |       tombstones |      missized tombstones |      point dels |      range dels
-----------------+------------------+--------------------------+-----------------+----------------
               0 |                0 |                        0 |              0B |              0B

COMPRESSION
    algorithm |          tables |    blob files
--------------+-----------------+--------------
         none |           1.4KB |
        minlz | 5.8KB (CR=1.26) |

        Logical bytes compressed / decompressed
level |  data blocks   |  value blocks  |  other blocks
------+----------------+----------------+---------------
L0-L4 |  67KB / 2.7MB  |    0B / 0B     |    8KB / 0B
   L6 |  37KB / 200MB  |    0B / 0B     |   3.5KB / 0B

DELETE PACER   |   in queue   |   deleted
---------------+--------------+-------------
        tables |    0 (0B)    |  16 (24MB)
    blob files |    0 (0B)    |    0 (0B)
   other files |    0 (0B)    |    0 (0B)