rangedel: shape=unique queues=1024 overlap-frac=0.1 rangedels-per-batch=16 sets-per-batch=1 iter-frac=0.5 db-options=prod-writeheavy gomaxprocs=4
wiping /home/coder/bench/rangedel-db-4way/runs/20261005-fourway-prod-flush-v1/db-unique-3-method1
dir /home/coder/bench/rangedel-db-4way/runs/20261005-fourway-prod-flush-v1/db-unique-3-method1
concurrency 1
rangedel_config: arena_bytes=268435456 readers=4 writers=2 reader_interval=1ms writer_interval=2ms
____elapsed______reads/s_____writes/s___p50(µs)___p95(µs)___p99(µs)___pMax(µs)
      1.0s         3900          998      16.4      16.4      16.4       41.0
      2.0s         3864          999      16.4      16.4      16.4       24.6
      3.0s         3884          999      16.4      16.4      16.4       73.7
      4.0s         3890         1000      16.4      16.4      16.4       41.0
      5.0s         3903         1000      16.4      16.4      16.4       81.9
      6.0s         3849          989      16.4      16.4      16.4       24.6
      7.0s         3875         1000      16.4      16.4      16.4       41.0
      8.0s         3883         1000      16.4      16.4      16.4       81.9
      9.0s         3891          997      16.4      16.4      16.4       49.2
     10.0s         3881         1000      16.4      16.4      16.4       49.2
     11.0s         3903         1000      16.4      16.4      16.4      278.5
     12.0s         3890          995      16.4      98.3     106.5      294.9
     13.0s         3920         1000      57.3      98.3     114.7      204.8
     14.0s         3894         1000      57.3      98.3     114.7      213.0
     15.0s         3879          997      57.3     106.5     114.7      163.8
     16.0s         3853         1000      49.2     106.5     163.8      393.2
     17.0s         3884         1000      16.4      16.4      24.6      262.1
     18.0s         3476          902      16.4      16.4      32.8      163.8
     19.0s         3890          998      16.4      16.4      24.6       49.2
     20.0s         3883         1000      16.4      16.4      24.6       49.2
____elapsed______reads/s_____writes/s___p50(µs)___p95(µs)___p99(µs)___pMax(µs)
     21.0s         3887          998      16.4      16.4      24.6       41.0
     22.0s         3873          993      16.4      24.6      32.8      278.5
     23.0s         3894          998      16.4      16.4      16.4       32.8
     24.0s         3898         1000      16.4      16.4      16.4       41.0
     25.0s         3862         1000      16.4      16.4      24.6       32.8
     26.0s         3868          998      16.4      16.4      24.6       41.0
     27.0s         3882         1000      16.4      16.4      24.6       41.0
     28.0s         3880         1000      16.4      16.4      24.6       57.3
     29.0s         3856          994      16.4      16.4      24.6       41.0
     30.0s         3879         1000      16.4      16.4      24.6       41.0
     31.0s         3893         1000      16.4      16.4      24.6       32.8
     32.0s         3786          959      16.4      24.6     122.9      294.9
     33.0s         3890         1000      16.4      16.4      16.4       41.0
     34.0s         3898         1000      16.4      16.4      24.6      139.3
     35.0s         3893          996      16.4      16.4      24.6     1441.8
     36.0s         3880         1000      16.4      16.4      24.6       41.0
     37.0s         3328          870      16.4      16.4      24.6      229.4
     38.0s         3883         1000      16.4      16.4      24.6       32.8
     39.0s         3860         1000      16.4      16.4      24.6       41.0
     40.0s         3609          934      16.4      16.4      24.6       41.0
____elapsed______reads/s_____writes/s___p50(µs)___p95(µs)___p99(µs)___pMax(µs)
     41.0s         3827          984      16.4      16.4      24.6       49.2
     42.0s         3879          988      16.4      24.6      32.8      262.1
     43.0s         3905         1000      16.4      16.4      16.4       32.8
     44.0s         3884         1000      16.4      16.4      16.4       41.0
     45.0s         3864          996      16.4      16.4      24.6       41.0
     46.0s         3891         1000      16.4      16.4      24.6       49.2
     47.0s         3883         1000      16.4      16.4      24.6       32.8
     48.0s         3894         1000      16.4      16.4      24.6       41.0
     49.0s         3891         1000      16.4      16.4      24.6       57.3
     50.0s         3886         1000      16.4      16.4      24.6       49.2
     51.0s         3895         1000      16.4      16.4      24.6       41.0
     52.0s         3867          990      16.4      24.6     122.9      458.8
     53.0s         3548          960      16.4      16.4      16.4       41.0
     54.0s         3626          976      16.4      16.4      16.4       41.0
     55.0s         3872          994      16.4      16.4      24.6       49.2
     56.0s         3817          986      16.4      16.4      24.6       41.0
     57.0s         3869         1000      16.4      16.4      24.6       49.2
     58.0s         3877          998      16.4      16.4      24.6       41.0
     59.0s         3443          896      16.4      16.4      24.6      122.9
     60.0s         3663          953      16.4      16.4      24.6      213.0
rangedel_latency: kind=read class=all measurement=service samples=230273 completed_ops=230273 ops/s=3837.9 clipped_ops=0 expected_interval_ns=1000000 p50_us=6.763 p95_us=47.615 p99_us=91.903 p99.9_us=123.263 max_us=1399.807
rangedel_latency: kind=read class=all measurement=corrected samples=230273 completed_ops=230273 ops/s=3837.9 clipped_ops=0 expected_interval_ns=1000000 p50_us=6.763 p95_us=47.615 p99_us=91.903 p99.9_us=123.263 max_us=1399.807
rangedel_latency: kind=read class=iter measurement=service samples=114894 completed_ops=114894 ops/s=1914.9 clipped_ops=0 expected_interval_ns=1000000 p50_us=8.487 p95_us=51.551 p99_us=95.039 p99.9_us=123.775 max_us=382.463
rangedel_latency: kind=read class=iter measurement=corrected samples=114894 completed_ops=114894 ops/s=1914.9 clipped_ops=0 expected_interval_ns=1000000 p50_us=8.487 p95_us=51.551 p99_us=95.039 p99.9_us=123.775 max_us=382.463
rangedel_latency: kind=read class=get measurement=service samples=115379 completed_ops=115379 ops/s=1923.0 clipped_ops=0 expected_interval_ns=1000000 p50_us=5.451 p95_us=45.887 p99_us=88.895 p99.9_us=121.855 max_us=1399.807
rangedel_latency: kind=read class=get measurement=corrected samples=115379 completed_ops=115379 ops/s=1923.0 clipped_ops=0 expected_interval_ns=1000000 p50_us=5.451 p95_us=45.887 p99_us=88.895 p99.9_us=121.855 max_us=1399.807
rangedel_latency: kind=commit class=all measurement=service samples=59337 completed_ops=59337 ops/s=988.9 clipped_ops=0 expected_interval_ns=2000000 p50_us=72.959 p95_us=130.687 p99_us=245.631 p99.9_us=341.247 max_us=19791.871
rangedel_latency: kind=commit class=all measurement=corrected samples=59386 completed_ops=59337 ops/s=988.9 clipped_ops=0 expected_interval_ns=2000000 p50_us=73.023 p95_us=131.071 p99_us=248.319 p99.9_us=2787.327 max_us=19791.871
rangedel_latency: kind=commit class=rangedel measurement=service samples=59337 completed_ops=59337 ops/s=988.9 clipped_ops=0 expected_interval_ns=2000000 p50_us=72.959 p95_us=130.687 p99_us=245.631 p99.9_us=341.247 max_us=19791.871
rangedel_latency: kind=commit class=rangedel measurement=corrected samples=59386 completed_ops=59337 ops/s=988.9 clipped_ops=0 expected_interval_ns=2000000 p50_us=73.023 p95_us=131.071 p99_us=248.319 p99.9_us=2787.327 max_us=19791.871
rangedel_latency: kind=commit class=point measurement=service samples=0 completed_ops=0 ops/s=0.0 clipped_ops=0 expected_interval_ns=2000000 p50_us=0.000 p95_us=0.000 p99_us=0.000 p99.9_us=0.000 max_us=0.000
rangedel_latency: kind=commit class=point measurement=corrected samples=0 completed_ops=0 ops/s=0.0 clipped_ops=0 expected_interval_ns=2000000 p50_us=0.000 p95_us=0.000 p99_us=0.000 p99.9_us=0.000 max_us=0.000
rangedel_summary: elapsed=60.000s rangedel_batches=59337 rangedel_ops=949392 overlapping_rangedel_ops=94380 point_sets=59337 flushes=6 memtable_bytes=33554432 memtable_count=1 cumulative_flushable_mem_bytes=84203099
LSM                             |    vtables   |   value sep   |        |   ingested   |    amp
level       size | tables  size |  count  size |  refsz valblk |     in | tables  size |   r     w
-----------------+--------------+--------------+---------------+--------+--------------+----------
   L0         0B |      0    0B |      0     0 |     0B     0B |   40MB |      0    0B |   0  0.61
   L6        8KB |      1   8KB |      0     0 |     0B     0B |   14MB |      0    0B |   1  0.00
-----------------+--------------+--------------+---------------+--------+--------------+----------
total        8KB |      1   8KB |      0     0 |     0B     0B |   47MB |      0    0B |   1  1.53

COMPACTIONS               |     moved    |     multilevel    |     read     |       written
level | score    ff   cff | tables  size |   top    in  read | tables  blob | tables  sstsz blobsz
------+-------------------+--------------+-------------------+--------------+---------------------
   L0 |     -     0     0 |      0    0B |    0B    0B    0B |     0B    0B |     12   25MB     0B
   L6 |     -  0.00  0.00 |      4  11MB |    0B    0B    0B |   25MB    0B |      5   40KB     0B
------+-------------------+--------------+-------------------+--------------+---------------------
total |     -     -     - |      4  11MB |    0B    0B    0B |   25MB    0B |     17   72MB     0B

 kind | default  delete  elision  move  read  tomb  rewrite  copy  multi  blob virtual
count |       8       0        0     4     0     0        0     0      0     0       0

COMMIT PIPELINE
               wals                |              memtables              |       ingestions
    files |    written |  overhead |   flushes |       live |     zombie |     total |   flushable
----------+------------+-----------+-----------+------------+------------+-----------+------------
1 (6.4MB) | 46MB: 47MB |      2.4% |         6 |   1 (32MB) |   1 (32MB) |         0 |      0 (0B)

BLOCK CACHE: 0 entries (0B)
                 miss rate [percentage of total misses] since start
level      all     |  background    sstdata       sstval      blobval       filter       index
-------------------+------------------------------------------------------------------------------
 n/a   100% [0.7%] |                                                                  100% [0.7%]
  L0   99% [0.5%]  |  100% [~0%]   99% [0.3%]                             99% [0.1%]   99% [0.1%]
  L6    94% [99%]  |  100% [~0%]   92% [53%]                                           97% [45%]
-------------------+------------------------------------------------------------------------------
total     94.5%    |  100% [~0%]   93% [54%]                              99% [0.1%]   97% [46%]

ITERATORS
        file cache        |    filter   |    open     |    open
     entries |   hit rate | utilization |  sst iters  |  snapshots
-------------+------------+-------------+-------------+------------
    1 (520B) |     100.0% |        0.0% |           0 |           0

FILES                 physical tables                 |                blob files
          |     local        shared        remote     |     local        shared        remote
----------+-------------------------------------------+------------------------------------------
     live |    1 (8KB)       0 (0B)        0 (0B)     |    0 (0B)        0 (0B)        0 (0B)
   zombie |    0 (0B)        0 (0B)        0 (0B)     |    0 (0B)        0 (0B)        0 (0B)
 obsolete |    0 (0B)        0 (0B)        0 (0B)     |    0 (0B)        0 (0B)        0 (0B)

MISC            |
----------------+-----------
table stats     | all loaded
table garbage   |
  point del     | 0B
  range del     | 0B
blob values     |
  total         | 0B
  refed         | 0B
  backing-refed | 0B

CGO MEMORY    |          block cache           |                     memtables
          tot |           tot |           data |            maps |            ents |           tot
--------------+---------------+----------------+-----------------+-----------------+--------------
         64MB |         8.8KB |             0B |           8.2KB |            560B |          64MB

COMPACTIONS
                                                                         |      blob rewrites
    est. debt |   in progress |  cancelled |   failed |    problem spans |       read |    written
--------------+---------------+------------+----------+------------------+------------+-----------
           0B |        0 (0B) |     0 (0B) |        0 |                0 |         0B |         0B

KEYS
      range keys |       tombstones |      missized tombstones |      point dels |      range dels
-----------------+------------------+--------------------------+-----------------+----------------
               0 |                0 |                        0 |              0B |              0B

COMPRESSION
    algorithm |          tables |    blob files
--------------+-----------------+--------------
         none |           1.4KB |
        minlz | 5.8KB (CR=1.26) |

        Logical bytes compressed / decompressed
level |  data blocks   |  value blocks  |  other blocks
------+----------------+----------------+---------------
L0-L4 |  67KB / 4.3MB  |    0B / 0B     |    8KB / 0B
   L6 |  37KB / 1.1GB  |    0B / 0B     |   3.5KB / 0B

DELETE PACER   |   in queue   |   deleted
---------------+--------------+-------------
        tables |    0 (0B)    |  16 (25MB)
    blob files |    0 (0B)    |    0 (0B)
   other files |    0 (0B)    |    0 (0B)