rangedel: shape=unique queues=1024 overlap-frac=0.1 rangedels-per-batch=16 sets-per-batch=1 iter-frac=0.5 db-options=prod-writeheavy gomaxprocs=4
wiping /home/coder/bench/rangedel-db-4way/runs/20261005-fourway-prod-flush-v1/db-unique-4-method12
dir /home/coder/bench/rangedel-db-4way/runs/20261005-fourway-prod-flush-v1/db-unique-4-method12
concurrency 1
rangedel_config: arena_bytes=268435456 readers=4 writers=2 reader_interval=1ms writer_interval=2ms
____elapsed______reads/s_____writes/s___p50(µs)___p95(µs)___p99(µs)___pMax(µs)
      1.0s         3894          992      16.4      16.4      16.4       32.8
      2.0s         3881          997      16.4      16.4      16.4       24.6
      3.0s         3917          995      16.4      16.4      16.4       41.0
      4.0s         3911         1000      16.4      16.4      16.4       49.2
      5.0s         3904         1000      16.4      16.4      16.4       24.6
      6.0s         3909          992      16.4      16.4      16.4       41.0
      7.0s         3896         1000      16.4      16.4      16.4       41.0
      8.0s         3888          998      16.4      16.4      16.4       41.0
      9.0s         3922         1000      16.4      16.4      16.4       49.2
     10.0s         3913         1000      16.4      16.4      16.4       32.8
     11.0s         3887          998      16.4      16.4      16.4      589.8
     12.0s         3912          993      16.4      98.3     114.7      360.4
     13.0s         3890          996      57.3      98.3     114.7      245.8
     14.0s         3923         1000      57.3     106.5     114.7      147.5
     15.0s         3934         1000      57.3     106.5     114.7      139.3
     16.0s         3934         1000      57.3     106.5     172.0      458.8
     17.0s         3566          952      16.4      16.4      24.6       32.8
     18.0s         3866          995      16.4      16.4      24.6       41.0
     19.0s         3741          964      16.4      16.4      24.6      139.3
     20.0s         3891         1000      16.4      16.4      24.6       41.0
____elapsed______reads/s_____writes/s___p50(µs)___p95(µs)___p99(µs)___pMax(µs)
     21.0s         3890         1000      16.4      16.4      24.6      114.7
     22.0s         3571          906      16.4      24.6      57.3      278.5
     23.0s         3891         1000      16.4      16.4      16.4       49.2
     24.0s         3905         1000      16.4      16.4      16.4       32.8
     25.0s         3889         1000      16.4      16.4      24.6       49.2
     26.0s         3900         1000      16.4      16.4      16.4       41.0
     27.0s         3908         1000      16.4      16.4      24.6       41.0
     28.0s         3939         1000      16.4      16.4      24.6       41.0
     29.0s         3861          994      16.4      16.4      24.6       49.2
     30.0s         3894          998      16.4      16.4      24.6       41.0
     31.0s         3296          888      16.4      16.4      24.6       32.8
     32.0s         3880          978      16.4      24.6     114.7      278.5
     33.0s         3863          998      16.4      16.4      24.6       57.3
     34.0s         3885         1000      16.4      16.4      16.4       32.8
     35.0s         3903         1000      16.4      16.4      24.6       41.0
     36.0s         3903         1000      16.4      16.4      24.6       32.8
     37.0s         3890         1000      16.4      16.4      24.6       41.0
     38.0s         3904         1000      16.4      16.4      24.6       32.8
     39.0s         3882          996      16.4      16.4      24.6       49.2
     40.0s         3905         1000      16.4      16.4      24.6      196.6
____elapsed______reads/s_____writes/s___p50(µs)___p95(µs)___p99(µs)___pMax(µs)
     41.0s         3885         1000      16.4      16.4      24.6       49.2
     42.0s         3869          986      16.4      24.6      32.8      294.9
     43.0s         3830          996      16.4      16.4      16.4       49.2
     44.0s         3873          994      16.4      16.4      16.4       32.8
     45.0s         3904         1000      16.4      16.4      24.6       49.2
     46.0s         3910         1000      16.4      16.4      24.6      114.7
     47.0s         3902         1000      16.4      16.4      24.6       49.2
     48.0s         3916         1000      16.4      16.4      24.6       41.0
     49.0s         3892         1000      16.4      16.4      24.6       41.0
     50.0s         3452          894      16.4      24.6      32.8      114.7
     51.0s         3888         1000      16.4      16.4      24.6      139.3
     52.0s         3896          990      16.4      24.6     114.7      278.5
     53.0s         3869         1000      16.4      16.4      16.4       41.0
     54.0s         3896         1000      16.4      16.4      16.4       24.6
     55.0s         3883         1000      16.4      16.4      24.6       41.0
     56.0s         3878         1000      16.4      16.4      24.6       41.0
     57.0s         3889         1000      16.4      16.4      24.6       41.0
     58.0s         3913         1000      16.4      16.4      24.6       41.0
     59.0s         3894         1000      16.4      16.4      24.6       32.8
     60.0s         3897         1000      16.4      16.4      24.6       32.8
rangedel_latency: kind=read class=all measurement=service samples=231878 completed_ops=231878 ops/s=3864.6 clipped_ops=0 expected_interval_ns=1000000 p50_us=6.651 p95_us=47.711 p99_us=92.415 p99.9_us=115.967 max_us=581.119
rangedel_latency: kind=read class=all measurement=corrected samples=231878 completed_ops=231878 ops/s=3864.6 clipped_ops=0 expected_interval_ns=1000000 p50_us=6.651 p95_us=47.711 p99_us=92.415 p99.9_us=115.967 max_us=581.119
rangedel_latency: kind=read class=iter measurement=service samples=115652 completed_ops=115652 ops/s=1927.5 clipped_ops=0 expected_interval_ns=1000000 p50_us=8.343 p95_us=51.807 p99_us=95.807 p99.9_us=119.423 max_us=579.583
rangedel_latency: kind=read class=iter measurement=corrected samples=115652 completed_ops=115652 ops/s=1927.5 clipped_ops=0 expected_interval_ns=1000000 p50_us=8.343 p95_us=51.807 p99_us=95.807 p99.9_us=119.423 max_us=579.583
rangedel_latency: kind=read class=get measurement=service samples=116226 completed_ops=116226 ops/s=1937.1 clipped_ops=0 expected_interval_ns=1000000 p50_us=5.443 p95_us=46.047 p99_us=89.919 p99.9_us=111.551 max_us=581.119
rangedel_latency: kind=read class=get measurement=corrected samples=116226 completed_ops=116226 ops/s=1937.1 clipped_ops=0 expected_interval_ns=1000000 p50_us=5.443 p95_us=46.047 p99_us=89.919 p99.9_us=111.551 max_us=581.119
rangedel_latency: kind=commit class=all measurement=service samples=59492 completed_ops=59492 ops/s=991.5 clipped_ops=0 expected_interval_ns=2000000 p50_us=57.535 p95_us=92.671 p99_us=110.015 p99.9_us=172.031 max_us=19103.743
rangedel_latency: kind=commit class=all measurement=corrected samples=59579 completed_ops=59492 ops/s=991.5 clipped_ops=0 expected_interval_ns=2000000 p50_us=57.631 p95_us=92.927 p99_us=112.191 p99.9_us=6299.647 max_us=19103.743
rangedel_latency: kind=commit class=rangedel measurement=service samples=59492 completed_ops=59492 ops/s=991.5 clipped_ops=0 expected_interval_ns=2000000 p50_us=57.535 p95_us=92.671 p99_us=110.015 p99.9_us=172.031 max_us=19103.743
rangedel_latency: kind=commit class=rangedel measurement=corrected samples=59579 completed_ops=59492 ops/s=991.5 clipped_ops=0 expected_interval_ns=2000000 p50_us=57.631 p95_us=92.927 p99_us=112.191 p99.9_us=6299.647 max_us=19103.743
rangedel_latency: kind=commit class=point measurement=service samples=0 completed_ops=0 ops/s=0.0 clipped_ops=0 expected_interval_ns=2000000 p50_us=0.000 p95_us=0.000 p99_us=0.000 p99.9_us=0.000 max_us=0.000
rangedel_latency: kind=commit class=point measurement=corrected samples=0 completed_ops=0 ops/s=0.0 clipped_ops=0 expected_interval_ns=2000000 p50_us=0.000 p95_us=0.000 p99_us=0.000 p99.9_us=0.000 max_us=0.000
rangedel_summary: elapsed=60.000s rangedel_batches=59492 rangedel_ops=951872 overlapping_rangedel_ops=94627 point_sets=59492 flushes=6 memtable_bytes=33554432 memtable_count=1 cumulative_flushable_mem_bytes=84424828
LSM                             |    vtables   |   value sep   |        |   ingested   |    amp
level       size | tables  size |  count  size |  refsz valblk |     in | tables  size |   r     w
-----------------+--------------+--------------+---------------+--------+--------------+----------
   L0         0B |      0    0B |      0     0 |     0B     0B |   40MB |      0    0B |   0  0.61
   L6        8KB |      1   8KB |      0     0 |     0B     0B |   14MB |      0    0B |   1  0.00
-----------------+--------------+--------------+---------------+--------+--------------+----------
total        8KB |      1   8KB |      0     0 |     0B     0B |   47MB |      0    0B |   1  1.53

COMPACTIONS               |     moved    |     multilevel    |     read     |       written
level | score    ff   cff | tables  size |   top    in  read | tables  blob | tables  sstsz blobsz
------+-------------------+--------------+-------------------+--------------+---------------------
   L0 |     -     0     0 |      0    0B |    0B    0B    0B |     0B    0B |     12   25MB     0B
   L6 |     -  0.00  0.00 |      4  11MB |    0B    0B    0B |   25MB    0B |      5   40KB     0B
------+-------------------+--------------+-------------------+--------------+---------------------
total |     -     -     - |      4  11MB |    0B    0B    0B |   25MB    0B |     17   72MB     0B

 kind | default  delete  elision  move  read  tomb  rewrite  copy  multi  blob virtual
count |       8       0        0     4     0     0        0     0      0     0       0

COMMIT PIPELINE
               wals                |              memtables              |       ingestions
    files |    written |  overhead |   flushes |       live |     zombie |     total |   flushable
----------+------------+-----------+-----------+------------+------------+-----------+------------
1 (6.6MB) | 46MB: 47MB |      2.4% |         6 |   1 (32MB) |   1 (32MB) |         0 |      0 (0B)

BLOCK CACHE: 0 entries (0B)
                 miss rate [percentage of total misses] since start
level      all     |  background    sstdata       sstval      blobval       filter       index
-------------------+------------------------------------------------------------------------------
 n/a   100% [0.7%] |                                                                  100% [0.7%]
  L0   96% [0.5%]  |  100% [~0%]   96% [0.3%]                             95% [0.1%]   96% [0.1%]
  L6    94% [99%]  |  100% [~0%]   93% [53%]                                           97% [45%]
-------------------+------------------------------------------------------------------------------
total     94.5%    |  100% [~0%]   93% [54%]                              95% [0.1%]   97% [46%]

ITERATORS
        file cache        |    filter   |    open     |    open
     entries |   hit rate | utilization |  sst iters  |  snapshots
-------------+------------+-------------+-------------+------------
    1 (520B) |     100.0% |        0.0% |           0 |           0

FILES                 physical tables                 |                blob files
          |     local        shared        remote     |     local        shared        remote
----------+-------------------------------------------+------------------------------------------
     live |    1 (8KB)       0 (0B)        0 (0B)     |    0 (0B)        0 (0B)        0 (0B)
   zombie |    0 (0B)        0 (0B)        0 (0B)     |    0 (0B)        0 (0B)        0 (0B)
 obsolete |    0 (0B)        0 (0B)        0 (0B)     |    0 (0B)        0 (0B)        0 (0B)

MISC            |
----------------+-----------
table stats     | all loaded
table garbage   |
  point del     | 0B
  range del     | 0B
blob values     |
  total         | 0B
  refed         | 0B
  backing-refed | 0B

CGO MEMORY    |          block cache           |                     memtables
          tot |           tot |           data |            maps |            ents |           tot
--------------+---------------+----------------+-----------------+-----------------+--------------
         64MB |         8.9KB |             0B |           8.2KB |            640B |          64MB

COMPACTIONS
                                                                         |      blob rewrites
    est. debt |   in progress |  cancelled |   failed |    problem spans |       read |    written
--------------+---------------+------------+----------+------------------+------------+-----------
           0B |        0 (0B) |     0 (0B) |        0 |                0 |         0B |         0B

KEYS
      range keys |       tombstones |      missized tombstones |      point dels |      range dels
-----------------+------------------+--------------------------+-----------------+----------------
               0 |                0 |                        0 |              0B |              0B

COMPRESSION
    algorithm |          tables |    blob files
--------------+-----------------+--------------
         none |           1.4KB |
        minlz | 5.8KB (CR=1.26) |

        Logical bytes compressed / decompressed
level |  data blocks   |  value blocks  |  other blocks
------+----------------+----------------+---------------
L0-L4 |  67KB / 4.4MB  |    0B / 0B     |    8KB / 0B
   L6 |  37KB / 1.1GB  |    0B / 0B     |   3.5KB / 0B

DELETE PACER   |   in queue   |   deleted
---------------+--------------+-------------
        tables |    0 (0B)    |  16 (25MB)
    blob files |    0 (0B)    |    0 (0B)
   other files |    0 (0B)    |    0 (0B)