rangedel: shape=unique queues=1024 overlap-frac=0.1 rangedels-per-batch=16 sets-per-batch=1 iter-frac=0.5 db-options=prod-writeheavy gomaxprocs=4
wiping /home/coder/bench/rangedel-db-4way/runs/20261005-fourway-prod-flush-v1/db-unique-4-p1
dir /home/coder/bench/rangedel-db-4way/runs/20261005-fourway-prod-flush-v1/db-unique-4-p1
concurrency 1
rangedel_config: arena_bytes=268435456 readers=4 writers=2 reader_interval=1ms writer_interval=2ms
____elapsed______reads/s_____writes/s___p50(µs)___p95(µs)___p99(µs)___pMax(µs)
      1.0s         3871          999      41.0     688.1     852.0     2097.2
      2.0s         3754          998     147.5    1310.7    1507.3     2490.4
      3.0s         2629          999     344.1    2883.6    3145.7     4718.6
      4.0s         3135         1001     655.4    2359.3    2490.4     6291.5
      5.0s          993          998    3801.1    6029.3    6815.7    11534.3
      6.0s         1550          996     147.5    8912.9    9437.2     9961.5
      7.0s         2967          998     753.7    2490.4    2752.5     6029.3
      8.0s          952          999    4063.2    6291.5    7864.3     9961.5
      9.0s          454          993    8912.9   12582.9   19922.9    26214.4
     10.0s          288          998   14155.8   18874.4   20971.5    20971.5
     11.0s          192          998   20971.5   24117.2   31457.3    31457.3
     12.0s         1460          993     147.5   25165.8   29360.1    31457.3
     13.0s         2846          999     917.5    2752.5    3014.7     4980.7
     14.0s          865          996    4456.4    6815.7    7602.2    12582.9
     15.0s          440          994    9437.2   11534.3   12582.9    17825.8
     16.0s          260          998   14680.1   20971.5   25165.8    26214.4
     17.0s          184          939   20971.5   30408.7   37748.7    39845.9
     18.0s          144          957   28311.6   37748.7   44040.2    46137.3
     19.0s          106          866   35651.6   52428.8   62914.6    83886.1
     20.0s           85          803   44040.2   71303.2   79691.8    83886.1
____elapsed______reads/s_____writes/s___p50(µs)___p95(µs)___p99(µs)___pMax(µs)
     21.0s           71          919   54526.0   58720.3   96469.0    96469.0
     22.0s         1104          901      73.7     360.4   67108.9    75497.5
     23.0s         3048          993     688.1    2490.4    2621.4    11534.3
     24.0s          961          975    3932.2    6029.3   10485.8    20971.5
     25.0s          489          982    8126.5   11010.0   14155.8    19922.9
     26.0s          288          978   13631.5   17825.8   30408.7    30408.7
     27.0s          192          918   19922.9   23068.7   39845.9    41943.0
     28.0s          148          991   27263.0   44040.2   71303.2    71303.2
     29.0s          112          975   35651.6   50331.6   54526.0    54526.0
     30.0s           88          993   44040.2   52428.8   71303.2    71303.2
     31.0s           66          959   58720.3   83886.1   88080.4    88080.4
     32.0s          838          915      65.5   62914.6   75497.5   121634.8
     33.0s         3265          997     507.9    2228.2    2359.3     3407.9
     34.0s         1022          990    3670.0    6029.3    7077.9    14680.1
     35.0s          494          987    7864.3   10485.8   14680.1    20971.5
     36.0s          293          957   13107.2   19922.9   28311.6    48234.5
     37.0s          207          984   18874.4   23068.7   31457.3    32505.9
     38.0s          148          953   27263.0   39845.9   58720.3    58720.3
     39.0s          116          994   35651.6   39845.9   44040.2    44040.2
     40.0s           88          925   44040.2   58720.3   75497.5    75497.5
____elapsed______reads/s_____writes/s___p50(µs)___p95(µs)___p99(µs)___pMax(µs)
     41.0s           72          939   56623.1   71303.2   71303.2    88080.4
     42.0s          478          861      57.3   67108.9   92274.7   142606.3
     43.0s         3307          992     376.8    2031.6    2228.2     8912.9
     44.0s         1180          986    3145.7    5242.9    8126.5    12058.6
     45.0s          529          973    7340.0   10485.8   17825.8    18874.4
     46.0s          312          983   13107.2   16252.9   20971.5    20971.5
     47.0s          208          981   18874.4   26214.4   37748.7    37748.7
     48.0s          152          990   26214.4   29360.1   41943.0    41943.0
     49.0s          120          994   33554.4   39845.9   50331.6    50331.6
     50.0s           88          988   44040.2   56623.1   58720.3    58720.3
     51.0s           72          995   54526.0   60817.4   71303.2    71303.2
     52.0s          390          893      49.2   67108.9  100663.3   142606.3
     53.0s         3439          994     344.1    1835.0    2031.6     8388.6
     54.0s         1187          980    3276.8    5242.9    8126.5    13107.2
     55.0s          532          988    7340.0    9961.5   16252.9    18874.4
     56.0s          316          992   12582.9   16252.9   23068.7    24117.2
     57.0s          197          984   19922.9   28311.6   31457.3    58720.3
     58.0s          152          983   26214.4   33554.4   46137.3    46137.3
     59.0s          116          987   33554.4   41943.0   58720.3    58720.3
rangedel_latency: kind=read class=all measurement=service samples=53156 completed_ops=53156 ops/s=885.2 clipped_ops=0 expected_interval_ns=1000000 p50_us=862.207 p95_us=21463.039 p99_us=49872.895 p99.9_us=72286.207 max_us=136970.239
rangedel_latency: kind=read class=all measurement=corrected samples=227548 completed_ops=53156 ops/s=885.2 clipped_ops=0 expected_interval_ns=1000000 p50_us=6762.495 p95_us=42827.775 p99_us=61702.143 p99.9_us=88408.063 max_us=136970.239
rangedel_latency: kind=read class=iter measurement=service samples=26612 completed_ops=26612 ops/s=443.2 clipped_ops=0 expected_interval_ns=1000000 p50_us=850.943 p95_us=21659.647 p99_us=49479.679 p99.9_us=71958.527 max_us=136970.239
rangedel_latency: kind=read class=iter measurement=corrected samples=114134 completed_ops=26612 ops/s=443.2 clipped_ops=0 expected_interval_ns=1000000 p50_us=6807.551 p95_us=42369.023 p99_us=61571.071 p99.9_us=95551.487 max_us=136970.239
rangedel_latency: kind=read class=get measurement=service samples=26544 completed_ops=26544 ops/s=442.1 clipped_ops=0 expected_interval_ns=1000000 p50_us=873.471 p95_us=21069.823 p99_us=50200.575 p99.9_us=71827.455 max_us=97714.175
rangedel_latency: kind=read class=get measurement=corrected samples=113414 completed_ops=26544 ops/s=442.1 clipped_ops=0 expected_interval_ns=1000000 p50_us=6733.823 p95_us=43417.599 p99_us=61767.679 p99.9_us=83689.471 max_us=97714.175
rangedel_latency: kind=commit class=all measurement=service samples=58277 completed_ops=58277 ops/s=970.5 clipped_ops=0 expected_interval_ns=2000000 p50_us=10.135 p95_us=16.655 p99_us=26.031 p99.9_us=79.295 max_us=102367.231
rangedel_latency: kind=commit class=all measurement=corrected samples=58627 completed_ops=58277 ops/s=970.5 clipped_ops=0 expected_interval_ns=2000000 p50_us=10.143 p95_us=17.311 p99_us=32.111 p99.9_us=68550.655 max_us=102367.231
rangedel_latency: kind=commit class=rangedel measurement=service samples=58277 completed_ops=58277 ops/s=970.5 clipped_ops=0 expected_interval_ns=2000000 p50_us=10.135 p95_us=16.655 p99_us=26.031 p99.9_us=79.295 max_us=102367.231
rangedel_latency: kind=commit class=rangedel measurement=corrected samples=58627 completed_ops=58277 ops/s=970.5 clipped_ops=0 expected_interval_ns=2000000 p50_us=10.143 p95_us=17.311 p99_us=32.111 p99.9_us=68550.655 max_us=102367.231
rangedel_latency: kind=commit class=point measurement=service samples=0 completed_ops=0 ops/s=0.0 clipped_ops=0 expected_interval_ns=2000000 p50_us=0.000 p95_us=0.000 p99_us=0.000 p99.9_us=0.000 max_us=0.000
rangedel_latency: kind=commit class=point measurement=corrected samples=0 completed_ops=0 ops/s=0.0 clipped_ops=0 expected_interval_ns=2000000 p50_us=0.000 p95_us=0.000 p99_us=0.000 p99.9_us=0.000 max_us=0.000
rangedel_summary: elapsed=60.047s rangedel_batches=58277 rangedel_ops=932432 overlapping_rangedel_ops=92717 point_sets=58277 flushes=6 memtable_bytes=33554432 memtable_count=1 cumulative_flushable_mem_bytes=82692487
LSM                             |    vtables   |   value sep   |        |   ingested   |    amp
level       size | tables  size |  count  size |  refsz valblk |     in | tables  size |   r     w
-----------------+--------------+--------------+---------------+--------+--------------+----------
   L0         0B |      0    0B |      0     0 |     0B     0B |   40MB |      0    0B |   0  0.61
   L6        8KB |      1   8KB |      0     0 |     0B     0B |   14MB |      0    0B |   1  0.00
-----------------+--------------+--------------+---------------+--------+--------------+----------
total        8KB |      1   8KB |      0     0 |     0B     0B |   46MB |      0    0B |   1  1.53

COMPACTIONS               |     moved    |     multilevel    |     read     |       written
level | score    ff   cff | tables  size |   top    in  read | tables  blob | tables  sstsz blobsz
------+-------------------+--------------+-------------------+--------------+---------------------
   L0 |     -     0     0 |      0    0B |    0B    0B    0B |     0B    0B |     12   24MB     0B
   L6 |     -  0.00  0.00 |      4  11MB |    0B    0B    0B |   24MB    0B |      5   40KB     0B
------+-------------------+--------------+-------------------+--------------+---------------------
total |     -     -     - |      4  11MB |    0B    0B    0B |   24MB    0B |     17   70MB     0B

 kind | default  delete  elision  move  read  tomb  rewrite  copy  multi  blob virtual
count |       8       0        0     4     0     0        0     0      0     0       0

COMMIT PIPELINE
               wals                |              memtables              |       ingestions
    files |    written |  overhead |   flushes |       live |     zombie |     total |   flushable
----------+------------+-----------+-----------+------------+------------+-----------+------------
1 (6.3MB) | 45MB: 46MB |      2.4% |         6 |   1 (32MB) |   1 (32MB) |         0 |      0 (0B)

BLOCK CACHE: 0 entries (0B)
                 miss rate [percentage of total misses] since start
level      all     |  background    sstdata       sstval      blobval       filter       index
-------------------+------------------------------------------------------------------------------
 n/a   100% [3.8%] |                                                                  100% [3.8%]
  L0    100% [2%]  |  100% [~0%]  100% [1.3%]                            100% [0.2%]  100% [0.4%]
  L6    99% [94%]  |  100% [~0%]   98% [54%]                                           99% [40%]
-------------------+------------------------------------------------------------------------------
total     98.7%    |  100% [~0%]   98% [56%]                             100% [0.2%]   99% [44%]

ITERATORS
        file cache        |    filter   |    open     |    open
     entries |   hit rate | utilization |  sst iters  |  snapshots
-------------+------------+-------------+-------------+------------
    1 (520B) |     100.0% |        0.0% |           0 |           0

FILES                 physical tables                 |                blob files
          |     local        shared        remote     |     local        shared        remote
----------+-------------------------------------------+------------------------------------------
     live |    1 (8KB)       0 (0B)        0 (0B)     |    0 (0B)        0 (0B)        0 (0B)
   zombie |    0 (0B)        0 (0B)        0 (0B)     |    0 (0B)        0 (0B)        0 (0B)
 obsolete |    0 (0B)        0 (0B)        0 (0B)     |    0 (0B)        0 (0B)        0 (0B)

MISC            |
----------------+-----------
table stats     | all loaded
table garbage   |
  point del     | 0B
  range del     | 0B
blob values     |
  total         | 0B
  refed         | 0B
  backing-refed | 0B

CGO MEMORY    |          block cache           |                     memtables
          tot |           tot |           data |            maps |            ents |           tot
--------------+---------------+----------------+-----------------+-----------------+--------------
         64MB |         8.7KB |             0B |           8.2KB |            480B |          64MB

COMPACTIONS
                                                                         |      blob rewrites
    est. debt |   in progress |  cancelled |   failed |    problem spans |       read |    written
--------------+---------------+------------+----------+------------------+------------+-----------
           0B |        0 (0B) |     0 (0B) |        0 |                0 |         0B |         0B

KEYS
      range keys |       tombstones |      missized tombstones |      point dels |      range dels
-----------------+------------------+--------------------------+-----------------+----------------
               0 |                0 |                        0 |              0B |              0B

COMPRESSION
    algorithm |          tables |    blob files
--------------+-----------------+--------------
         none |           1.4KB |
        minlz | 5.8KB (CR=1.26) |

        Logical bytes compressed / decompressed
level |  data blocks   |  value blocks  |  other blocks
------+----------------+----------------+---------------
L0-L4 |  67KB / 3.4MB  |    0B / 0B     |    8KB / 0B
   L6 |  37KB / 235MB  |    0B / 0B     |   3.5KB / 0B

DELETE PACER   |   in queue   |   deleted
---------------+--------------+-------------
        tables |    0 (0B)    |  16 (24MB)
    blob files |    0 (0B)    |    0 (0B)
   other files |    0 (0B)    |    0 (0B)