rangedel: shape=unique queues=1024 overlap-frac=0.1 rangedels-per-batch=16 sets-per-batch=-1 iter-frac=0.5 db-options=prod-writeheavy gomaxprocs=4
wiping /home/coder/bench/rangedel-db-4way/runs/20261005-fourway-prod-point-v1/db-unique-4-method1
dir /home/coder/bench/rangedel-db-4way/runs/20261005-fourway-prod-point-v1/db-unique-4-method1
concurrency 1
rangedel_config: arena_bytes=268435456 readers=4 writers=2 reader_interval=1ms writer_interval=2ms
____elapsed______reads/s_____writes/s___p50(µs)___p95(µs)___p99(µs)___pMax(µs)
      1.0s         3864          995      16.4      16.4      16.4      122.9
      2.0s         3851          997      16.4      16.4      16.4      114.7
      3.0s         3874          996      16.4      16.4      16.4       41.0
      4.0s         3873         1000      16.4      16.4      16.4      294.9
      5.0s         3902         1000      16.4      16.4      16.4      122.9
      6.0s         3871          996      16.4      16.4      16.4      122.9
      7.0s         3891         1000      16.4      16.4      16.4       81.9
      8.0s         3883         1000      16.4      16.4      16.4      147.5
      9.0s         3888          999      16.4      16.4      16.4       49.2
     10.0s         3889         1001      16.4      16.4      16.4       41.0
     11.0s         3885         1000      16.4      16.4      16.4      655.4
     12.0s         3887          994      81.9     172.0     180.2      720.9
     13.0s         3873          982      90.1     172.0     180.2      196.6
     14.0s         3911         1000      90.1     172.0     180.2      196.6
     15.0s         3909          997      90.1     172.0     188.4      426.0
     16.0s         3881         1000      73.7     172.0     254.0     3407.9
     17.0s         3893         1000      16.4      16.4      16.4       16.4
     18.0s         3855         1000      16.4      16.4      16.4       32.8
     19.0s         3907         1000      16.4      16.4      16.4       24.6
     20.0s         3877         1001      16.4      16.4      16.4       24.6
____elapsed______reads/s_____writes/s___p50(µs)___p95(µs)___p99(µs)___pMax(µs)
     21.0s         3883         1000      16.4      16.4      16.4       24.6
     22.0s         3867          994      16.4      16.4      24.6      139.3
     23.0s         3851         1000      16.4      16.4      16.4       49.2
     24.0s         3854         1000      16.4      16.4      16.4       32.8
     25.0s         3885          999      16.4      16.4      16.4       41.0
     26.0s         3866         1001      16.4      16.4      16.4       24.6
     27.0s         3881          999      16.4      16.4      24.6       41.0
     28.0s         3877         1001      16.4      16.4      24.6       32.8
     29.0s         3897         1000      16.4      16.4      24.6       98.3
     30.0s         3887         1000      16.4      16.4      24.6       65.5
     31.0s         3896         1000      16.4      16.4      24.6      131.1
     32.0s         3698          955      16.4      16.4      24.6      114.7
     33.0s         3850         1001      16.4      16.4      16.4      122.9
     34.0s         3862         1000      16.4      16.4      16.4       32.8
     35.0s         3869         1000      16.4      16.4      16.4       32.8
     36.0s         3868         1000      16.4      16.4      16.4       32.8
     37.0s         3879          999      16.4      16.4      16.4       32.8
     38.0s         3851         1001      16.4      16.4      16.4       32.8
     39.0s         3871          999      16.4      16.4      24.6       41.0
     40.0s         3868         1000      16.4      16.4      24.6      114.7
____elapsed______reads/s_____writes/s___p50(µs)___p95(µs)___p99(µs)___pMax(µs)
     41.0s         3876         1001      16.4      16.4      24.6       57.3
     42.0s         3857          992      16.4      16.4      24.6       81.9
     43.0s         3839         1000      16.4      16.4      16.4      114.7
     44.0s         3841         1000      16.4      16.4      16.4       32.8
     45.0s         3819         1000      16.4      16.4      24.6      131.1
     46.0s         3844         1000      16.4      16.4      16.4      131.1
     47.0s         3848         1000      16.4      16.4      24.6      360.4
     48.0s         3854         1000      16.4      16.4      16.4       32.8
     49.0s         3877         1000      16.4      16.4      16.4       32.8
     50.0s         3837         1000      16.4      16.4      24.6       41.0
     51.0s         3849         1000      16.4      16.4      24.6       57.3
     52.0s         3843          990      16.4      16.4      24.6       81.9
     53.0s         3849         1002      16.4      16.4      16.4       41.0
     54.0s         3837         1000      16.4      16.4      16.4       57.3
     55.0s         3835         1000      16.4      16.4      16.4       57.3
     56.0s         3834          999      16.4      16.4      16.4       41.0
     57.0s         3834          999      16.4      16.4      24.6       41.0
     58.0s         3845         1001      16.4      16.4      16.4       24.6
     59.0s         3858         1000      16.4      16.4      24.6       41.0
     60.0s         3866         1001      16.4      16.4      24.6      106.5
rangedel_latency: kind=read class=all measurement=service samples=231870 completed_ops=231870 ops/s=3864.5 clipped_ops=0 expected_interval_ns=1000000 p50_us=5.651 p95_us=80.383 p99_us=161.791 p99.9_us=180.607 max_us=3280.895
rangedel_latency: kind=read class=all measurement=corrected samples=231876 completed_ops=231870 ops/s=3864.5 clipped_ops=0 expected_interval_ns=1000000 p50_us=5.651 p95_us=80.447 p99_us=161.791 p99.9_us=180.863 max_us=3280.895
rangedel_latency: kind=read class=iter measurement=service samples=115669 completed_ops=115669 ops/s=1927.8 clipped_ops=0 expected_interval_ns=1000000 p50_us=6.643 p95_us=82.367 p99_us=163.455 p99.9_us=181.247 max_us=2959.359
rangedel_latency: kind=read class=iter measurement=corrected samples=115670 completed_ops=115669 ops/s=1927.8 clipped_ops=0 expected_interval_ns=1000000 p50_us=6.643 p95_us=82.367 p99_us=163.455 p99.9_us=181.247 max_us=2959.359
rangedel_latency: kind=read class=get measurement=service samples=116201 completed_ops=116201 ops/s=1936.7 clipped_ops=0 expected_interval_ns=1000000 p50_us=5.211 p95_us=78.591 p99_us=159.999 p99.9_us=179.711 max_us=3280.895
rangedel_latency: kind=read class=get measurement=corrected samples=116206 completed_ops=116201 ops/s=1936.7 clipped_ops=0 expected_interval_ns=1000000 p50_us=5.211 p95_us=78.655 p99_us=159.999 p99.9_us=180.095 max_us=3280.895
rangedel_latency: kind=commit class=all measurement=service samples=59892 completed_ops=59892 ops/s=998.2 clipped_ops=0 expected_interval_ns=2000000 p50_us=50.207 p95_us=93.119 p99_us=119.423 p99.9_us=193.919 max_us=13361.151
rangedel_latency: kind=commit class=all measurement=corrected samples=59937 completed_ops=59892 ops/s=998.2 clipped_ops=0 expected_interval_ns=2000000 p50_us=50.239 p95_us=93.439 p99_us=120.255 p99.9_us=2717.695 max_us=13361.151
rangedel_latency: kind=commit class=rangedel measurement=service samples=29946 completed_ops=29946 ops/s=499.1 clipped_ops=0 expected_interval_ns=2000000 p50_us=61.215 p95_us=105.023 p99_us=130.047 p99.9_us=205.823 max_us=13352.959
rangedel_latency: kind=commit class=rangedel measurement=corrected samples=29974 completed_ops=29946 ops/s=499.1 clipped_ops=0 expected_interval_ns=2000000 p50_us=61.215 p95_us=105.343 p99_us=131.711 p99.9_us=3780.607 max_us=13352.959
rangedel_latency: kind=commit class=point measurement=service samples=29946 completed_ops=29946 ops/s=499.1 clipped_ops=0 expected_interval_ns=2000000 p50_us=1.010 p95_us=64.223 p99_us=79.359 p99.9_us=125.823 max_us=13361.151
rangedel_latency: kind=commit class=point measurement=corrected samples=29963 completed_ops=29946 ops/s=499.1 clipped_ops=0 expected_interval_ns=2000000 p50_us=1.010 p95_us=64.287 p99_us=79.807 p99.9_us=187.647 max_us=13361.151
rangedel_summary: elapsed=60.001s rangedel_batches=29946 rangedel_ops=479136 overlapping_rangedel_ops=47776 point_sets=29946 flushes=6 memtable_bytes=16777216 memtable_count=1 cumulative_flushable_mem_bytes=42517910
LSM                             |    vtables   |   value sep   |        |   ingested   |    amp
level       size | tables  size |  count  size |  refsz valblk |     in | tables  size |   r     w
-----------------+--------------+--------------+---------------+--------+--------------+----------
   L0         0B |      0    0B |      0     0 |     0B     0B |   21MB |      0    0B |   0  0.60
   L6      2.5MB |      2 2.5MB |      0     0 |     0B     0B |  6.4MB |      0    0B |   1  0.01
-----------------+--------------+--------------+---------------+--------+--------------+----------
total      2.5MB |      2 2.5MB |      0     0 |     0B     0B |   25MB |      0    0B |   1  1.52

COMPACTIONS               |     moved    |     multilevel    |     read     |       written
level | score    ff   cff | tables  size |   top    in  read | tables  blob | tables  sstsz blobsz
------+-------------------+--------------+-------------------+--------------+---------------------
   L0 |     -     0     0 |      0    0B |    0B    0B    0B |     0B    0B |     10   13MB     0B
   L6 |     -  0.00  0.00 |      4 8.7MB |    0B    0B    0B |   10MB    0B |      5   40KB     0B
------+-------------------+--------------+-------------------+--------------+---------------------
total |     -     -     - |      4 8.7MB |    0B    0B    0B |   10MB    0B |     15   37MB     0B

 kind | default  delete  elision  move  read  tomb  rewrite  copy  multi  blob virtual
count |       6       0        1     4     0     0        0     0      0     0       0

COMMIT PIPELINE
               wals                |              memtables              |       ingestions
    files |    written |  overhead |   flushes |       live |     zombie |     total |   flushable
----------+------------+-----------+-----------+------------+------------+-----------+------------
1 (3.5MB) | 23MB: 25MB |      4.7% |         6 |   1 (16MB) |   1 (16MB) |         0 |      0 (0B)

BLOCK CACHE: 0 entries (0B)
                 miss rate [percentage of total misses] since start
level      all     |  background    sstdata       sstval      blobval       filter       index
-------------------+------------------------------------------------------------------------------
 n/a   75% [0.9%]  |                                                                   75% [0.9%]
  L0   72% [0.2%]  |  85% [~0%]    78% [0.1%]                             63% [~0%]    67% [~0%]
  L6    77% [99%]  |  87% [~0%]    77% [54%]                                           77% [45%]
-------------------+------------------------------------------------------------------------------
total      77%     |  86% [~0%]    77% [54%]                              63% [~0%]    77% [46%]

ITERATORS
        file cache        |    filter   |    open     |    open
     entries |   hit rate | utilization |  sst iters  |  snapshots
-------------+------------+-------------+-------------+------------
     2 (1KB) |     100.0% |        0.0% |           0 |           0

FILES                 physical tables                 |                blob files
          |     local        shared        remote     |     local        shared        remote
----------+-------------------------------------------+------------------------------------------
     live |   2 (2.5MB)      0 (0B)        0 (0B)     |    0 (0B)        0 (0B)        0 (0B)
   zombie |    0 (0B)        0 (0B)        0 (0B)     |    0 (0B)        0 (0B)        0 (0B)
 obsolete |    0 (0B)        0 (0B)        0 (0B)     |    0 (0B)        0 (0B)        0 (0B)

MISC            |
----------------+-----------
table stats     | all loaded
table garbage   |
  point del     | 0B
  range del     | 0B
blob values     |
  total         | 0B
  refed         | 0B
  backing-refed | 0B

CGO MEMORY    |          block cache           |                     memtables
          tot |           tot |           data |            maps |            ents |           tot
--------------+---------------+----------------+-----------------+-----------------+--------------
         32MB |           9KB |             0B |           8.2KB |            800B |          32MB

COMPACTIONS
                                                                         |      blob rewrites
    est. debt |   in progress |  cancelled |   failed |    problem spans |       read |    written
--------------+---------------+------------+----------+------------------+------------+-----------
           0B |        0 (0B) |     0 (0B) |        0 |                0 |         0B |         0B

KEYS
      range keys |       tombstones |      missized tombstones |      point dels |      range dels
-----------------+------------------+--------------------------+-----------------+----------------
               0 |              73K |                        0 |              0B |              0B

COMPRESSION
    algorithm |          tables |    blob files
--------------+-----------------+--------------
         none |           2.5MB |
        minlz | 5.8KB (CR=1.26) |

        Logical bytes compressed / decompressed
level |  data blocks   |  value blocks  |  other blocks
------+----------------+----------------+---------------
L0-L4 |  67KB / 1.2MB  |    0B / 0B     |   6.7KB / 0B
   L6 |  37KB / 788MB  |    0B / 0B     |   3.5KB / 0B

DELETE PACER   |   in queue   |   deleted
---------------+--------------+-------------
        tables |    0 (0B)    |  13 (10MB)
    blob files |    0 (0B)    |    0 (0B)
   other files |    0 (0B)    |    0 (0B)