rangedel: shape=unique queues=1024 overlap-frac=0.1 rangedels-per-batch=16 sets-per-batch=-1 iter-frac=0.5 db-options=prod-writeheavy gomaxprocs=4
wiping /home/coder/bench/rangedel-db-4way/runs/20261005-fourway-prod-point-v1/db-unique-2-method12
dir /home/coder/bench/rangedel-db-4way/runs/20261005-fourway-prod-point-v1/db-unique-2-method12
concurrency 1
rangedel_config: arena_bytes=268435456 readers=4 writers=2 reader_interval=1ms writer_interval=2ms
____elapsed______reads/s_____writes/s___p50(µs)___p95(µs)___p99(µs)___pMax(µs)
      1.0s         3851         1000      16.4      16.4      16.4       57.3
      2.0s         3853          999      16.4      16.4      16.4       24.6
      3.0s         3857          998      16.4      16.4      16.4      147.5
      4.0s         3888         1001      16.4      16.4      16.4       73.7
      5.0s         3887         1000      16.4      16.4      16.4       57.3
      6.0s         3884          992      16.4      16.4      16.4       24.6
      7.0s         3857         1000      16.4      16.4      16.4       81.9
      8.0s         3852         1000      16.4      16.4      16.4       49.2
      9.0s         3854         1000      16.4      16.4      16.4       32.8
     10.0s         3853         1000      16.4      16.4      16.4       49.2
     11.0s         3859         1000      16.4      16.4      16.4      507.9
     12.0s         3915          991      81.9     172.0     180.2      852.0
     13.0s         3942         1000      90.1     172.0     188.4      655.4
     14.0s         3932         1000      90.1     172.0     188.4      475.1
     15.0s         3951         1000      90.1     172.0     188.4      278.5
     16.0s         3924         1000      65.5     172.0     278.5      917.5
     17.0s         3901         1000      16.4      16.4      16.4       16.4
     18.0s         3907         1001      16.4      16.4      16.4       16.4
     19.0s         3909          999      16.4      16.4      16.4       24.6
     20.0s         3906         1001      16.4      16.4      16.4       24.6
____elapsed______reads/s_____writes/s___p50(µs)___p95(µs)___p99(µs)___pMax(µs)
     21.0s         3917          999      16.4      16.4      16.4       24.6
     22.0s         3865          988      16.4      16.4      24.6       65.5
     23.0s         3835         1000      16.4      16.4      16.4       41.0
     24.0s         3856         1001      16.4      16.4      16.4       41.0
     25.0s         3849         1000      16.4      16.4      16.4       32.8
     26.0s         3868          999      16.4      16.4      16.4       49.2
     27.0s         3855         1000      16.4      16.4      16.4       41.0
     28.0s         3876         1000      16.4      16.4      24.6      131.1
     29.0s         3860         1000      16.4      16.4      24.6      122.9
     30.0s         3861         1000      16.4      16.4      24.6       65.5
     31.0s         3876         1000      16.4      16.4      24.6       65.5
     32.0s         3870          999      16.4      16.4      24.6       81.9
     33.0s         3835         1002      16.4      16.4      16.4       32.8
     34.0s         3864         1000      16.4      16.4      16.4       73.7
     35.0s         3850         1000      16.4      16.4      16.4       65.5
     36.0s         3855         1000      16.4      16.4      24.6      131.1
     37.0s         3849         1000      16.4      16.4      16.4      122.9
     38.0s         3841         1000      16.4      16.4      16.4       32.8
     39.0s         3833          999      16.4      16.4      24.6       41.0
     40.0s         3858         1001      16.4      16.4      16.4       73.7
____elapsed______reads/s_____writes/s___p50(µs)___p95(µs)___p99(µs)___pMax(µs)
     41.0s         3856         1000      16.4      16.4      24.6       41.0
     42.0s         3752          974      16.4      16.4      24.6      213.0
     43.0s         3829          999      16.4      16.4      16.4       32.8
     44.0s         3831         1000      16.4      16.4      16.4       41.0
     45.0s         3863         1001      16.4      16.4      16.4       57.3
     46.0s         3852          999      16.4      16.4      16.4       49.2
     47.0s         3860         1001      16.4      16.4      16.4       65.5
     48.0s         3830          999      16.4      16.4      16.4       73.7
     49.0s         3845         1000      16.4      16.4      16.4       41.0
     50.0s         3869         1000      16.4      16.4      24.6      122.9
     51.0s         3875         1000      16.4      16.4      24.6      122.9
     52.0s         3847          994      16.4      16.4      24.6      131.1
     53.0s         3839         1001      16.4      16.4      16.4       32.8
     54.0s         3826          999      16.4      16.4      16.4      114.7
     55.0s         3842         1000      16.4      16.4      16.4       41.0
     56.0s         3856         1001      16.4      16.4      16.4       65.5
     57.0s         3870          999      16.4      16.4      16.4       32.8
     58.0s         3870         1000      16.4      16.4      16.4       65.5
     59.0s         3855         1000      16.4      16.4      24.6      122.9
     60.0s         3858         1000      16.4      16.4      24.6       41.0
rangedel_latency: kind=read class=all measurement=service samples=231884 completed_ops=231884 ops/s=3864.7 clipped_ops=0 expected_interval_ns=1000000 p50_us=5.631 p95_us=81.087 p99_us=163.839 p99.9_us=182.783 max_us=887.807
rangedel_latency: kind=read class=all measurement=corrected samples=231884 completed_ops=231884 ops/s=3864.7 clipped_ops=0 expected_interval_ns=1000000 p50_us=5.631 p95_us=81.087 p99_us=163.839 p99.9_us=182.783 max_us=887.807
rangedel_latency: kind=read class=iter measurement=service samples=115671 completed_ops=115671 ops/s=1927.8 clipped_ops=0 expected_interval_ns=1000000 p50_us=6.671 p95_us=83.135 p99_us=165.759 p99.9_us=185.599 max_us=887.807
rangedel_latency: kind=read class=iter measurement=corrected samples=115671 completed_ops=115671 ops/s=1927.8 clipped_ops=0 expected_interval_ns=1000000 p50_us=6.671 p95_us=83.135 p99_us=165.759 p99.9_us=185.599 max_us=887.807
rangedel_latency: kind=read class=get measurement=service samples=116213 completed_ops=116213 ops/s=1936.9 clipped_ops=0 expected_interval_ns=1000000 p50_us=5.223 p95_us=79.103 p99_us=161.663 p99.9_us=179.455 max_us=834.559
rangedel_latency: kind=read class=get measurement=corrected samples=116213 completed_ops=116213 ops/s=1936.9 clipped_ops=0 expected_interval_ns=1000000 p50_us=5.223 p95_us=79.103 p99_us=161.663 p99.9_us=179.455 max_us=834.559
rangedel_latency: kind=commit class=all measurement=service samples=59939 completed_ops=59939 ops/s=999.0 clipped_ops=0 expected_interval_ns=2000000 p50_us=36.511 p95_us=71.423 p99_us=89.727 p99.9_us=143.231 max_us=14180.351
rangedel_latency: kind=commit class=all measurement=corrected samples=59979 completed_ops=59939 ops/s=999.0 clipped_ops=0 expected_interval_ns=2000000 p50_us=36.543 p95_us=71.615 p99_us=90.431 p99.9_us=295.679 max_us=14180.351
rangedel_latency: kind=commit class=rangedel measurement=service samples=29970 completed_ops=29970 ops/s=499.5 clipped_ops=0 expected_interval_ns=2000000 p50_us=44.639 p95_us=80.447 p99_us=96.447 p99.9_us=180.223 max_us=14180.351
rangedel_latency: kind=commit class=rangedel measurement=corrected samples=29997 completed_ops=29970 ops/s=499.5 clipped_ops=0 expected_interval_ns=2000000 p50_us=44.639 p95_us=80.703 p99_us=97.663 p99.9_us=2678.783 max_us=14180.351
rangedel_latency: kind=commit class=point measurement=service samples=29969 completed_ops=29969 ops/s=499.5 clipped_ops=0 expected_interval_ns=2000000 p50_us=0.950 p95_us=45.343 p99_us=56.863 p99.9_us=83.903 max_us=14180.351
rangedel_latency: kind=commit class=point measurement=corrected samples=29982 completed_ops=29969 ops/s=499.5 clipped_ops=0 expected_interval_ns=2000000 p50_us=0.950 p95_us=45.407 p99_us=57.119 p99.9_us=111.935 max_us=14180.351
rangedel_summary: elapsed=60.000s rangedel_batches=29970 rangedel_ops=479520 overlapping_rangedel_ops=47814 point_sets=29969 flushes=6 memtable_bytes=16777216 memtable_count=1 cumulative_flushable_mem_bytes=42552371
LSM                             |    vtables   |   value sep   |        |   ingested   |    amp
level       size | tables  size |  count  size |  refsz valblk |     in | tables  size |   r     w
-----------------+--------------+--------------+---------------+--------+--------------+----------
   L0         0B |      0    0B |      0     0 |     0B     0B |   21MB |      0    0B |   0  0.60
   L6        8KB |      1   8KB |      0     0 |     0B     0B |  6.4MB |      0    0B |   1  0.01
-----------------+--------------+--------------+---------------+--------+--------------+----------
total        8KB |      1   8KB |      0     0 |     0B     0B |   25MB |      0    0B |   1  1.52

COMPACTIONS               |     moved    |     multilevel    |     read     |       written
level | score    ff   cff | tables  size |   top    in  read | tables  blob | tables  sstsz blobsz
------+-------------------+--------------+-------------------+--------------+---------------------
   L0 |     -     0     0 |      0    0B |    0B    0B    0B |     0B    0B |     10   13MB     0B
   L6 |     -  0.00  0.00 |      3 6.2MB |    0B    0B    0B |   13MB    0B |      5   40KB     0B
------+-------------------+--------------+-------------------+--------------+---------------------
total |     -     -     - |      3 6.2MB |    0B    0B    0B |   13MB    0B |     15   37MB     0B

 kind | default  delete  elision  move  read  tomb  rewrite  copy  multi  blob virtual
count |       7       0        0     3     0     0        0     0      0     0       0

COMMIT PIPELINE
               wals                |              memtables              |       ingestions
    files |    written |  overhead |   flushes |       live |     zombie |     total |   flushable
----------+------------+-----------+-----------+------------+------------+-----------+------------
1 (3.5MB) | 23MB: 25MB |      4.7% |         6 |   1 (16MB) |   1 (16MB) |         0 |      0 (0B)

BLOCK CACHE: 0 entries (0B)
                 miss rate [percentage of total misses] since start
level      all     |  background    sstdata       sstval      blobval       filter       index
-------------------+------------------------------------------------------------------------------
 n/a   75% [0.9%]  |                                                                   75% [0.9%]
  L0   83% [0.2%]  |  87% [~0%]    84% [0.1%]                             85% [~0%]    79% [0.1%]
  L6    77% [99%]  |  87% [~0%]    77% [54%]                                           77% [45%]
-------------------+------------------------------------------------------------------------------
total      77%     |  87% [~0%]    77% [54%]                              85% [~0%]    77% [46%]

ITERATORS
        file cache        |    filter   |    open     |    open
     entries |   hit rate | utilization |  sst iters  |  snapshots
-------------+------------+-------------+-------------+------------
    1 (520B) |     100.0% |        0.0% |           0 |           0

FILES                 physical tables                 |                blob files
          |     local        shared        remote     |     local        shared        remote
----------+-------------------------------------------+------------------------------------------
     live |    1 (8KB)       0 (0B)        0 (0B)     |    0 (0B)        0 (0B)        0 (0B)
   zombie |    0 (0B)        0 (0B)        0 (0B)     |    0 (0B)        0 (0B)        0 (0B)
 obsolete |    0 (0B)        0 (0B)        0 (0B)     |    0 (0B)        0 (0B)        0 (0B)

MISC            |
----------------+-----------
table stats     | all loaded
table garbage   |
  point del     | 0B
  range del     | 0B
blob values     |
  total         | 0B
  refed         | 0B
  backing-refed | 0B

CGO MEMORY    |          block cache           |                     memtables
          tot |           tot |           data |            maps |            ents |           tot
--------------+---------------+----------------+-----------------+-----------------+--------------
         32MB |         9.2KB |             0B |           8.2KB |            960B |          32MB

COMPACTIONS
                                                                         |      blob rewrites
    est. debt |   in progress |  cancelled |   failed |    problem spans |       read |    written
--------------+---------------+------------+----------+------------------+------------+-----------
           0B |        0 (0B) |     0 (0B) |        0 |                0 |         0B |         0B

KEYS
      range keys |       tombstones |      missized tombstones |      point dels |      range dels
-----------------+------------------+--------------------------+-----------------+----------------
               0 |                0 |                        0 |              0B |              0B

COMPRESSION
    algorithm |          tables |    blob files
--------------+-----------------+--------------
         none |           1.4KB |
        minlz | 5.8KB (CR=1.26) |

        Logical bytes compressed / decompressed
level |  data blocks   |  value blocks  |  other blocks
------+----------------+----------------+---------------
L0-L4 |  67KB / 2.2MB  |    0B / 0B     |   6.7KB / 0B
   L6 |  37KB / 793MB  |    0B / 0B     |   3.5KB / 0B

DELETE PACER   |   in queue   |   deleted
---------------+--------------+-------------
        tables |    0 (0B)    |  14 (13MB)
    blob files |    0 (0B)    |    0 (0B)
   other files |    0 (0B)    |    0 (0B)