rangedel: shape=unique queues=1024 overlap-frac=0.1 rangedels-per-batch=16 sets-per-batch=-1 iter-frac=0.5 db-options=prod-writeheavy gomaxprocs=4
wiping /home/coder/bench/rangedel-db-4way/runs/20261005-fourway-prod-point-v1/db-unique-3-p1
dir /home/coder/bench/rangedel-db-4way/runs/20261005-fourway-prod-point-v1/db-unique-3-p1
concurrency 1
rangedel_config: arena_bytes=268435456 readers=4 writers=2 reader_interval=1ms writer_interval=2ms
____elapsed______reads/s_____writes/s___p50(µs)___p95(µs)___p99(µs)___pMax(µs)
      1.0s         3826         1000      16.4     442.4     589.8      819.2
      2.0s         3889          997      16.4     753.7     884.7     1179.6
      3.0s         3705         1001      16.4    1310.7    1441.8     1572.9
      4.0s         3803         1000      16.4    1114.1    1245.2     1769.5
      5.0s         3038         1000      16.4    2359.3    2490.4     5242.9
      6.0s         3089          996      16.4    2883.6    3145.7     5767.2
      7.0s         3817         1000      16.4    1114.1    1245.2     1310.7
      8.0s         3033         1002      16.4    2359.3    2621.4     6029.3
      9.0s         1699          999    2752.5    4194.3    4456.4     5767.2
     10.0s          783         1001    5242.9    6291.5    6553.6     7602.2
     11.0s          552          998    7077.9    8388.6   10485.8    10485.8
     12.0s         2611          999     163.8    8912.9    9437.2    12582.9
     13.0s         3845          999     180.2    1376.3    1507.3     1966.1
     14.0s         2131          997    1966.1    2752.5    3014.7     4980.7
     15.0s         1120         1002    3538.9    4718.6    5505.0     8912.9
     16.0s          737          996    5505.0    6291.5   10485.8    16252.9
     17.0s          536         1000    7602.2    8912.9   12582.9    13107.2
     18.0s          407          998    9961.5   11534.3   12058.6    14680.1
     19.0s          317         1001   12582.9   14155.8   17825.8    19922.9
     20.0s          256         1000   15728.6   18874.4   23068.7    25165.8
____elapsed______reads/s_____writes/s___p50(µs)___p95(µs)___p99(µs)___pMax(µs)
     21.0s          212          999   18874.4   20971.5   22020.1    22020.1
     22.0s         2380          970      16.4     360.4   22020.1    37748.7
     23.0s         3764          999      16.4    1245.2    1376.3     3538.9
     24.0s         2273         1000    1769.5    2621.4    2752.5     4194.3
     25.0s         1142          996    3538.9    4456.4    4718.6     8388.6
     26.0s          757          999    5242.9    6291.5    8126.5     9437.2
     27.0s          535         1000    7340.0    8912.9   13107.2    14680.1
     28.0s          400         1000    9961.5   12058.6   15204.4    15728.6
     29.0s          320          998   12582.9   14680.1   17825.8    17825.8
     30.0s          256          996   15204.4   18874.4   23068.7    23068.7
     31.0s          212          996   18874.4   23068.7   27263.0    27263.0
     32.0s         2257          971      16.4     344.1   22020.1    46137.3
     33.0s         3743         1001      16.4    1245.2    1310.7     4194.3
     34.0s         2307          995    1703.9    2621.4    2883.6     9437.2
     35.0s         1184          998    3276.8    4456.4    4718.6     8388.6
     36.0s          756          988    5242.9    6291.5    8388.6    23068.7
     37.0s          544          983    7340.0    8388.6   14155.8    22020.1
     38.0s          404          996    9961.5   11534.3   19922.9    23068.7
     39.0s          324          993   12582.9   14155.8   22020.1    22020.1
     40.0s          260          996   15204.4   17825.8   20971.5    22020.1
____elapsed______reads/s_____writes/s___p50(µs)___p95(µs)___p99(µs)___pMax(µs)
     41.0s          212          983   18874.4   23068.7   26214.4    28311.6
     42.0s         2144          979      16.4     344.1   22020.1    39845.9
     43.0s         3805         1002      16.4    1114.1    1310.7     1376.3
     44.0s         2930          988      16.4    2490.4    2621.4    14680.1
     45.0s         1628         1000    2752.5    4194.3    4456.4     8126.5
     46.0s          782         1000    5242.9    6291.5    7602.2     9961.5
     47.0s          552         1000    7340.0    8388.6    8912.9    14680.1
     48.0s          408         1000    9961.5   12058.6   15728.6    16777.2
     49.0s          324         1000   12582.9   14155.8   17825.8    17825.8
     50.0s          256         1000   15728.6   17825.8   22020.1    22020.1
     51.0s          220          998   18874.4   19922.9   22020.1    22020.1
     52.0s         2140          975      16.4     311.3   22020.1    28311.6
     53.0s         3789         1001      16.4    1179.6    1245.2     2490.4
     54.0s         2414          997    1638.4    2490.4    2752.5     4980.7
     55.0s         1199         1001    3407.9    4194.3    4456.4     6553.6
     56.0s          778          997    5242.9    6029.3    6553.6     9961.5
     57.0s          548         1000    7340.0    8388.6   11010.0    12582.9
     58.0s          416          995    9961.5   11010.0   12058.6    13631.5
     59.0s          320         1001   12582.9   14155.8   17825.8    17825.8
     60.0s          252         1001   16252.9   18874.4   23068.7    23068.7
rangedel_latency: kind=read class=all measurement=service samples=92345 completed_ops=92345 ops/s=1538.8 clipped_ops=0 expected_interval_ns=1000000 p50_us=260.351 p95_us=10395.647 p99_us=18202.623 p99.9_us=22052.863 max_us=44138.495
rangedel_latency: kind=read class=all measurement=corrected samples=221484 completed_ops=92345 ops/s=1538.8 clipped_ops=0 expected_interval_ns=1000000 p50_us=2682.879 p95_us=13656.063 p99_us=18333.695 p99.9_us=22216.703 max_us=44138.495
rangedel_latency: kind=read class=iter measurement=service samples=46161 completed_ops=46161 ops/s=769.2 clipped_ops=0 expected_interval_ns=1000000 p50_us=266.495 p95_us=10452.991 p99_us=18137.087 p99.9_us=22085.631 max_us=37519.359
rangedel_latency: kind=read class=iter measurement=corrected samples=110866 completed_ops=46161 ops/s=769.2 clipped_ops=0 expected_interval_ns=1000000 p50_us=2691.071 p95_us=13623.295 p99_us=18300.927 p99.9_us=21856.255 max_us=37519.359
rangedel_latency: kind=read class=get measurement=service samples=46184 completed_ops=46184 ops/s=769.6 clipped_ops=0 expected_interval_ns=1000000 p50_us=252.799 p95_us=10338.303 p99_us=18268.159 p99.9_us=21970.943 max_us=44138.495
rangedel_latency: kind=read class=get measurement=corrected samples=110618 completed_ops=46184 ops/s=769.6 clipped_ops=0 expected_interval_ns=1000000 p50_us=2676.735 p95_us=13688.831 p99_us=18382.847 p99.9_us=22659.071 max_us=44138.495
rangedel_latency: kind=commit class=all measurement=service samples=59778 completed_ops=59778 ops/s=996.1 clipped_ops=0 expected_interval_ns=2000000 p50_us=8.071 p95_us=13.327 p99_us=17.535 p99.9_us=31.503 max_us=30818.303
rangedel_latency: kind=commit class=all measurement=corrected samples=59874 completed_ops=59778 ops/s=996.1 clipped_ops=0 expected_interval_ns=2000000 p50_us=8.083 p95_us=13.391 p99_us=18.143 p99.9_us=10633.215 max_us=30818.303
rangedel_latency: kind=commit class=rangedel measurement=service samples=29890 completed_ops=29890 ops/s=498.1 clipped_ops=0 expected_interval_ns=2000000 p50_us=9.447 p95_us=14.087 p99_us=18.927 p99.9_us=48.127 max_us=30818.303
rangedel_latency: kind=commit class=rangedel measurement=corrected samples=29958 completed_ops=29890 ops/s=498.1 clipped_ops=0 expected_interval_ns=2000000 p50_us=9.455 p95_us=14.191 p99_us=19.775 p99.9_us=15409.151 max_us=30818.303
rangedel_latency: kind=commit class=point measurement=service samples=29888 completed_ops=29888 ops/s=498.1 clipped_ops=0 expected_interval_ns=2000000 p50_us=0.950 p95_us=12.447 p99_us=15.655 p99.9_us=21.711 max_us=29966.335
rangedel_latency: kind=commit class=point measurement=corrected samples=29916 completed_ops=29888 ops/s=498.1 clipped_ops=0 expected_interval_ns=2000000 p50_us=0.950 p95_us=12.471 p99_us=15.887 p99.9_us=2983.935 max_us=29966.335
rangedel_summary: elapsed=60.010s rangedel_batches=29890 rangedel_ops=478240 overlapping_rangedel_ops=47695 point_sets=29888 flushes=6 memtable_bytes=16777216 memtable_count=1 cumulative_flushable_mem_bytes=42450928
LSM                             |    vtables   |   value sep   |        |   ingested   |    amp
level       size | tables  size |  count  size |  refsz valblk |     in | tables  size |   r     w
-----------------+--------------+--------------+---------------+--------+--------------+----------
   L0         0B |      0    0B |      0     0 |     0B     0B |   21MB |      0    0B |   0  0.60
   L6        8KB |      1   8KB |      0     0 |     0B     0B |  6.4MB |      0    0B |   1  0.01
-----------------+--------------+--------------+---------------+--------+--------------+----------
total        8KB |      1   8KB |      0     0 |     0B     0B |   24MB |      0    0B |   1  1.52

COMPACTIONS               |     moved    |     multilevel    |     read     |       written
level | score    ff   cff | tables  size |   top    in  read | tables  blob | tables  sstsz blobsz
------+-------------------+--------------+-------------------+--------------+---------------------
   L0 |     -     0     0 |      0    0B |    0B    0B    0B |     0B    0B |     10   13MB     0B
   L6 |     -  0.00  0.00 |      3 6.2MB |    0B    0B    0B |   13MB    0B |      5   40KB     0B
------+-------------------+--------------+-------------------+--------------+---------------------
total |     -     -     - |      3 6.2MB |    0B    0B    0B |   13MB    0B |     15   37MB     0B

 kind | default  delete  elision  move  read  tomb  rewrite  copy  multi  blob virtual
count |       7       0        0     3     0     0        0     0      0     0       0

COMMIT PIPELINE
               wals                |              memtables              |       ingestions
    files |    written |  overhead |   flushes |       live |     zombie |     total |   flushable
----------+------------+-----------+-----------+------------+------------+-----------+------------
1 (3.5MB) | 23MB: 24MB |      4.7% |         6 |   1 (16MB) |   1 (16MB) |         0 |      0 (0B)

BLOCK CACHE: 0 entries (0B)
                 miss rate [percentage of total misses] since start
level      all     |  background    sstdata       sstval      blobval       filter       index
-------------------+------------------------------------------------------------------------------
 n/a   75% [2.6%]  |                                                                   75% [2.6%]
  L0   97% [0.5%]  |  100% [~0%]   97% [0.2%]                             96% [0.1%]   97% [0.2%]
  L6    81% [97%]  |  87% [~0%]    83% [57%]                                           79% [40%]
-------------------+------------------------------------------------------------------------------
total     81.3%    |  93% [~0%]    83% [57%]                              96% [0.1%]   79% [43%]

ITERATORS
        file cache        |    filter   |    open     |    open
     entries |   hit rate | utilization |  sst iters  |  snapshots
-------------+------------+-------------+-------------+------------
    1 (520B) |     100.0% |        0.0% |           0 |           0

FILES                 physical tables                 |                blob files
          |     local        shared        remote     |     local        shared        remote
----------+-------------------------------------------+------------------------------------------
     live |    1 (8KB)       0 (0B)        0 (0B)     |    0 (0B)        0 (0B)        0 (0B)
   zombie |    0 (0B)        0 (0B)        0 (0B)     |    0 (0B)        0 (0B)        0 (0B)
 obsolete |    0 (0B)        0 (0B)        0 (0B)     |    0 (0B)        0 (0B)        0 (0B)

MISC            |
----------------+-----------
table stats     | all loaded
table garbage   |
  point del     | 0B
  range del     | 0B
blob values     |
  total         | 0B
  refed         | 0B
  backing-refed | 0B

CGO MEMORY    |          block cache           |                     memtables
          tot |           tot |           data |            maps |            ents |           tot
--------------+---------------+----------------+-----------------+-----------------+--------------
         32MB |         8.6KB |             0B |           8.2KB |            400B |          32MB

COMPACTIONS
                                                                         |      blob rewrites
    est. debt |   in progress |  cancelled |   failed |    problem spans |       read |    written
--------------+---------------+------------+----------+------------------+------------+-----------
           0B |        0 (0B) |     0 (0B) |        0 |                0 |         0B |         0B

KEYS
      range keys |       tombstones |      missized tombstones |      point dels |      range dels
-----------------+------------------+--------------------------+-----------------+----------------
               0 |                0 |                        0 |              0B |              0B

COMPRESSION
    algorithm |          tables |    blob files
--------------+-----------------+--------------
         none |           1.4KB |
        minlz | 5.8KB (CR=1.26) |

        Logical bytes compressed / decompressed
level |  data blocks   |  value blocks  |  other blocks
------+----------------+----------------+---------------
L0-L4 |   67KB / 2MB   |    0B / 0B     |   6.7KB / 0B
   L6 |  37KB / 315MB  |    0B / 0B     |   3.5KB / 0B

DELETE PACER   |   in queue   |   deleted
---------------+--------------+-------------
        tables |    0 (0B)    |  14 (13MB)
    blob files |    0 (0B)    |    0 (0B)
   other files |    0 (0B)    |    0 (0B)