rangedel: shape=unique queues=1024 overlap-frac=0.1 rangedels-per-batch=16 sets-per-batch=-1 iter-frac=0.5 db-options=prod-writeheavy gomaxprocs=4
wiping /home/coder/bench/rangedel-db-4way/runs/20261005-fourway-prod-point-v1/db-unique-3-method1
dir /home/coder/bench/rangedel-db-4way/runs/20261005-fourway-prod-point-v1/db-unique-3-method1
concurrency 1
rangedel_config: arena_bytes=268435456 readers=4 writers=2 reader_interval=1ms writer_interval=2ms
____elapsed______reads/s_____writes/s___p50(µs)___p95(µs)___p99(µs)___pMax(µs)
      1.0s         3836         1000      16.4      16.4      16.4       81.9
      2.0s         3837         1000      16.4      16.4      16.4       24.6
      3.0s         3846          998      16.4      16.4      16.4       81.9
      4.0s         3897         1000      16.4      16.4      16.4      147.5
      5.0s         3897         1000      16.4      16.4      16.4      114.7
      6.0s         3880          997      16.4      16.4      16.4      147.5
      7.0s         3899         1001      16.4      16.4      16.4       16.4
      8.0s         3897          999      16.4      16.4      16.4       73.7
      9.0s         3897         1001      16.4      16.4      16.4      147.5
     10.0s         3904          999      16.4      16.4      16.4       32.8
     11.0s         3891         1000      16.4      16.4      16.4       65.5
     12.0s         3888          996      81.9     172.0     180.2      753.7
     13.0s         3869         1000      90.1     172.0     180.2      393.2
     14.0s         3883         1000      90.1     180.2     196.6      622.6
     15.0s         3869         1002      90.1     172.0     188.4      376.8
     16.0s         3871          998      16.4     172.0     344.1      950.3
     17.0s         3897         1000      16.4      16.4      16.4       16.4
     18.0s         3880         1000      16.4      16.4      16.4       16.4
     19.0s         3886         1000      16.4      16.4      16.4       24.6
     20.0s         3864         1001      16.4      16.4      16.4       24.6
____elapsed______reads/s_____writes/s___p50(µs)___p95(µs)___p99(µs)___pMax(µs)
     21.0s         3915          999      16.4      16.4      16.4       24.6
     22.0s         3846          992      16.4      16.4      16.4       57.3
     23.0s         3829         1000      16.4      16.4      16.4       24.6
     24.0s         3860         1000      16.4      16.4      16.4       32.8
     25.0s         3865         1000      16.4      16.4      16.4       49.2
     26.0s         3903         1001      16.4      16.4      16.4       32.8
     27.0s         3877          999      16.4      16.4      16.4      254.0
     28.0s         3863         1000      16.4      16.4      24.6      376.8
     29.0s         3866         1000      16.4      16.4      24.6      114.7
     30.0s         3878         1000      16.4      16.4      24.6      131.1
     31.0s         3888         1000      16.4      16.4      24.6       49.2
     32.0s         3668          949      16.4      16.4      24.6      254.0
     33.0s         3856         1002      16.4      16.4      16.4       41.0
     34.0s         3850         1000      16.4      16.4      16.4       65.5
     35.0s         3821         1000      16.4      16.4      16.4       49.2
     36.0s         3829         1000      16.4      16.4      16.4       41.0
     37.0s         3847         1000      16.4      16.4      24.6       49.2
     38.0s         3825         1000      16.4      16.4      24.6      114.7
     39.0s         3825         1000      16.4      16.4      24.6      122.9
     40.0s         3842         1000      16.4      16.4      24.6       90.1
____elapsed______reads/s_____writes/s___p50(µs)___p95(µs)___p99(µs)___pMax(µs)
     41.0s         3839          998      16.4      16.4      24.6       41.0
     42.0s         3825          994      16.4      16.4      24.6       98.3
     43.0s         3849         1000      16.4      16.4      16.4       41.0
     44.0s         3821         1000      16.4      16.4      16.4      139.3
     45.0s         3828         1000      16.4      16.4      16.4       32.8
     46.0s         3816         1000      16.4      16.4      16.4       24.6
     47.0s         3845         1000      16.4      16.4      16.4       41.0
     48.0s         3857         1000      16.4      16.4      24.6       41.0
     49.0s         3844         1000      16.4      16.4      24.6       65.5
     50.0s         3855         1000      16.4      16.4      24.6      122.9
     51.0s         3829         1000      16.4      16.4      24.6      122.9
     52.0s         3851          991      16.4      16.4      24.6      114.7
     53.0s         3855         1000      16.4      16.4      16.4      131.1
     54.0s         3844         1000      16.4      16.4      16.4       41.0
     55.0s         3901         1000      16.4      16.4      16.4       57.3
     56.0s         3856         1000      16.4      16.4      16.4       41.0
     57.0s         3871         1000      16.4      16.4      24.6       73.7
     58.0s         3835         1000      16.4      16.4      24.6       32.8
     59.0s         3840         1000      16.4      16.4      24.6       41.0
     60.0s         3862         1000      16.4      16.4      24.6      131.1
rangedel_latency: kind=read class=all measurement=service samples=231465 completed_ops=231465 ops/s=3857.7 clipped_ops=0 expected_interval_ns=1000000 p50_us=5.623 p95_us=80.639 p99_us=162.303 p99.9_us=184.063 max_us=921.087
rangedel_latency: kind=read class=all measurement=corrected samples=231465 completed_ops=231465 ops/s=3857.7 clipped_ops=0 expected_interval_ns=1000000 p50_us=5.623 p95_us=80.639 p99_us=162.303 p99.9_us=184.063 max_us=921.087
rangedel_latency: kind=read class=iter measurement=service samples=115448 completed_ops=115448 ops/s=1924.1 clipped_ops=0 expected_interval_ns=1000000 p50_us=6.603 p95_us=82.303 p99_us=164.095 p99.9_us=187.647 max_us=740.863
rangedel_latency: kind=read class=iter measurement=corrected samples=115448 completed_ops=115448 ops/s=1924.1 clipped_ops=0 expected_interval_ns=1000000 p50_us=6.603 p95_us=82.303 p99_us=164.095 p99.9_us=187.647 max_us=740.863
rangedel_latency: kind=read class=get measurement=service samples=116017 completed_ops=116017 ops/s=1933.6 clipped_ops=0 expected_interval_ns=1000000 p50_us=5.203 p95_us=79.039 p99_us=160.383 p99.9_us=180.223 max_us=921.087
rangedel_latency: kind=read class=get measurement=corrected samples=116017 completed_ops=116017 ops/s=1933.6 clipped_ops=0 expected_interval_ns=1000000 p50_us=5.203 p95_us=79.039 p99_us=160.383 p99.9_us=180.223 max_us=921.087
rangedel_latency: kind=commit class=all measurement=service samples=59919 completed_ops=59919 ops/s=998.6 clipped_ops=0 expected_interval_ns=2000000 p50_us=50.015 p95_us=92.863 p99_us=116.415 p99.9_us=204.671 max_us=11329.535
rangedel_latency: kind=commit class=all measurement=corrected samples=59952 completed_ops=59919 ops/s=998.6 clipped_ops=0 expected_interval_ns=2000000 p50_us=50.015 p95_us=92.991 p99_us=117.951 p99.9_us=347.647 max_us=11329.535
rangedel_latency: kind=commit class=rangedel measurement=service samples=29960 completed_ops=29960 ops/s=499.3 clipped_ops=0 expected_interval_ns=2000000 p50_us=61.439 p95_us=102.143 p99_us=131.711 p99.9_us=217.471 max_us=10412.031
rangedel_latency: kind=commit class=rangedel measurement=corrected samples=29983 completed_ops=29960 ops/s=499.3 clipped_ops=0 expected_interval_ns=2000000 p50_us=61.471 p95_us=102.271 p99_us=134.655 p99.9_us=2263.039 max_us=10412.031
rangedel_latency: kind=commit class=point measurement=service samples=29959 completed_ops=29959 ops/s=499.3 clipped_ops=0 expected_interval_ns=2000000 p50_us=1.010 p95_us=64.831 p99_us=81.087 p99.9_us=129.855 max_us=11329.535
rangedel_latency: kind=commit class=point measurement=corrected samples=29969 completed_ops=29959 ops/s=499.3 clipped_ops=0 expected_interval_ns=2000000 p50_us=1.010 p95_us=64.863 p99_us=81.599 p99.9_us=173.183 max_us=11329.535
rangedel_summary: elapsed=60.000s rangedel_batches=29960 rangedel_ops=479360 overlapping_rangedel_ops=47803 point_sets=29959 flushes=6 memtable_bytes=16777216 memtable_count=1 cumulative_flushable_mem_bytes=42529557
LSM                             |    vtables   |   value sep   |        |   ingested   |    amp
level       size | tables  size |  count  size |  refsz valblk |     in | tables  size |   r     w
-----------------+--------------+--------------+---------------+--------+--------------+----------
   L0         0B |      0    0B |      0     0 |     0B     0B |   21MB |      0    0B |   0  0.60
   L6      2.5MB |      2 2.5MB |      0     0 |     0B     0B |  6.4MB |      0    0B |   1  0.01
-----------------+--------------+--------------+---------------+--------+--------------+----------
total      2.5MB |      2 2.5MB |      0     0 |     0B     0B |   25MB |      0    0B |   1  1.52

COMPACTIONS               |     moved    |     multilevel    |     read     |       written
level | score    ff   cff | tables  size |   top    in  read | tables  blob | tables  sstsz blobsz
------+-------------------+--------------+-------------------+--------------+---------------------
   L0 |     -     0     0 |      0    0B |    0B    0B    0B |     0B    0B |     10   13MB     0B
   L6 |     -  0.00  0.00 |      4 8.7MB |    0B    0B    0B |   10MB    0B |      5   40KB     0B
------+-------------------+--------------+-------------------+--------------+---------------------
total |     -     -     - |      4 8.7MB |    0B    0B    0B |   10MB    0B |     15   37MB     0B

 kind | default  delete  elision  move  read  tomb  rewrite  copy  multi  blob virtual
count |       6       0        1     4     0     0        0     0      0     0       0

COMMIT PIPELINE
               wals                |              memtables              |       ingestions
    files |    written |  overhead |   flushes |       live |     zombie |     total |   flushable
----------+------------+-----------+-----------+------------+------------+-----------+------------
1 (3.5MB) | 23MB: 25MB |      4.7% |         6 |   1 (16MB) |   1 (16MB) |         0 |      0 (0B)

BLOCK CACHE: 0 entries (0B)
                 miss rate [percentage of total misses] since start
level      all     |  background    sstdata       sstval      blobval       filter       index
-------------------+------------------------------------------------------------------------------
 n/a   75% [0.9%]  |                                                                   75% [0.9%]
  L0   77% [0.2%]  |  85% [~0%]    81% [0.1%]                             72% [~0%]    72% [~0%]
  L6    77% [99%]  |  87% [~0%]    77% [54%]                                           77% [45%]
-------------------+------------------------------------------------------------------------------
total     76.9%    |  86% [~0%]    77% [54%]                              72% [~0%]    77% [46%]

ITERATORS
        file cache        |    filter   |    open     |    open
     entries |   hit rate | utilization |  sst iters  |  snapshots
-------------+------------+-------------+-------------+------------
     2 (1KB) |     100.0% |        0.0% |           0 |           0

FILES                 physical tables                 |                blob files
          |     local        shared        remote     |     local        shared        remote
----------+-------------------------------------------+------------------------------------------
     live |   2 (2.5MB)      0 (0B)        0 (0B)     |    0 (0B)        0 (0B)        0 (0B)
   zombie |    0 (0B)        0 (0B)        0 (0B)     |    0 (0B)        0 (0B)        0 (0B)
 obsolete |    0 (0B)        0 (0B)        0 (0B)     |    0 (0B)        0 (0B)        0 (0B)

MISC            |
----------------+-----------
table stats     | all loaded
table garbage   |
  point del     | 0B
  range del     | 0B
blob values     |
  total         | 0B
  refed         | 0B
  backing-refed | 0B

CGO MEMORY    |          block cache           |                     memtables
          tot |           tot |           data |            maps |            ents |           tot
--------------+---------------+----------------+-----------------+-----------------+--------------
         32MB |           9KB |             0B |           8.2KB |            800B |          32MB

COMPACTIONS
                                                                         |      blob rewrites
    est. debt |   in progress |  cancelled |   failed |    problem spans |       read |    written
--------------+---------------+------------+----------+------------------+------------+-----------
           0B |        0 (0B) |     0 (0B) |        0 |                0 |         0B |         0B

KEYS
      range keys |       tombstones |      missized tombstones |      point dels |      range dels
-----------------+------------------+--------------------------+-----------------+----------------
               0 |              73K |                        0 |              0B |              0B

COMPRESSION
    algorithm |          tables |    blob files
--------------+-----------------+--------------
         none |           2.5MB |
        minlz | 5.8KB (CR=1.26) |

        Logical bytes compressed / decompressed
level |  data blocks   |  value blocks  |  other blocks
------+----------------+----------------+---------------
L0-L4 |  67KB / 1.3MB  |    0B / 0B     |   6.7KB / 0B
   L6 |  37KB / 780MB  |    0B / 0B     |   3.5KB / 0B

DELETE PACER   |   in queue   |   deleted
---------------+--------------+-------------
        tables |    0 (0B)    |  13 (10MB)
    blob files |    0 (0B)    |    0 (0B)
   other files |    0 (0B)    |    0 (0B)