rangedel: shape=unique queues=1024 overlap-frac=0.1 rangedels-per-batch=16 sets-per-batch=-1 iter-frac=0.5 db-options=prod-writeheavy gomaxprocs=4
wiping /home/coder/bench/rangedel-db-4way/runs/20261005-fourway-prod-point-v1/db-unique-4-method12
dir /home/coder/bench/rangedel-db-4way/runs/20261005-fourway-prod-point-v1/db-unique-4-method12
concurrency 1
rangedel_config: arena_bytes=268435456 readers=4 writers=2 reader_interval=1ms writer_interval=2ms
____elapsed______reads/s_____writes/s___p50(µs)___p95(µs)___p99(µs)___pMax(µs)
      1.0s         3893          998      16.4      16.4      16.4       41.0
      2.0s         3920         1001      16.4      16.4      16.4       24.6
      3.0s         3918          999      16.4      16.4      16.4       24.6
      4.0s         3912          999      16.4      16.4      16.4       24.6
      5.0s         3899         1001      16.4      16.4      16.4       73.7
      6.0s         3906          996      16.4      16.4      16.4       41.0
      7.0s         3907         1000      16.4      16.4      16.4       24.6
      8.0s         3894         1000      16.4      16.4      16.4       41.0
      9.0s         3782          979      16.4      16.4      16.4       32.8
     10.0s         3589          945      16.4      16.4      16.4     3145.7
     11.0s         3829          984      16.4      16.4      16.4      114.7
     12.0s         3911          995      73.7     172.0     180.2      753.7
     13.0s         3903         1001      90.1     172.0     180.2      426.0
     14.0s         3884          999      90.1     172.0     188.4      426.0
     15.0s         3895         1001      90.1     172.0     180.2      409.6
     16.0s         3904         1000      16.4     172.0     360.4     1572.9
     17.0s         3899         1000      16.4      16.4      16.4       24.6
     18.0s         3915         1000      16.4      16.4      16.4       32.8
     19.0s         3936         1000      16.4      16.4      16.4       24.6
     20.0s         3871          995      16.4      16.4      16.4       41.0
____elapsed______reads/s_____writes/s___p50(µs)___p95(µs)___p99(µs)___pMax(µs)
     21.0s         3892          998      16.4      16.4      16.4       41.0
     22.0s         3463          887      16.4      16.4      24.6       98.3
     23.0s         3821          992      16.4      16.4      16.4       32.8
     24.0s         3724          950      16.4      16.4      16.4       32.8
     25.0s         3925         1000      16.4      16.4      16.4       41.0
     26.0s         3923         1000      16.4      16.4      16.4       41.0
     27.0s         3896         1000      16.4      16.4      16.4       32.8
     28.0s         3917         1000      16.4      16.4      24.6       32.8
     29.0s         3907          999      16.4      16.4      24.6       57.3
     30.0s         3918          997      16.4      16.4      24.6       41.0
     31.0s         3930         1000      16.4      16.4      24.6       32.8
     32.0s         3903          981      16.4      16.4      24.6       98.3
     33.0s         3901         1001      16.4      16.4      16.4       32.8
     34.0s         3898          999      16.4      16.4      16.4       49.2
     35.0s         3890          999      16.4      16.4      24.6       41.0
     36.0s         3895         1000      16.4      16.4      16.4       57.3
     37.0s         3876          999      16.4      16.4      16.4       41.0
     38.0s         3893          999      16.4      16.4      24.6       41.0
     39.0s         3893          999      16.4      16.4      24.6       98.3
     40.0s         3873          997      16.4      16.4      24.6       41.0
____elapsed______reads/s_____writes/s___p50(µs)___p95(µs)___p99(µs)___pMax(µs)
     41.0s         3894          999      16.4      16.4      24.6       32.8
     42.0s         3763          971      16.4      16.4      24.6      188.4
     43.0s         3879         1000      16.4      16.4      16.4       32.8
     44.0s         3846          981      16.4      16.4      16.4     2490.4
     45.0s         3892          997      16.4      16.4      16.4       49.2
     46.0s         3917         1000      16.4      16.4      16.4       49.2
     47.0s         3868          995      16.4      16.4      16.4       32.8
     48.0s         3904         1000      16.4      16.4      24.6       57.3
     49.0s         3897          998      16.4      16.4      16.4       32.8
     50.0s         3897          999      16.4      16.4      24.6       49.2
     51.0s         3909         1000      16.4      16.4      24.6       41.0
     52.0s         3899          990      16.4      16.4      24.6       81.9
     53.0s         3881          999      16.4      16.4      16.4       32.8
     54.0s         3890          999      16.4      16.4      16.4       24.6
     55.0s         3867          989      16.4      16.4      16.4       32.8
     56.0s         3896         1001      16.4      16.4      16.4       32.8
     57.0s         3899          999      16.4      16.4      16.4       98.3
     58.0s         3892         1000      16.4      16.4      24.6       49.2
     59.0s         3899         1000      16.4      16.4      16.4       32.8
     60.0s         3889          996      16.4      16.4      24.6       41.0
rangedel_latency: kind=read class=all measurement=service samples=232587 completed_ops=232587 ops/s=3876.4 clipped_ops=0 expected_interval_ns=1000000 p50_us=5.551 p95_us=79.999 p99_us=162.175 p99.9_us=180.479 max_us=3049.471
rangedel_latency: kind=read class=all measurement=corrected samples=232590 completed_ops=232587 ops/s=3876.4 clipped_ops=0 expected_interval_ns=1000000 p50_us=5.551 p95_us=79.999 p99_us=162.175 p99.9_us=180.607 max_us=3049.471
rangedel_latency: kind=read class=iter measurement=service samples=116010 completed_ops=116010 ops/s=1933.5 clipped_ops=0 expected_interval_ns=1000000 p50_us=6.543 p95_us=81.727 p99_us=163.967 p99.9_us=182.399 max_us=3049.471
rangedel_latency: kind=read class=iter measurement=corrected samples=116012 completed_ops=116010 ops/s=1933.5 clipped_ops=0 expected_interval_ns=1000000 p50_us=6.543 p95_us=81.727 p99_us=163.967 p99.9_us=182.783 max_us=3049.471
rangedel_latency: kind=read class=get measurement=service samples=116577 completed_ops=116577 ops/s=1942.9 clipped_ops=0 expected_interval_ns=1000000 p50_us=5.151 p95_us=78.079 p99_us=160.383 p99.9_us=178.303 max_us=2484.223
rangedel_latency: kind=read class=get measurement=corrected samples=116578 completed_ops=116577 ops/s=1942.9 clipped_ops=0 expected_interval_ns=1000000 p50_us=5.151 p95_us=78.079 p99_us=160.383 p99.9_us=178.431 max_us=2484.223
rangedel_latency: kind=commit class=all measurement=service samples=59605 completed_ops=59605 ops/s=993.4 clipped_ops=0 expected_interval_ns=2000000 p50_us=36.351 p95_us=73.919 p99_us=92.415 p99.9_us=134.655 max_us=16334.847
rangedel_latency: kind=commit class=all measurement=corrected samples=59664 completed_ops=59605 ops/s=993.4 clipped_ops=0 expected_interval_ns=2000000 p50_us=36.383 p95_us=74.175 p99_us=93.375 p99.9_us=3782.655 max_us=16334.847
rangedel_latency: kind=commit class=rangedel measurement=service samples=29803 completed_ops=29803 ops/s=496.7 clipped_ops=0 expected_interval_ns=2000000 p50_us=46.303 p95_us=82.047 p99_us=99.903 p99.9_us=174.207 max_us=16334.847
rangedel_latency: kind=commit class=rangedel measurement=corrected samples=29836 completed_ops=29803 ops/s=496.7 clipped_ops=0 expected_interval_ns=2000000 p50_us=46.335 p95_us=82.303 p99_us=101.119 p99.9_us=4272.127 max_us=16334.847
rangedel_latency: kind=commit class=point measurement=service samples=29802 completed_ops=29802 ops/s=496.7 clipped_ops=0 expected_interval_ns=2000000 p50_us=0.960 p95_us=45.791 p99_us=57.343 p99.9_us=91.263 max_us=14139.391
rangedel_latency: kind=commit class=point measurement=corrected samples=29828 completed_ops=29802 ops/s=496.7 clipped_ops=0 expected_interval_ns=2000000 p50_us=0.960 p95_us=45.919 p99_us=57.759 p99.9_us=2207.743 max_us=14139.391
rangedel_summary: elapsed=60.001s rangedel_batches=29803 rangedel_ops=476848 overlapping_rangedel_ops=47552 point_sets=29802 flushes=6 memtable_bytes=16777216 memtable_count=1 cumulative_flushable_mem_bytes=42308470
LSM                             |    vtables   |   value sep   |        |   ingested   |    amp
level       size | tables  size |  count  size |  refsz valblk |     in | tables  size |   r     w
-----------------+--------------+--------------+---------------+--------+--------------+----------
   L0         0B |      0    0B |      0     0 |     0B     0B |   21MB |      0    0B |   0  0.60
   L6        8KB |      1   8KB |      0     0 |     0B     0B |  6.4MB |      0    0B |   1  0.01
-----------------+--------------+--------------+---------------+--------+--------------+----------
total        8KB |      1   8KB |      0     0 |     0B     0B |   24MB |      0    0B |   1  1.52

COMPACTIONS               |     moved    |     multilevel    |     read     |       written
level | score    ff   cff | tables  size |   top    in  read | tables  blob | tables  sstsz blobsz
------+-------------------+--------------+-------------------+--------------+---------------------
   L0 |     -     0     0 |      0    0B |    0B    0B    0B |     0B    0B |     10   13MB     0B
   L6 |     -  0.00  0.00 |      3 6.2MB |    0B    0B    0B |   13MB    0B |      5   40KB     0B
------+-------------------+--------------+-------------------+--------------+---------------------
total |     -     -     - |      3 6.2MB |    0B    0B    0B |   13MB    0B |     15   37MB     0B

 kind | default  delete  elision  move  read  tomb  rewrite  copy  multi  blob virtual
count |       7       0        0     3     0     0        0     0      0     0       0

COMMIT PIPELINE
               wals                |              memtables              |       ingestions
    files |    written |  overhead |   flushes |       live |     zombie |     total |   flushable
----------+------------+-----------+-----------+------------+------------+-----------+------------
1 (3.5MB) | 23MB: 24MB |      4.7% |         6 |   1 (16MB) |   1 (16MB) |         0 |      0 (0B)

BLOCK CACHE: 0 entries (0B)
                 miss rate [percentage of total misses] since start
level      all     |  background    sstdata       sstval      blobval       filter       index
-------------------+------------------------------------------------------------------------------
 n/a   75% [0.9%]  |                                                                   75% [0.9%]
  L0   80% [0.2%]  |  87% [~0%]    82% [0.1%]                             80% [~0%]    78% [0.1%]
  L6    77% [99%]  |  87% [~0%]    77% [54%]                                           77% [45%]
-------------------+------------------------------------------------------------------------------
total     76.9%    |  87% [~0%]    77% [54%]                              80% [~0%]    77% [46%]

ITERATORS
        file cache        |    filter   |    open     |    open
     entries |   hit rate | utilization |  sst iters  |  snapshots
-------------+------------+-------------+-------------+------------
    1 (520B) |     100.0% |        0.0% |           0 |           0

FILES                 physical tables                 |                blob files
          |     local        shared        remote     |     local        shared        remote
----------+-------------------------------------------+------------------------------------------
     live |    1 (8KB)       0 (0B)        0 (0B)     |    0 (0B)        0 (0B)        0 (0B)
   zombie |    0 (0B)        0 (0B)        0 (0B)     |    0 (0B)        0 (0B)        0 (0B)
 obsolete |    0 (0B)        0 (0B)        0 (0B)     |    0 (0B)        0 (0B)        0 (0B)

MISC            |
----------------+-----------
table stats     | all loaded
table garbage   |
  point del     | 0B
  range del     | 0B
blob values     |
  total         | 0B
  refed         | 0B
  backing-refed | 0B

CGO MEMORY    |          block cache           |                     memtables
          tot |           tot |           data |            maps |            ents |           tot
--------------+---------------+----------------+-----------------+-----------------+--------------
         32MB |         9.2KB |             0B |           8.2KB |            960B |          32MB

COMPACTIONS
                                                                         |      blob rewrites
    est. debt |   in progress |  cancelled |   failed |    problem spans |       read |    written
--------------+---------------+------------+----------+------------------+------------+-----------
           0B |        0 (0B) |     0 (0B) |        0 |                0 |         0B |         0B

KEYS
      range keys |       tombstones |      missized tombstones |      point dels |      range dels
-----------------+------------------+--------------------------+-----------------+----------------
               0 |                0 |                        0 |              0B |              0B

COMPRESSION
    algorithm |          tables |    blob files
--------------+-----------------+--------------
         none |           1.4KB |
        minlz | 5.8KB (CR=1.26) |

        Logical bytes compressed / decompressed
level |  data blocks   |  value blocks  |  other blocks
------+----------------+----------------+---------------
L0-L4 |  67KB / 2.1MB  |    0B / 0B     |   6.7KB / 0B
   L6 |  37KB / 784MB  |    0B / 0B     |   3.5KB / 0B

DELETE PACER   |   in queue   |   deleted
---------------+--------------+-------------
        tables |    0 (0B)    |  14 (13MB)
    blob files |    0 (0B)    |    0 (0B)
   other files |    0 (0B)    |    0 (0B)