rangedel: shape=unique queues=1024 overlap-frac=0.1 rangedels-per-batch=16 sets-per-batch=-1 iter-frac=0.5 db-options=prod-writeheavy gomaxprocs=4
wiping /home/coder/bench/rangedel-db-4way/runs/20261005-fourway-prod-point-v1/db-unique-4-p1
dir /home/coder/bench/rangedel-db-4way/runs/20261005-fourway-prod-point-v1/db-unique-4-p1
concurrency 1
rangedel_config: arena_bytes=268435456 readers=4 writers=2 reader_interval=1ms writer_interval=2ms
____elapsed______reads/s_____writes/s___p50(µs)___p95(µs)___p99(µs)___pMax(µs)
      1.0s         3801          998      16.4     458.8     589.8      950.3
      2.0s         3818         1000      16.4     720.9     852.0      950.3
      3.0s         3729         1002      16.4    1310.7    1441.8     1703.9
      4.0s         3790         1000      16.4    1114.1    1245.2     2228.2
      5.0s         2947         1000      16.4    2359.3    2490.4     5242.9
      6.0s         3066          999      16.4    3014.7    3276.8     5767.2
      7.0s         3557          954      16.4    1114.1    1245.2     2228.2
      8.0s         2885          971      16.4    2359.3    2490.4    13107.2
      9.0s         1753          994    2621.4    3932.2    4063.2    11534.3
     10.0s          762         1000    5242.9    6029.3   16252.9    20971.5
     11.0s          575          996    7077.9    8126.5    9961.5    11010.0
     12.0s         2334          997     163.8    8912.9    9437.2    12582.9
     13.0s         3764          998     196.6    1310.7    1507.3     3276.8
     14.0s         2223         1000    1835.0    2752.5    2883.6     5505.0
     15.0s         1153         1002    3407.9    4456.4    4718.6     8126.5
     16.0s          776          998    5242.9    6029.3    6291.5     7340.0
     17.0s          548         1002    7340.0    8388.6    9961.5    11534.3
     18.0s          408          999    9961.5   11010.0   14680.1    15728.6
     19.0s          312         1000   12582.9   15728.6   20971.5    20971.5
     20.0s          256          996   16252.9   17825.8   19922.9    19922.9
____elapsed______reads/s_____writes/s___p50(µs)___p95(µs)___p99(µs)___pMax(µs)
     21.0s          208         1001   18874.4   22020.1   26214.4    26214.4
     22.0s         2065          971      16.4     327.7   22020.1    39845.9
     23.0s         3796         1000      16.4    1114.1    1245.2     1376.3
     24.0s         2930          996      16.4    2490.4    2621.4     5242.9
     25.0s         1446         1001    3145.7    4194.3    5505.0     6815.7
     26.0s          780         1000    5242.9    6291.5    6553.6     7864.3
     27.0s          544         1000    7340.0    8388.6   11534.3    13631.5
     28.0s          412         1000    9961.5   11534.3   15204.4    15728.6
     29.0s          320          999   12582.9   15204.4   18874.4    18874.4
     30.0s          264          999   15204.4   16777.2   22020.1    22020.1
     31.0s          216         1000   18874.4   22020.1   29360.1    29360.1
     32.0s         1970          979      16.4     327.7   23068.7    35651.6
     33.0s         3771         1000      16.4    1114.1    1245.2     1835.0
     34.0s         3008          998      16.4    2359.3    2490.4     6291.5
     35.0s         1613          996    2883.6    4194.3    4456.4     8388.6
     36.0s          776          999    5242.9    6029.3    9437.2    11534.3
     37.0s          552          996    7077.9    8912.9   14155.8    16252.9
     38.0s          420          997    9437.2   11534.3   13631.5    19922.9
     39.0s          316          994   12582.9   14680.1   23068.7    23068.7
     40.0s          256          989   15204.4   17825.8   27263.0    32505.9
____elapsed______reads/s_____writes/s___p50(µs)___p95(µs)___p99(µs)___pMax(µs)
     41.0s          216          998   18874.4   19922.9   32505.9    32505.9
     42.0s         1901          980      16.4   20971.5   23068.7    31457.3
     43.0s         3741         1000      16.4    1114.1    1245.2     2883.6
     44.0s         2514          999    1572.9    2490.4    2621.4     4456.4
     45.0s         1231         1000    3276.8    4063.2    4456.4     5767.2
     46.0s          792         1000    5242.9    6029.3    6553.6    10485.8
     47.0s          560         1001    7077.9    8388.6   10485.8    12582.9
     48.0s          420          998    9437.2   11534.3   12582.9    14680.1
     49.0s          328         1002   12582.9   14155.8   17825.8    17825.8
     50.0s          265          997   15204.4   17825.8   18874.4    20971.5
     51.0s          219          996   18874.4   22020.1   23068.7    24117.2
     52.0s         1890          984      16.4   19922.9   22020.1    24117.2
     53.0s         3755         1000      16.4    1048.6    1179.6     3014.7
     54.0s         3034         1002      16.4    2359.3    2490.4     4456.4
     55.0s         1722         1000    2621.4    4063.2    4456.4     7077.9
     56.0s          806          998    4980.7    6029.3    6291.5     8912.9
     57.0s          560         1001    7077.9    8388.6   11010.0    11534.3
     58.0s          424         1001    9437.2   11010.0   12058.6    15204.4
     59.0s          324          999   12058.6   14155.8   16252.9    16777.2
     60.0s          260          999   15204.4   17825.8   20971.5    20971.5
rangedel_latency: kind=read class=all measurement=service samples=93086 completed_ops=93086 ops/s=1551.3 clipped_ops=0 expected_interval_ns=1000000 p50_us=182.399 p95_us=10354.687 p99_us=18137.087 p99.9_us=22347.775 max_us=38961.151
rangedel_latency: kind=read class=all measurement=corrected samples=221193 completed_ops=93086 ops/s=1551.3 clipped_ops=0 expected_interval_ns=1000000 p50_us=2674.687 p95_us=13737.983 p99_us=18563.071 p99.9_us=23724.031 max_us=38961.151
rangedel_latency: kind=read class=iter measurement=service samples=46510 completed_ops=46510 ops/s=775.1 clipped_ops=0 expected_interval_ns=1000000 p50_us=173.951 p95_us=10346.495 p99_us=18022.399 p99.9_us=22315.007 max_us=33980.415
rangedel_latency: kind=read class=iter measurement=corrected samples=110145 completed_ops=46510 ops/s=775.1 clipped_ops=0 expected_interval_ns=1000000 p50_us=2668.543 p95_us=13721.599 p99_us=18513.919 p99.9_us=23576.575 max_us=33980.415
rangedel_latency: kind=read class=get measurement=service samples=46576 completed_ops=46576 ops/s=776.2 clipped_ops=0 expected_interval_ns=1000000 p50_us=190.463 p95_us=10354.687 p99_us=18186.239 p99.9_us=22347.775 max_us=38961.151
rangedel_latency: kind=read class=get measurement=corrected samples=111048 completed_ops=46576 ops/s=776.2 clipped_ops=0 expected_interval_ns=1000000 p50_us=2680.831 p95_us=13762.559 p99_us=18595.839 p99.9_us=24018.943 max_us=38961.151
rangedel_latency: kind=commit class=all measurement=service samples=59777 completed_ops=59777 ops/s=996.2 clipped_ops=0 expected_interval_ns=2000000 p50_us=8.123 p95_us=13.583 p99_us=18.447 p99.9_us=34.975 max_us=31014.911
rangedel_latency: kind=commit class=all measurement=corrected samples=59860 completed_ops=59777 ops/s=996.2 clipped_ops=0 expected_interval_ns=2000000 p50_us=8.123 p95_us=13.671 p99_us=19.007 p99.9_us=7176.191 max_us=31014.911
rangedel_latency: kind=commit class=rangedel measurement=service samples=29889 completed_ops=29889 ops/s=498.1 clipped_ops=0 expected_interval_ns=2000000 p50_us=9.471 p95_us=14.655 p99_us=20.351 p99.9_us=71.167 max_us=31014.911
rangedel_latency: kind=commit class=rangedel measurement=corrected samples=29955 completed_ops=29889 ops/s=498.1 clipped_ops=0 expected_interval_ns=2000000 p50_us=9.487 p95_us=14.807 p99_us=21.727 p99.9_us=13197.311 max_us=31014.911
rangedel_latency: kind=commit class=point measurement=service samples=29888 completed_ops=29888 ops/s=498.1 clipped_ops=0 expected_interval_ns=2000000 p50_us=0.960 p95_us=12.367 p99_us=16.087 p99.9_us=23.759 max_us=17793.023
rangedel_latency: kind=commit class=point measurement=corrected samples=29905 completed_ops=29888 ops/s=498.1 clipped_ops=0 expected_interval_ns=2000000 p50_us=0.960 p95_us=12.383 p99_us=16.231 p99.9_us=31.711 max_us=17793.023
rangedel_summary: elapsed=60.005s rangedel_batches=29889 rangedel_ops=478224 overlapping_rangedel_ops=47693 point_sets=29888 flushes=6 memtable_bytes=16777216 memtable_count=1 cumulative_flushable_mem_bytes=42426592
LSM                             |    vtables   |   value sep   |        |   ingested   |    amp
level       size | tables  size |  count  size |  refsz valblk |     in | tables  size |   r     w
-----------------+--------------+--------------+---------------+--------+--------------+----------
   L0         0B |      0    0B |      0     0 |     0B     0B |   21MB |      0    0B |   0  0.60
   L6        8KB |      1   8KB |      0     0 |     0B     0B |  6.4MB |      0    0B |   1  0.01
-----------------+--------------+--------------+---------------+--------+--------------+----------
total        8KB |      1   8KB |      0     0 |     0B     0B |   24MB |      0    0B |   1  1.52

COMPACTIONS               |     moved    |     multilevel    |     read     |       written
level | score    ff   cff | tables  size |   top    in  read | tables  blob | tables  sstsz blobsz
------+-------------------+--------------+-------------------+--------------+---------------------
   L0 |     -     0     0 |      0    0B |    0B    0B    0B |     0B    0B |     10   13MB     0B
   L6 |     -  0.00  0.00 |      3 6.2MB |    0B    0B    0B |   13MB    0B |      5   40KB     0B
------+-------------------+--------------+-------------------+--------------+---------------------
total |     -     -     - |      3 6.2MB |    0B    0B    0B |   13MB    0B |     15   37MB     0B

 kind | default  delete  elision  move  read  tomb  rewrite  copy  multi  blob virtual
count |       7       0        0     3     0     0        0     0      0     0       0

COMMIT PIPELINE
               wals                |              memtables              |       ingestions
    files |    written |  overhead |   flushes |       live |     zombie |     total |   flushable
----------+------------+-----------+-----------+------------+------------+-----------+------------
1 (3.5MB) | 23MB: 24MB |      4.7% |         6 |   1 (16MB) |   1 (16MB) |         0 |      0 (0B)

BLOCK CACHE: 0 entries (0B)
                 miss rate [percentage of total misses] since start
level      all     |  background    sstdata       sstval      blobval       filter       index
-------------------+------------------------------------------------------------------------------
 n/a   75% [2.5%]  |                                                                   75% [2.5%]
  L0   95% [0.5%]  |  100% [~0%]   96% [0.2%]                             95% [0.1%]   95% [0.2%]
  L6    82% [97%]  |  87% [~0%]    83% [56%]                                           80% [41%]
-------------------+------------------------------------------------------------------------------
total     81.6%    |  93% [~0%]    83% [57%]                              95% [0.1%]   80% [43%]

ITERATORS
        file cache        |    filter   |    open     |    open
     entries |   hit rate | utilization |  sst iters  |  snapshots
-------------+------------+-------------+-------------+------------
    1 (520B) |     100.0% |        0.0% |           0 |           0

FILES                 physical tables                 |                blob files
          |     local        shared        remote     |     local        shared        remote
----------+-------------------------------------------+------------------------------------------
     live |    1 (8KB)       0 (0B)        0 (0B)     |    0 (0B)        0 (0B)        0 (0B)
   zombie |    0 (0B)        0 (0B)        0 (0B)     |    0 (0B)        0 (0B)        0 (0B)
 obsolete |    0 (0B)        0 (0B)        0 (0B)     |    0 (0B)        0 (0B)        0 (0B)

MISC            |
----------------+-----------
table stats     | all loaded
table garbage   |
  point del     | 0B
  range del     | 0B
blob values     |
  total         | 0B
  refed         | 0B
  backing-refed | 0B

CGO MEMORY    |          block cache           |                     memtables
          tot |           tot |           data |            maps |            ents |           tot
--------------+---------------+----------------+-----------------+-----------------+--------------
         32MB |         8.6KB |             0B |           8.2KB |            400B |          32MB

COMPACTIONS
                                                                         |      blob rewrites
    est. debt |   in progress |  cancelled |   failed |    problem spans |       read |    written
--------------+---------------+------------+----------+------------------+------------+-----------
           0B |        0 (0B) |     0 (0B) |        0 |                0 |         0B |         0B

KEYS
      range keys |       tombstones |      missized tombstones |      point dels |      range dels
-----------------+------------------+--------------------------+-----------------+----------------
               0 |                0 |                        0 |              0B |              0B

COMPRESSION
    algorithm |          tables |    blob files
--------------+-----------------+--------------
         none |           1.4KB |
        minlz | 5.8KB (CR=1.26) |

        Logical bytes compressed / decompressed
level |  data blocks   |  value blocks  |  other blocks
------+----------------+----------------+---------------
L0-L4 |   67KB / 2MB   |    0B / 0B     |   6.7KB / 0B
   L6 |  37KB / 320MB  |    0B / 0B     |   3.5KB / 0B

DELETE PACER   |   in queue   |   deleted
---------------+--------------+-------------
        tables |    0 (0B)    |  14 (13MB)
    blob files |    0 (0B)    |    0 (0B)
   other files |    0 (0B)    |    0 (0B)