rangedel: shape=unique queues=1024 overlap-frac=0.1 rangedels-per-batch=16 sets-per-batch=-1 iter-frac=0.5 db-options=prod-writeheavy gomaxprocs=4
wiping /home/coder/bench/rangedel-db-4way/runs/20261005-fourway-prod-point-v1/db-unique-1-method1
dir /home/coder/bench/rangedel-db-4way/runs/20261005-fourway-prod-point-v1/db-unique-1-method1
concurrency 1
rangedel_config: arena_bytes=268435456 readers=4 writers=2 reader_interval=1ms writer_interval=2ms
____elapsed______reads/s_____writes/s___p50(µs)___p95(µs)___p99(µs)___pMax(µs)
      1.0s         3843         1000      16.4      16.4      16.4       73.7
      2.0s         3884          997      16.4      16.4      16.4      155.6
      3.0s         3876          996      16.4      16.4      16.4       81.9
      4.0s         3890         1000      16.4      16.4      16.4       24.6
      5.0s         3908         1000      16.4      16.4      16.4       81.9
      6.0s         3867          995      16.4      16.4      16.4       73.7
      7.0s         3848         1000      16.4      16.4      16.4       81.9
      8.0s         3842         1000      16.4      16.4      16.4       49.2
      9.0s         3847         1000      16.4      16.4      16.4       41.0
     10.0s         3834         1000      16.4      16.4      16.4       49.2
     11.0s         3842         1000      16.4      16.4      16.4      688.1
     12.0s         3846          996      81.9     172.0     188.4      753.7
     13.0s         3831         1000      90.1     172.0     180.2      196.6
     14.0s         3855          999      90.1     172.0     180.2      426.0
     15.0s         3849         1001      90.1     172.0     180.2      442.4
     16.0s         3861          999      73.7     172.0     458.8     1179.6
     17.0s         3893         1000      16.4      16.4      16.4       24.6
     18.0s         3894         1001      16.4      16.4      16.4      114.7
     19.0s         3909          999      16.4      16.4      16.4       24.6
     20.0s         3908         1001      16.4      16.4      16.4       24.6
____elapsed______reads/s_____writes/s___p50(µs)___p95(µs)___p99(µs)___pMax(µs)
     21.0s         3901         1000      16.4      16.4      16.4       24.6
     22.0s         3873          992      16.4      16.4      24.6       81.9
     23.0s         3862          999      16.4      16.4      16.4       41.0
     24.0s         3871          998      16.4      16.4      24.6      114.7
     25.0s         3859         1001      16.4      16.4      16.4       41.0
     26.0s         3862         1000      16.4      16.4      16.4       32.8
     27.0s         3849         1000      16.4      16.4      16.4       49.2
     28.0s         3892          999      16.4      16.4      24.6       49.2
     29.0s         3902         1000      16.4      16.4      24.6       32.8
     30.0s         3860         1000      16.4      16.4      24.6      131.1
     31.0s         3888         1000      16.4      16.4      24.6       57.3
     32.0s         3645          944      16.4      16.4      24.6      139.3
     33.0s         3867         1001      16.4      16.4      16.4       41.0
     34.0s         3849          999      16.4      16.4      16.4      376.8
     35.0s         3835         1001      16.4      16.4      16.4       57.3
     36.0s         3872          999      16.4      16.4      16.4       32.8
     37.0s         3864         1000      16.4      16.4      16.4       32.8
     38.0s         3869         1001      16.4      16.4      16.4       41.0
     39.0s         3861          999      16.4      16.4      16.4      254.0
     40.0s         3861         1000      16.4      16.4      16.4       65.5
____elapsed______reads/s_____writes/s___p50(µs)___p95(µs)___p99(µs)___pMax(µs)
     41.0s         3873         1000      16.4      16.4      24.6      114.7
     42.0s         3825          995      16.4      16.4      24.6      122.9
     43.0s         3837          999      16.4      16.4      16.4       32.8
     44.0s         3864         1001      16.4      16.4      16.4       65.5
     45.0s         3835         1000      16.4      16.4      16.4      114.7
     46.0s         3865         1000      16.4      16.4      16.4       90.1
     47.0s         3854         1000      16.4      16.4      16.4       41.0
     48.0s         3875         1000      16.4      16.4      16.4       32.8
     49.0s         3854         1000      16.4      16.4      24.6       32.8
     50.0s         3849         1000      16.4      16.4      16.4       41.0
     51.0s         3886          997      16.4      16.4      16.4       32.8
     52.0s         3869          991      16.4      16.4      24.6      180.2
     53.0s         3821         1000      16.4      16.4      16.4       24.6
     54.0s         3844          999      16.4      16.4      16.4       65.5
     55.0s         3857         1001      16.4      16.4      16.4       65.5
     56.0s         3866          999      16.4      16.4      16.4       57.3
     57.0s         3857         1001      16.4      16.4      16.4       65.5
     58.0s         3894         1000      16.4      16.4      24.6       90.1
     59.0s         3884         1000      16.4      16.4      24.6       65.5
     60.0s         3884          999      16.4      16.4      24.6      131.1
rangedel_latency: kind=read class=all measurement=service samples=231665 completed_ops=231665 ops/s=3861.1 clipped_ops=0 expected_interval_ns=1000000 p50_us=5.651 p95_us=80.319 p99_us=161.919 p99.9_us=179.327 max_us=1154.047
rangedel_latency: kind=read class=all measurement=corrected samples=231665 completed_ops=231665 ops/s=3861.1 clipped_ops=0 expected_interval_ns=1000000 p50_us=5.651 p95_us=80.319 p99_us=161.919 p99.9_us=179.327 max_us=1154.047
rangedel_latency: kind=read class=iter measurement=service samples=115575 completed_ops=115575 ops/s=1926.2 clipped_ops=0 expected_interval_ns=1000000 p50_us=6.671 p95_us=82.303 p99_us=163.583 p99.9_us=179.583 max_us=887.295
rangedel_latency: kind=read class=iter measurement=corrected samples=115575 completed_ops=115575 ops/s=1926.2 clipped_ops=0 expected_interval_ns=1000000 p50_us=6.671 p95_us=82.303 p99_us=163.583 p99.9_us=179.583 max_us=887.295
rangedel_latency: kind=read class=get measurement=service samples=116090 completed_ops=116090 ops/s=1934.8 clipped_ops=0 expected_interval_ns=1000000 p50_us=5.231 p95_us=78.399 p99_us=159.999 p99.9_us=178.815 max_us=1154.047
rangedel_latency: kind=read class=get measurement=corrected samples=116090 completed_ops=116090 ops/s=1934.8 clipped_ops=0 expected_interval_ns=1000000 p50_us=5.231 p95_us=78.399 p99_us=159.999 p99.9_us=178.815 max_us=1154.047
rangedel_latency: kind=commit class=all measurement=service samples=59901 completed_ops=59901 ops/s=998.3 clipped_ops=0 expected_interval_ns=2000000 p50_us=48.735 p95_us=77.887 p99_us=108.543 p99.9_us=177.791 max_us=12083.199
rangedel_latency: kind=commit class=all measurement=corrected samples=59940 completed_ops=59901 ops/s=998.3 clipped_ops=0 expected_interval_ns=2000000 p50_us=48.767 p95_us=78.079 p99_us=109.695 p99.9_us=256.895 max_us=12083.199
rangedel_latency: kind=commit class=rangedel measurement=service samples=29951 completed_ops=29951 ops/s=499.2 clipped_ops=0 expected_interval_ns=2000000 p50_us=57.823 p95_us=90.303 p99_us=118.655 p99.9_us=190.207 max_us=12042.239
rangedel_latency: kind=commit class=rangedel measurement=corrected samples=29974 completed_ops=29951 ops/s=499.2 clipped_ops=0 expected_interval_ns=2000000 p50_us=57.823 p95_us=90.559 p99_us=120.063 p99.9_us=2254.847 max_us=12042.239
rangedel_latency: kind=commit class=point measurement=service samples=29950 completed_ops=29950 ops/s=499.2 clipped_ops=0 expected_interval_ns=2000000 p50_us=1.020 p95_us=63.487 p99_us=76.991 p99.9_us=115.775 max_us=12083.199
rangedel_latency: kind=commit class=point measurement=corrected samples=29966 completed_ops=29950 ops/s=499.2 clipped_ops=0 expected_interval_ns=2000000 p50_us=1.020 p95_us=63.583 p99_us=77.503 p99.9_us=176.255 max_us=12083.199
rangedel_summary: elapsed=60.000s rangedel_batches=29951 rangedel_ops=479216 overlapping_rangedel_ops=47784 point_sets=29950 flushes=6 memtable_bytes=16777216 memtable_count=1 cumulative_flushable_mem_bytes=42526338
LSM                             |    vtables   |   value sep   |        |   ingested   |    amp
level       size | tables  size |  count  size |  refsz valblk |     in | tables  size |   r     w
-----------------+--------------+--------------+---------------+--------+--------------+----------
   L0         0B |      0    0B |      0     0 |     0B     0B |   21MB |      0    0B |   0  0.60
   L6      2.5MB |      2 2.5MB |      0     0 |     0B     0B |  6.4MB |      0    0B |   1  0.01
-----------------+--------------+--------------+---------------+--------+--------------+----------
total      2.5MB |      2 2.5MB |      0     0 |     0B     0B |   25MB |      0    0B |   1  1.52

COMPACTIONS               |     moved    |     multilevel    |     read     |       written
level | score    ff   cff | tables  size |   top    in  read | tables  blob | tables  sstsz blobsz
------+-------------------+--------------+-------------------+--------------+---------------------
   L0 |     -     0     0 |      0    0B |    0B    0B    0B |     0B    0B |     10   13MB     0B
   L6 |     -  0.00  0.00 |      4 8.7MB |    0B    0B    0B |   10MB    0B |      5   40KB     0B
------+-------------------+--------------+-------------------+--------------+---------------------
total |     -     -     - |      4 8.7MB |    0B    0B    0B |   10MB    0B |     15   37MB     0B

 kind | default  delete  elision  move  read  tomb  rewrite  copy  multi  blob virtual
count |       6       0        1     4     0     0        0     0      0     0       0

COMMIT PIPELINE
               wals                |              memtables              |       ingestions
    files |    written |  overhead |   flushes |       live |     zombie |     total |   flushable
----------+------------+-----------+-----------+------------+------------+-----------+------------
1 (3.5MB) | 23MB: 25MB |      4.7% |         6 |   1 (16MB) |   1 (16MB) |         0 |      0 (0B)

BLOCK CACHE: 0 entries (0B)
                 miss rate [percentage of total misses] since start
level      all     |  background    sstdata       sstval      blobval       filter       index
-------------------+------------------------------------------------------------------------------
 n/a   67% [0.6%]  |                                                                   67% [0.6%]
  L0   69% [0.2%]  |  85% [~0%]    75% [0.1%]                             58% [~0%]    63% [~0%]
  L6    77% [99%]  |  87% [~0%]    77% [54%]                                           77% [45%]
-------------------+------------------------------------------------------------------------------
total      77%     |  86% [~0%]    77% [55%]                              58% [~0%]    77% [45%]

ITERATORS
        file cache        |    filter   |    open     |    open
     entries |   hit rate | utilization |  sst iters  |  snapshots
-------------+------------+-------------+-------------+------------
     2 (1KB) |     100.0% |        0.0% |           0 |           0

FILES                 physical tables                 |                blob files
          |     local        shared        remote     |     local        shared        remote
----------+-------------------------------------------+------------------------------------------
     live |   2 (2.5MB)      0 (0B)        0 (0B)     |    0 (0B)        0 (0B)        0 (0B)
   zombie |    0 (0B)        0 (0B)        0 (0B)     |    0 (0B)        0 (0B)        0 (0B)
 obsolete |    0 (0B)        0 (0B)        0 (0B)     |    0 (0B)        0 (0B)        0 (0B)

MISC            |
----------------+-----------
table stats     | all loaded
table garbage   |
  point del     | 0B
  range del     | 0B
blob values     |
  total         | 0B
  refed         | 0B
  backing-refed | 0B

CGO MEMORY    |          block cache           |                     memtables
          tot |           tot |           data |            maps |            ents |           tot
--------------+---------------+----------------+-----------------+-----------------+--------------
         32MB |         9.2KB |             0B |           8.2KB |            960B |          32MB

COMPACTIONS
                                                                         |      blob rewrites
    est. debt |   in progress |  cancelled |   failed |    problem spans |       read |    written
--------------+---------------+------------+----------+------------------+------------+-----------
           0B |        0 (0B) |     0 (0B) |        0 |                0 |         0B |         0B

KEYS
      range keys |       tombstones |      missized tombstones |      point dels |      range dels
-----------------+------------------+--------------------------+-----------------+----------------
               0 |              73K |                        0 |              0B |              0B

COMPRESSION
    algorithm |          tables |    blob files
--------------+-----------------+--------------
         none |           2.5MB |
        minlz | 5.8KB (CR=1.26) |

        Logical bytes compressed / decompressed
level |  data blocks   |  value blocks  |  other blocks
------+----------------+----------------+---------------
L0-L4 |  67KB / 1.4MB  |    0B / 0B     |   6.7KB / 0B
   L6 |  37KB / 789MB  |    0B / 0B     |   3.5KB / 0B

DELETE PACER   |   in queue   |   deleted
---------------+--------------+-------------
        tables |    0 (0B)    |  13 (10MB)
    blob files |    0 (0B)    |    0 (0B)
   other files |    0 (0B)    |    0 (0B)