rangedel: shape=unique queues=1024 overlap-frac=0.1 rangedels-per-batch=16 sets-per-batch=-1 iter-frac=0.5 db-options=prod-writeheavy gomaxprocs=4
wiping /home/coder/bench/rangedel-db-4way/runs/20261005-fourway-prod-point-v1/db-unique-5-method12
dir /home/coder/bench/rangedel-db-4way/runs/20261005-fourway-prod-point-v1/db-unique-5-method12
concurrency 1
rangedel_config: arena_bytes=268435456 readers=4 writers=2 reader_interval=1ms writer_interval=2ms
____elapsed______reads/s_____writes/s___p50(µs)___p95(µs)___p99(µs)___pMax(µs)
      1.0s         3850          996      16.4      16.4      16.4       49.2
      2.0s         3841          998      16.4      16.4      16.4       24.6
      3.0s         3843          995      16.4      16.4      16.4       16.4
      4.0s         3860         1000      16.4      16.4      16.4       49.2
      5.0s         3867         1001      16.4      16.4      16.4       73.7
      6.0s         3856          996      16.4      16.4      16.4       73.7
      7.0s         3838         1000      16.4      16.4      16.4       24.6
      8.0s         3844         1000      16.4      16.4      16.4      114.7
      9.0s         3844         1000      16.4      16.4      16.4      122.9
     10.0s         3830         1000      16.4      16.4      16.4       49.2
     11.0s         3851          999      16.4      16.4      16.4      655.4
     12.0s         3875          995      81.9     172.0     188.4      786.4
     13.0s         3830          978      90.1     172.0     188.4     2359.3
     14.0s         3916          999      90.1     172.0     188.4      442.4
     15.0s         3934         1001      90.1     172.0     180.2      229.4
     16.0s         3896          999      73.7     172.0     262.1      884.7
     17.0s         3872         1000      16.4      16.4      16.4       24.6
     18.0s         3454          905      16.4      16.4      16.4       16.4
     19.0s         3759          984      16.4      16.4      16.4       24.6
     20.0s         3707          962      16.4      16.4      16.4       24.6
____elapsed______reads/s_____writes/s___p50(µs)___p95(µs)___p99(µs)___pMax(µs)
     21.0s         3882         1000      16.4      16.4      16.4       73.7
     22.0s         3852          989      16.4      16.4      16.4       90.1
     23.0s         3842         1001      16.4      16.4      16.4       32.8
     24.0s         3772          993      16.4      16.4      16.4       49.2
     25.0s         3838          996      16.4      16.4      16.4       32.8
     26.0s         3847         1001      16.4      16.4      16.4       57.3
     27.0s         3837          997      16.4      16.4      16.4       65.5
     28.0s         3849         1001      16.4      16.4      24.6       90.1
     29.0s         3838          997      16.4      16.4      24.6       41.0
     30.0s         3831          997      16.4      16.4      24.6       41.0
     31.0s         3876         1000      16.4      16.4      24.6       32.8
     32.0s         3837          992      16.4      16.4      24.6       57.3
     33.0s         3805          999      16.4      16.4      16.4       41.0
     34.0s         3850         1001      16.4      16.4      16.4       41.0
     35.0s         3844         1000      16.4      16.4      16.4       65.5
     36.0s         3815         1000      16.4      16.4      16.4       32.8
     37.0s         3833         1000      16.4      16.4      24.6       32.8
     38.0s         3843         1000      16.4      16.4      16.4       73.7
     39.0s         3842          994      16.4      16.4      24.6       32.8
     40.0s         3844          999      16.4      16.4      24.6       32.8
____elapsed______reads/s_____writes/s___p50(µs)___p95(µs)___p99(µs)___pMax(µs)
     41.0s         3845         1000      16.4      16.4      24.6      278.5
     42.0s         3752          967      16.4      16.4      24.6      262.1
     43.0s         3845         1000      16.4      16.4      16.4       73.7
     44.0s         3812          999      16.4      16.4      16.4      114.7
     45.0s         3849         1001      16.4      16.4      16.4       41.0
     46.0s         3840          999      16.4      16.4      16.4      114.7
     47.0s         3867         1000      16.4      16.4      16.4       41.0
     48.0s         3834         1001      16.4      16.4      16.4       90.1
     49.0s         3838         1000      16.4      16.4      24.6       32.8
     50.0s         3839         1000      16.4      16.4      24.6      106.5
     51.0s         3844          997      16.4      16.4      24.6       41.0
     52.0s         3843          991      16.4      16.4      24.6       90.1
     53.0s         3854         1000      16.4      16.4      16.4       32.8
     54.0s         3807          999      16.4      16.4      16.4       24.6
     55.0s         3812         1001      16.4      16.4      16.4       41.0
     56.0s         3843          999      16.4      16.4      16.4       49.2
     57.0s         3825         1000      16.4      16.4      16.4      376.8
     58.0s         3861         1001      16.4      16.4      16.4       41.0
     59.0s         3850         1000      16.4      16.4      24.6       57.3
     60.0s         3828          999      16.4      16.4      16.4       65.5
rangedel_latency: kind=read class=all measurement=service samples=230036 completed_ops=230036 ops/s=3833.9 clipped_ops=0 expected_interval_ns=1000000 p50_us=5.663 p95_us=81.343 p99_us=163.327 p99.9_us=182.655 max_us=2238.463
rangedel_latency: kind=read class=all measurement=corrected samples=230037 completed_ops=230036 ops/s=3833.9 clipped_ops=0 expected_interval_ns=1000000 p50_us=5.663 p95_us=81.343 p99_us=163.327 p99.9_us=182.655 max_us=2238.463
rangedel_latency: kind=read class=iter measurement=service samples=114743 completed_ops=114743 ops/s=1912.4 clipped_ops=0 expected_interval_ns=1000000 p50_us=6.671 p95_us=83.135 p99_us=164.863 p99.9_us=183.551 max_us=2238.463
rangedel_latency: kind=read class=iter measurement=corrected samples=114744 completed_ops=114743 ops/s=1912.4 clipped_ops=0 expected_interval_ns=1000000 p50_us=6.671 p95_us=83.135 p99_us=164.863 p99.9_us=183.679 max_us=2238.463
rangedel_latency: kind=read class=get measurement=service samples=115293 completed_ops=115293 ops/s=1921.5 clipped_ops=0 expected_interval_ns=1000000 p50_us=5.231 p95_us=79.679 p99_us=161.407 p99.9_us=180.607 max_us=1177.599
rangedel_latency: kind=read class=get measurement=corrected samples=115293 completed_ops=115293 ops/s=1921.5 clipped_ops=0 expected_interval_ns=1000000 p50_us=5.231 p95_us=79.679 p99_us=161.407 p99.9_us=180.607 max_us=1177.599
rangedel_latency: kind=commit class=all measurement=service samples=59721 completed_ops=59721 ops/s=995.3 clipped_ops=0 expected_interval_ns=2000000 p50_us=37.407 p95_us=60.607 p99_us=83.903 p99.9_us=133.631 max_us=15138.815
rangedel_latency: kind=commit class=all measurement=corrected samples=59771 completed_ops=59721 ops/s=995.3 clipped_ops=0 expected_interval_ns=2000000 p50_us=37.407 p95_us=60.831 p99_us=84.799 p99.9_us=3074.047 max_us=15138.815
rangedel_latency: kind=commit class=rangedel measurement=service samples=29861 completed_ops=29861 ops/s=497.7 clipped_ops=0 expected_interval_ns=2000000 p50_us=44.223 p95_us=70.527 p99_us=90.751 p99.9_us=168.191 max_us=15138.815
rangedel_latency: kind=commit class=rangedel measurement=corrected samples=29892 completed_ops=29861 ops/s=497.7 clipped_ops=0 expected_interval_ns=2000000 p50_us=44.223 p95_us=70.847 p99_us=91.775 p99.9_us=4095.999 max_us=15138.815
rangedel_latency: kind=commit class=point measurement=service samples=29860 completed_ops=29860 ops/s=497.7 clipped_ops=0 expected_interval_ns=2000000 p50_us=1.070 p95_us=48.319 p99_us=59.135 p99.9_us=89.727 max_us=15073.279
rangedel_latency: kind=commit class=point measurement=corrected samples=29879 completed_ops=29860 ops/s=497.7 clipped_ops=0 expected_interval_ns=2000000 p50_us=1.070 p95_us=48.415 p99_us=59.711 p99.9_us=173.695 max_us=15073.279
rangedel_summary: elapsed=60.000s rangedel_batches=29861 rangedel_ops=477776 overlapping_rangedel_ops=47648 point_sets=29860 flushes=6 memtable_bytes=16777216 memtable_count=1 cumulative_flushable_mem_bytes=42398628
LSM                             |    vtables   |   value sep   |        |   ingested   |    amp
level       size | tables  size |  count  size |  refsz valblk |     in | tables  size |   r     w
-----------------+--------------+--------------+---------------+--------+--------------+----------
   L0         0B |      0    0B |      0     0 |     0B     0B |   21MB |      0    0B |   0  0.60
   L6      2.5MB |      2 2.5MB |      0     0 |     0B     0B |  6.4MB |      0    0B |   1  0.01
-----------------+--------------+--------------+---------------+--------+--------------+----------
total      2.5MB |      2 2.5MB |      0     0 |     0B     0B |   24MB |      0    0B |   1  1.52

COMPACTIONS               |     moved    |     multilevel    |     read     |       written
level | score    ff   cff | tables  size |   top    in  read | tables  blob | tables  sstsz blobsz
------+-------------------+--------------+-------------------+--------------+---------------------
   L0 |     -     0     0 |      0    0B |    0B    0B    0B |     0B    0B |     10   13MB     0B
   L6 |     -  0.00  0.00 |      4 8.6MB |    0B    0B    0B |   10MB    0B |      5   40KB     0B
------+-------------------+--------------+-------------------+--------------+---------------------
total |     -     -     - |      4 8.6MB |    0B    0B    0B |   10MB    0B |     15   37MB     0B

 kind | default  delete  elision  move  read  tomb  rewrite  copy  multi  blob virtual
count |       6       0        1     4     0     0        0     0      0     0       0

COMMIT PIPELINE
               wals                |              memtables              |       ingestions
    files |    written |  overhead |   flushes |       live |     zombie |     total |   flushable
----------+------------+-----------+-----------+------------+------------+-----------+------------
1 (3.5MB) | 23MB: 24MB |      4.7% |         6 |   1 (16MB) |   1 (16MB) |         0 |      0 (0B)

BLOCK CACHE: 0 entries (0B)
                 miss rate [percentage of total misses] since start
level      all     |  background    sstdata       sstval      blobval       filter       index
-------------------+------------------------------------------------------------------------------
 n/a   67% [0.6%]  |                                                                   67% [0.6%]
  L0   73% [0.2%]  |  100% [~0%]   77% [0.1%]                             69% [~0%]    69% [~0%]
  L6    77% [99%]  |  87% [~0%]    77% [54%]                                           77% [45%]
-------------------+------------------------------------------------------------------------------
total     77.2%    |  93% [~0%]    77% [55%]                              69% [~0%]    77% [45%]

ITERATORS
        file cache        |    filter   |    open     |    open
     entries |   hit rate | utilization |  sst iters  |  snapshots
-------------+------------+-------------+-------------+------------
     2 (1KB) |     100.0% |        0.0% |           0 |           0

FILES                 physical tables                 |                blob files
          |     local        shared        remote     |     local        shared        remote
----------+-------------------------------------------+------------------------------------------
     live |   2 (2.5MB)      0 (0B)        0 (0B)     |    0 (0B)        0 (0B)        0 (0B)
   zombie |    0 (0B)        0 (0B)        0 (0B)     |    0 (0B)        0 (0B)        0 (0B)
 obsolete |    0 (0B)        0 (0B)        0 (0B)     |    0 (0B)        0 (0B)        0 (0B)

MISC            |
----------------+-----------
table stats     | all loaded
table garbage   |
  point del     | 0B
  range del     | 0B
blob values     |
  total         | 0B
  refed         | 0B
  backing-refed | 0B

CGO MEMORY    |          block cache           |                     memtables
          tot |           tot |           data |            maps |            ents |           tot
--------------+---------------+----------------+-----------------+-----------------+--------------
         32MB |           9KB |             0B |           8.2KB |            800B |          32MB

COMPACTIONS
                                                                         |      blob rewrites
    est. debt |   in progress |  cancelled |   failed |    problem spans |       read |    written
--------------+---------------+------------+----------+------------------+------------+-----------
           0B |        0 (0B) |     0 (0B) |        0 |                0 |         0B |         0B

KEYS
      range keys |       tombstones |      missized tombstones |      point dels |      range dels
-----------------+------------------+--------------------------+-----------------+----------------
               0 |              73K |                        0 |              0B |              0B

COMPRESSION
    algorithm |          tables |    blob files
--------------+-----------------+--------------
         none |           2.5MB |
        minlz | 5.8KB (CR=1.26) |

        Logical bytes compressed / decompressed
level |  data blocks   |  value blocks  |  other blocks
------+----------------+----------------+---------------
L0-L4 |  67KB / 1.4MB  |    0B / 0B     |   6.7KB / 0B
   L6 |  37KB / 778MB  |    0B / 0B     |   3.5KB / 0B

DELETE PACER   |   in queue   |   deleted
---------------+--------------+-------------
        tables |    0 (0B)    |  13 (10MB)
    blob files |    0 (0B)    |    0 (0B)
   other files |    0 (0B)    |    0 (0B)