rangedel: shape=unique queues=1024 overlap-frac=0.1 rangedels-per-batch=16 sets-per-batch=-1 iter-frac=0.5 db-options=prod-writeheavy gomaxprocs=4
wiping /home/coder/bench/rangedel-db-4way/runs/20261005-fourway-prod-point-v1/db-unique-2-method1
dir /home/coder/bench/rangedel-db-4way/runs/20261005-fourway-prod-point-v1/db-unique-2-method1
concurrency 1
rangedel_config: arena_bytes=268435456 readers=4 writers=2 reader_interval=1ms writer_interval=2ms
____elapsed______reads/s_____writes/s___p50(µs)___p95(µs)___p99(µs)___pMax(µs)
      1.0s         3861         1000      16.4      16.4      16.4       57.3
      2.0s         3881          998      16.4      16.4      16.4       41.0
      3.0s         3880          998      16.4      16.4      16.4      294.9
      4.0s         3859         1000      16.4      16.4      16.4      131.1
      5.0s         3849         1000      16.4      16.4      16.4       41.0
      6.0s         3854          995      16.4      16.4      16.4       41.0
      7.0s         3877         1000      16.4      16.4      16.4      155.6
      8.0s         3907         1001      16.4      16.4      16.4      147.5
      9.0s         3903          999      16.4      16.4      16.4       81.9
     10.0s         3900         1000      16.4      16.4      16.4       90.1
     11.0s         3912         1000      16.4      16.4      16.4       90.1
     12.0s         3878          995      16.4      16.4      16.4       24.6
     13.0s         3845          998      16.4      16.4      16.4       24.6
     14.0s         3856         1002      16.4      16.4      16.4       16.4
     15.0s         3844          999      16.4      16.4      16.4       32.8
     16.0s         3837         1000      16.4      16.4      16.4      106.5
     17.0s         3845         1001      16.4      16.4      16.4       24.6
     18.0s         3843          998      16.4      16.4      16.4       41.0
     19.0s         3840         1002      16.4      16.4      16.4       24.6
     20.0s         3849          999      16.4      16.4      16.4       24.6
____elapsed______reads/s_____writes/s___p50(µs)___p95(µs)___p99(µs)___pMax(µs)
     21.0s         3852         1001      16.4      16.4      16.4       24.6
     22.0s         3864          984      16.4      16.4      24.6       65.5
     23.0s         3841         1000      16.4      16.4      24.6      393.2
     24.0s         3850         1000      16.4      16.4      16.4       57.3
     25.0s         3869         1000      16.4      16.4      24.6       41.0
     26.0s         3864         1000      16.4      16.4      16.4       41.0
     27.0s         3866         1000      16.4      16.4      16.4       32.8
     28.0s         3848         1000      16.4      16.4      24.6      122.9
     29.0s         3848         1000      16.4      16.4      24.6       57.3
     30.0s         3855         1000      16.4      16.4      24.6       32.8
     31.0s         3862         1000      16.4      16.4      24.6       49.2
     32.0s         3700          944      16.4      16.4      24.6      131.1
     33.0s         3882         1000      16.4      16.4      16.4       24.6
     34.0s         3842         1000      16.4      16.4      16.4       32.8
     35.0s         3830         1000      16.4      16.4      16.4       32.8
     36.0s         3855         1000      16.4      16.4      16.4       41.0
     37.0s         3814         1000      16.4      16.4      16.4       41.0
     38.0s         3830         1000      16.4      16.4      16.4       24.6
     39.0s         3876         1000      16.4      16.4      16.4       24.6
     40.0s         3858         1000      16.4      16.4      24.6       41.0
____elapsed______reads/s_____writes/s___p50(µs)___p95(µs)___p99(µs)___pMax(µs)
     41.0s         3851         1000      16.4      16.4      24.6      122.9
     42.0s         3867          980      16.4      16.4      24.6       90.1
     43.0s         3843         1000      16.4      16.4      16.4       41.0
     44.0s         3838         1000      16.4      16.4      16.4       41.0
     45.0s         3861         1000      16.4      16.4      16.4       32.8
     46.0s         3861         1000      16.4      16.4      16.4     1376.3
     47.0s         3842         1000      16.4      16.4      16.4      114.7
     48.0s         3870         1000      16.4      16.4      16.4       41.0
     49.0s         3843         1000      16.4      16.4      16.4       32.8
     50.0s         3856         1000      16.4      16.4      16.4       32.8
     51.0s         3835         1000      16.4      16.4      24.6      131.1
     52.0s         3870          992      16.4      16.4      24.6      139.3
     53.0s         3850         1000      16.4      16.4      24.6      122.9
     54.0s         3875         1000      16.4      16.4      16.4       41.0
     55.0s         3847         1000      16.4      16.4      16.4       32.8
     56.0s         3872         1000      16.4      16.4      16.4       41.0
     57.0s         3853         1000      16.4      16.4      16.4       32.8
     58.0s         3864         1000      16.4      16.4      24.6       41.0
     59.0s         3839         1000      16.4      16.4      24.6      122.9
     60.0s         3854         1000      16.4      16.4      16.4       32.8
rangedel_latency: kind=read class=all measurement=service samples=231319 completed_ops=231319 ops/s=3855.3 clipped_ops=0 expected_interval_ns=1000000 p50_us=5.311 p95_us=10.623 p99_us=15.055 p99.9_us=28.911 max_us=1370.111
rangedel_latency: kind=read class=all measurement=corrected samples=231319 completed_ops=231319 ops/s=3855.3 clipped_ops=0 expected_interval_ns=1000000 p50_us=5.311 p95_us=10.623 p99_us=15.055 p99.9_us=28.911 max_us=1370.111
rangedel_latency: kind=read class=iter measurement=service samples=115406 completed_ops=115406 ops/s=1923.4 clipped_ops=0 expected_interval_ns=1000000 p50_us=6.211 p95_us=11.367 p99_us=15.847 p99.9_us=29.695 max_us=1370.111
rangedel_latency: kind=read class=iter measurement=corrected samples=115406 completed_ops=115406 ops/s=1923.4 clipped_ops=0 expected_interval_ns=1000000 p50_us=6.211 p95_us=11.367 p99_us=15.847 p99.9_us=29.695 max_us=1370.111
rangedel_latency: kind=read class=get measurement=service samples=115913 completed_ops=115913 ops/s=1931.9 clipped_ops=0 expected_interval_ns=1000000 p50_us=5.003 p95_us=9.591 p99_us=13.991 p99.9_us=27.935 max_us=1329.151
rangedel_latency: kind=read class=get measurement=corrected samples=115913 completed_ops=115913 ops/s=1931.9 clipped_ops=0 expected_interval_ns=1000000 p50_us=5.003 p95_us=9.591 p99_us=13.991 p99.9_us=27.935 max_us=1329.151
rangedel_latency: kind=commit class=all measurement=service samples=59888 completed_ops=59888 ops/s=998.1 clipped_ops=0 expected_interval_ns=2000000 p50_us=42.431 p95_us=108.543 p99_us=131.071 p99.9_us=200.959 max_us=32227.327
rangedel_latency: kind=commit class=all measurement=corrected samples=59969 completed_ops=59888 ops/s=998.1 clipped_ops=0 expected_interval_ns=2000000 p50_us=42.623 p95_us=108.927 p99_us=133.759 p99.9_us=6844.415 max_us=32227.327
rangedel_latency: kind=commit class=rangedel measurement=service samples=29945 completed_ops=29945 ops/s=499.1 clipped_ops=0 expected_interval_ns=2000000 p50_us=67.263 p95_us=117.695 p99_us=144.767 p99.9_us=223.231 max_us=21397.503
rangedel_latency: kind=commit class=rangedel measurement=corrected samples=29980 completed_ops=29945 ops/s=499.1 clipped_ops=0 expected_interval_ns=2000000 p50_us=67.327 p95_us=118.015 p99_us=146.943 p99.9_us=5312.511 max_us=21397.503
rangedel_latency: kind=commit class=point measurement=service samples=29943 completed_ops=29943 ops/s=499.0 clipped_ops=0 expected_interval_ns=2000000 p50_us=0.900 p95_us=2.581 p99_us=58.495 p99.9_us=99.327 max_us=32227.327
rangedel_latency: kind=commit class=point measurement=corrected samples=29989 completed_ops=29943 ops/s=499.0 clipped_ops=0 expected_interval_ns=2000000 p50_us=0.900 p95_us=3.061 p99_us=59.839 p99.9_us=10223.615 max_us=32227.327
rangedel_summary: elapsed=60.000s rangedel_batches=29945 rangedel_ops=479120 overlapping_rangedel_ops=47774 point_sets=29943 flushes=6 memtable_bytes=16777216 memtable_count=1 cumulative_flushable_mem_bytes=42521909
LSM                             |    vtables   |   value sep   |        |   ingested   |    amp
level       size | tables  size |  count  size |  refsz valblk |     in | tables  size |   r     w
-----------------+--------------+--------------+---------------+--------+--------------+----------
   L0         0B |      0    0B |      0     0 |     0B     0B |   21MB |      0    0B |   0  0.60
   L6      2.5MB |      2 2.5MB |      0     0 |     0B     0B |  7.7MB |      0    0B |   1  0.01
-----------------+--------------+--------------+---------------+--------+--------------+----------
total      2.5MB |      2 2.5MB |      0     0 |     0B     0B |   25MB |      0    0B |   1  1.52

COMPACTIONS               |     moved    |     multilevel    |     read     |       written
level | score    ff   cff | tables  size |   top    in  read | tables  blob | tables  sstsz blobsz
------+-------------------+--------------+-------------------+--------------+---------------------
   L0 |     -     0     0 |      0    0B |    0B    0B    0B |     0B    0B |     11   13MB     0B
   L6 |     -  0.00  0.00 |      5  10MB |    0B    0B    0B |   10MB    0B |      6   48KB     0B
------+-------------------+--------------+-------------------+--------------+---------------------
total |     -     -     - |      5  10MB |    0B    0B    0B |   10MB    0B |     17   37MB     0B

 kind | default  delete  elision  move  read  tomb  rewrite  copy  multi  blob virtual
count |       6       0        3     5     0     0        0     0      0     0       0

COMMIT PIPELINE
               wals                |              memtables              |       ingestions
    files |    written |  overhead |   flushes |       live |     zombie |     total |   flushable
----------+------------+-----------+-----------+------------+------------+-----------+------------
1 (3.5MB) | 23MB: 25MB |      4.7% |         6 |   1 (16MB) |   1 (16MB) |         0 |      0 (0B)

BLOCK CACHE: 0 entries (0B)
                 miss rate [percentage of total misses] since start
level      all     |  background    sstdata       sstval      blobval       filter       index
-------------------+------------------------------------------------------------------------------
 n/a   100% [0.4%] |                                                                  100% [0.4%]
  L0   73% [0.2%]  |  83% [~0%]    66% [0.1%]                             77% [~0%]    79% [0.1%]
  L6    77% [99%]  |  74% [~0%]    77% [50%]                                           77% [50%]
-------------------+------------------------------------------------------------------------------
total     77.3%    |  77% [~0%]    77% [50%]                              77% [~0%]    77% [50%]

ITERATORS
        file cache        |    filter   |    open     |    open
     entries |   hit rate | utilization |  sst iters  |  snapshots
-------------+------------+-------------+-------------+------------
     2 (1KB) |     100.0% |        0.0% |           0 |           0

FILES                 physical tables                 |                blob files
          |     local        shared        remote     |     local        shared        remote
----------+-------------------------------------------+------------------------------------------
     live |   2 (2.5MB)      0 (0B)        0 (0B)     |    0 (0B)        0 (0B)        0 (0B)
   zombie |    0 (0B)        0 (0B)        0 (0B)     |    0 (0B)        0 (0B)        0 (0B)
 obsolete |    0 (0B)        0 (0B)        0 (0B)     |    0 (0B)        0 (0B)        0 (0B)

MISC            |
----------------+-----------
table stats     | all loaded
table garbage   |
  point del     | 0B
  range del     | 0B
blob values     |
  total         | 0B
  refed         | 0B
  backing-refed | 0B

CGO MEMORY    |          block cache           |                     memtables
          tot |           tot |           data |            maps |            ents |           tot
--------------+---------------+----------------+-----------------+-----------------+--------------
         32MB |         9.1KB |             0B |           8.2KB |            880B |          32MB

COMPACTIONS
                                                                         |      blob rewrites
    est. debt |   in progress |  cancelled |   failed |    problem spans |       read |    written
--------------+---------------+------------+----------+------------------+------------+-----------
           0B |        0 (0B) |     0 (0B) |        0 |                0 |         0B |         0B

KEYS
      range keys |       tombstones |      missized tombstones |      point dels |      range dels
-----------------+------------------+--------------------------+-----------------+----------------
               0 |              73K |                        0 |              0B |              0B

COMPRESSION
    algorithm |          tables |    blob files
--------------+-----------------+--------------
         none |           2.5MB |
        minlz | 5.8KB (CR=1.26) |

        Logical bytes compressed / decompressed
level |  data blocks   |  value blocks  |  other blocks
------+----------------+----------------+---------------
L0-L4 |  67KB / 1.7MB  |    0B / 0B     |   7.4KB / 0B
   L6 |  44KB / 795MB  |    0B / 0B     |   4.2KB / 0B

DELETE PACER   |   in queue   |   deleted
---------------+--------------+-------------
        tables |    0 (0B)    |  15 (10MB)
    blob files |    0 (0B)    |    0 (0B)
   other files |    0 (0B)    |    0 (0B)