rangedel: shape=unique queues=1024 overlap-frac=0.1 rangedels-per-batch=16 sets-per-batch=-1 iter-frac=0.5 db-options=prod-writeheavy gomaxprocs=4
wiping /home/coder/bench/rangedel-db-4way/runs/20261005-fourway-prod-point-v1/db-unique-5-method1
dir /home/coder/bench/rangedel-db-4way/runs/20261005-fourway-prod-point-v1/db-unique-5-method1
concurrency 1
rangedel_config: arena_bytes=268435456 readers=4 writers=2 reader_interval=1ms writer_interval=2ms
____elapsed______reads/s_____writes/s___p50(µs)___p95(µs)___p99(µs)___pMax(µs)
      1.0s         3858          991      16.4      16.4      16.4       49.2
      2.0s         3848          999      16.4      16.4      16.4       24.6
      3.0s         3875          996      16.4      16.4      16.4       24.6
      4.0s         3898          997      16.4      16.4      16.4       41.0
      5.0s         3905         1001      16.4      16.4      16.4      311.3
      6.0s         3892          993      16.4      16.4      16.4       41.0
      7.0s         3886         1000      16.4      16.4      16.4       24.6
      8.0s         3903         1000      16.4      16.4      16.4      147.5
      9.0s         3904         1000      16.4      16.4      16.4      155.6
     10.0s         3902         1001      16.4      16.4      16.4       81.9
     11.0s         3515          910      16.4      16.4      16.4     6029.3
     12.0s         3883          992      73.7     163.8     180.2      720.9
     13.0s         3831          956      90.1     172.0     180.2      221.2
     14.0s         3952         1000      90.1     172.0     180.2      245.8
     15.0s         3944         1001      90.1     172.0     180.2      262.1
     16.0s         3905         1001      73.7     172.0     344.1     1015.8
     17.0s         3839         1000      16.4      16.4      16.4       24.6
     18.0s         3864         1000      16.4      16.4      16.4       32.8
     19.0s         3864          999      16.4      16.4      16.4       24.6
     20.0s         3860         1001      16.4      16.4      16.4       24.6
____elapsed______reads/s_____writes/s___p50(µs)___p95(µs)___p99(µs)___pMax(µs)
     21.0s         3871         1000      16.4      16.4      16.4       24.6
     22.0s         3844          992      16.4      16.4      24.6      409.6
     23.0s         3849          998      16.4      16.4      16.4       41.0
     24.0s         3841         1000      16.4      16.4      16.4       41.0
     25.0s         3842          998      16.4      16.4      16.4       32.8
     26.0s         3835         1000      16.4      16.4      16.4       49.2
     27.0s         3844         1000      16.4      16.4      24.6       41.0
     28.0s         3837          998      16.4      16.4      24.6       32.8
     29.0s         3839         1001      16.4      16.4      24.6       49.2
     30.0s         3823          997      16.4      16.4      16.4       32.8
     31.0s         3825         1000      16.4      16.4      24.6       32.8
     32.0s         3652          956      16.4      16.4      24.6      114.7
     33.0s         3846         1000      16.4      16.4      16.4       41.0
     34.0s         3857          998      16.4      16.4      16.4       41.0
     35.0s         3863         1002      16.4      16.4      16.4       41.0
     36.0s         3870          998      16.4      16.4      16.4       49.2
     37.0s         3830         1001      16.4      16.4      24.6      131.1
     38.0s         3846         1001      16.4      16.4      16.4       65.5
     39.0s         3840          999      16.4      16.4      16.4      122.9
     40.0s         3839         1000      16.4      16.4      16.4      122.9
____elapsed______reads/s_____writes/s___p50(µs)___p95(µs)___p99(µs)___pMax(µs)
     41.0s         3856         1001      16.4      16.4      24.6       32.8
     42.0s         3840          994      16.4      16.4      24.6       98.3
     43.0s         3858         1000      16.4      16.4      16.4      122.9
     44.0s         3853          999      16.4      16.4      16.4       57.3
     45.0s         3866         1001      16.4      16.4      16.4      360.4
     46.0s         3868         1000      16.4      16.4      16.4       24.6
     47.0s         3877          999      16.4      16.4      16.4       57.3
     48.0s         3877         1001      16.4      16.4      16.4       24.6
     49.0s         3877          999      16.4      16.4      24.6      139.3
     50.0s         3861         1000      16.4      16.4      24.6       49.2
     51.0s         3860         1001      16.4      16.4      24.6       32.8
     52.0s         3866          992      16.4      16.4      24.6       81.9
     53.0s         3840         1000      16.4      16.4      16.4       41.0
     54.0s         3843          999      16.4      16.4      16.4       73.7
     55.0s         3856         1001      16.4      16.4      16.4       65.5
     56.0s         3877         1000      16.4      16.4      16.4       65.5
     57.0s         3877         1000      16.4      16.4      16.4       32.8
     58.0s         3888         1000      16.4      16.4      16.4       81.9
     59.0s         3911          999      16.4      16.4      24.6       65.5
rangedel_latency: kind=read class=all measurement=service samples=231368 completed_ops=231368 ops/s=3856.1 clipped_ops=0 expected_interval_ns=1000000 p50_us=5.631 p95_us=80.511 p99_us=161.663 p99.9_us=178.303 max_us=6008.831
rangedel_latency: kind=read class=all measurement=corrected samples=231373 completed_ops=231368 ops/s=3856.1 clipped_ops=0 expected_interval_ns=1000000 p50_us=5.631 p95_us=80.511 p99_us=161.663 p99.9_us=178.687 max_us=6008.831
rangedel_latency: kind=read class=iter measurement=service samples=115414 completed_ops=115414 ops/s=1923.5 clipped_ops=0 expected_interval_ns=1000000 p50_us=6.651 p95_us=82.431 p99_us=163.455 p99.9_us=181.119 max_us=6008.831
rangedel_latency: kind=read class=iter measurement=corrected samples=115419 completed_ops=115414 ops/s=1923.5 clipped_ops=0 expected_interval_ns=1000000 p50_us=6.651 p95_us=82.431 p99_us=163.583 p99.9_us=181.631 max_us=6008.831
rangedel_latency: kind=read class=get measurement=service samples=115954 completed_ops=115954 ops/s=1932.5 clipped_ops=0 expected_interval_ns=1000000 p50_us=5.223 p95_us=78.655 p99_us=159.743 p99.9_us=174.463 max_us=674.815
rangedel_latency: kind=read class=get measurement=corrected samples=115954 completed_ops=115954 ops/s=1932.5 clipped_ops=0 expected_interval_ns=1000000 p50_us=5.223 p95_us=78.655 p99_us=159.743 p99.9_us=174.463 max_us=674.815
rangedel_latency: kind=commit class=all measurement=service samples=59764 completed_ops=59764 ops/s=996.1 clipped_ops=0 expected_interval_ns=2000000 p50_us=44.671 p95_us=110.463 p99_us=134.911 p99.9_us=189.055 max_us=11321.343
rangedel_latency: kind=commit class=all measurement=corrected samples=59798 completed_ops=59764 ops/s=996.1 clipped_ops=0 expected_interval_ns=2000000 p50_us=44.671 p95_us=110.591 p99_us=135.679 p99.9_us=339.199 max_us=11321.343
rangedel_latency: kind=commit class=rangedel measurement=service samples=29882 completed_ops=29882 ops/s=498.0 clipped_ops=0 expected_interval_ns=2000000 p50_us=61.375 p95_us=120.895 p99_us=145.279 p99.9_us=206.975 max_us=10084.351
rangedel_latency: kind=commit class=rangedel measurement=corrected samples=29899 completed_ops=29882 ops/s=498.0 clipped_ops=0 expected_interval_ns=2000000 p50_us=61.407 p95_us=121.023 p99_us=145.919 p99.9_us=353.791 max_us=10084.351
rangedel_latency: kind=commit class=point measurement=service samples=29882 completed_ops=29882 ops/s=498.0 clipped_ops=0 expected_interval_ns=2000000 p50_us=0.950 p95_us=54.495 p99_us=69.823 p99.9_us=103.295 max_us=11321.343
rangedel_latency: kind=commit class=point measurement=corrected samples=29899 completed_ops=29882 ops/s=498.0 clipped_ops=0 expected_interval_ns=2000000 p50_us=0.950 p95_us=54.655 p99_us=70.463 p99.9_us=177.535 max_us=11321.343
rangedel_summary: elapsed=60.001s rangedel_batches=29882 rangedel_ops=478112 overlapping_rangedel_ops=47678 point_sets=29882 flushes=6 memtable_bytes=16777216 memtable_count=1 cumulative_flushable_mem_bytes=42434046
LSM                             |    vtables   |   value sep   |        |   ingested   |    amp
level       size | tables  size |  count  size |  refsz valblk |     in | tables  size |   r     w
-----------------+--------------+--------------+---------------+--------+--------------+----------
   L0         0B |      0    0B |      0     0 |     0B     0B |   21MB |      0    0B |   0  0.60
   L6        8KB |      1   8KB |      0     0 |     0B     0B |  8.8MB |      0    0B |   1  0.00
-----------------+--------------+--------------+---------------+--------+--------------+----------
total        8KB |      1   8KB |      0     0 |     0B     0B |   24MB |      0    0B |   1  1.52

COMPACTIONS               |     moved    |     multilevel    |     read     |       written
level | score    ff   cff | tables  size |   top    in  read | tables  blob | tables  sstsz blobsz
------+-------------------+--------------+-------------------+--------------+---------------------
   L0 |     -     0     0 |      0    0B |    0B    0B    0B |     0B    0B |     10   13MB     0B
   L6 |     -  0.00  0.00 |      4 8.7MB |    0B    0B    0B |   13MB    0B |      5   40KB     0B
------+-------------------+--------------+-------------------+--------------+---------------------
total |     -     -     - |      4 8.7MB |    0B    0B    0B |   13MB    0B |     15   37MB     0B

 kind | default  delete  elision  move  read  tomb  rewrite  copy  multi  blob virtual
count |       6       0        2     4     0     0        0     0      0     0       0

COMMIT PIPELINE
               wals                |              memtables              |       ingestions
    files |    written |  overhead |   flushes |       live |     zombie |     total |   flushable
----------+------------+-----------+-----------+------------+------------+-----------+------------
1 (3.5MB) | 23MB: 24MB |      4.7% |         6 |   1 (16MB) |   1 (16MB) |         0 |      0 (0B)

BLOCK CACHE: 0 entries (0B)
                 miss rate [percentage of total misses] since start
level      all     |  background    sstdata       sstval      blobval       filter       index
-------------------+------------------------------------------------------------------------------
 n/a   67% [0.6%]  |                                                                   67% [0.6%]
  L0   73% [0.2%]  |  100% [~0%]   76% [0.1%]                             70% [~0%]    67% [~0%]
  L6    77% [99%]  |  88% [~0%]    77% [54%]                                           77% [45%]
-------------------+------------------------------------------------------------------------------
total     76.9%    |  93% [~0%]    77% [54%]                              70% [~0%]    77% [45%]

ITERATORS
        file cache        |    filter   |    open     |    open
     entries |   hit rate | utilization |  sst iters  |  snapshots
-------------+------------+-------------+-------------+------------
    1 (520B) |     100.0% |        0.0% |           0 |           0

FILES                 physical tables                 |                blob files
          |     local        shared        remote     |     local        shared        remote
----------+-------------------------------------------+------------------------------------------
     live |    1 (8KB)       0 (0B)        0 (0B)     |    0 (0B)        0 (0B)        0 (0B)
   zombie |    0 (0B)        0 (0B)        0 (0B)     |    0 (0B)        0 (0B)        0 (0B)
 obsolete |    0 (0B)        0 (0B)        0 (0B)     |    0 (0B)        0 (0B)        0 (0B)

MISC            |
----------------+-----------
table stats     | all loaded
table garbage   |
  point del     | 0B
  range del     | 0B
blob values     |
  total         | 0B
  refed         | 0B
  backing-refed | 0B

CGO MEMORY    |          block cache           |                     memtables
          tot |           tot |           data |            maps |            ents |           tot
--------------+---------------+----------------+-----------------+-----------------+--------------
         32MB |         9.2KB |             0B |           8.2KB |            960B |          32MB

COMPACTIONS
                                                                         |      blob rewrites
    est. debt |   in progress |  cancelled |   failed |    problem spans |       read |    written
--------------+---------------+------------+----------+------------------+------------+-----------
           0B |        0 (0B) |     0 (0B) |        0 |                0 |         0B |         0B

KEYS
      range keys |       tombstones |      missized tombstones |      point dels |      range dels
-----------------+------------------+--------------------------+-----------------+----------------
               0 |                0 |                        0 |              0B |              0B

COMPRESSION
    algorithm |          tables |    blob files
--------------+-----------------+--------------
         none |           1.4KB |
        minlz | 5.8KB (CR=1.26) |

        Logical bytes compressed / decompressed
level |  data blocks   |  value blocks  |  other blocks
------+----------------+----------------+---------------
L0-L4 |  67KB / 1.6MB  |    0B / 0B     |   6.7KB / 0B
   L6 |  37KB / 791MB  |    0B / 0B     |   3.5KB / 0B

DELETE PACER   |   in queue   |   deleted
---------------+--------------+-------------
        tables |    0 (0B)    |  14 (13MB)
    blob files |    0 (0B)    |    0 (0B)
   other files |    0 (0B)    |    0 (0B)