rangedel: shape=unique queues=1024 overlap-frac=0.1 rangedels-per-batch=16 sets-per-batch=-1 iter-frac=0.5 db-options=prod-writeheavy gomaxprocs=4
wiping /home/coder/bench/rangedel-db-4way/runs/20261005-fourway-prod-point-v1/db-unique-5-p1
dir /home/coder/bench/rangedel-db-4way/runs/20261005-fourway-prod-point-v1/db-unique-5-p1
concurrency 1
rangedel_config: arena_bytes=268435456 readers=4 writers=2 reader_interval=1ms writer_interval=2ms
____elapsed______reads/s_____writes/s___p50(µs)___p95(µs)___p99(µs)___pMax(µs)
      1.0s         3802          996      16.4     442.4     589.8     2752.5
      2.0s         3770          994      16.4     688.1     852.0     3014.7
      3.0s         3753          995      16.4    1310.7    1441.8     1572.9
      4.0s         3812          999      16.4    1114.1    1245.2     1900.5
      5.0s         2616         1000    1507.3    2490.4    2490.4     3932.2
      6.0s         2686          997      16.4    3145.7    3276.8     5767.2
      7.0s         3779          997      16.4    1114.1    1245.2     2490.4
      8.0s         3007         1001      16.4    2359.3    2490.4     5767.2
      9.0s         1701         1001    2752.5    4063.2    4194.3     7340.0
     10.0s          785          999    5242.9    6291.5    6815.7     7602.2
     11.0s          560         1000    7077.9    8388.6    8388.6     8912.9
     12.0s         2503          994     163.8    8912.9    9437.2    14155.8
     13.0s         3489          926     180.2    1310.7    1441.8    13631.5
     14.0s         2285          998    1769.5    2621.4    2883.6     8912.9
     15.0s         1318          995    3145.7    4456.4    7340.0    16252.9
     16.0s          778          998    5242.9    6029.3    6291.5     9961.5
     17.0s          556         1002    7340.0    8388.6    9961.5    12058.6
     18.0s          411          992    9961.5   11534.3   15728.6    28311.6
     19.0s          315          997   12582.9   16777.2   20971.5    20971.5
     20.0s          258         1000   15728.6   17825.8   18874.4    52428.8
____elapsed______reads/s_____writes/s___p50(µs)___p95(µs)___p99(µs)___pMax(µs)
     21.0s          211          969   18874.4   22020.1   33554.4    35651.6
     22.0s         2290          973      16.4     360.4   20971.5    35651.6
     23.0s         3742          999      16.4    1179.6    1310.7     1638.4
     24.0s         2310         1000    1703.9    2621.4    2883.6     6291.5
     25.0s         1149         1000    3407.9    4456.4    5767.2     8126.5
     26.0s          768         1001    5242.9    6291.5    7077.9     9437.2
     27.0s          540          998    7340.0    8912.9   11010.0    13631.5
     28.0s          404          999    9961.5   11534.3   15204.4    17825.8
     29.0s          316          998   12582.9   14155.8   18874.4    18874.4
     30.0s          264         1000   15728.6   16777.2   20971.5    20971.5
     31.0s          208          998   18874.4   24117.2   25165.8    25165.8
     32.0s         2148          971      16.4     327.7   22020.1    41943.0
     33.0s         3783         1001      16.4    1114.1    1310.7     1376.3
     34.0s         2406          995    1703.9    2621.4    2752.5     7077.9
     35.0s         1195          995    3276.8    4194.3    4718.6     9961.5
     36.0s          780          997    5242.9    6291.5    6553.6    11534.3
     37.0s          544          990    7340.0    9437.2   13107.2    14155.8
     38.0s          412          998    9961.5   11010.0   13631.5    16777.2
     39.0s          320          993   12582.9   14155.8   24117.2    25165.8
     40.0s          264         1000   15204.4   16777.2   25165.8    25165.8
____elapsed______reads/s_____writes/s___p50(µs)___p95(µs)___p99(µs)___pMax(µs)
     41.0s          208          998   18874.4   24117.2   29360.1    29360.1
     42.0s         2116          975      16.4     344.1   22020.1    24117.2
     43.0s         3695          993      16.4    1179.6    1310.7     7077.9
     44.0s         2429         1000    1638.4    2490.4    2621.4     4980.7
     45.0s         1196         1000    3407.9    4194.3    4718.6     6815.7
     46.0s          784         1001    5242.9    6029.3    6291.5     8126.5
     47.0s          548          999    7340.0    8388.6    9961.5    11010.0
     48.0s          412         1000    9961.5   12058.6   14155.8    16777.2
     49.0s          322         1000   12582.9   15204.4   17825.8    19922.9
     50.0s          262          989   15204.4   17825.8   20971.5    23068.7
     51.0s          216          983   18874.4   23068.7   30408.7    33554.4
     52.0s         2100          977      16.4     327.7   22020.1    37748.7
     53.0s         3747         1000      16.4    1114.1    1245.2     3014.7
     54.0s         2457          999    1638.4    2490.4    2621.4     4063.2
     55.0s         1203         1000    3276.8    4194.3    4718.6     5767.2
     56.0s          780         1001    5242.9    6291.5    6815.7     9437.2
     57.0s          552          996    7340.0    8388.6    9961.5    11534.3
     58.0s          408          990    9961.5   12582.9   13631.5    25165.8
     59.0s          316         1002   12582.9   15728.6   16777.2    16777.2
     60.0s          256          999   15728.6   17825.8   19922.9    20971.5
rangedel_latency: kind=read class=all measurement=service samples=90249 completed_ops=90249 ops/s=1504.0 clipped_ops=0 expected_interval_ns=1000000 p50_us=382.975 p95_us=10485.759 p99_us=18137.087 p99.9_us=23019.519 max_us=51904.511
rangedel_latency: kind=read class=all measurement=corrected samples=219984 completed_ops=90249 ops/s=1504.0 clipped_ops=0 expected_interval_ns=1000000 p50_us=2721.791 p95_us=13713.407 p99_us=18628.607 p99.9_us=25313.279 max_us=51904.511
rangedel_latency: kind=read class=iter measurement=service samples=45106 completed_ops=45106 ops/s=751.7 clipped_ops=0 expected_interval_ns=1000000 p50_us=359.167 p95_us=10362.879 p99_us=18038.783 p99.9_us=23134.207 max_us=51904.511
rangedel_latency: kind=read class=iter measurement=corrected samples=109227 completed_ops=45106 ops/s=751.7 clipped_ops=0 expected_interval_ns=1000000 p50_us=2699.263 p95_us=13680.639 p99_us=18661.375 p99.9_us=26443.775 max_us=51904.511
rangedel_latency: kind=read class=get measurement=service samples=45143 completed_ops=45143 ops/s=752.3 clipped_ops=0 expected_interval_ns=1000000 p50_us=404.991 p95_us=10551.295 p99_us=18219.007 p99.9_us=22708.223 max_us=43024.383
rangedel_latency: kind=read class=get measurement=corrected samples=110757 completed_ops=45143 ops/s=752.3 clipped_ops=0 expected_interval_ns=1000000 p50_us=2742.271 p95_us=13746.175 p99_us=18579.455 p99.9_us=24051.711 max_us=43024.383
rangedel_latency: kind=commit class=all measurement=service samples=59659 completed_ops=59659 ops/s=994.2 clipped_ops=0 expected_interval_ns=2000000 p50_us=8.231 p95_us=13.303 p99_us=17.471 p99.9_us=32.751 max_us=30654.463
rangedel_latency: kind=commit class=all measurement=corrected samples=59772 completed_ops=59659 ops/s=994.2 clipped_ops=0 expected_interval_ns=2000000 p50_us=8.247 p95_us=13.375 p99_us=18.127 p99.9_us=9207.807 max_us=30654.463
rangedel_latency: kind=commit class=rangedel measurement=service samples=29830 completed_ops=29830 ops/s=497.1 clipped_ops=0 expected_interval_ns=2000000 p50_us=9.527 p95_us=14.071 p99_us=19.183 p99.9_us=68.287 max_us=26607.615
rangedel_latency: kind=commit class=rangedel measurement=corrected samples=29896 completed_ops=29830 ops/s=497.1 clipped_ops=0 expected_interval_ns=2000000 p50_us=9.535 p95_us=14.207 p99_us=19.935 p99.9_us=11206.655 max_us=26607.615
rangedel_latency: kind=commit class=point measurement=service samples=29829 completed_ops=29829 ops/s=497.1 clipped_ops=0 expected_interval_ns=2000000 p50_us=0.980 p95_us=12.455 p99_us=15.527 p99.9_us=21.519 max_us=30654.463
rangedel_latency: kind=commit class=point measurement=corrected samples=29876 completed_ops=29829 ops/s=497.1 clipped_ops=0 expected_interval_ns=2000000 p50_us=0.980 p95_us=12.503 p99_us=15.927 p99.9_us=7024.639 max_us=30654.463
rangedel_summary: elapsed=60.006s rangedel_batches=29830 rangedel_ops=477280 overlapping_rangedel_ops=47600 point_sets=29829 flushes=6 memtable_bytes=16777216 memtable_count=1 cumulative_flushable_mem_bytes=42358031
LSM                             |    vtables   |   value sep   |        |   ingested   |    amp
level       size | tables  size |  count  size |  refsz valblk |     in | tables  size |   r     w
-----------------+--------------+--------------+---------------+--------+--------------+----------
   L0         0B |      0    0B |      0     0 |     0B     0B |   21MB |      0    0B |   0  0.60
   L6        8KB |      1   8KB |      0     0 |     0B     0B |  8.8MB |      0    0B |   1  0.00
-----------------+--------------+--------------+---------------+--------+--------------+----------
total        8KB |      1   8KB |      0     0 |     0B     0B |   24MB |      0    0B |   1  1.52

COMPACTIONS               |     moved    |     multilevel    |     read     |       written
level | score    ff   cff | tables  size |   top    in  read | tables  blob | tables  sstsz blobsz
------+-------------------+--------------+-------------------+--------------+---------------------
   L0 |     -     0     0 |      0    0B |    0B    0B    0B |     0B    0B |     10   13MB     0B
   L6 |     -  0.00  0.00 |      4 8.6MB |    0B    0B    0B |   13MB    0B |      5   40KB     0B
------+-------------------+--------------+-------------------+--------------+---------------------
total |     -     -     - |      4 8.6MB |    0B    0B    0B |   13MB    0B |     15   37MB     0B

 kind | default  delete  elision  move  read  tomb  rewrite  copy  multi  blob virtual
count |       6       0        2     4     0     0        0     0      0     0       0

COMMIT PIPELINE
               wals                |              memtables              |       ingestions
    files |    written |  overhead |   flushes |       live |     zombie |     total |   flushable
----------+------------+-----------+-----------+------------+------------+-----------+------------
1 (3.5MB) | 23MB: 24MB |      4.7% |         6 |   1 (16MB) |   1 (16MB) |         0 |      0 (0B)

BLOCK CACHE: 0 entries (0B)
                 miss rate [percentage of total misses] since start
level      all     |  background    sstdata       sstval      blobval       filter       index
-------------------+------------------------------------------------------------------------------
 n/a   67% [1.8%]  |                                                                   67% [1.8%]
  L0   92% [0.4%]  |  100% [~0%]   91% [0.2%]                             91% [0.1%]   92% [0.2%]
  L6    81% [98%]  |  88% [~0%]    83% [57%]                                           79% [41%]
-------------------+------------------------------------------------------------------------------
total     80.8%    |  93% [~0%]    83% [57%]                              91% [0.1%]   78% [42%]

ITERATORS
        file cache        |    filter   |    open     |    open
     entries |   hit rate | utilization |  sst iters  |  snapshots
-------------+------------+-------------+-------------+------------
    1 (520B) |     100.0% |        0.0% |           0 |           0

FILES                 physical tables                 |                blob files
          |     local        shared        remote     |     local        shared        remote
----------+-------------------------------------------+------------------------------------------
     live |    1 (8KB)       0 (0B)        0 (0B)     |    0 (0B)        0 (0B)        0 (0B)
   zombie |    0 (0B)        0 (0B)        0 (0B)     |    0 (0B)        0 (0B)        0 (0B)
 obsolete |    0 (0B)        0 (0B)        0 (0B)     |    0 (0B)        0 (0B)        0 (0B)

MISC            |
----------------+-----------
table stats     | all loaded
table garbage   |
  point del     | 0B
  range del     | 0B
blob values     |
  total         | 0B
  refed         | 0B
  backing-refed | 0B

CGO MEMORY    |          block cache           |                     memtables
          tot |           tot |           data |            maps |            ents |           tot
--------------+---------------+----------------+-----------------+-----------------+--------------
         32MB |         8.6KB |             0B |           8.2KB |            400B |          32MB

COMPACTIONS
                                                                         |      blob rewrites
    est. debt |   in progress |  cancelled |   failed |    problem spans |       read |    written
--------------+---------------+------------+----------+------------------+------------+-----------
           0B |        0 (0B) |     0 (0B) |        0 |                0 |         0B |         0B

KEYS
      range keys |       tombstones |      missized tombstones |      point dels |      range dels
-----------------+------------------+--------------------------+-----------------+----------------
               0 |                0 |                        0 |              0B |              0B

COMPRESSION
    algorithm |          tables |    blob files
--------------+-----------------+--------------
         none |           1.4KB |
        minlz | 5.8KB (CR=1.26) |

        Logical bytes compressed / decompressed
level |  data blocks   |  value blocks  |  other blocks
------+----------------+----------------+---------------
L0-L4 |  67KB / 1.6MB  |    0B / 0B     |   6.7KB / 0B
   L6 |  37KB / 309MB  |    0B / 0B     |   3.5KB / 0B

DELETE PACER   |   in queue   |   deleted
---------------+--------------+-------------
        tables |    0 (0B)    |  14 (13MB)
    blob files |    0 (0B)    |    0 (0B)
   other files |    0 (0B)    |    0 (0B)