rangedel: shape=unique queues=1024 overlap-frac=0.1 rangedels-per-batch=16 sets-per-batch=-1 iter-frac=0.5 db-options=prod-writeheavy gomaxprocs=4
wiping /home/coder/bench/rangedel-db-4way/runs/20261005-fourway-prod-point-v1/db-unique-3-method12
dir /home/coder/bench/rangedel-db-4way/runs/20261005-fourway-prod-point-v1/db-unique-3-method12
concurrency 1
rangedel_config: arena_bytes=268435456 readers=4 writers=2 reader_interval=1ms writer_interval=2ms
____elapsed______reads/s_____writes/s___p50(µs)___p95(µs)___p99(µs)___pMax(µs)
      1.0s         3828         1000      16.4      16.4      16.4       32.8
      2.0s         3851          998      16.4      16.4      16.4       49.2
      3.0s         3846         1002      16.4      16.4      16.4       41.0
      4.0s         3847         1000      16.4      16.4      16.4       41.0
      5.0s         3828          998      16.4      16.4      16.4       81.9
      6.0s         3834         1000      16.4      16.4      16.4       41.0
      7.0s         3837         1000      16.4      16.4      16.4      114.7
      8.0s         3838         1000      16.4      16.4      16.4       49.2
      9.0s         3857         1000      16.4      16.4      16.4       73.7
     10.0s         3842         1000      16.4      16.4      16.4       41.0
     11.0s         3849         1000      16.4      16.4      16.4      507.9
     12.0s         3880          996      81.9     172.0     180.2      753.7
     13.0s         3898         1000      90.1     172.0     180.2      393.2
     14.0s         3905         1000      90.1     172.0     188.4      524.3
     15.0s         3923         1000      90.1     172.0     180.2      786.4
     16.0s         3865         1000      16.4     172.0     344.1      917.5
     17.0s         3851         1000      16.4      16.4      16.4       41.0
     18.0s         3840         1000      16.4      16.4      16.4       24.6
     19.0s         3842         1000      16.4      16.4      16.4       32.8
     20.0s         3842         1000      16.4      16.4      16.4       16.4
____elapsed______reads/s_____writes/s___p50(µs)___p95(µs)___p99(µs)___pMax(µs)
     21.0s         3852         1000      16.4      16.4      16.4       24.6
     22.0s         3803          996      16.4      16.4      24.6      344.1
     23.0s         3824         1000      16.4      16.4      16.4       41.0
     24.0s         3808         1000      16.4      16.4      16.4       32.8
     25.0s         3817         1000      16.4      16.4      16.4      122.9
     26.0s         3818         1000      16.4      16.4      16.4       32.8
     27.0s         3832         1000      16.4      16.4      16.4      163.8
     28.0s         3798         1000      16.4      16.4      24.6      106.5
     29.0s         3824         1000      16.4      16.4      24.6      122.9
     30.0s         3833         1000      16.4      16.4      24.6      131.1
     31.0s         3837         1000      16.4      16.4      24.6       32.8
     32.0s         3819          996      16.4      16.4      24.6      106.5
     33.0s         3801         1000      16.4      16.4      16.4       49.2
     34.0s         3831         1000      16.4      16.4      16.4       32.8
     35.0s         3820          998      16.4      16.4      24.6      122.9
     36.0s         3838         1002      16.4      16.4      16.4       24.6
     37.0s         3806         1000      16.4      16.4      16.4       32.8
     38.0s         3821          999      16.4      16.4      24.6       49.2
     39.0s         3808         1001      16.4      16.4      24.6      122.9
     40.0s         3841          999      16.4      16.4      24.6      180.2
____elapsed______reads/s_____writes/s___p50(µs)___p95(µs)___p99(µs)___pMax(µs)
     41.0s         3831         1001      16.4      16.4      24.6       41.0
     42.0s         3739          976      16.4      16.4      24.6     1310.7
     43.0s         3822         1000      16.4      16.4      16.4       32.8
     44.0s         3829         1000      16.4      16.4      16.4       49.2
     45.0s         3818         1000      16.4      16.4      16.4       41.0
     46.0s         3813         1000      16.4      16.4      16.4       41.0
     47.0s         3844          998      16.4      16.4      16.4       65.5
     48.0s         3818         1000      16.4      16.4      16.4       49.2
     49.0s         3825         1000      16.4      16.4      16.4       41.0
     50.0s         3830         1000      16.4      16.4      24.6      114.7
     51.0s         3816         1002      16.4      16.4      24.6      122.9
     52.0s         3809          988      16.4      16.4      24.6       90.1
     53.0s         3829         1000      16.4      16.4      16.4       32.8
     54.0s         3839         1000      16.4      16.4      16.4       41.0
     55.0s         3826         1000      16.4      16.4      16.4       57.3
     56.0s         3822         1000      16.4      16.4      16.4       32.8
     57.0s         3834         1000      16.4      16.4      16.4       41.0
     58.0s         3819         1000      16.4      16.4      24.6      106.5
     59.0s         3818         1000      16.4      16.4      16.4       41.0
     60.0s         3837         1000      16.4      16.4      16.4      122.9
rangedel_latency: kind=read class=all measurement=service samples=229952 completed_ops=229952 ops/s=3832.5 clipped_ops=0 expected_interval_ns=1000000 p50_us=5.611 p95_us=80.959 p99_us=162.431 p99.9_us=178.815 max_us=1304.575
rangedel_latency: kind=read class=all measurement=corrected samples=229952 completed_ops=229952 ops/s=3832.5 clipped_ops=0 expected_interval_ns=1000000 p50_us=5.611 p95_us=80.959 p99_us=162.431 p99.9_us=178.815 max_us=1304.575
rangedel_latency: kind=read class=iter measurement=service samples=114711 completed_ops=114711 ops/s=1911.8 clipped_ops=0 expected_interval_ns=1000000 p50_us=6.583 p95_us=83.007 p99_us=163.967 p99.9_us=179.455 max_us=1304.575
rangedel_latency: kind=read class=iter measurement=corrected samples=114711 completed_ops=114711 ops/s=1911.8 clipped_ops=0 expected_interval_ns=1000000 p50_us=6.583 p95_us=83.007 p99_us=163.967 p99.9_us=179.455 max_us=1304.575
rangedel_latency: kind=read class=get measurement=service samples=115241 completed_ops=115241 ops/s=1920.7 clipped_ops=0 expected_interval_ns=1000000 p50_us=5.203 p95_us=78.975 p99_us=160.383 p99.9_us=177.791 max_us=903.679
rangedel_latency: kind=read class=get measurement=corrected samples=115241 completed_ops=115241 ops/s=1920.7 clipped_ops=0 expected_interval_ns=1000000 p50_us=5.203 p95_us=78.975 p99_us=160.383 p99.9_us=177.791 max_us=903.679
rangedel_latency: kind=commit class=all measurement=service samples=59952 completed_ops=59952 ops/s=999.2 clipped_ops=0 expected_interval_ns=2000000 p50_us=33.023 p95_us=81.663 p99_us=99.583 p99.9_us=172.031 max_us=11730.943
rangedel_latency: kind=commit class=all measurement=corrected samples=59976 completed_ops=59952 ops/s=999.2 clipped_ops=0 expected_interval_ns=2000000 p50_us=33.055 p95_us=81.791 p99_us=100.031 p99.9_us=196.479 max_us=11730.943
rangedel_latency: kind=commit class=rangedel measurement=service samples=29977 completed_ops=29977 ops/s=499.6 clipped_ops=0 expected_interval_ns=2000000 p50_us=52.319 p95_us=88.767 p99_us=108.223 p99.9_us=196.735 max_us=11730.943
rangedel_latency: kind=commit class=rangedel measurement=corrected samples=30001 completed_ops=29977 ops/s=499.6 clipped_ops=0 expected_interval_ns=2000000 p50_us=52.351 p95_us=88.831 p99_us=109.375 p99.9_us=3373.055 max_us=11730.943
rangedel_latency: kind=commit class=point measurement=service samples=29975 completed_ops=29975 ops/s=499.6 clipped_ops=0 expected_interval_ns=2000000 p50_us=0.890 p95_us=1.760 p99_us=43.743 p99.9_us=65.663 max_us=1790.975
rangedel_latency: kind=commit class=point measurement=corrected samples=29975 completed_ops=29975 ops/s=499.6 clipped_ops=0 expected_interval_ns=2000000 p50_us=0.890 p95_us=1.760 p99_us=43.743 p99.9_us=65.663 max_us=1790.975
rangedel_summary: elapsed=60.000s rangedel_batches=29977 rangedel_ops=479632 overlapping_rangedel_ops=47825 point_sets=29975 flushes=6 memtable_bytes=16777216 memtable_count=1 cumulative_flushable_mem_bytes=42568789
LSM                             |    vtables   |   value sep   |        |   ingested   |    amp
level       size | tables  size |  count  size |  refsz valblk |     in | tables  size |   r     w
-----------------+--------------+--------------+---------------+--------+--------------+----------
   L0         0B |      0    0B |      0     0 |     0B     0B |   21MB |      0    0B |   0  0.60
   L6        8KB |      1   8KB |      0     0 |     0B     0B |  6.4MB |      0    0B |   1  0.01
-----------------+--------------+--------------+---------------+--------+--------------+----------
total        8KB |      1   8KB |      0     0 |     0B     0B |   25MB |      0    0B |   1  1.52

COMPACTIONS               |     moved    |     multilevel    |     read     |       written
level | score    ff   cff | tables  size |   top    in  read | tables  blob | tables  sstsz blobsz
------+-------------------+--------------+-------------------+--------------+---------------------
   L0 |     -     0     0 |      0    0B |    0B    0B    0B |     0B    0B |     10   13MB     0B
   L6 |     -  0.00  0.00 |      3 6.2MB |    0B    0B    0B |   13MB    0B |      5   40KB     0B
------+-------------------+--------------+-------------------+--------------+---------------------
total |     -     -     - |      3 6.2MB |    0B    0B    0B |   13MB    0B |     15   37MB     0B

 kind | default  delete  elision  move  read  tomb  rewrite  copy  multi  blob virtual
count |       7       0        0     3     0     0        0     0      0     0       0

COMMIT PIPELINE
               wals                |              memtables              |       ingestions
    files |    written |  overhead |   flushes |       live |     zombie |     total |   flushable
----------+------------+-----------+-----------+------------+------------+-----------+------------
1 (3.5MB) | 23MB: 25MB |      4.7% |         6 |   1 (16MB) |   1 (16MB) |         0 |      0 (0B)

BLOCK CACHE: 0 entries (0B)
                 miss rate [percentage of total misses] since start
level      all     |  background    sstdata       sstval      blobval       filter       index
-------------------+------------------------------------------------------------------------------
 n/a   75% [0.9%]  |                                                                   75% [0.9%]
  L0   82% [0.2%]  |  87% [~0%]    86% [0.1%]                             79% [~0%]    79% [0.1%]
  L6    77% [99%]  |  87% [~0%]    77% [54%]                                           77% [45%]
-------------------+------------------------------------------------------------------------------
total      77%     |  87% [~0%]    77% [54%]                              79% [~0%]    77% [46%]

ITERATORS
        file cache        |    filter   |    open     |    open
     entries |   hit rate | utilization |  sst iters  |  snapshots
-------------+------------+-------------+-------------+------------
    1 (520B) |     100.0% |        0.0% |           0 |           0

FILES                 physical tables                 |                blob files
          |     local        shared        remote     |     local        shared        remote
----------+-------------------------------------------+------------------------------------------
     live |    1 (8KB)       0 (0B)        0 (0B)     |    0 (0B)        0 (0B)        0 (0B)
   zombie |    0 (0B)        0 (0B)        0 (0B)     |    0 (0B)        0 (0B)        0 (0B)
 obsolete |    0 (0B)        0 (0B)        0 (0B)     |    0 (0B)        0 (0B)        0 (0B)

MISC            |
----------------+-----------
table stats     | all loaded
table garbage   |
  point del     | 0B
  range del     | 0B
blob values     |
  total         | 0B
  refed         | 0B
  backing-refed | 0B

CGO MEMORY    |          block cache           |                     memtables
          tot |           tot |           data |            maps |            ents |           tot
--------------+---------------+----------------+-----------------+-----------------+--------------
         32MB |         9.2KB |             0B |           8.2KB |            960B |          32MB

COMPACTIONS
                                                                         |      blob rewrites
    est. debt |   in progress |  cancelled |   failed |    problem spans |       read |    written
--------------+---------------+------------+----------+------------------+------------+-----------
           0B |        0 (0B) |     0 (0B) |        0 |                0 |         0B |         0B

KEYS
      range keys |       tombstones |      missized tombstones |      point dels |      range dels
-----------------+------------------+--------------------------+-----------------+----------------
               0 |                0 |                        0 |              0B |              0B

COMPRESSION
    algorithm |          tables |    blob files
--------------+-----------------+--------------
         none |           1.4KB |
        minlz | 5.8KB (CR=1.26) |

        Logical bytes compressed / decompressed
level |  data blocks   |  value blocks  |  other blocks
------+----------------+----------------+---------------
L0-L4 |  67KB / 2.1MB  |    0B / 0B     |   6.7KB / 0B
   L6 |  37KB / 783MB  |    0B / 0B     |   3.5KB / 0B

DELETE PACER   |   in queue   |   deleted
---------------+--------------+-------------
        tables |    0 (0B)    |  14 (13MB)
    blob files |    0 (0B)    |    0 (0B)
   other files |    0 (0B)    |    0 (0B)