rangedel: shape=unique queues=1024 overlap-frac=0.1 rangedels-per-batch=16 sets-per-batch=-1 iter-frac=0.5 db-options=prod-writeheavy gomaxprocs=4
wiping /home/coder/bench/rangedel-db-4way/runs/20261005-fourway-prod-point-v1/db-unique-1-method12
dir /home/coder/bench/rangedel-db-4way/runs/20261005-fourway-prod-point-v1/db-unique-1-method12
concurrency 1
rangedel_config: arena_bytes=268435456 readers=4 writers=2 reader_interval=1ms writer_interval=2ms
____elapsed______reads/s_____writes/s___p50(µs)___p95(µs)___p99(µs)___pMax(µs)
      1.0s         3867          996      16.4      16.4      16.4       73.7
      2.0s         3856          996      16.4      16.4      16.4       41.0
      3.0s         3871          997      16.4      16.4      16.4       24.6
      4.0s         3869         1001      16.4      16.4      16.4       41.0
      5.0s         3879          999      16.4      16.4      16.4       32.8
      6.0s         3867          994      16.4      16.4      16.4      278.5
      7.0s         3874         1001      16.4      16.4      16.4       24.6
      8.0s         3884          999      16.4      16.4      16.4       81.9
      9.0s         3895         1000      16.4      16.4      16.4       49.2
     10.0s         3891         1000      16.4      16.4      16.4       41.0
     11.0s         3889         1000      16.4      16.4      16.4      524.3
     12.0s         3911          995      81.9     172.0     180.2      819.2
     13.0s         3928         1002      90.1     172.0     180.2      254.0
     14.0s         3922         1000      90.1     172.0     196.6      458.8
     15.0s         3936          998      90.1     172.0     180.2      507.9
     16.0s         3890         1000      73.7     172.0     393.2      983.0
     17.0s         3879         1002      16.4      16.4      16.4       16.4
     18.0s         3863         1000      16.4      16.4      16.4      114.7
     19.0s         3879          998      16.4      16.4      16.4       24.6
     20.0s         3862         1000      16.4      16.4      16.4      245.8
____elapsed______reads/s_____writes/s___p50(µs)___p95(µs)___p99(µs)___pMax(µs)
     21.0s         3900         1002      16.4      16.4      16.4       57.3
     22.0s         3871          990      16.4      16.4      24.6       98.3
     23.0s         3842         1000      16.4      16.4      16.4      114.7
     24.0s         3854         1000      16.4      16.4      24.6       41.0
     25.0s         3847         1000      16.4      16.4      16.4       32.8
     26.0s         3844          999      16.4      16.4      24.6       65.5
     27.0s         3859         1000      16.4      16.4      16.4       65.5
     28.0s         3859         1001      16.4      16.4      24.6      114.7
     29.0s         3860          999      16.4      16.4      24.6      139.3
     30.0s         3849         1000      16.4      16.4      24.6      122.9
     31.0s         3864         1001      16.4      16.4      24.6       65.5
     32.0s         3855          992      16.4      16.4      24.6       65.5
     33.0s         3851          999      16.4      16.4      16.4       49.2
     34.0s         3887          999      16.4      16.4      16.4       41.0
     35.0s         3896         1002      16.4      16.4      24.6       73.7
     36.0s         3877          998      16.4      16.4      16.4      131.1
     37.0s         3882         1001      16.4      16.4      24.6      114.7
     38.0s         3876          999      16.4      16.4      24.6      344.1
     39.0s         3884         1002      16.4      16.4      24.6      131.1
     40.0s         3859         1000      16.4      16.4      24.6       41.0
____elapsed______reads/s_____writes/s___p50(µs)___p95(µs)___p99(µs)___pMax(µs)
     41.0s         3849         1000      16.4      16.4      24.6      122.9
     42.0s         3735          967      16.4      16.4      24.6      294.9
     43.0s         3845         1001      16.4      16.4      16.4       32.8
     44.0s         3866         1000      16.4      16.4      24.6       41.0
     45.0s         3851         1000      16.4      16.4      16.4       41.0
     46.0s         3860          999      16.4      16.4      16.4      188.4
     47.0s         3855         1000      16.4      16.4      16.4       32.8
     48.0s         3865         1000      16.4      16.4      16.4       41.0
     49.0s         3839         1000      16.4      16.4      24.6       32.8
     50.0s         3866         1000      16.4      16.4      24.6       57.3
     51.0s         3857         1001      16.4      16.4      24.6       32.8
     52.0s         3847          992      16.4      16.4      24.6      245.8
     53.0s         3842          999      16.4      16.4      16.4       32.8
     54.0s         3862         1001      16.4      16.4      16.4       65.5
     55.0s         3856         1000      16.4      16.4      16.4       41.0
     56.0s         3871          998      16.4      16.4      16.4       41.0
     57.0s         3874         1000      16.4      16.4      16.4       32.8
     58.0s         3868         1001      16.4      16.4      16.4       41.0
     59.0s         3867         1001      16.4      16.4      16.4       41.0
rangedel_latency: kind=read class=all measurement=service samples=232060 completed_ops=232060 ops/s=3867.6 clipped_ops=0 expected_interval_ns=1000000 p50_us=5.631 p95_us=80.831 p99_us=162.815 p99.9_us=181.887 max_us=1034.239
rangedel_latency: kind=read class=all measurement=corrected samples=232060 completed_ops=232060 ops/s=3867.6 clipped_ops=0 expected_interval_ns=1000000 p50_us=5.631 p95_us=80.831 p99_us=162.815 p99.9_us=181.887 max_us=1034.239
rangedel_latency: kind=read class=iter measurement=service samples=115772 completed_ops=115772 ops/s=1929.5 clipped_ops=0 expected_interval_ns=1000000 p50_us=6.643 p95_us=82.815 p99_us=164.479 p99.9_us=183.551 max_us=1023.999
rangedel_latency: kind=read class=iter measurement=corrected samples=115772 completed_ops=115772 ops/s=1929.5 clipped_ops=0 expected_interval_ns=1000000 p50_us=6.643 p95_us=82.815 p99_us=164.479 p99.9_us=183.551 max_us=1023.999
rangedel_latency: kind=read class=get measurement=service samples=116288 completed_ops=116288 ops/s=1938.1 clipped_ops=0 expected_interval_ns=1000000 p50_us=5.223 p95_us=78.911 p99_us=160.639 p99.9_us=179.455 max_us=1034.239
rangedel_latency: kind=read class=get measurement=corrected samples=116288 completed_ops=116288 ops/s=1938.1 clipped_ops=0 expected_interval_ns=1000000 p50_us=5.223 p95_us=78.911 p99_us=160.639 p99.9_us=179.455 max_us=1034.239
rangedel_latency: kind=commit class=all measurement=service samples=59922 completed_ops=59922 ops/s=998.7 clipped_ops=0 expected_interval_ns=2000000 p50_us=35.807 p95_us=78.335 p99_us=96.639 p99.9_us=179.583 max_us=11902.975
rangedel_latency: kind=commit class=all measurement=corrected samples=59969 completed_ops=59922 ops/s=998.7 clipped_ops=0 expected_interval_ns=2000000 p50_us=35.807 p95_us=78.527 p99_us=97.791 p99.9_us=2875.391 max_us=11902.975
rangedel_latency: kind=commit class=rangedel measurement=service samples=29961 completed_ops=29961 ops/s=499.3 clipped_ops=0 expected_interval_ns=2000000 p50_us=46.207 p95_us=86.207 p99_us=106.815 p99.9_us=189.567 max_us=11821.055
rangedel_latency: kind=commit class=rangedel measurement=corrected samples=29986 completed_ops=29961 ops/s=499.3 clipped_ops=0 expected_interval_ns=2000000 p50_us=46.239 p95_us=86.463 p99_us=108.927 p99.9_us=2897.919 max_us=11821.055
rangedel_latency: kind=commit class=point measurement=service samples=29961 completed_ops=29961 ops/s=499.3 clipped_ops=0 expected_interval_ns=2000000 p50_us=0.930 p95_us=42.335 p99_us=52.255 p99.9_us=73.855 max_us=11902.975
rangedel_latency: kind=commit class=point measurement=corrected samples=29983 completed_ops=29961 ops/s=499.3 clipped_ops=0 expected_interval_ns=2000000 p50_us=0.930 p95_us=42.399 p99_us=52.799 p99.9_us=178.687 max_us=11902.975
rangedel_summary: elapsed=60.001s rangedel_batches=29961 rangedel_ops=479376 overlapping_rangedel_ops=47804 point_sets=29961 flushes=6 memtable_bytes=16777216 memtable_count=1 cumulative_flushable_mem_bytes=42534395
LSM                             |    vtables   |   value sep   |        |   ingested   |    amp
level       size | tables  size |  count  size |  refsz valblk |     in | tables  size |   r     w
-----------------+--------------+--------------+---------------+--------+--------------+----------
   L0         0B |      0    0B |      0     0 |     0B     0B |   21MB |      0    0B |   0  0.60
   L6      2.5MB |      2 2.5MB |      0     0 |     0B     0B |  6.4MB |      0    0B |   1  0.01
-----------------+--------------+--------------+---------------+--------+--------------+----------
total      2.5MB |      2 2.5MB |      0     0 |     0B     0B |   25MB |      0    0B |   1  1.52

COMPACTIONS               |     moved    |     multilevel    |     read     |       written
level | score    ff   cff | tables  size |   top    in  read | tables  blob | tables  sstsz blobsz
------+-------------------+--------------+-------------------+--------------+---------------------
   L0 |     -     0     0 |      0    0B |    0B    0B    0B |     0B    0B |     10   13MB     0B
   L6 |     -  0.00  0.00 |      4 8.7MB |    0B    0B    0B |   10MB    0B |      5   40KB     0B
------+-------------------+--------------+-------------------+--------------+---------------------
total |     -     -     - |      4 8.7MB |    0B    0B    0B |   10MB    0B |     15   37MB     0B

 kind | default  delete  elision  move  read  tomb  rewrite  copy  multi  blob virtual
count |       6       0        1     4     0     0        0     0      0     0       0

COMMIT PIPELINE
               wals                |              memtables              |       ingestions
    files |    written |  overhead |   flushes |       live |     zombie |     total |   flushable
----------+------------+-----------+-----------+------------+------------+-----------+------------
1 (3.5MB) | 23MB: 25MB |      4.7% |         6 |   1 (16MB) |   1 (16MB) |         0 |      0 (0B)

BLOCK CACHE: 0 entries (0B)
                 miss rate [percentage of total misses] since start
level      all     |  background    sstdata       sstval      blobval       filter       index
-------------------+------------------------------------------------------------------------------
 n/a   67% [0.6%]  |                                                                   67% [0.6%]
  L0   73% [0.2%]  |  85% [~0%]    77% [0.1%]                             69% [~0%]    69% [0.1%]
  L6    77% [99%]  |  87% [~0%]    77% [54%]                                           77% [45%]
-------------------+------------------------------------------------------------------------------
total     76.9%    |  86% [~0%]    77% [55%]                              69% [~0%]    77% [45%]

ITERATORS
        file cache        |    filter   |    open     |    open
     entries |   hit rate | utilization |  sst iters  |  snapshots
-------------+------------+-------------+-------------+------------
     2 (1KB) |     100.0% |        0.0% |           0 |           0

FILES                 physical tables                 |                blob files
          |     local        shared        remote     |     local        shared        remote
----------+-------------------------------------------+------------------------------------------
     live |   2 (2.5MB)      0 (0B)        0 (0B)     |    0 (0B)        0 (0B)        0 (0B)
   zombie |    0 (0B)        0 (0B)        0 (0B)     |    0 (0B)        0 (0B)        0 (0B)
 obsolete |    0 (0B)        0 (0B)        0 (0B)     |    0 (0B)        0 (0B)        0 (0B)

MISC            |
----------------+-----------
table stats     | all loaded
table garbage   |
  point del     | 0B
  range del     | 0B
blob values     |
  total         | 0B
  refed         | 0B
  backing-refed | 0B

CGO MEMORY    |          block cache           |                     memtables
          tot |           tot |           data |            maps |            ents |           tot
--------------+---------------+----------------+-----------------+-----------------+--------------
         32MB |         9.2KB |             0B |           8.2KB |            960B |          32MB

COMPACTIONS
                                                                         |      blob rewrites
    est. debt |   in progress |  cancelled |   failed |    problem spans |       read |    written
--------------+---------------+------------+----------+------------------+------------+-----------
           0B |        0 (0B) |     0 (0B) |        0 |                0 |         0B |         0B

KEYS
      range keys |       tombstones |      missized tombstones |      point dels |      range dels
-----------------+------------------+--------------------------+-----------------+----------------
               0 |              73K |                        0 |              0B |              0B

COMPRESSION
    algorithm |          tables |    blob files
--------------+-----------------+--------------
         none |           2.5MB |
        minlz | 5.8KB (CR=1.26) |

        Logical bytes compressed / decompressed
level |  data blocks   |  value blocks  |  other blocks
------+----------------+----------------+---------------
L0-L4 |  67KB / 1.7MB  |    0B / 0B     |   6.7KB / 0B
   L6 |  37KB / 784MB  |    0B / 0B     |   3.5KB / 0B

DELETE PACER   |   in queue   |   deleted
---------------+--------------+-------------
        tables |    0 (0B)    |  13 (10MB)
    blob files |    0 (0B)    |    0 (0B)
   other files |    0 (0B)    |    0 (0B)