rangedel: shape=unique queues=1024 overlap-frac=0.1 rangedels-per-batch=16 sets-per-batch=-1 iter-frac=0.5 db-options=prod-writeheavy gomaxprocs=4
wiping /home/coder/bench/rangedel-db-4way/runs/20261005-fourway-prod-point-v1/db-unique-5-master
dir /home/coder/bench/rangedel-db-4way/runs/20261005-fourway-prod-point-v1/db-unique-5-master
concurrency 1
rangedel_config: arena_bytes=268435456 readers=4 writers=2 reader_interval=1ms writer_interval=2ms
____elapsed______reads/s_____writes/s___p50(µs)___p95(µs)___p99(µs)___pMax(µs)
      1.0s         3813         1000      16.4     852.0    1048.6     1245.2
      2.0s         3819          999      16.4    1179.6    1310.7     1966.1
      3.0s         3606          995      16.4    1507.3    1703.9     2490.4
      4.0s         3675         1001      16.4    1507.3    1703.9     1900.5
      5.0s         2545         1001      16.4    3014.7    3276.8     4456.4
      6.0s         2799          996      16.4    3801.1    3932.2     4456.4
      7.0s         3519         1001      16.4    1638.4    1835.0     2359.3
      8.0s         1750          999    2359.3    3276.8    3538.9     4980.7
      9.0s          975         1001    4063.2    5242.9    5505.0     6815.7
     10.0s          656         1000    6291.5    7340.0    8126.5     9961.5
     11.0s          476          998    8912.9    9961.5   10485.8    10485.8
     12.0s         2586          996     163.8    9961.5   11010.0    11534.3
     13.0s         3307          998     852.0    1966.1    2228.2     3276.8
     14.0s         1484         1001    2752.5    3538.9    4456.4     5505.0
     15.0s          908         1000    4456.4    5505.0    6029.3     7340.0
     16.0s          628         1000    6553.6    7340.0    9437.2     9961.5
     17.0s          452         1001    8912.9   10485.8   11534.3    12582.9
     18.0s          348          995   12058.6   14155.8   17825.8    17825.8
     19.0s          280         1002   14680.1   16777.2   18874.4    18874.4
     20.0s          232         1000   17825.8   18874.4   23068.7    23068.7
____elapsed______reads/s_____writes/s___p50(µs)___p95(µs)___p99(µs)___pMax(µs)
     21.0s          196         1000   20971.5   23068.7   27263.0    27263.0
     22.0s         2373          975      16.4     589.8   23068.7    26214.4
     23.0s         3420          998     360.4    1769.5    1900.5     4194.3
     24.0s         1619          995    2490.4    3407.9    3801.1     7340.0
     25.0s          920         1000    4456.4    5505.0    7077.9     9437.2
     26.0s          632          996    6291.5    7864.3    9961.5    10485.8
     27.0s          448          995    8912.9   11010.0   13631.5    15204.4
     28.0s          344          997   12058.6   14680.1   19922.9    20971.5
     29.0s          280          985   14155.8   18874.4   19922.9    19922.9
     30.0s          228          994   17825.8   19922.9   24117.2    24117.2
     31.0s          192          997   20971.5   25165.8   29360.1    29360.1
     32.0s         2279          966      16.4     589.8   24117.2    48234.5
     33.0s         3577         1001      16.4    1638.4    1900.5     2752.5
     34.0s         2345          999     172.0    3276.8    3801.1     7077.9
     35.0s         1061          996    4063.2    5242.9    7602.2     9961.5
     36.0s          632          992    6291.5    7602.2   12582.9    14680.1
     37.0s          456          994    8912.9   11534.3   13631.5    14680.1
     38.0s          356          998   11010.0   15204.4   16252.9    18874.4
     39.0s          292          996   13631.5   15204.4   22020.1    22020.1
     40.0s          228          989   17825.8   24117.2   27263.0    29360.1
____elapsed______reads/s_____writes/s___p50(µs)___p95(µs)___p99(µs)___pMax(µs)
     41.0s          196          995   19922.9   24117.2   25165.8    25165.8
     42.0s         2153          972      16.4     557.1   25165.8    30408.7
     43.0s         3604          986      16.4    1572.9    1835.0     3801.1
     44.0s         2425         1000      16.4    3276.8    3538.9     5767.2
     45.0s         1024          999    4063.2    5242.9    6553.6     8126.5
     46.0s          656         1000    6291.5    7077.9    8912.9     9437.2
     47.0s          464         1001    8912.9   10485.8   11010.0    12058.6
     48.0s          357          997   11010.0   13107.2   15728.6    17825.8
     49.0s          291         1001   13631.5   15728.6   19922.9    19922.9
     50.0s          234          997   17825.8   20971.5   24117.2    39845.9
     51.0s          200          997   19922.9   23068.7   28311.6    29360.1
     52.0s         2096          974      16.4     557.1   25165.8    44040.2
     53.0s         3530         1000     155.6    1638.4    1769.5     3407.9
     54.0s         1708          999    2490.4    3276.8    3670.0     5505.0
     55.0s          966         1001    4063.2    5242.9    5505.0     8126.5
     56.0s          652         1000    6291.5    7340.0    8126.5     9437.2
     57.0s          467         1000    8912.9    9961.5   12058.6    13631.5
     58.0s          360          998   11010.0   12582.9   14680.1    14680.1
     59.0s          292          999   14155.8   15728.6   17825.8    17825.8
     60.0s          236          998   17825.8   19922.9   20971.5    20971.5
rangedel_latency: kind=read class=all measurement=service samples=81651 completed_ops=81651 ops/s=1360.5 clipped_ops=0 expected_interval_ns=1000000 p50_us=550.399 p95_us=12066.815 p99_us=19808.255 p99.9_us=24805.375 max_us=46497.791
rangedel_latency: kind=read class=all measurement=corrected samples=221618 completed_ops=81651 ops/s=1360.5 clipped_ops=0 expected_interval_ns=1000000 p50_us=3151.871 p95_us=14974.975 p99_us=20103.167 p99.9_us=24903.679 max_us=46497.791
rangedel_latency: kind=read class=iter measurement=service samples=40812 completed_ops=40812 ops/s=680.0 clipped_ops=0 expected_interval_ns=1000000 p50_us=555.007 p95_us=11993.087 p99_us=19759.103 p99.9_us=24739.839 max_us=38141.951
rangedel_latency: kind=read class=iter measurement=corrected samples=110440 completed_ops=40812 ops/s=680.0 clipped_ops=0 expected_interval_ns=1000000 p50_us=3137.535 p95_us=14942.207 p99_us=19988.479 p99.9_us=24690.687 max_us=38141.951
rangedel_latency: kind=read class=get measurement=service samples=40839 completed_ops=40839 ops/s=680.5 clipped_ops=0 expected_interval_ns=1000000 p50_us=546.303 p95_us=12132.351 p99_us=19841.023 p99.9_us=24821.759 max_us=46497.791
rangedel_latency: kind=read class=get measurement=corrected samples=111178 completed_ops=40839 ops/s=680.5 clipped_ops=0 expected_interval_ns=1000000 p50_us=3164.159 p95_us=14991.359 p99_us=20217.855 p99.9_us=25477.119 max_us=46497.791
rangedel_latency: kind=commit class=all measurement=service samples=59761 completed_ops=59761 ops/s=995.8 clipped_ops=0 expected_interval_ns=2000000 p50_us=8.311 p95_us=13.983 p99_us=18.511 p99.9_us=45.407 max_us=34701.311
rangedel_latency: kind=commit class=all measurement=corrected samples=59878 completed_ops=59761 ops/s=995.8 clipped_ops=0 expected_interval_ns=2000000 p50_us=8.335 p95_us=14.063 p99_us=19.215 p99.9_us=11157.503 max_us=34701.311
rangedel_latency: kind=commit class=rangedel measurement=service samples=29881 completed_ops=29881 ops/s=497.9 clipped_ops=0 expected_interval_ns=2000000 p50_us=9.855 p95_us=14.991 p99_us=20.271 p99.9_us=82.431 max_us=34701.311
rangedel_latency: kind=commit class=rangedel measurement=corrected samples=29961 completed_ops=29881 ops/s=497.9 clipped_ops=0 expected_interval_ns=2000000 p50_us=9.863 p95_us=15.151 p99_us=21.423 p99.9_us=15335.423 max_us=34701.311
rangedel_latency: kind=commit class=point measurement=service samples=29880 completed_ops=29880 ops/s=497.9 clipped_ops=0 expected_interval_ns=2000000 p50_us=0.960 p95_us=12.751 p99_us=16.063 p99.9_us=23.471 max_us=21102.591
rangedel_latency: kind=commit class=point measurement=corrected samples=29917 completed_ops=29880 ops/s=497.9 clipped_ops=0 expected_interval_ns=2000000 p50_us=0.960 p95_us=12.807 p99_us=16.431 p99.9_us=5459.967 max_us=21102.591
rangedel_summary: elapsed=60.013s rangedel_batches=29881 rangedel_ops=478096 overlapping_rangedel_ops=47676 point_sets=29880 flushes=6 memtable_bytes=16777216 memtable_count=1 cumulative_flushable_mem_bytes=42427904
LSM                             |    vtables   |   value sep   |        |   ingested   |    amp
level       size | tables  size |  count  size |  refsz valblk |     in | tables  size |   r     w
-----------------+--------------+--------------+---------------+--------+--------------+----------
   L0         0B |      0    0B |      0     0 |     0B     0B |   21MB |      0    0B |   0  0.60
   L6      2.5MB |      2 2.5MB |      0     0 |     0B     0B |  8.8MB |      0    0B |   1  0.00
-----------------+--------------+--------------+---------------+--------+--------------+----------
total      2.5MB |      2 2.5MB |      0     0 |     0B     0B |   24MB |      0    0B |   1  1.52

COMPACTIONS               |     moved    |     multilevel    |     read     |       written
level | score    ff   cff | tables  size |   top    in  read | tables  blob | tables  sstsz blobsz
------+-------------------+--------------+-------------------+--------------+---------------------
   L0 |     -     0     0 |      0    0B |    0B    0B    0B |     0B    0B |     10   13MB     0B
   L6 |     -  0.00  0.00 |      5  11MB |    0B    0B    0B |   10MB    0B |      5   40KB     0B
------+-------------------+--------------+-------------------+--------------+---------------------
total |     -     -     - |      5  11MB |    0B    0B    0B |   10MB    0B |     15   37MB     0B

 kind | default  delete  elision  move  read  tomb  rewrite  copy  multi  blob virtual
count |       5       0        3     5     0     0        0     0      0     0       0

COMMIT PIPELINE
               wals                |              memtables              |       ingestions
    files |    written |  overhead |   flushes |       live |     zombie |     total |   flushable
----------+------------+-----------+-----------+------------+------------+-----------+------------
1 (3.5MB) | 23MB: 24MB |      4.7% |         6 |   1 (16MB) |   1 (16MB) |         0 |      0 (0B)

BLOCK CACHE: 0 entries (0B)
                 miss rate [percentage of total misses] since start
level      all     |  background    sstdata       sstval      blobval       filter       index
-------------------+------------------------------------------------------------------------------
 n/a    51% [1%]   |                                                                    51% [1%]
  L0   92% [0.3%]  |  100% [~0%]   92% [0.1%]                             96% [~0%]    89% [0.1%]
  L6    82% [99%]  |  88% [~0%]    83% [57%]                                           80% [41%]
-------------------+------------------------------------------------------------------------------
total     81.4%    |  93% [~0%]    83% [58%]                              96% [~0%]    79% [42%]

ITERATORS
        file cache        |    filter   |    open     |    open
     entries |   hit rate | utilization |  sst iters  |  snapshots
-------------+------------+-------------+-------------+------------
     2 (1KB) |     100.0% |        0.0% |           0 |           0

FILES                 physical tables                 |                blob files
          |     local        shared        remote     |     local        shared        remote
----------+-------------------------------------------+------------------------------------------
     live |   2 (2.5MB)      0 (0B)        0 (0B)     |    0 (0B)        0 (0B)        0 (0B)
   zombie |    0 (0B)        0 (0B)        0 (0B)     |    0 (0B)        0 (0B)        0 (0B)
 obsolete |    0 (0B)        0 (0B)        0 (0B)     |    0 (0B)        0 (0B)        0 (0B)

MISC            |
----------------+-----------
table stats     | all loaded
table garbage   |
  point del     | 0B
  range del     | 0B
blob values     |
  total         | 0B
  refed         | 0B
  backing-refed | 0B

CGO MEMORY    |          block cache           |                     memtables
          tot |           tot |           data |            maps |            ents |           tot
--------------+---------------+----------------+-----------------+-----------------+--------------
         32MB |         8.7KB |             0B |           8.2KB |            480B |          32MB

COMPACTIONS
                                                                         |      blob rewrites
    est. debt |   in progress |  cancelled |   failed |    problem spans |       read |    written
--------------+---------------+------------+----------+------------------+------------+-----------
           0B |        0 (0B) |     0 (0B) |        0 |                0 |         0B |         0B

KEYS
      range keys |       tombstones |      missized tombstones |      point dels |      range dels
-----------------+------------------+--------------------------+-----------------+----------------
               0 |              73K |                        0 |              0B |              0B

COMPRESSION
    algorithm |          tables |    blob files
--------------+-----------------+--------------
         none |           2.5MB |
        minlz | 5.8KB (CR=1.26) |

        Logical bytes compressed / decompressed
level |  data blocks   |  value blocks  |  other blocks
------+----------------+----------------+---------------
L0-L4 |  67KB / 865KB  |    0B / 0B     |   6.7KB / 0B
   L6 |  37KB / 276MB  |    0B / 0B     |   3.5KB / 0B

DELETE PACER   |   in queue   |   deleted
---------------+--------------+-------------
        tables |    0 (0B)    |  13 (10MB)
    blob files |    0 (0B)    |    0 (0B)
   other files |    0 (0B)    |    0 (0B)