rangedel: shape=unique queues=1024 overlap-frac=0.5 rangedels-per-batch=16 sets-per-batch=1 iter-frac=-1 db-options=prod-writeheavy gomaxprocs=4
wiping /home/coder/bench/rangedel-db-4way/runs/20261005-method12-overlap-profile/db-method12
dir /home/coder/bench/rangedel-db-4way/runs/20261005-method12-overlap-profile/db-method12
concurrency 1
rangedel_config: arena_bytes=268435456 readers=0 writers=2 reader_interval=1ms writer_interval=1ms
____elapsed______reads/s_____writes/s___p50(µs)___p95(µs)___p99(µs)___pMax(µs)
      1.0s            0         1985       8.2       8.2       8.2        8.2
      2.0s            0         1987       8.2       8.2       8.2        8.2
      3.0s            0         1989       8.2       8.2       8.2        8.2
      4.0s            0         1989       8.2       8.2       8.2        8.2
      5.0s            0         1993       8.2       8.2       8.2        8.2
      6.0s            0         1980       8.2       8.2       8.2        8.2
      7.0s            0         1994       8.2       8.2       8.2        8.2
      8.0s            0         1997       8.2       8.2       8.2        8.2
      9.0s            0         1995       8.2       8.2       8.2        8.2
     10.0s            0         1989       8.2       8.2       8.2        8.2
     11.0s            0         1984       8.2       8.2       8.2        8.2
     12.0s            0         1963       8.2       8.2       8.2        8.2
     13.0s            0         1989       8.2       8.2       8.2        8.2
     14.0s            0         1818       8.2       8.2       8.2        8.2
     15.0s            0         1995       8.2       8.2       8.2        8.2
     16.0s            0         1995       8.2       8.2       8.2        8.2
     17.0s            0         1981       8.2       8.2       8.2        8.2
     18.0s            0         1986       8.2       8.2       8.2        8.2
     19.0s            0         1900       8.2       8.2       8.2        8.2
     20.0s            0         1980       8.2       8.2       8.2        8.2
____elapsed______reads/s_____writes/s___p50(µs)___p95(µs)___p99(µs)___pMax(µs)
     21.0s            0         1931       8.2       8.2       8.2        8.2
     22.0s            0         1921       8.2       8.2       8.2        8.2
     23.0s            0         1576       8.2       8.2       8.2        8.2
     24.0s            0         1981       8.2       8.2       8.2        8.2
     25.0s            0         1996       8.2       8.2       8.2        8.2
     26.0s            0         1999       8.2       8.2       8.2        8.2
     27.0s            0         1997       8.2       8.2       8.2        8.2
     28.0s            0         1996       8.2       8.2       8.2        8.2
     29.0s            0         1968       8.2       8.2       8.2        8.2
     30.0s            0         1979       8.2       8.2       8.2        8.2
     31.0s            0         1947       8.2       8.2       8.2        8.2
     32.0s            0         1854       8.2       8.2       8.2        8.2
     33.0s            0         1568       8.2       8.2       8.2        8.2
     34.0s            0         1996       8.2       8.2       8.2        8.2
     35.0s            0         1964       8.2       8.2       8.2        8.2
     36.0s            0         1993       8.2       8.2       8.2        8.2
     37.0s            0         1996       8.2       8.2       8.2        8.2
     38.0s            0         1994       8.2       8.2       8.2        8.2
     39.0s            0         1997       8.2       8.2       8.2        8.2
     40.0s            0         1995       8.2       8.2       8.2        8.2
____elapsed______reads/s_____writes/s___p50(µs)___p95(µs)___p99(µs)___pMax(µs)
     41.0s            0         1990       8.2       8.2       8.2        8.2
     42.0s            0         1957       8.2       8.2       8.2        8.2
     43.0s            0         1572       8.2       8.2       8.2        8.2
     44.0s            0         1991       8.2       8.2       8.2        8.2
     45.0s            0         2000       8.2       8.2       8.2        8.2
     46.0s            0         1991       8.2       8.2       8.2        8.2
     47.0s            0         1992       8.2       8.2       8.2        8.2
     48.0s            0         1995       8.2       8.2       8.2        8.2
     49.0s            0         1990       8.2       8.2       8.2        8.2
     50.0s            0         1980       8.2       8.2       8.2        8.2
     51.0s            0         1994       8.2       8.2       8.2        8.2
     52.0s            0         1926       8.2       8.2       8.2        8.2
     53.0s            0         1549       8.2       8.2       8.2        8.2
     54.0s            0         1999       8.2       8.2       8.2        8.2
     55.0s            0         1996       8.2       8.2       8.2        8.2
     56.0s            0         1995       8.2       8.2       8.2        8.2
     57.0s            0         1998       8.2       8.2       8.2        8.2
     58.0s            0         1992       8.2       8.2       8.2        8.2
     59.0s            0         1993       8.2       8.2       8.2        8.2
     60.0s            0         1999       8.2       8.2       8.2        8.2
rangedel_latency: kind=read class=all measurement=service samples=0 completed_ops=0 ops/s=0.0 clipped_ops=0 expected_interval_ns=1000000 p50_us=0.000 p95_us=0.000 p99_us=0.000 p99.9_us=0.000 max_us=0.000
rangedel_latency: kind=read class=all measurement=corrected samples=0 completed_ops=0 ops/s=0.0 clipped_ops=0 expected_interval_ns=1000000 p50_us=0.000 p95_us=0.000 p99_us=0.000 p99.9_us=0.000 max_us=0.000
rangedel_latency: kind=read class=iter measurement=service samples=0 completed_ops=0 ops/s=0.0 clipped_ops=0 expected_interval_ns=1000000 p50_us=0.000 p95_us=0.000 p99_us=0.000 p99.9_us=0.000 max_us=0.000
rangedel_latency: kind=read class=iter measurement=corrected samples=0 completed_ops=0 ops/s=0.0 clipped_ops=0 expected_interval_ns=1000000 p50_us=0.000 p95_us=0.000 p99_us=0.000 p99.9_us=0.000 max_us=0.000
rangedel_latency: kind=read class=get measurement=service samples=0 completed_ops=0 ops/s=0.0 clipped_ops=0 expected_interval_ns=1000000 p50_us=0.000 p95_us=0.000 p99_us=0.000 p99.9_us=0.000 max_us=0.000
rangedel_latency: kind=read class=get measurement=corrected samples=0 completed_ops=0 ops/s=0.0 clipped_ops=0 expected_interval_ns=1000000 p50_us=0.000 p95_us=0.000 p99_us=0.000 p99.9_us=0.000 max_us=0.000
rangedel_latency: kind=commit class=all measurement=service samples=117038 completed_ops=117038 ops/s=1950.6 clipped_ops=0 expected_interval_ns=1000000 p50_us=56.287 p95_us=93.503 p99_us=108.799 p99.9_us=210.943 max_us=32538.623
rangedel_latency: kind=commit class=all measurement=corrected samples=117351 completed_ops=117038 ops/s=1950.6 clipped_ops=0 expected_interval_ns=1000000 p50_us=56.383 p95_us=93.951 p99_us=112.447 p99.9_us=14131.199 max_us=32538.623
rangedel_latency: kind=commit class=rangedel measurement=service samples=117038 completed_ops=117038 ops/s=1950.6 clipped_ops=0 expected_interval_ns=1000000 p50_us=56.287 p95_us=93.503 p99_us=108.799 p99.9_us=210.943 max_us=32538.623
rangedel_latency: kind=commit class=rangedel measurement=corrected samples=117351 completed_ops=117038 ops/s=1950.6 clipped_ops=0 expected_interval_ns=1000000 p50_us=56.383 p95_us=93.951 p99_us=112.447 p99.9_us=14131.199 max_us=32538.623
rangedel_latency: kind=commit class=point measurement=service samples=0 completed_ops=0 ops/s=0.0 clipped_ops=0 expected_interval_ns=1000000 p50_us=0.000 p95_us=0.000 p99_us=0.000 p99.9_us=0.000 max_us=0.000
rangedel_latency: kind=commit class=point measurement=corrected samples=0 completed_ops=0 ops/s=0.0 clipped_ops=0 expected_interval_ns=1000000 p50_us=0.000 p95_us=0.000 p99_us=0.000 p99.9_us=0.000 max_us=0.000
rangedel_summary: elapsed=60.001s rangedel_batches=117038 rangedel_ops=1872608 overlapping_rangedel_ops=935473 point_sets=117038 flushes=6 memtable_bytes=67108864 memtable_count=1 cumulative_flushable_mem_bytes=166012362
LSM                             |    vtables   |   value sep   |        |   ingested   |    amp
level       size | tables  size |  count  size |  refsz valblk |     in | tables  size |   r     w
-----------------+--------------+--------------+---------------+--------+--------------+----------
   L0         0B |      0    0B |      0     0 |     0B     0B |   80MB |      0    0B |   0  0.34
   L6        8KB |      1   8KB |      0     0 |     0B     0B |   13MB |      0    0B |   1  0.00
-----------------+--------------+--------------+---------------+--------+--------------+----------
total        8KB |      1   8KB |      0     0 |     0B     0B |   92MB |      0    0B |   1  1.29

COMPACTIONS               |     moved    |     multilevel    |     read     |       written
level | score    ff   cff | tables  size |   top    in  read | tables  blob | tables  sstsz blobsz
------+-------------------+--------------+-------------------+--------------+---------------------
   L0 |     -     0     0 |      0    0B |    0B    0B    0B |     0B    0B |     16   27MB     0B
   L6 |     -  0.00  0.00 |      6  13MB |    0B    0B    0B |   27MB    0B |      5   40KB     0B
------+-------------------+--------------+-------------------+--------------+---------------------
total |     -     -     - |      6  13MB |    0B    0B    0B |   27MB    0B |     21  119MB     0B

 kind | default  delete  elision  move  read  tomb  rewrite  copy  multi  blob virtual
count |      10       0        0     6     0     0        0     0      0     0       0

COMMIT PIPELINE
               wals                |              memtables              |       ingestions
    files |    written |  overhead |   flushes |       live |     zombie |     total |   flushable
----------+------------+-----------+-----------+------------+------------+-----------+------------
 1 (12MB) | 90MB: 92MB |      2.4% |         6 |   1 (64MB) |   1 (64MB) |         0 |      0 (0B)

BLOCK CACHE: 0 entries (0B)
                 miss rate [percentage of total misses] since start
level      all     |  background    sstdata       sstval      blobval       filter       index
-------------------+------------------------------------------------------------------------------
 n/a   100% [98%]  |                                                                   100% [98%]
  L0   100% [0.9%] | 100% [0.6%]  100% [0.3%]
  L6   100% [0.6%] | 100% [0.6%]
-------------------+------------------------------------------------------------------------------
total     100%     | 100% [1.2%]  100% [0.3%]                                          100% [98%]

ITERATORS
        file cache        |    filter   |    open     |    open
     entries |   hit rate | utilization |  sst iters  |  snapshots
-------------+------------+-------------+-------------+------------
      0 (0B) |      99.4% |        0.0% |           0 |           0

FILES                 physical tables                 |                blob files
          |     local        shared        remote     |     local        shared        remote
----------+-------------------------------------------+------------------------------------------
     live |    1 (8KB)       0 (0B)        0 (0B)     |    0 (0B)        0 (0B)        0 (0B)
   zombie |    0 (0B)        0 (0B)        0 (0B)     |    0 (0B)        0 (0B)        0 (0B)
 obsolete |    0 (0B)        0 (0B)        0 (0B)     |    0 (0B)        0 (0B)        0 (0B)

MISC            |
----------------+-----------
table stats     | all loaded
table garbage   |
  point del     | 0B
  range del     | 0B
blob values     |
  total         | 0B
  refed         | 0B
  backing-refed | 0B

CGO MEMORY    |          block cache           |                     memtables
          tot |           tot |           data |            maps |            ents |           tot
--------------+---------------+----------------+-----------------+-----------------+--------------
        128MB |         8.4KB |             0B |           8.2KB |            160B |         128MB

COMPACTIONS
                                                                         |      blob rewrites
    est. debt |   in progress |  cancelled |   failed |    problem spans |       read |    written
--------------+---------------+------------+----------+------------------+------------+-----------
           0B |        0 (0B) |     0 (0B) |        0 |                0 |         0B |         0B

KEYS
      range keys |       tombstones |      missized tombstones |      point dels |      range dels
-----------------+------------------+--------------------------+-----------------+----------------
               0 |                0 |                        0 |              0B |              0B

COMPRESSION
    algorithm |          tables |    blob files
--------------+-----------------+--------------
         none |           1.4KB |
        minlz | 5.8KB (CR=1.26) |

        Logical bytes compressed / decompressed
level |  data blocks   |  value blocks  |  other blocks
------+----------------+----------------+---------------
L0-L4 |  67KB / 56KB   |    0B / 0B     |   11KB / 0B
   L6 |  37KB / 41KB   |    0B / 0B     |   3.5KB / 0B

DELETE PACER   |   in queue   |   deleted
---------------+--------------+-------------
        tables |    0 (0B)    |  20 (27MB)
    blob files |    0 (0B)    |    0 (0B)
   other files |    0 (0B)    |  1 (4.7MB)